******************************************************************************
                  TI ARM Linker Unix v16.9.3                   
******************************************************************************
>> Linked Sat Nov  4 13:07:14 2017

OUTPUT FILE NAME:   <compdcm_mpu9150.out>
ENTRY POINT SYMBOL: "_c_int00"  address: 00002d31


MEMORY CONFIGURATION

         name            origin    length      used     unused   attr    fill
----------------------  --------  ---------  --------  --------  ----  --------
  FLASH                 00000000   00040000  0000367c  0003c984  R  X
  SRAM                  20000000   00008000  00000aec  00007514  RW X


SEGMENT ALLOCATION MAP

run origin  load origin   length   init length attrs members
----------  ----------- ---------- ----------- ----- -------
00000000    00000000    00003680   00003680    r-x
  00000000    00000000    0000026c   0000026c    r-- .intvecs
  0000026c    0000026c    0000327c   0000327c    r-x .text
  000034e8    000034e8    00000154   00000154    r-- .const
  00003640    00003640    00000040   00000040    r-- .cinit
20000000    20000000    00000aec   00000000    rw-
  20000000    20000000    000006b4   00000000    rw- .bss
  200006b4    200006b4    00000400   00000000    rw- .stack
  20000ab4    20000ab4    00000038   00000000    rw- .data


SECTION ALLOCATION MAP

 output                                  attributes/
section   page    origin      length       input sections
--------  ----  ----------  ----------   ----------------
.intvecs   0    00000000    0000026c     
                  00000000    0000026c     startup_ccs.obj (.intvecs)

.text      0    0000026c    0000327c     
                  0000026c    0000074d     compdcm_mpu9150.obj (.text:main)
                  000009b9    00000001     --HOLE-- [fill = 0]
                  000009ba    00000002     startup_ccs.obj (.text:FaultISR)
                  000009bc    000001ea     uartstdio.obj (.text:UARTvprintf)
                  00000ba6    000001c8     comp_dcm.obj (.text:CompDCMComputeQuaternion)
                  00000d6e    000001b6     rtsv7M4_T_le_v4SPD16_eabi.lib : fd_add_t2.obj (.text)
                  00000f24    00000194     mpu9150mod.obj (.text:MPU9150Callback)
                  000010b8    00000170     rtsv7M4_T_le_v4SPD16_eabi.lib : e_sqrt.obj (.text)
                  00001228    00000160     uartstdio.obj (.text:UARTStdioIntHandler)
                  00001388    00000158     rtsv7M4_T_le_v4SPD16_eabi.lib : e_atan2f.obj (.text)
                  000014e0    00000150                                   : s_atanf.obj (.text)
                  00001630    0000014c     comp_dcm.obj (.text:CompDCMStart)
                  0000177c    00000132     driverlib.lib : gpio.obj (.text:GPIOPadConfigSet)
                  000018ae    00000002     startup_ccs.obj (.text:IntDefaultHandler)
                  000018b0    00000118     comp_dcm.obj (.text:CompDCMUpdate)
                  000019c8    00000110     driverlib.lib : sysctl.obj (.text:SysCtlClockGet)
                  00001ad8    00000104     rgb.obj (.text:RGBInit)
                  00001bdc    000000fc     rtsv7M4_T_le_v4SPD16_eabi.lib : fd_mul_t2.obj (.text)
                  00001cd8    000000f2     sensorlib.lib : i2cm_drv.obj (.text:I2CMIntHandler)
                  00001dca    00000002     startup_ccs.obj (.text:NmiSR)
                  00001dcc    000000c0     rgb.obj (.text:RGBEnable)
                  00001e8c    000000b4     rtsv7M4_T_le_v4SPD16_eabi.lib : s_cosf.obj (.text)
                  00001f40    000000b0     uartstdio.obj (.text:UARTStdioConfig)
                  00001ff0    000000a8     compdcm_mpu9150.obj (.text:MPU9150AppErrorHandler)
                  00002098    000000a8     uartstdio.obj (.text:UARTwrite)
                  00002140    000000a4     rtsv7M4_T_le_v4SPD16_eabi.lib : s_sinf.obj (.text)
                  000021e4    0000009c     mpu9150mod.obj (.text:MPU9150DataMagnetoGetFloat)
                  00002280    0000009c     mpu9150mod.obj (.text:MPU9150Write)
                  0000231c    0000009c     rtsv7M4_T_le_v4SPD16_eabi.lib : memcpy_t2.obj (.text)
                  000023b8    00000098     sensorlib.lib : i2cm_drv.obj (.text:I2CMStateIdle)
                  00002450    00000090     rgb.obj (.text:RGBColorSet)
                  000024e0    0000008c     uartstdio.obj (.text:UARTPrimeTransmit)
                  0000256c    00000088     sensorlib.lib : i2cm_drv.obj (.text:I2CMCommand)
                  000025f4    00000086     rtsv7M4_T_le_v4SPD16_eabi.lib : fd_cmp_t2.obj (.text:__aeabi_cdrcmple)
                  0000267a    00000002                                   : i_div0.obj (.text)
                  0000267c    0000007c     mpu9150mod.obj (.text:MPU9150DataAccelGetFloat)
                  000026f8    0000007c     mpu9150mod.obj (.text:MPU9150DataGyroGetFloat)
                  00002774    0000007a     rtsv7M4_T_le_v4SPD16_eabi.lib : memset_t2.obj (.text)
                  000027ee    00000002                                   : mpu_init.obj (.text)
                  000027f0    00000078     rgb.obj (.text:RGBBlinkRateSet)
                  00002868    00000070     rtsv7M4_T_le_v4SPD16_eabi.lib : autoinit.obj (.text)
                  000028d8    0000006e                                   : fd_tos_t2.obj (.text)
                  00002946    00000002                                   : startup.obj (.text)
                  00002948    0000006c     mpu9150mod.obj (.text:MPU9150Init)
                  000029b4    00000068     driverlib.lib : interrupt.obj (.text:IntDisable)
                  00002a1c    00000068                   : interrupt.obj (.text:IntEnable)
                  00002a84    00000068     rgb.obj (.text:RGBDisable)
                  00002aec    00000068     rtsv7M4_T_le_v4SPD16_eabi.lib : copy_decompress_lzss.obj (.text:decompress:lzss)
                  00002b54    00000064     compdcm_mpu9150.obj (.text:ConfigureUART)
                  00002bb8    00000064     driverlib.lib : interrupt.obj (.text:IntIsEnabled)
                  00002c1c    00000060     mpu9150mod.obj (.text:MPU9150DataRead)
                  00002c7c    0000005e     sensorlib.lib : i2cm_drv.obj (.text:I2CMStateWritePause)
                  00002cda    00000002     --HOLE-- [fill = 0]
                  00002cdc    00000054                   : i2cm_drv.obj (.text:I2CMWrite8)
                  00002d30    00000054     rtsv7M4_T_le_v4SPD16_eabi.lib : boot.obj (.text)
                  00002d84    00000054                                   : exit.obj (.text)
                  00002dd8    00000050     sensorlib.lib : i2cm_drv.obj (.text:I2CMStateWriteFinal)
                  00002e28    00000050     rtsv7M4_T_le_v4SPD16_eabi.lib : fs_toull_t2.obj (.text)
                  00002e78    0000004c     driverlib.lib : i2c.obj (.text:I2CMasterInitExpClk)
                  00002ec4    0000004c     rtsv7M4_T_le_v4SPD16_eabi.lib : cpy_tbl.obj (.text)
                  00002f10    0000004a     sensorlib.lib : i2cm_drv.obj (.text:I2CMStateReadNext)
                  00002f5a    00000048                   : i2cm_drv.obj (.text:I2CMStateWriteNext)
                  00002fa2    00000002     --HOLE-- [fill = 0]
                  00002fa4    00000044     comp_dcm.obj (.text:CompDCMInit)
                  00002fe8    00000044     sensorlib.lib : i2cm_drv.obj (.text:I2CMStateCallback)
                  0000302c    00000042                   : i2cm_drv.obj (.text:I2CMStateReadFinal)
                  0000306e    00000040                   : i2cm_drv.obj (.text:I2CMWrite8Callback)
                  000030ae    00000040     rtsv7M4_T_le_v4SPD16_eabi.lib : u_divt2.obj (.text)
                  000030ee    0000003e     sensorlib.lib : i2cm_drv.obj (.text:I2CMStateReadPause)
                  0000312c    0000003c     uartstdio.obj (.text:UARTFlushTx)
                  00003168    00000038     rgb.obj (.text:RGBBlinkIntHandler)
                  000031a0    00000038     rtsv7M4_T_le_v4SPD16_eabi.lib : fs_tod_t2.obj (.text)
                  000031d8    00000034     sensorlib.lib : i2cm_drv.obj (.text:I2CMInit)
                  0000320c    00000034     compdcm_mpu9150.obj (.text:IntGPIOb)
                  00003240    00000030     sensorlib.lib : i2cm_drv.obj (.text:I2CMTransferResume)
                  00003270    00000030     compdcm_mpu9150.obj (.text:MPU9150AppI2CWait)
                  000032a0    0000002c     uartstdio.obj (.text:UARTFlushRx)
                  000032cc    0000002a     driverlib.lib : gpio.obj (.text:GPIODirModeSet)
                  000032f6    0000002a     sensorlib.lib : i2cm_drv.obj (.text:I2CMStateReadFirst)
                  00003320    00000028     rtsv7M4_T_le_v4SPD16_eabi.lib : e_sqrtf.obj (.text)
                  00003348    00000020     sensorlib.lib : i2cm_drv.obj (.text:I2CMStateReadOne)
                  00003368    0000001a                   : i2cm_drv.obj (.text:I2CMStateReadWait)
                  00003382    0000001a     uartstdio.obj (.text:UARTprintf)
                  0000339c    00000018     uartstdio.obj (.text:IsBufferFull)
                  000033b4    00000018     compdcm_mpu9150.obj (.text:MPU9150AppCallback)
                  000033cc    00000018     rtsv7M4_T_le_v4SPD16_eabi.lib : args_main.obj (.text)
                  000033e4    00000014     rgb.obj (.text:RGBIntensitySet)
                  000033f8    00000014     rtsv7M4_T_le_v4SPD16_eabi.lib : _lock.obj (.text)
                  0000340c    00000012     driverlib.lib : gpio.obj (.text:GPIOPinTypeI2CSCL)
                  0000341e    0000000e     comp_dcm.obj (.text:CompDCMAccelUpdate)
                  0000342c    0000000e     comp_dcm.obj (.text:CompDCMGyroUpdate)
                  0000343a    0000000e     comp_dcm.obj (.text:CompDCMMagnetoUpdate)
                  00003448    0000000e     driverlib.lib : gpio.obj (.text:GPIOIntStatus)
                  00003456    0000000e     uartstdio.obj (.text:IsBufferEmpty)
                  00003464    0000000e     rtsv7M4_T_le_v4SPD16_eabi.lib : copy_decompress_none.obj (.text:decompress:none)
                  00003472    0000000c     driverlib.lib : gpio.obj (.text:GPIOIntEnable)
                  0000347e    00000002     --HOLE-- [fill = 0]
                  00003480    0000000c                   : interrupt.obj (.text:IntTrigger)
                  0000348c    0000000c     compdcm_mpu9150.obj (.text:MPU9150I2CIntHandler)
                  00003498    0000000c     rtsv7M4_T_le_v4SPD16_eabi.lib : copy_zero_init.obj (.text:decompress:ZI)
                  000034a4    0000000a     driverlib.lib : i2c.obj (.text:I2CMasterEnable)
                  000034ae    00000008                   : i2c.obj (.text:I2CMasterIntClear)
                  000034b6    00000008                   : i2c.obj (.text:I2CMasterIntEnableEx)
                  000034be    00000008                   : i2c.obj (.text:I2CMasterSlaveAddrSet)
                  000034c6    00000006                   : gpio.obj (.text:GPIOIntClear)
                  000034cc    00000006     startup_ccs.obj (.text:ResetISR)
                  000034d2    00000006     driverlib.lib : uart.obj (.text:UARTClockSourceSet)
                  000034d8    00000004                   : i2c.obj (.text:I2CMasterControl)
                  000034dc    00000004                   : i2c.obj (.text:I2CMasterDataGet)
                  000034e0    00000004                   : i2c.obj (.text:I2CMasterDataPut)
                  000034e4    00000004     rtsv7M4_T_le_v4SPD16_eabi.lib : pre_init.obj (.text)

.const     0    000034e8    00000154     
                  000034e8    00000070     driverlib.lib : interrupt.obj (.const)
                  00003558    0000006c                   : sysctl.obj (.const:g_pui32Xtals)
                  000035c4    00000034     rtsv7M4_T_le_v4SPD16_eabi.lib : s_atanf.obj (.const:$O1$$)
                  000035f8    00000010     mpu9150mod.obj (.const:g_fMPU9150AccelFactors)
                  00003608    00000010     mpu9150mod.obj (.const:g_fMPU9150GyroFactors)
                  00003618    0000000c     uartstdio.obj (.const:g_ui32UARTBase)
                  00003624    0000000c     uartstdio.obj (.const:g_ui32UARTInt)
                  00003630    0000000c     uartstdio.obj (.const:g_ui32UARTPeriph)

.cinit     0    00003640    00000040     
                  00003640    00000016     (.cinit..data.load) [load image, compression = lzss]
                  00003656    00000002     --HOLE-- [fill = 0]
                  00003658    0000000c     (__TI_handler_table)
                  00003664    00000004     --HOLE-- [fill = 0]
                  00003668    00000008     (.cinit..bss.load) [load image, compression = zero_init]
                  00003670    00000010     (__TI_cinit_table)

.init_array 
*          0    00000000    00000000     UNINITIALIZED

.bss       0    20000000    000006b4     UNINITIALIZED
                  20000000    00000400     uartstdio.obj (.bss:g_pcUARTTxBuffer)
                  20000400    00000124     (.common:g_sI2CInst)
                  20000524    00000080     uartstdio.obj (.bss:g_pcUARTRxBuffer)
                  200005a4    00000074     (.common:g_sCompDCMInst)
                  20000618    0000006c     (.common:g_sMPU9150Inst)
                  20000684    0000000c     rgb.obj (.bss:g_ui32Colors)
                  20000690    0000000c     (.common:g_pui32Colors)
                  2000069c    00000008     uartstdio.obj (.bss)
                  200006a4    00000004     rgb.obj (.bss)
                  200006a8    00000004     (.common:g_ui32PrintSkipCounter)
                  200006ac    00000004     (.common:g_vui8ErrorFlag)
                  200006b0    00000004     (.common:g_vui8I2CDoneFlag)

.data      0    20000ab4    00000038     UNINITIALIZED
                  20000ab4    00000015     uartstdio.obj (.data)
                  20000ac9    00000003     --HOLE--
                  20000acc    0000000c     rtsv7M4_T_le_v4SPD16_eabi.lib : exit.obj (.data:$O1$$)
                  20000ad8    00000008                                   : _lock.obj (.data:$O1$$)
                  20000ae0    00000004     rgb.obj (.data)
                  20000ae4    00000004     rtsv7M4_T_le_v4SPD16_eabi.lib : errno.obj (.data)
                  20000ae8    00000004                                   : stkdepth_vars.obj (.data)

.stack     0    200006b4    00000400     UNINITIALIZED
                  200006b4    00000400     --HOLE--

MODULE SUMMARY

       Module                     code    ro data   rw data
       ------                     ----    -------   -------
    ./
       compdcm_mpu9150.obj        2273    0         540    
       mpu9150mod.obj             1168    32        0      
       comp_dcm.obj               1178    0         0      
       startup_ccs.obj            12      620       0      
    +--+--------------------------+-------+---------+---------+
       Total:                     4631    652       540    
                                                           
    ./drivers/
       rgb.obj                    896     0         20     
    +--+--------------------------+-------+---------+---------+
       Total:                     896     0         20     
                                                           
    ./utils/
       uartstdio.obj              1494    36        1181   
    +--+--------------------------+-------+---------+---------+
       Total:                     1494    36        1181   
                                                           
    /Applications/ti/ccsv7/tools/compiler/ti-cgt-arm_16.9.3.LTS/lib/rtsv7M4_T_le_v4SPD16_eabi.lib
       fd_add_t2.obj              438     0         0      
       s_atanf.obj                336     52        0      
       e_sqrt.obj                 368     0         0      
       e_atan2f.obj               344     0         0      
       fd_mul_t2.obj              252     0         0      
       s_cosf.obj                 180     0         0      
       s_sinf.obj                 164     0         0      
       memcpy_t2.obj              156     0         0      
       fd_cmp_t2.obj              134     0         0      
       memset_t2.obj              122     0         0      
       autoinit.obj               112     0         0      
       fd_tos_t2.obj              110     0         0      
       copy_decompress_lzss.obj   104     0         0      
       exit.obj                   84      0         12     
       boot.obj                   84      0         0      
       fs_toull_t2.obj            80      0         0      
       cpy_tbl.obj                76      0         0      
       u_divt2.obj                64      0         0      
       fs_tod_t2.obj              56      0         0      
       e_sqrtf.obj                40      0         0      
       _lock.obj                  20      0         8      
       args_main.obj              24      0         0      
       copy_decompress_none.obj   14      0         0      
       copy_zero_init.obj         12      0         0      
       errno.obj                  0       0         4      
       pre_init.obj               4       0         0      
       stkdepth_vars.obj          0       0         4      
       i_div0.obj                 2       0         0      
       mpu_init.obj               2       0         0      
       startup.obj                2       0         0      
    +--+--------------------------+-------+---------+---------+
       Total:                     3384    52        28     
                                                           
    /Users/maorshutman/ti/TivaWare_C_Series-2.1.3.156/driverlib/ccs/Debug/driverlib.lib
       interrupt.obj              320     112       0      
       gpio.obj                   398     0         0      
       sysctl.obj                 272     108       0      
       i2c.obj                    122     0         0      
       uart.obj                   6       0         0      
    +--+--------------------------+-------+---------+---------+
       Total:                     1118    220       0      
                                                           
    /Users/maorshutman/ti/TivaWare_C_Series-2.1.3.156/sensorlib/ccs/Debug/sensorlib.lib
       i2cm_drv.obj               1394    0         0      
    +--+--------------------------+-------+---------+---------+
       Total:                     1394    0         0      
                                                           
       Stack:                     0       0         1024   
       Linker Generated:          0       58        0      
    +--+--------------------------+-------+---------+---------+
       Grand Total:               12917   1018      2793   


LINKER GENERATED COPY TABLES

__TI_cinit_table @ 00003670 records: 2, size/record: 8, table size: 16
	.data: load addr=00003640, load size=00000016 bytes, run addr=20000ab4, run size=00000038 bytes, compression=lzss
	.bss: load addr=00003668, load size=00000008 bytes, run addr=20000000, run size=000006b4 bytes, compression=zero_init


LINKER GENERATED HANDLER TABLE

__TI_handler_table @ 00003658 records: 3, size/record: 4, table size: 12
	index: 0, handler: __TI_decompress_lzss
	index: 1, handler: __TI_decompress_none
	index: 2, handler: __TI_zero_init


GLOBAL SYMBOLS: SORTED ALPHABETICALLY BY Name 

address   name                           
-------   ----                           
00002d85  C$$EXIT                        
0000341f  CompDCMAccelUpdate             
00000ba7  CompDCMComputeQuaternion       
0000342d  CompDCMGyroUpdate              
00002fa5  CompDCMInit                    
0000343b  CompDCMMagnetoUpdate           
00001631  CompDCMStart                   
000018b1  CompDCMUpdate                  
00002b55  ConfigureUART                  
000032cd  GPIODirModeSet                 
000034c7  GPIOIntClear                   
00003473  GPIOIntEnable                  
00003449  GPIOIntStatus                  
0000177d  GPIOPadConfigSet               
0000340d  GPIOPinTypeI2CSCL              
0000256d  I2CMCommand                    
000031d9  I2CMInit                       
00001cd9  I2CMIntHandler                 
00003241  I2CMTransferResume             
00002cdd  I2CMWrite8                     
000034d9  I2CMasterControl               
000034dd  I2CMasterDataGet               
000034e1  I2CMasterDataPut               
000034a5  I2CMasterEnable                
00002e79  I2CMasterInitExpClk            
000034af  I2CMasterIntClear              
000034b7  I2CMasterIntEnableEx           
000034bf  I2CMasterSlaveAddrSet          
000029b5  IntDisable                     
00002a1d  IntEnable                      
0000320d  IntGPIOb                       
00002bb9  IntIsEnabled                   
00003481  IntTrigger                     
000033b5  MPU9150AppCallback             
00001ff1  MPU9150AppErrorHandler         
00003271  MPU9150AppI2CWait              
0000267d  MPU9150DataAccelGetFloat       
000026f9  MPU9150DataGyroGetFloat        
000021e5  MPU9150DataMagnetoGetFloat     
00002c1d  MPU9150DataRead                
0000348d  MPU9150I2CIntHandler           
00002949  MPU9150Init                    
00002281  MPU9150Write                   
00003169  RGBBlinkIntHandler             
000027f1  RGBBlinkRateSet                
00002451  RGBColorSet                    
00002a85  RGBDisable                     
00001dcd  RGBEnable                      
00001ad9  RGBInit                        
000033e5  RGBIntensitySet                
000034cd  ResetISR                       
UNDEFED   SHT$$INIT_ARRAY$$Base          
UNDEFED   SHT$$INIT_ARRAY$$Limit         
000019c9  SysCtlClockGet                 
000034d3  UARTClockSourceSet             
000032a1  UARTFlushRx                    
0000312d  UARTFlushTx                    
00001f41  UARTStdioConfig                
00001229  UARTStdioIntHandler            
00003383  UARTprintf                     
000009bd  UARTvprintf                    
00002099  UARTwrite                      
20000ab4  __STACK_END                    
00000400  __STACK_SIZE                   
20000ab4  __STACK_TOP                    
00003670  __TI_CINIT_Base                
00003680  __TI_CINIT_Limit               
00003658  __TI_Handler_Table_Base        
00003664  __TI_Handler_Table_Limit       
00002869  __TI_auto_init                 
20000acc  __TI_cleanup_ptr               
00002aed  __TI_decompress_lzss           
00003465  __TI_decompress_none           
20000ad0  __TI_dtors_ptr                 
20000ad4  __TI_enable_exit_profile_output
ffffffff  __TI_pprof_out_hndl            
ffffffff  __TI_prof_data_size            
ffffffff  __TI_prof_data_start           
00000000  __TI_static_base__             
00003499  __TI_zero_init                 
000025f5  __aeabi_cdrcmple               
000028d9  __aeabi_d2f                    
00000d79  __aeabi_dadd                   
00001bdd  __aeabi_dmul                   
00000d6f  __aeabi_dsub                   
000031a1  __aeabi_f2d                    
00002e29  __aeabi_f2ulz                  
0000267b  __aeabi_idiv0                  
00002775  __aeabi_memclr                 
00002775  __aeabi_memclr4                
00002775  __aeabi_memclr8                
0000231d  __aeabi_memcpy                 
0000231d  __aeabi_memcpy4                
0000231d  __aeabi_memcpy8                
00002777  __aeabi_memset                 
00002777  __aeabi_memset4                
00002777  __aeabi_memset8                
000030af  __aeabi_uidiv                  
000030af  __aeabi_uidivmod               
ffffffff  __binit__                      
ffffffff  __c_args__                     
000027ef  __mpu_init                     
200006b4  __stack                        
000033cd  _args_main                     
00002d31  _c_int00                       
20000ad8  _lock                          
00003407  _nop                           
000033ff  _register_lock                 
000033f9  _register_unlock               
00002947  _system_post_cinit             
000034e5  _system_pre_init               
20000adc  _unlock                        
00002d89  abort                          
00001389  atan2f                         
000014e1  atanf                          
ffffffff  binit                          
00002ec5  copy_in                        
00001e8d  cosf                           
20000ae4  errno                          
00002d91  exit                           
00000000  g_pfnVectors                   
20000690  g_pui32Colors                  
200005a4  g_sCompDCMInst                 
20000400  g_sI2CInst                     
20000618  g_sMPU9150Inst                 
200006a8  g_ui32PrintSkipCounter         
200006ac  g_vui8ErrorFlag                
200006b0  g_vui8I2CDoneFlag              
0000026d  main                           
20000ae8  main_func_sp                   
0000231d  memcpy                         
0000277d  memset                         
00002141  sinf                           
000010b9  sqrt                           
00003321  sqrtf                          
000010b9  sqrtl                          


GLOBAL SYMBOLS: SORTED BY Symbol Address 

address   name                           
-------   ----                           
00000000  __TI_static_base__             
00000000  g_pfnVectors                   
0000026d  main                           
00000400  __STACK_SIZE                   
000009bd  UARTvprintf                    
00000ba7  CompDCMComputeQuaternion       
00000d6f  __aeabi_dsub                   
00000d79  __aeabi_dadd                   
000010b9  sqrt                           
000010b9  sqrtl                          
00001229  UARTStdioIntHandler            
00001389  atan2f                         
000014e1  atanf                          
00001631  CompDCMStart                   
0000177d  GPIOPadConfigSet               
000018b1  CompDCMUpdate                  
000019c9  SysCtlClockGet                 
00001ad9  RGBInit                        
00001bdd  __aeabi_dmul                   
00001cd9  I2CMIntHandler                 
00001dcd  RGBEnable                      
00001e8d  cosf                           
00001f41  UARTStdioConfig                
00001ff1  MPU9150AppErrorHandler         
00002099  UARTwrite                      
00002141  sinf                           
000021e5  MPU9150DataMagnetoGetFloat     
00002281  MPU9150Write                   
0000231d  __aeabi_memcpy                 
0000231d  __aeabi_memcpy4                
0000231d  __aeabi_memcpy8                
0000231d  memcpy                         
00002451  RGBColorSet                    
0000256d  I2CMCommand                    
000025f5  __aeabi_cdrcmple               
0000267b  __aeabi_idiv0                  
0000267d  MPU9150DataAccelGetFloat       
000026f9  MPU9150DataGyroGetFloat        
00002775  __aeabi_memclr                 
00002775  __aeabi_memclr4                
00002775  __aeabi_memclr8                
00002777  __aeabi_memset                 
00002777  __aeabi_memset4                
00002777  __aeabi_memset8                
0000277d  memset                         
000027ef  __mpu_init                     
000027f1  RGBBlinkRateSet                
00002869  __TI_auto_init                 
000028d9  __aeabi_d2f                    
00002947  _system_post_cinit             
00002949  MPU9150Init                    
000029b5  IntDisable                     
00002a1d  IntEnable                      
00002a85  RGBDisable                     
00002aed  __TI_decompress_lzss           
00002b55  ConfigureUART                  
00002bb9  IntIsEnabled                   
00002c1d  MPU9150DataRead                
00002cdd  I2CMWrite8                     
00002d31  _c_int00                       
00002d85  C$$EXIT                        
00002d89  abort                          
00002d91  exit                           
00002e29  __aeabi_f2ulz                  
00002e79  I2CMasterInitExpClk            
00002ec5  copy_in                        
00002fa5  CompDCMInit                    
000030af  __aeabi_uidiv                  
000030af  __aeabi_uidivmod               
0000312d  UARTFlushTx                    
00003169  RGBBlinkIntHandler             
000031a1  __aeabi_f2d                    
000031d9  I2CMInit                       
0000320d  IntGPIOb                       
00003241  I2CMTransferResume             
00003271  MPU9150AppI2CWait              
000032a1  UARTFlushRx                    
000032cd  GPIODirModeSet                 
00003321  sqrtf                          
00003383  UARTprintf                     
000033b5  MPU9150AppCallback             
000033cd  _args_main                     
000033e5  RGBIntensitySet                
000033f9  _register_unlock               
000033ff  _register_lock                 
00003407  _nop                           
0000340d  GPIOPinTypeI2CSCL              
0000341f  CompDCMAccelUpdate             
0000342d  CompDCMGyroUpdate              
0000343b  CompDCMMagnetoUpdate           
00003449  GPIOIntStatus                  
00003465  __TI_decompress_none           
00003473  GPIOIntEnable                  
00003481  IntTrigger                     
0000348d  MPU9150I2CIntHandler           
00003499  __TI_zero_init                 
000034a5  I2CMasterEnable                
000034af  I2CMasterIntClear              
000034b7  I2CMasterIntEnableEx           
000034bf  I2CMasterSlaveAddrSet          
000034c7  GPIOIntClear                   
000034cd  ResetISR                       
000034d3  UARTClockSourceSet             
000034d9  I2CMasterControl               
000034dd  I2CMasterDataGet               
000034e1  I2CMasterDataPut               
000034e5  _system_pre_init               
00003658  __TI_Handler_Table_Base        
00003664  __TI_Handler_Table_Limit       
00003670  __TI_CINIT_Base                
00003680  __TI_CINIT_Limit               
20000400  g_sI2CInst                     
200005a4  g_sCompDCMInst                 
20000618  g_sMPU9150Inst                 
20000690  g_pui32Colors                  
200006a8  g_ui32PrintSkipCounter         
200006ac  g_vui8ErrorFlag                
200006b0  g_vui8I2CDoneFlag              
200006b4  __stack                        
20000ab4  __STACK_END                    
20000ab4  __STACK_TOP                    
20000acc  __TI_cleanup_ptr               
20000ad0  __TI_dtors_ptr                 
20000ad4  __TI_enable_exit_profile_output
20000ad8  _lock                          
20000adc  _unlock                        
20000ae4  errno                          
20000ae8  main_func_sp                   
ffffffff  __TI_pprof_out_hndl            
ffffffff  __TI_prof_data_size            
ffffffff  __TI_prof_data_start           
ffffffff  __binit__                      
ffffffff  __c_args__                     
ffffffff  binit                          
UNDEFED   SHT$$INIT_ARRAY$$Base          
UNDEFED   SHT$$INIT_ARRAY$$Limit         

[136 symbols]
