******************************************************************************
                  TI ARM Linker Unix v16.9.3                   
******************************************************************************
>> Linked Sat Apr 14 11:11:54 2018

OUTPUT FILE NAME:   <flight_controller.out>
ENTRY POINT SYMBOL: "_c_int00"  address: 00004e9d


MEMORY CONFIGURATION

         name            origin    length      used     unused   attr    fill
----------------------  --------  ---------  --------  --------  ----  --------
  FLASH                 00000000   00040000  00005bc6  0003a43a  R  X
  SRAM                  20000000   00008000  00000c2c  000073d4  RW X


SEGMENT ALLOCATION MAP

run origin  load origin   length   init length attrs members
----------  ----------- ---------- ----------- ----- -------
00000000    00000000    00005bd0   00005bd0    r-x
  00000000    00000000    0000026c   0000026c    r-- .intvecs
  0000026c    0000026c    000056e6   000056e6    r-x .text
  00005958    00005958    00000234   00000234    r-- .const
  00005b90    00005b90    00000040   00000040    r-- .cinit
20000000    20000000    00000c2c   00000000    rw-
  20000000    20000000    000007e8   00000000    rw- .bss
  200007e8    200007e8    00000400   00000000    rw- .stack
  20000be8    20000be8    00000044   00000000    rw- .data


SECTION ALLOCATION MAP

 output                                  attributes/
section   page    origin      length       input sections
--------  ----  ----------  ----------   ----------------
.intvecs   0    00000000    0000026c     
                  00000000    0000026c     startup_ccs.obj (.intvecs)

.text      0    0000026c    000056e6     
                  0000026c    000009ac     rtsv7M4_T_le_v4SPD16_eabi.lib : e_pow.obj (.text)
                  00000c18    00000648     controller.obj (.text:ErrorToInput)
                  00001260    000004d0     main.obj (.text:main)
                  00001730    00000420     comp_dcm.obj (.text:CompDCMUpdate)
                  00001b50    00000398     main.obj (.text:ConfigureMPU6050)
                  00001ee8    000001f0     escpwm.obj (.text:InitPWM)
                  000020d8    000001ea     uartstdio.obj (.text:UARTvprintf)
                  000022c2    00000002     startup_ccs.obj (.text:FaultISR)
                  000022c4    000001d8     controller.obj (.text:ReadDesiredState)
                  0000249c    000001c8     comp_dcm.obj (.text:CompDCMComputeQuaternion)
                  00002664    000001bc     comp_dcm.obj (.text:ComputeDCMFromEulers)
                  00002820    000001b6     rtsv7M4_T_le_v4SPD16_eabi.lib : fd_add_t2.obj (.text)
                  000029d6    00000002     startup_ccs.obj (.text:IntDefaultHandler)
                  000029d8    00000194     mpu9150mod.obj (.text:MPU9150Callback)
                  00002b6c    00000178     rtsv7M4_T_le_v4SPD16_eabi.lib : e_asinf.obj (.text)
                  00002ce4    00000170                                   : e_sqrt.obj (.text)
                  00002e54    00000160     uartstdio.obj (.text:UARTStdioIntHandler)
                  00002fb4    00000158     rtsv7M4_T_le_v4SPD16_eabi.lib : e_atan2f.obj (.text)
                  0000310c    00000150                                   : s_atanf.obj (.text)
                  0000325c    00000136                                   : fd_div_t2.obj (.text)
                  00003392    00000132     driverlib.lib : gpio.obj (.text:GPIOPadConfigSet)
                  000034c4    0000011c     main.obj (.text:CalibrateIMU)
                  000035e0    00000110     driverlib.lib : sysctl.obj (.text:SysCtlClockGet)
                  000036f0    00000104     rgb.obj (.text:RGBInit)
                  000037f4    000000fc     rtsv7M4_T_le_v4SPD16_eabi.lib : fd_mul_t2.obj (.text)
                  000038f0    000000fc                                   : s_scalbn.obj (.text)
                  000039ec    000000f4     comp_dcm.obj (.text:CompDCMStart)
                  00003ae0    000000f2     sensorlib.lib : i2cm_drv.obj (.text:I2CMIntHandler)
                  00003bd2    00000002     startup_ccs.obj (.text:NmiSR)
                  00003bd4    000000c0     rgb.obj (.text:RGBEnable)
                  00003c94    000000b4     rtsv7M4_T_le_v4SPD16_eabi.lib : s_cosf.obj (.text)
                  00003d48    000000b0     uartstdio.obj (.text:UARTStdioConfig)
                  00003df8    000000a8     main.obj (.text:MPU9150AppErrorHandler)
                  00003ea0    000000a8     uartstdio.obj (.text:UARTwrite)
                  00003f48    000000a4     rtsv7M4_T_le_v4SPD16_eabi.lib : s_sinf.obj (.text)
                  00003fec    0000009c     controller.obj (.text:CalcDutyCycle)
                  00004088    0000009c     comp_dcm.obj (.text:CompDCMComputeEulers)
                  00004124    0000009c     mpu9150mod.obj (.text:MPU9150DataMagnetoGetFloat)
                  000041c0    0000009c     mpu9150mod.obj (.text:MPU9150Write)
                  0000425c    0000009c     rtsv7M4_T_le_v4SPD16_eabi.lib : memcpy_t2.obj (.text)
                  000042f8    00000098     sensorlib.lib : i2cm_drv.obj (.text:I2CMStateIdle)
                  00004390    00000090     rgb.obj (.text:RGBColorSet)
                  00004420    0000008c     uartstdio.obj (.text:UARTPrimeTransmit)
                  000044ac    00000088     sensorlib.lib : i2cm_drv.obj (.text:I2CMCommand)
                  00004534    00000086     rtsv7M4_T_le_v4SPD16_eabi.lib : fd_cmp_t2.obj (.text:__aeabi_cdcmple)
                  000045ba    00000086                                   : fd_cmp_t2.obj (.text:__aeabi_cdrcmple)
                  00004640    0000007c     mpu9150mod.obj (.text:MPU9150DataAccelGetFloat)
                  000046bc    0000007c     mpu9150mod.obj (.text:MPU9150DataGyroGetFloat)
                  00004738    0000007a     rtsv7M4_T_le_v4SPD16_eabi.lib : memset_t2.obj (.text)
                  000047b2    00000002                                   : i_div0.obj (.text)
                  000047b4    00000078     rgb.obj (.text:RGBBlinkRateSet)
                  0000482c    00000074     controller.obj (.text:PDContUpdatePWM)
                  000048a0    00000070     rtsv7M4_T_le_v4SPD16_eabi.lib : autoinit.obj (.text)
                  00004910    0000006e                                   : fd_tos_t2.obj (.text)
                  0000497e    00000002                                   : mpu_init.obj (.text)
                  00004980    0000006c     hc12.obj (.text:InitHC12UART)
                  000049ec    0000006c     mpu9150mod.obj (.text:MPU9150Init)
                  00004a58    00000068     driverlib.lib : interrupt.obj (.text:IntDisable)
                  00004ac0    00000068                   : interrupt.obj (.text:IntEnable)
                  00004b28    00000068     rgb.obj (.text:RGBDisable)
                  00004b90    00000068     rtsv7M4_T_le_v4SPD16_eabi.lib : copy_decompress_lzss.obj (.text:decompress:lzss)
                  00004bf8    00000064     escpwm.obj (.text:CalibrateThrottle)
                  00004c5c    00000064     main.obj (.text:ConfigureUART)
                  00004cc0    00000064     driverlib.lib : interrupt.obj (.text:IntIsEnabled)
                  00004d24    00000064     escpwm.obj (.text:SetMotorPulseWidth)
                  00004d88    00000060     mpu9150mod.obj (.text:MPU9150DataRead)
                  00004de8    0000005e     sensorlib.lib : i2cm_drv.obj (.text:I2CMStateWritePause)
                  00004e46    00000002     rtsv7M4_T_le_v4SPD16_eabi.lib : startup.obj (.text)
                  00004e48    00000054     sensorlib.lib : i2cm_drv.obj (.text:I2CMWrite8)
                  00004e9c    00000054     rtsv7M4_T_le_v4SPD16_eabi.lib : boot.obj (.text)
                  00004ef0    00000054                                   : exit.obj (.text)
                  00004f44    00000050     sensorlib.lib : i2cm_drv.obj (.text:I2CMStateWriteFinal)
                  00004f94    00000050     rtsv7M4_T_le_v4SPD16_eabi.lib : fs_toull_t2.obj (.text)
                  00004fe4    0000004c     driverlib.lib : i2c.obj (.text:I2CMasterInitExpClk)
                  00005030    0000004c     rtsv7M4_T_le_v4SPD16_eabi.lib : cpy_tbl.obj (.text)
                  0000507c    0000004a     sensorlib.lib : i2cm_drv.obj (.text:I2CMStateReadNext)
                  000050c6    00000002     --HOLE-- [fill = 0]
                  000050c8    00000048     driverlib.lib : gpio.obj (.text:GPIOPinConfigure)
                  00005110    00000048     sensorlib.lib : i2cm_drv.obj (.text:I2CMStateWriteNext)
                  00005158    00000046     driverlib.lib : uart.obj (.text:UARTConfigSetExpClk)
                  0000519e    00000002     --HOLE-- [fill = 0]
                  000051a0    00000044     comp_dcm.obj (.text:CompDCMInit)
                  000051e4    00000044     sensorlib.lib : i2cm_drv.obj (.text:I2CMStateCallback)
                  00005228    00000044     rtsv7M4_T_le_v4SPD16_eabi.lib : fd_tou_t2.obj (.text)
                  0000526c    00000042     sensorlib.lib : i2cm_drv.obj (.text:I2CMStateReadFinal)
                  000052ae    00000040                   : i2cm_drv.obj (.text:I2CMWrite8Callback)
                  000052ee    00000040     rtsv7M4_T_le_v4SPD16_eabi.lib : u_divt2.obj (.text)
                  0000532e    0000003e     sensorlib.lib : i2cm_drv.obj (.text:I2CMStateReadPause)
                  0000536c    0000003c     comp_dcm.obj (.text:CompDCMAccelUpdate)
                  000053a8    0000003c     uartstdio.obj (.text:UARTFlushTx)
                  000053e4    00000038     rgb.obj (.text:RGBBlinkIntHandler)
                  0000541c    00000038     rtsv7M4_T_le_v4SPD16_eabi.lib : fs_tod_t2.obj (.text)
                  00005454    00000034     sensorlib.lib : i2cm_drv.obj (.text:I2CMInit)
                  00005488    00000034     main.obj (.text:IntGPIOb)
                  000054bc    00000034     driverlib.lib : sysctl.obj (.text:SysCtlPeripheralEnable)
                  000054f0    00000030     sensorlib.lib : i2cm_drv.obj (.text:I2CMTransferResume)
                  00005520    00000030     main.obj (.text:MPU9150AppI2CWait)
                  00005550    0000002e     rtsv7M4_T_le_v4SPD16_eabi.lib : i_tofd_t2.obj (.text)
                  0000557e    00000002     --HOLE-- [fill = 0]
                  00005580    0000002c     uartstdio.obj (.text:UARTFlushRx)
                  000055ac    0000002a     driverlib.lib : gpio.obj (.text:GPIODirModeSet)
                  000055d6    0000002a     sensorlib.lib : i2cm_drv.obj (.text:I2CMStateReadFirst)
                  00005600    00000028     rtsv7M4_T_le_v4SPD16_eabi.lib : e_sqrtf.obj (.text)
                  00005628    00000026     comp_dcm.obj (.text:CompDCMGyroUpdate)
                  0000564e    00000002     --HOLE-- [fill = 0]
                  00005650    00000024     buffer.obj (.text:WriteByteToBuffer)
                  00005674    00000022     driverlib.lib : pwm.obj (.text:PWMGenConfigure)
                  00005696    00000020     sensorlib.lib : i2cm_drv.obj (.text:I2CMStateReadOne)
                  000056b6    00000002     --HOLE-- [fill = 0]
                  000056b8    00000020     controller.obj (.text:InitPDController)
                  000056d8    00000020     hc12.obj (.text:UART2IntHandler)
                  000056f8    00000020     driverlib.lib : uart.obj (.text:UARTDisable)
                  00005718    00000020     rtsv7M4_T_le_v4SPD16_eabi.lib : u_tofd_t2.obj (.text)
                  00005738    0000001a     sensorlib.lib : i2cm_drv.obj (.text:I2CMStateReadWait)
                  00005752    0000001a     uartstdio.obj (.text:UARTprintf)
                  0000576c    00000018     driverlib.lib : gpio.obj (.text:GPIOPinTypeGPIOOutput)
                  00005784    00000018     uartstdio.obj (.text:IsBufferFull)
                  0000579c    00000018     main.obj (.text:MPU9150AppCallback)
                  000057b4    00000018     rtsv7M4_T_le_v4SPD16_eabi.lib : args_main.obj (.text)
                  000057cc    00000014     rgb.obj (.text:RGBIntensitySet)
                  000057e0    00000014     driverlib.lib : uart.obj (.text:UARTEnable)
                  000057f4    00000014     rtsv7M4_T_le_v4SPD16_eabi.lib : _lock.obj (.text)
                  00005808    00000014                                   : s_copysign.obj (.text)
                  0000581c    00000012     driverlib.lib : gpio.obj (.text:GPIOPinTypeI2CSCL)
                  0000582e    00000012                   : gpio.obj (.text:GPIOPinTypeUART)
                  00005840    00000010                   : interrupt.obj (.text:IntMasterDisable)
                  00005850    00000010                   : interrupt.obj (.text:IntMasterEnable)
                  00005860    00000010                   : pwm.obj (.text:PWMGenPeriodSet)
                  00005870    0000000e     comp_dcm.obj (.text:CompDCMMagnetoUpdate)
                  0000587e    0000000e     driverlib.lib : gpio.obj (.text:GPIOIntStatus)
                  0000588c    0000000e     uartstdio.obj (.text:IsBufferEmpty)
                  0000589a    0000000e     rtsv7M4_T_le_v4SPD16_eabi.lib : copy_decompress_none.obj (.text:decompress:none)
                  000058a8    0000000c     driverlib.lib : cpu.obj (.text:CPUcpsid)
                  000058b4    0000000c                   : cpu.obj (.text:CPUcpsie)
                  000058c0    0000000c                   : gpio.obj (.text:GPIOIntEnable)
                  000058cc    0000000c                   : interrupt.obj (.text:IntTrigger)
                  000058d8    0000000c     main.obj (.text:MPU9150I2CIntHandler)
                  000058e4    0000000c     rtsv7M4_T_le_v4SPD16_eabi.lib : copy_zero_init.obj (.text:decompress:ZI)
                  000058f0    0000000a     driverlib.lib : i2c.obj (.text:I2CMasterEnable)
                  000058fa    00000008                   : i2c.obj (.text:I2CMasterIntClear)
                  00005902    00000008                   : i2c.obj (.text:I2CMasterIntEnableEx)
                  0000590a    00000008                   : i2c.obj (.text:I2CMasterSlaveAddrSet)
                  00005912    00000008                   : uart.obj (.text:UARTIntEnable)
                  0000591a    00000006                   : gpio.obj (.text:GPIOIntClear)
                  00005920    00000006                   : gpio.obj (.text:GPIOPinWrite)
                  00005926    00000006     startup_ccs.obj (.text:ResetISR)
                  0000592c    00000006     driverlib.lib : sysctl.obj (.text:SysCtlDelay)
                  00005932    00000006                   : uart.obj (.text:UARTClockSourceSet)
                  00005938    00000006                   : uart.obj (.text:UARTFIFOLevelSet)
                  0000593e    00000004                   : i2c.obj (.text:I2CMasterControl)
                  00005942    00000004                   : i2c.obj (.text:I2CMasterDataGet)
                  00005946    00000004                   : i2c.obj (.text:I2CMasterDataPut)
                  0000594a    00000004                   : uart.obj (.text:UARTIntClear)
                  0000594e    00000004     rtsv7M4_T_le_v4SPD16_eabi.lib : pre_init.obj (.text)

.const     0    00005958    00000234     
                  00005958    00000090     driverlib.lib : gpio.obj (.const:g_pui32GPIOBaseAddrs)
                  000059e8    00000070                   : interrupt.obj (.const)
                  00005a58    0000006c                   : sysctl.obj (.const:g_pui32Xtals)
                  00005ac4    00000034     rtsv7M4_T_le_v4SPD16_eabi.lib : s_atanf.obj (.const:$O1$$)
                  00005af8    00000030                                   : e_pow.obj (.const:$O1$$)
                  00005b28    00000020                                   : e_asinf.obj (.const)
                  00005b48    00000010     mpu9150mod.obj (.const:g_fMPU9150AccelFactors)
                  00005b58    00000010     mpu9150mod.obj (.const:g_fMPU9150GyroFactors)
                  00005b68    0000000c     uartstdio.obj (.const:g_ui32UARTBase)
                  00005b74    0000000c     uartstdio.obj (.const:g_ui32UARTInt)
                  00005b80    0000000c     uartstdio.obj (.const:g_ui32UARTPeriph)

.cinit     0    00005b90    00000040     
                  00005b90    0000001c     (.cinit..data.load) [load image, compression = lzss]
                  00005bac    0000000c     (__TI_handler_table)
                  00005bb8    00000008     (.cinit..bss.load) [load image, compression = zero_init]
                  00005bc0    00000010     (__TI_cinit_table)

.init_array 
*          0    00000000    00000000     UNINITIALIZED

.bss       0    20000000    000007e8     UNINITIALIZED
                  20000000    00000400     uartstdio.obj (.bss:g_pcUARTTxBuffer)
                  20000400    00000124     (.common:g_sI2CInst)
                  20000524    00000080     uartstdio.obj (.bss:g_pcUARTRxBuffer)
                  200005a4    0000007c     (.common:g_sCompDCMInst)
                  20000620    0000006c     (.common:g_sMPU9150Inst)
                  2000068c    00000040     (.common:i32FPart)
                  200006cc    00000040     (.common:i32IPart)
                  2000070c    00000040     (.common:pfData)
                  2000074c    00000024     (.common:g_sPDControllerInst)
                  20000770    0000001c     (.common:g_sPWMInst)
                  2000078c    00000010     (.common:buff)
                  2000079c    0000000c     rgb.obj (.bss:g_ui32Colors)
                  200007a8    0000000c     (.common:g_pui32Colors)
                  200007b4    00000008     uartstdio.obj (.bss)
                  200007bc    00000004     rgb.obj (.bss)
                  200007c0    00000004     (.common:g_ui32PrintSkipCounter)
                  200007c4    00000004     (.common:g_vui8ErrorFlag)
                  200007c8    00000004     (.common:g_vui8I2CDoneFlag)
                  200007cc    00000004     (.common:pfAccel)
                  200007d0    00000004     (.common:pfEulers)
                  200007d4    00000004     (.common:pfGyro)
                  200007d8    00000004     (.common:pfMag)
                  200007dc    00000004     (.common:pfQuaternion)
                  200007e0    00000004     (.common:ui32CompDCMStarted)
                  200007e4    00000004     (.common:ui32Idx)

.data      0    20000be8    00000044     UNINITIALIZED
                  20000be8    00000015     uartstdio.obj (.data)
                  20000bfd    00000003     --HOLE--
                  20000c00    0000000c     rtsv7M4_T_le_v4SPD16_eabi.lib : exit.obj (.data:$O1$$)
                  20000c0c    0000000c     buffer.obj (.data)
                  20000c18    00000008     rtsv7M4_T_le_v4SPD16_eabi.lib : _lock.obj (.data:$O1$$)
                  20000c20    00000004     rgb.obj (.data)
                  20000c24    00000004     rtsv7M4_T_le_v4SPD16_eabi.lib : errno.obj (.data)
                  20000c28    00000004                                   : stkdepth_vars.obj (.data)

.stack     0    200007e8    00000400     UNINITIALIZED
                  200007e8    00000400     --HOLE--

MODULE SUMMARY

       Module                     code    ro data   rw data
       ------                     ----    -------   -------
    ./
       main.obj                   2840    0         832    
       comp_dcm.obj               2536    0         0      
       controller.obj             2384    0         0      
       mpu9150mod.obj             1168    32        0      
       escpwm.obj                 696     0         0      
       startup_ccs.obj            12      620       0      
       hc12.obj                   140     0         0      
       buffer.obj                 36      0         28     
    +--+--------------------------+-------+---------+---------+
       Total:                     9812    652       860    
                                                           
    ./drivers/
       rgb.obj                    896     0         20     
    +--+--------------------------+-------+---------+---------+
       Total:                     896     0         20     
                                                           
    ./utils/
       uartstdio.obj              1494    36        1181   
    +--+--------------------------+-------+---------+---------+
       Total:                     1494    36        1181   
                                                           
    /Applications/ti/ccsv7/tools/compiler/ti-cgt-arm_16.9.3.LTS/lib/rtsv7M4_T_le_v4SPD16_eabi.lib
       e_pow.obj                  2476    48        0      
       fd_add_t2.obj              438     0         0      
       e_asinf.obj                376     32        0      
       s_atanf.obj                336     52        0      
       e_sqrt.obj                 368     0         0      
       e_atan2f.obj               344     0         0      
       fd_div_t2.obj              310     0         0      
       fd_cmp_t2.obj              268     0         0      
       fd_mul_t2.obj              252     0         0      
       s_scalbn.obj               252     0         0      
       s_cosf.obj                 180     0         0      
       s_sinf.obj                 164     0         0      
       memcpy_t2.obj              156     0         0      
       memset_t2.obj              122     0         0      
       autoinit.obj               112     0         0      
       fd_tos_t2.obj              110     0         0      
       copy_decompress_lzss.obj   104     0         0      
       exit.obj                   84      0         12     
       boot.obj                   84      0         0      
       fs_toull_t2.obj            80      0         0      
       cpy_tbl.obj                76      0         0      
       fd_tou_t2.obj              68      0         0      
       u_divt2.obj                64      0         0      
       fs_tod_t2.obj              56      0         0      
       i_tofd_t2.obj              46      0         0      
       e_sqrtf.obj                40      0         0      
       u_tofd_t2.obj              32      0         0      
       _lock.obj                  20      0         8      
       args_main.obj              24      0         0      
       s_copysign.obj             20      0         0      
       copy_decompress_none.obj   14      0         0      
       copy_zero_init.obj         12      0         0      
       errno.obj                  0       0         4      
       pre_init.obj               4       0         0      
       stkdepth_vars.obj          0       0         4      
       i_div0.obj                 2       0         0      
       mpu_init.obj               2       0         0      
       startup.obj                2       0         0      
    +--+--------------------------+-------+---------+---------+
       Total:                     7098    132       28     
                                                           
    /Users/maorshutman/ti/TivaWare_C_Series-2.1.3.156/driverlib/ccs/Debug/driverlib.lib
       gpio.obj                   518     144       0      
       interrupt.obj              352     112       0      
       sysctl.obj                 330     108       0      
       uart.obj                   146     0         0      
       i2c.obj                    122     0         0      
       pwm.obj                    50      0         0      
       cpu.obj                    24      0         0      
    +--+--------------------------+-------+---------+---------+
       Total:                     1542    364       0      
                                                           
    /Users/maorshutman/ti/TivaWare_C_Series-2.1.3.156/sensorlib/ccs/Debug/sensorlib.lib
       i2cm_drv.obj               1394    0         0      
    +--+--------------------------+-------+---------+---------+
       Total:                     1394    0         0      
                                                           
       Stack:                     0       0         1024   
       Linker Generated:          0       64        0      
    +--+--------------------------+-------+---------+---------+
       Grand Total:               22236   1248      3113   


LINKER GENERATED COPY TABLES

__TI_cinit_table @ 00005bc0 records: 2, size/record: 8, table size: 16
	.data: load addr=00005b90, load size=0000001c bytes, run addr=20000be8, run size=00000044 bytes, compression=lzss
	.bss: load addr=00005bb8, load size=00000008 bytes, run addr=20000000, run size=000007e8 bytes, compression=zero_init


LINKER GENERATED HANDLER TABLE

__TI_handler_table @ 00005bac records: 3, size/record: 4, table size: 12
	index: 0, handler: __TI_decompress_lzss
	index: 1, handler: __TI_decompress_none
	index: 2, handler: __TI_zero_init


GLOBAL SYMBOLS: SORTED ALPHABETICALLY BY Name 

address   name                           
-------   ----                           
00004ef1  C$$EXIT                        
000058a9  CPUcpsid                       
000058b5  CPUcpsie                       
00003fed  CalcDutyCycle                  
000034c5  CalibrateIMU                   
00004bf9  CalibrateThrottle              
0000536d  CompDCMAccelUpdate             
00004089  CompDCMComputeEulers           
0000249d  CompDCMComputeQuaternion       
00005629  CompDCMGyroUpdate              
000051a1  CompDCMInit                    
00005871  CompDCMMagnetoUpdate           
000039ed  CompDCMStart                   
00001731  CompDCMUpdate                  
00002665  ComputeDCMFromEulers           
00001b51  ConfigureMPU6050               
00004c5d  ConfigureUART                  
00000c19  ErrorToInput                   
000055ad  GPIODirModeSet                 
0000591b  GPIOIntClear                   
000058c1  GPIOIntEnable                  
0000587f  GPIOIntStatus                  
00003393  GPIOPadConfigSet               
000050c9  GPIOPinConfigure               
0000576d  GPIOPinTypeGPIOOutput          
0000581d  GPIOPinTypeI2CSCL              
0000582f  GPIOPinTypeUART                
00005921  GPIOPinWrite                   
000044ad  I2CMCommand                    
00005455  I2CMInit                       
00003ae1  I2CMIntHandler                 
000054f1  I2CMTransferResume             
00004e49  I2CMWrite8                     
0000593f  I2CMasterControl               
00005943  I2CMasterDataGet               
00005947  I2CMasterDataPut               
000058f1  I2CMasterEnable                
00004fe5  I2CMasterInitExpClk            
000058fb  I2CMasterIntClear              
00005903  I2CMasterIntEnableEx           
0000590b  I2CMasterSlaveAddrSet          
00004981  InitHC12UART                   
000056b9  InitPDController               
00001ee9  InitPWM                        
00004a59  IntDisable                     
00004ac1  IntEnable                      
00005489  IntGPIOb                       
00004cc1  IntIsEnabled                   
00005841  IntMasterDisable               
00005851  IntMasterEnable                
000058cd  IntTrigger                     
0000579d  MPU9150AppCallback             
00003df9  MPU9150AppErrorHandler         
00005521  MPU9150AppI2CWait              
00004641  MPU9150DataAccelGetFloat       
000046bd  MPU9150DataGyroGetFloat        
00004125  MPU9150DataMagnetoGetFloat     
00004d89  MPU9150DataRead                
000058d9  MPU9150I2CIntHandler           
000049ed  MPU9150Init                    
000041c1  MPU9150Write                   
0000482d  PDContUpdatePWM                
00005675  PWMGenConfigure                
00005861  PWMGenPeriodSet                
000053e5  RGBBlinkIntHandler             
000047b5  RGBBlinkRateSet                
00004391  RGBColorSet                    
00004b29  RGBDisable                     
00003bd5  RGBEnable                      
000036f1  RGBInit                        
000057cd  RGBIntensitySet                
000022c5  ReadDesiredState               
00005927  ResetISR                       
UNDEFED   SHT$$INIT_ARRAY$$Base          
UNDEFED   SHT$$INIT_ARRAY$$Limit         
00004d25  SetMotorPulseWidth             
000035e1  SysCtlClockGet                 
0000592d  SysCtlDelay                    
000054bd  SysCtlPeripheralEnable         
000056d9  UART2IntHandler                
00005933  UARTClockSourceSet             
00005159  UARTConfigSetExpClk            
000056f9  UARTDisable                    
000057e1  UARTEnable                     
00005939  UARTFIFOLevelSet               
00005581  UARTFlushRx                    
000053a9  UARTFlushTx                    
0000594b  UARTIntClear                   
00005913  UARTIntEnable                  
00003d49  UARTStdioConfig                
00002e55  UARTStdioIntHandler            
00005753  UARTprintf                     
000020d9  UARTvprintf                    
00003ea1  UARTwrite                      
00005651  WriteByteToBuffer              
20000be8  __STACK_END                    
00000400  __STACK_SIZE                   
20000be8  __STACK_TOP                    
00005bc0  __TI_CINIT_Base                
00005bd0  __TI_CINIT_Limit               
00005bac  __TI_Handler_Table_Base        
00005bb8  __TI_Handler_Table_Limit       
000048a1  __TI_auto_init                 
20000c00  __TI_cleanup_ptr               
00004b91  __TI_decompress_lzss           
0000589b  __TI_decompress_none           
20000c04  __TI_dtors_ptr                 
20000c08  __TI_enable_exit_profile_output
ffffffff  __TI_pprof_out_hndl            
ffffffff  __TI_prof_data_size            
ffffffff  __TI_prof_data_start           
00000000  __TI_static_base__             
000058e5  __TI_zero_init                 
00004535  __aeabi_cdcmpeq                
00004535  __aeabi_cdcmple                
000045bb  __aeabi_cdrcmple               
00004911  __aeabi_d2f                    
00005229  __aeabi_d2uiz                  
0000282b  __aeabi_dadd                   
0000325d  __aeabi_ddiv                   
000037f5  __aeabi_dmul                   
00002821  __aeabi_dsub                   
0000541d  __aeabi_f2d                    
00004f95  __aeabi_f2ulz                  
00005551  __aeabi_i2d                    
000047b3  __aeabi_idiv0                  
00004739  __aeabi_memclr                 
00004739  __aeabi_memclr4                
00004739  __aeabi_memclr8                
0000425d  __aeabi_memcpy                 
0000425d  __aeabi_memcpy4                
0000425d  __aeabi_memcpy8                
0000473b  __aeabi_memset                 
0000473b  __aeabi_memset4                
0000473b  __aeabi_memset8                
00005719  __aeabi_ui2d                   
000052ef  __aeabi_uidiv                  
000052ef  __aeabi_uidivmod               
ffffffff  __binit__                      
ffffffff  __c_args__                     
0000497f  __mpu_init                     
200007e8  __stack                        
000057b5  _args_main                     
00004e9d  _c_int00                       
20000c18  _lock                          
00005803  _nop                           
000057fb  _register_lock                 
000057f5  _register_unlock               
00004e47  _system_post_cinit             
0000594f  _system_pre_init               
20000c1c  _unlock                        
00004ef5  abort                          
00002b6d  asinf                          
00002fb5  atan2f                         
0000310d  atanf                          
ffffffff  binit                          
2000078c  buff                           
00005031  copy_in                        
00005809  copysign                       
00005809  copysignl                      
00003c95  cosf                           
20000c14  currPacketIndex                
20000c24  errno                          
00004efd  exit                           
00000000  g_pfnVectors                   
200007a8  g_pui32Colors                  
200005a4  g_sCompDCMInst                 
20000400  g_sI2CInst                     
20000620  g_sMPU9150Inst                 
2000074c  g_sPDControllerInst            
20000770  g_sPWMInst                     
200007c0  g_ui32PrintSkipCounter         
200007c4  g_vui8ErrorFlag                
200007c8  g_vui8I2CDoneFlag              
2000068c  i32FPart                       
200006cc  i32IPart                       
000038f1  ldexp                          
000038f1  ldexpl                         
00001261  main                           
20000c28  main_func_sp                   
0000425d  memcpy                         
00004741  memset                         
200007cc  pfAccel                        
2000070c  pfData                         
200007d0  pfEulers                       
200007d4  pfGyro                         
200007d8  pfMag                          
200007dc  pfQuaternion                   
0000026d  pow                            
0000026d  powl                           
20000c10  prevPacketIndex                
000038f1  scalbn                         
000038f1  scalbnl                        
00003f49  sinf                           
00002ce5  sqrt                           
00005601  sqrtf                          
00002ce5  sqrtl                          
200007e0  ui32CompDCMStarted             
200007e4  ui32Idx                        
20000c0c  writeCharIndex                 


GLOBAL SYMBOLS: SORTED BY Symbol Address 

address   name                           
-------   ----                           
00000000  __TI_static_base__             
00000000  g_pfnVectors                   
0000026d  pow                            
0000026d  powl                           
00000400  __STACK_SIZE                   
00000c19  ErrorToInput                   
00001261  main                           
00001731  CompDCMUpdate                  
00001b51  ConfigureMPU6050               
00001ee9  InitPWM                        
000020d9  UARTvprintf                    
000022c5  ReadDesiredState               
0000249d  CompDCMComputeQuaternion       
00002665  ComputeDCMFromEulers           
00002821  __aeabi_dsub                   
0000282b  __aeabi_dadd                   
00002b6d  asinf                          
00002ce5  sqrt                           
00002ce5  sqrtl                          
00002e55  UARTStdioIntHandler            
00002fb5  atan2f                         
0000310d  atanf                          
0000325d  __aeabi_ddiv                   
00003393  GPIOPadConfigSet               
000034c5  CalibrateIMU                   
000035e1  SysCtlClockGet                 
000036f1  RGBInit                        
000037f5  __aeabi_dmul                   
000038f1  ldexp                          
000038f1  ldexpl                         
000038f1  scalbn                         
000038f1  scalbnl                        
000039ed  CompDCMStart                   
00003ae1  I2CMIntHandler                 
00003bd5  RGBEnable                      
00003c95  cosf                           
00003d49  UARTStdioConfig                
00003df9  MPU9150AppErrorHandler         
00003ea1  UARTwrite                      
00003f49  sinf                           
00003fed  CalcDutyCycle                  
00004089  CompDCMComputeEulers           
00004125  MPU9150DataMagnetoGetFloat     
000041c1  MPU9150Write                   
0000425d  __aeabi_memcpy                 
0000425d  __aeabi_memcpy4                
0000425d  __aeabi_memcpy8                
0000425d  memcpy                         
00004391  RGBColorSet                    
000044ad  I2CMCommand                    
00004535  __aeabi_cdcmpeq                
00004535  __aeabi_cdcmple                
000045bb  __aeabi_cdrcmple               
00004641  MPU9150DataAccelGetFloat       
000046bd  MPU9150DataGyroGetFloat        
00004739  __aeabi_memclr                 
00004739  __aeabi_memclr4                
00004739  __aeabi_memclr8                
0000473b  __aeabi_memset                 
0000473b  __aeabi_memset4                
0000473b  __aeabi_memset8                
00004741  memset                         
000047b3  __aeabi_idiv0                  
000047b5  RGBBlinkRateSet                
0000482d  PDContUpdatePWM                
000048a1  __TI_auto_init                 
00004911  __aeabi_d2f                    
0000497f  __mpu_init                     
00004981  InitHC12UART                   
000049ed  MPU9150Init                    
00004a59  IntDisable                     
00004ac1  IntEnable                      
00004b29  RGBDisable                     
00004b91  __TI_decompress_lzss           
00004bf9  CalibrateThrottle              
00004c5d  ConfigureUART                  
00004cc1  IntIsEnabled                   
00004d25  SetMotorPulseWidth             
00004d89  MPU9150DataRead                
00004e47  _system_post_cinit             
00004e49  I2CMWrite8                     
00004e9d  _c_int00                       
00004ef1  C$$EXIT                        
00004ef5  abort                          
00004efd  exit                           
00004f95  __aeabi_f2ulz                  
00004fe5  I2CMasterInitExpClk            
00005031  copy_in                        
000050c9  GPIOPinConfigure               
00005159  UARTConfigSetExpClk            
000051a1  CompDCMInit                    
00005229  __aeabi_d2uiz                  
000052ef  __aeabi_uidiv                  
000052ef  __aeabi_uidivmod               
0000536d  CompDCMAccelUpdate             
000053a9  UARTFlushTx                    
000053e5  RGBBlinkIntHandler             
0000541d  __aeabi_f2d                    
00005455  I2CMInit                       
00005489  IntGPIOb                       
000054bd  SysCtlPeripheralEnable         
000054f1  I2CMTransferResume             
00005521  MPU9150AppI2CWait              
00005551  __aeabi_i2d                    
00005581  UARTFlushRx                    
000055ad  GPIODirModeSet                 
00005601  sqrtf                          
00005629  CompDCMGyroUpdate              
00005651  WriteByteToBuffer              
00005675  PWMGenConfigure                
000056b9  InitPDController               
000056d9  UART2IntHandler                
000056f9  UARTDisable                    
00005719  __aeabi_ui2d                   
00005753  UARTprintf                     
0000576d  GPIOPinTypeGPIOOutput          
0000579d  MPU9150AppCallback             
000057b5  _args_main                     
000057cd  RGBIntensitySet                
000057e1  UARTEnable                     
000057f5  _register_unlock               
000057fb  _register_lock                 
00005803  _nop                           
00005809  copysign                       
00005809  copysignl                      
0000581d  GPIOPinTypeI2CSCL              
0000582f  GPIOPinTypeUART                
00005841  IntMasterDisable               
00005851  IntMasterEnable                
00005861  PWMGenPeriodSet                
00005871  CompDCMMagnetoUpdate           
0000587f  GPIOIntStatus                  
0000589b  __TI_decompress_none           
000058a9  CPUcpsid                       
000058b5  CPUcpsie                       
000058c1  GPIOIntEnable                  
000058cd  IntTrigger                     
000058d9  MPU9150I2CIntHandler           
000058e5  __TI_zero_init                 
000058f1  I2CMasterEnable                
000058fb  I2CMasterIntClear              
00005903  I2CMasterIntEnableEx           
0000590b  I2CMasterSlaveAddrSet          
00005913  UARTIntEnable                  
0000591b  GPIOIntClear                   
00005921  GPIOPinWrite                   
00005927  ResetISR                       
0000592d  SysCtlDelay                    
00005933  UARTClockSourceSet             
00005939  UARTFIFOLevelSet               
0000593f  I2CMasterControl               
00005943  I2CMasterDataGet               
00005947  I2CMasterDataPut               
0000594b  UARTIntClear                   
0000594f  _system_pre_init               
00005bac  __TI_Handler_Table_Base        
00005bb8  __TI_Handler_Table_Limit       
00005bc0  __TI_CINIT_Base                
00005bd0  __TI_CINIT_Limit               
20000400  g_sI2CInst                     
200005a4  g_sCompDCMInst                 
20000620  g_sMPU9150Inst                 
2000068c  i32FPart                       
200006cc  i32IPart                       
2000070c  pfData                         
2000074c  g_sPDControllerInst            
20000770  g_sPWMInst                     
2000078c  buff                           
200007a8  g_pui32Colors                  
200007c0  g_ui32PrintSkipCounter         
200007c4  g_vui8ErrorFlag                
200007c8  g_vui8I2CDoneFlag              
200007cc  pfAccel                        
200007d0  pfEulers                       
200007d4  pfGyro                         
200007d8  pfMag                          
200007dc  pfQuaternion                   
200007e0  ui32CompDCMStarted             
200007e4  ui32Idx                        
200007e8  __stack                        
20000be8  __STACK_END                    
20000be8  __STACK_TOP                    
20000c00  __TI_cleanup_ptr               
20000c04  __TI_dtors_ptr                 
20000c08  __TI_enable_exit_profile_output
20000c0c  writeCharIndex                 
20000c10  prevPacketIndex                
20000c14  currPacketIndex                
20000c18  _lock                          
20000c1c  _unlock                        
20000c24  errno                          
20000c28  main_func_sp                   
ffffffff  __TI_pprof_out_hndl            
ffffffff  __TI_prof_data_size            
ffffffff  __TI_prof_data_start           
ffffffff  __binit__                      
ffffffff  __c_args__                     
ffffffff  binit                          
UNDEFED   SHT$$INIT_ARRAY$$Base          
UNDEFED   SHT$$INIT_ARRAY$$Limit         

[200 symbols]
