******************************************************************************
                  TI ARM Linker Unix v16.9.3                   
******************************************************************************
>> Linked Fri Dec  8 10:04:19 2017

OUTPUT FILE NAME:   <flight_controller.out>
ENTRY POINT SYMBOL: "_c_int00"  address: 0000483d


MEMORY CONFIGURATION

         name            origin    length      used     unused   attr    fill
----------------------  --------  ---------  --------  --------  ----  --------
  FLASH                 00000000   00040000  0000552e  0003aad2  R  X
  SRAM                  20000000   00008000  00000ba4  0000745c  RW X


SEGMENT ALLOCATION MAP

run origin  load origin   length   init length attrs members
----------  ----------- ---------- ----------- ----- -------
00000000    00000000    00005538   00005538    r-x
  00000000    00000000    0000026c   0000026c    r-- .intvecs
  0000026c    0000026c    0000504e   0000504e    r-x .text
  000052c0    000052c0    00000234   00000234    r-- .const
  000054f8    000054f8    00000040   00000040    r-- .cinit
20000000    20000000    00000ba4   00000000    rw-
  20000000    20000000    00000760   00000000    rw- .bss
  20000760    20000760    00000400   00000000    rw- .stack
  20000b60    20000b60    00000044   00000000    rw- .data


SECTION ALLOCATION MAP

 output                                  attributes/
section   page    origin      length       input sections
--------  ----  ----------  ----------   ----------------
.intvecs   0    00000000    0000026c     
                  00000000    0000026c     startup_ccs.obj (.intvecs)

.text      0    0000026c    0000504e     
                  0000026c    000009ac     rtsv7M4_T_le_v4SPD16_eabi.lib : e_pow.obj (.text)
                  00000c18    000004a8     controller.obj (.text:ErrorToInput)
                  000010c0    00000464     comp_dcm.obj (.text:CompDCMUpdate)
                  00001524    00000398     main.obj (.text:ConfigureMPU6050)
                  000018bc    000001f0     escpwm.obj (.text:InitPWM)
                  00001aac    000001ea     uartstdio.obj (.text:UARTvprintf)
                  00001c96    00000002     startup_ccs.obj (.text:FaultISR)
                  00001c98    000001d4     controller.obj (.text:ReadDesiredState)
                  00001e6c    000001bc     comp_dcm.obj (.text:ComputeDCMFromEulers)
                  00002028    000001b6     rtsv7M4_T_le_v4SPD16_eabi.lib : fd_add_t2.obj (.text)
                  000021de    00000002     startup_ccs.obj (.text:IntDefaultHandler)
                  000021e0    000001b4     main.obj (.text:main)
                  00002394    00000194     mpu9150mod.obj (.text:MPU9150Callback)
                  00002528    00000178     rtsv7M4_T_le_v4SPD16_eabi.lib : e_asinf.obj (.text)
                  000026a0    00000170                                   : e_sqrt.obj (.text)
                  00002810    00000160     uartstdio.obj (.text:UARTStdioIntHandler)
                  00002970    00000158     rtsv7M4_T_le_v4SPD16_eabi.lib : e_atan2f.obj (.text)
                  00002ac8    00000150                                   : s_atanf.obj (.text)
                  00002c18    0000014c     main.obj (.text:CalibrateIMU)
                  00002d64    00000144     comp_dcm.obj (.text:CompDCMStart)
                  00002ea8    00000136     rtsv7M4_T_le_v4SPD16_eabi.lib : fd_div_t2.obj (.text)
                  00002fde    00000132     driverlib.lib : gpio.obj (.text:GPIOPadConfigSet)
                  00003110    00000110                   : sysctl.obj (.text:SysCtlClockGet)
                  00003220    00000104     rgb.obj (.text:RGBInit)
                  00003324    000000fc     rtsv7M4_T_le_v4SPD16_eabi.lib : fd_mul_t2.obj (.text)
                  00003420    000000fc                                   : s_scalbn.obj (.text)
                  0000351c    000000f2     sensorlib.lib : i2cm_drv.obj (.text:I2CMIntHandler)
                  0000360e    00000002     startup_ccs.obj (.text:NmiSR)
                  00003610    000000c0     rgb.obj (.text:RGBEnable)
                  000036d0    000000b4     rtsv7M4_T_le_v4SPD16_eabi.lib : s_cosf.obj (.text)
                  00003784    000000b0     uartstdio.obj (.text:UARTStdioConfig)
                  00003834    000000a8     main.obj (.text:MPU9150AppErrorHandler)
                  000038dc    000000a8     uartstdio.obj (.text:UARTwrite)
                  00003984    000000a4     rtsv7M4_T_le_v4SPD16_eabi.lib : s_sinf.obj (.text)
                  00003a28    0000009c     controller.obj (.text:CalcDutyCycle)
                  00003ac4    0000009c     mpu9150mod.obj (.text:MPU9150DataMagnetoGetFloat)
                  00003b60    0000009c     mpu9150mod.obj (.text:MPU9150Write)
                  00003bfc    0000009c     rtsv7M4_T_le_v4SPD16_eabi.lib : memcpy_t2.obj (.text)
                  00003c98    00000098     sensorlib.lib : i2cm_drv.obj (.text:I2CMStateIdle)
                  00003d30    00000090     rgb.obj (.text:RGBColorSet)
                  00003dc0    0000008c     uartstdio.obj (.text:UARTPrimeTransmit)
                  00003e4c    00000088     sensorlib.lib : i2cm_drv.obj (.text:I2CMCommand)
                  00003ed4    00000086     rtsv7M4_T_le_v4SPD16_eabi.lib : fd_cmp_t2.obj (.text:__aeabi_cdcmple)
                  00003f5a    00000086                                   : fd_cmp_t2.obj (.text:__aeabi_cdrcmple)
                  00003fe0    0000007c     mpu9150mod.obj (.text:MPU9150DataAccelGetFloat)
                  0000405c    0000007c     mpu9150mod.obj (.text:MPU9150DataGyroGetFloat)
                  000040d8    0000007a     rtsv7M4_T_le_v4SPD16_eabi.lib : memset_t2.obj (.text)
                  00004152    00000002                                   : i_div0.obj (.text)
                  00004154    00000078     rgb.obj (.text:RGBBlinkRateSet)
                  000041cc    00000074     controller.obj (.text:PDContUpdatePWM)
                  00004240    00000070     rtsv7M4_T_le_v4SPD16_eabi.lib : autoinit.obj (.text)
                  000042b0    0000006e                                   : fd_tos_t2.obj (.text)
                  0000431e    00000002                                   : mpu_init.obj (.text)
                  00004320    0000006c     hc12.obj (.text:InitHC12UART)
                  0000438c    0000006c     mpu9150mod.obj (.text:MPU9150Init)
                  000043f8    00000068     driverlib.lib : interrupt.obj (.text:IntDisable)
                  00004460    00000068                   : interrupt.obj (.text:IntEnable)
                  000044c8    00000068     rgb.obj (.text:RGBDisable)
                  00004530    00000068     rtsv7M4_T_le_v4SPD16_eabi.lib : copy_decompress_lzss.obj (.text:decompress:lzss)
                  00004598    00000064     escpwm.obj (.text:CalibrateThrottle)
                  000045fc    00000064     main.obj (.text:ConfigureUART)
                  00004660    00000064     driverlib.lib : interrupt.obj (.text:IntIsEnabled)
                  000046c4    00000064     escpwm.obj (.text:SetMotorPulseWidth)
                  00004728    00000060     mpu9150mod.obj (.text:MPU9150DataRead)
                  00004788    0000005e     sensorlib.lib : i2cm_drv.obj (.text:I2CMStateWritePause)
                  000047e6    00000002     rtsv7M4_T_le_v4SPD16_eabi.lib : startup.obj (.text)
                  000047e8    00000054     sensorlib.lib : i2cm_drv.obj (.text:I2CMWrite8)
                  0000483c    00000054     rtsv7M4_T_le_v4SPD16_eabi.lib : boot.obj (.text)
                  00004890    00000054                                   : exit.obj (.text)
                  000048e4    00000050     sensorlib.lib : i2cm_drv.obj (.text:I2CMStateWriteFinal)
                  00004934    00000050     rtsv7M4_T_le_v4SPD16_eabi.lib : fs_toull_t2.obj (.text)
                  00004984    0000004c     driverlib.lib : i2c.obj (.text:I2CMasterInitExpClk)
                  000049d0    0000004c     rtsv7M4_T_le_v4SPD16_eabi.lib : cpy_tbl.obj (.text)
                  00004a1c    0000004a     sensorlib.lib : i2cm_drv.obj (.text:I2CMStateReadNext)
                  00004a66    00000002     --HOLE-- [fill = 0]
                  00004a68    00000048     driverlib.lib : gpio.obj (.text:GPIOPinConfigure)
                  00004ab0    00000048     sensorlib.lib : i2cm_drv.obj (.text:I2CMStateWriteNext)
                  00004af8    00000046     driverlib.lib : uart.obj (.text:UARTConfigSetExpClk)
                  00004b3e    00000002     --HOLE-- [fill = 0]
                  00004b40    00000044     comp_dcm.obj (.text:CompDCMInit)
                  00004b84    00000044     sensorlib.lib : i2cm_drv.obj (.text:I2CMStateCallback)
                  00004bc8    00000042     comp_dcm.obj (.text:CompDCMComputeEulers)
                  00004c0a    00000042     sensorlib.lib : i2cm_drv.obj (.text:I2CMStateReadFinal)
                  00004c4c    00000040                   : i2cm_drv.obj (.text:I2CMWrite8Callback)
                  00004c8c    00000040     rtsv7M4_T_le_v4SPD16_eabi.lib : u_divt2.obj (.text)
                  00004ccc    0000003e     sensorlib.lib : i2cm_drv.obj (.text:I2CMStateReadPause)
                  00004d0a    00000002     --HOLE-- [fill = 0]
                  00004d0c    0000003c     uartstdio.obj (.text:UARTFlushTx)
                  00004d48    00000038     rgb.obj (.text:RGBBlinkIntHandler)
                  00004d80    00000038     rtsv7M4_T_le_v4SPD16_eabi.lib : fs_tod_t2.obj (.text)
                  00004db8    00000034     sensorlib.lib : i2cm_drv.obj (.text:I2CMInit)
                  00004dec    00000034     main.obj (.text:IntGPIOb)
                  00004e20    00000034     driverlib.lib : sysctl.obj (.text:SysCtlPeripheralEnable)
                  00004e54    00000030     sensorlib.lib : i2cm_drv.obj (.text:I2CMTransferResume)
                  00004e84    00000030     main.obj (.text:MPU9150AppI2CWait)
                  00004eb4    0000002e     rtsv7M4_T_le_v4SPD16_eabi.lib : i_tofd_t2.obj (.text)
                  00004ee2    00000002     --HOLE-- [fill = 0]
                  00004ee4    0000002c     uartstdio.obj (.text:UARTFlushRx)
                  00004f10    0000002a     driverlib.lib : gpio.obj (.text:GPIODirModeSet)
                  00004f3a    0000002a     sensorlib.lib : i2cm_drv.obj (.text:I2CMStateReadFirst)
                  00004f64    00000028     rtsv7M4_T_le_v4SPD16_eabi.lib : e_sqrtf.obj (.text)
                  00004f8c    00000026     comp_dcm.obj (.text:CompDCMAccelUpdate)
                  00004fb2    00000026     comp_dcm.obj (.text:CompDCMGyroUpdate)
                  00004fd8    00000024     buffer.obj (.text:WriteByteToBuffer)
                  00004ffc    00000022     driverlib.lib : pwm.obj (.text:PWMGenConfigure)
                  0000501e    00000020     sensorlib.lib : i2cm_drv.obj (.text:I2CMStateReadOne)
                  0000503e    00000002     --HOLE-- [fill = 0]
                  00005040    00000020     controller.obj (.text:InitPDController)
                  00005060    00000020     hc12.obj (.text:UART2IntHandler)
                  00005080    00000020     driverlib.lib : uart.obj (.text:UARTDisable)
                  000050a0    0000001a     sensorlib.lib : i2cm_drv.obj (.text:I2CMStateReadWait)
                  000050ba    0000001a     uartstdio.obj (.text:UARTprintf)
                  000050d4    00000018     driverlib.lib : gpio.obj (.text:GPIOPinTypeGPIOOutput)
                  000050ec    00000018     uartstdio.obj (.text:IsBufferFull)
                  00005104    00000018     main.obj (.text:MPU9150AppCallback)
                  0000511c    00000018     rtsv7M4_T_le_v4SPD16_eabi.lib : args_main.obj (.text)
                  00005134    00000014     rgb.obj (.text:RGBIntensitySet)
                  00005148    00000014     driverlib.lib : uart.obj (.text:UARTEnable)
                  0000515c    00000014     rtsv7M4_T_le_v4SPD16_eabi.lib : _lock.obj (.text)
                  00005170    00000014                                   : s_copysign.obj (.text)
                  00005184    00000012     driverlib.lib : gpio.obj (.text:GPIOPinTypeI2CSCL)
                  00005196    00000012                   : gpio.obj (.text:GPIOPinTypeUART)
                  000051a8    00000010                   : interrupt.obj (.text:IntMasterDisable)
                  000051b8    00000010                   : interrupt.obj (.text:IntMasterEnable)
                  000051c8    00000010                   : pwm.obj (.text:PWMGenPeriodSet)
                  000051d8    0000000e     comp_dcm.obj (.text:CompDCMMagnetoUpdate)
                  000051e6    0000000e     driverlib.lib : gpio.obj (.text:GPIOIntStatus)
                  000051f4    0000000e     uartstdio.obj (.text:IsBufferEmpty)
                  00005202    0000000e     rtsv7M4_T_le_v4SPD16_eabi.lib : copy_decompress_none.obj (.text:decompress:none)
                  00005210    0000000c     driverlib.lib : cpu.obj (.text:CPUcpsid)
                  0000521c    0000000c                   : cpu.obj (.text:CPUcpsie)
                  00005228    0000000c                   : gpio.obj (.text:GPIOIntEnable)
                  00005234    0000000c                   : interrupt.obj (.text:IntTrigger)
                  00005240    0000000c     main.obj (.text:MPU9150I2CIntHandler)
                  0000524c    0000000c     rtsv7M4_T_le_v4SPD16_eabi.lib : copy_zero_init.obj (.text:decompress:ZI)
                  00005258    0000000a     driverlib.lib : i2c.obj (.text:I2CMasterEnable)
                  00005262    00000008                   : i2c.obj (.text:I2CMasterIntClear)
                  0000526a    00000008                   : i2c.obj (.text:I2CMasterIntEnableEx)
                  00005272    00000008                   : i2c.obj (.text:I2CMasterSlaveAddrSet)
                  0000527a    00000008                   : uart.obj (.text:UARTIntEnable)
                  00005282    00000006                   : gpio.obj (.text:GPIOIntClear)
                  00005288    00000006                   : gpio.obj (.text:GPIOPinWrite)
                  0000528e    00000006     startup_ccs.obj (.text:ResetISR)
                  00005294    00000006     driverlib.lib : sysctl.obj (.text:SysCtlDelay)
                  0000529a    00000006                   : uart.obj (.text:UARTClockSourceSet)
                  000052a0    00000006                   : uart.obj (.text:UARTFIFOLevelSet)
                  000052a6    00000004                   : i2c.obj (.text:I2CMasterControl)
                  000052aa    00000004                   : i2c.obj (.text:I2CMasterDataGet)
                  000052ae    00000004                   : i2c.obj (.text:I2CMasterDataPut)
                  000052b2    00000004                   : uart.obj (.text:UARTIntClear)
                  000052b6    00000004     rtsv7M4_T_le_v4SPD16_eabi.lib : pre_init.obj (.text)

.const     0    000052c0    00000234     
                  000052c0    00000090     driverlib.lib : gpio.obj (.const:g_pui32GPIOBaseAddrs)
                  00005350    00000070                   : interrupt.obj (.const)
                  000053c0    0000006c                   : sysctl.obj (.const:g_pui32Xtals)
                  0000542c    00000034     rtsv7M4_T_le_v4SPD16_eabi.lib : s_atanf.obj (.const:$O1$$)
                  00005460    00000030                                   : e_pow.obj (.const:$O1$$)
                  00005490    00000020                                   : e_asinf.obj (.const)
                  000054b0    00000010     mpu9150mod.obj (.const:g_fMPU9150AccelFactors)
                  000054c0    00000010     mpu9150mod.obj (.const:g_fMPU9150GyroFactors)
                  000054d0    0000000c     uartstdio.obj (.const:g_ui32UARTBase)
                  000054dc    0000000c     uartstdio.obj (.const:g_ui32UARTInt)
                  000054e8    0000000c     uartstdio.obj (.const:g_ui32UARTPeriph)

.cinit     0    000054f8    00000040     
                  000054f8    0000001c     (.cinit..data.load) [load image, compression = lzss]
                  00005514    0000000c     (__TI_handler_table)
                  00005520    00000008     (.cinit..bss.load) [load image, compression = zero_init]
                  00005528    00000010     (__TI_cinit_table)

.init_array 
*          0    00000000    00000000     UNINITIALIZED

.bss       0    20000000    00000760     UNINITIALIZED
                  20000000    00000400     uartstdio.obj (.bss:g_pcUARTTxBuffer)
                  20000400    00000124     (.common:g_sI2CInst)
                  20000524    00000080     uartstdio.obj (.bss:g_pcUARTRxBuffer)
                  200005a4    0000007c     (.common:g_sCompDCMInst)
                  20000620    0000006c     (.common:g_sMPU9150Inst)
                  2000068c    00000040     (.common:pfData)
                  200006cc    00000024     (.common:g_sPDControllerInst)
                  200006f0    0000001c     (.common:g_sPWMInst)
                  2000070c    00000010     (.common:buff)
                  2000071c    0000000c     rgb.obj (.bss:g_ui32Colors)
                  20000728    0000000c     (.common:g_pui32Colors)
                  20000734    00000008     uartstdio.obj (.bss)
                  2000073c    00000004     rgb.obj (.bss)
                  20000740    00000004     (.common:g_vui8ErrorFlag)
                  20000744    00000004     (.common:g_vui8I2CDoneFlag)
                  20000748    00000004     (.common:pfAccel)
                  2000074c    00000004     (.common:pfEulers)
                  20000750    00000004     (.common:pfGyro)
                  20000754    00000004     (.common:pfMag)
                  20000758    00000004     (.common:pfQuaternion)
                  2000075c    00000004     (.common:ui32CompDCMStarted)

.data      0    20000b60    00000044     UNINITIALIZED
                  20000b60    00000015     uartstdio.obj (.data)
                  20000b75    00000003     --HOLE--
                  20000b78    0000000c     rtsv7M4_T_le_v4SPD16_eabi.lib : exit.obj (.data:$O1$$)
                  20000b84    0000000c     buffer.obj (.data)
                  20000b90    00000008     rtsv7M4_T_le_v4SPD16_eabi.lib : _lock.obj (.data:$O1$$)
                  20000b98    00000004     rgb.obj (.data)
                  20000b9c    00000004     rtsv7M4_T_le_v4SPD16_eabi.lib : errno.obj (.data)
                  20000ba0    00000004                                   : stkdepth_vars.obj (.data)

.stack     0    20000760    00000400     UNINITIALIZED
                  20000760    00000400     --HOLE--

MODULE SUMMARY

       Module                     code    ro data   rw data
       ------                     ----    -------   -------
    ./
       main.obj                   2092    0         696    
       comp_dcm.obj               2116    0         0      
       controller.obj             1964    0         0      
       mpu9150mod.obj             1168    32        0      
       escpwm.obj                 696     0         0      
       startup_ccs.obj            12      620       0      
       hc12.obj                   140     0         0      
       buffer.obj                 36      0         28     
    +--+--------------------------+-------+---------+---------+
       Total:                     8224    652       724    
                                                           
    ./drivers/
       rgb.obj                    896     0         20     
    +--+--------------------------+-------+---------+---------+
       Total:                     896     0         20     
                                                           
    ./utils/
       uartstdio.obj              1494    36        1181   
    +--+--------------------------+-------+---------+---------+
       Total:                     1494    36        1181   
                                                           
    /Applications/ti/ccsv7/tools/compiler/ti-cgt-arm_16.9.3.LTS/lib/rtsv7M4_T_le_v4SPD16_eabi.lib
       e_pow.obj                  2476    48        0      
       fd_add_t2.obj              438     0         0      
       e_asinf.obj                376     32        0      
       s_atanf.obj                336     52        0      
       e_sqrt.obj                 368     0         0      
       e_atan2f.obj               344     0         0      
       fd_div_t2.obj              310     0         0      
       fd_cmp_t2.obj              268     0         0      
       fd_mul_t2.obj              252     0         0      
       s_scalbn.obj               252     0         0      
       s_cosf.obj                 180     0         0      
       s_sinf.obj                 164     0         0      
       memcpy_t2.obj              156     0         0      
       memset_t2.obj              122     0         0      
       autoinit.obj               112     0         0      
       fd_tos_t2.obj              110     0         0      
       copy_decompress_lzss.obj   104     0         0      
       exit.obj                   84      0         12     
       boot.obj                   84      0         0      
       fs_toull_t2.obj            80      0         0      
       cpy_tbl.obj                76      0         0      
       u_divt2.obj                64      0         0      
       fs_tod_t2.obj              56      0         0      
       i_tofd_t2.obj              46      0         0      
       e_sqrtf.obj                40      0         0      
       _lock.obj                  20      0         8      
       args_main.obj              24      0         0      
       s_copysign.obj             20      0         0      
       copy_decompress_none.obj   14      0         0      
       copy_zero_init.obj         12      0         0      
       errno.obj                  0       0         4      
       pre_init.obj               4       0         0      
       stkdepth_vars.obj          0       0         4      
       i_div0.obj                 2       0         0      
       mpu_init.obj               2       0         0      
       startup.obj                2       0         0      
    +--+--------------------------+-------+---------+---------+
       Total:                     6998    132       28     
                                                           
    /Users/maorshutman/ti/TivaWare_C_Series-2.1.3.156/driverlib/ccs/Debug/driverlib.lib
       gpio.obj                   518     144       0      
       interrupt.obj              352     112       0      
       sysctl.obj                 330     108       0      
       uart.obj                   146     0         0      
       i2c.obj                    122     0         0      
       pwm.obj                    50      0         0      
       cpu.obj                    24      0         0      
    +--+--------------------------+-------+---------+---------+
       Total:                     1542    364       0      
                                                           
    /Users/maorshutman/ti/TivaWare_C_Series-2.1.3.156/sensorlib/ccs/Debug/sensorlib.lib
       i2cm_drv.obj               1394    0         0      
    +--+--------------------------+-------+---------+---------+
       Total:                     1394    0         0      
                                                           
       Stack:                     0       0         1024   
       Linker Generated:          0       64        0      
    +--+--------------------------+-------+---------+---------+
       Grand Total:               20548   1248      2977   


LINKER GENERATED COPY TABLES

__TI_cinit_table @ 00005528 records: 2, size/record: 8, table size: 16
	.data: load addr=000054f8, load size=0000001c bytes, run addr=20000b60, run size=00000044 bytes, compression=lzss
	.bss: load addr=00005520, load size=00000008 bytes, run addr=20000000, run size=00000760 bytes, compression=zero_init


LINKER GENERATED HANDLER TABLE

__TI_handler_table @ 00005514 records: 3, size/record: 4, table size: 12
	index: 0, handler: __TI_decompress_lzss
	index: 1, handler: __TI_decompress_none
	index: 2, handler: __TI_zero_init


GLOBAL SYMBOLS: SORTED ALPHABETICALLY BY Name 

address   name                           
-------   ----                           
00004891  C$$EXIT                        
00005211  CPUcpsid                       
0000521d  CPUcpsie                       
00003a29  CalcDutyCycle                  
00002c19  CalibrateIMU                   
00004599  CalibrateThrottle              
00004f8d  CompDCMAccelUpdate             
00004bc9  CompDCMComputeEulers           
00004fb3  CompDCMGyroUpdate              
00004b41  CompDCMInit                    
000051d9  CompDCMMagnetoUpdate           
00002d65  CompDCMStart                   
000010c1  CompDCMUpdate                  
00001e6d  ComputeDCMFromEulers           
00001525  ConfigureMPU6050               
000045fd  ConfigureUART                  
00000c19  ErrorToInput                   
00004f11  GPIODirModeSet                 
00005283  GPIOIntClear                   
00005229  GPIOIntEnable                  
000051e7  GPIOIntStatus                  
00002fdf  GPIOPadConfigSet               
00004a69  GPIOPinConfigure               
000050d5  GPIOPinTypeGPIOOutput          
00005185  GPIOPinTypeI2CSCL              
00005197  GPIOPinTypeUART                
00005289  GPIOPinWrite                   
00003e4d  I2CMCommand                    
00004db9  I2CMInit                       
0000351d  I2CMIntHandler                 
00004e55  I2CMTransferResume             
000047e9  I2CMWrite8                     
000052a7  I2CMasterControl               
000052ab  I2CMasterDataGet               
000052af  I2CMasterDataPut               
00005259  I2CMasterEnable                
00004985  I2CMasterInitExpClk            
00005263  I2CMasterIntClear              
0000526b  I2CMasterIntEnableEx           
00005273  I2CMasterSlaveAddrSet          
00004321  InitHC12UART                   
00005041  InitPDController               
000018bd  InitPWM                        
000043f9  IntDisable                     
00004461  IntEnable                      
00004ded  IntGPIOb                       
00004661  IntIsEnabled                   
000051a9  IntMasterDisable               
000051b9  IntMasterEnable                
00005235  IntTrigger                     
00005105  MPU9150AppCallback             
00003835  MPU9150AppErrorHandler         
00004e85  MPU9150AppI2CWait              
00003fe1  MPU9150DataAccelGetFloat       
0000405d  MPU9150DataGyroGetFloat        
00003ac5  MPU9150DataMagnetoGetFloat     
00004729  MPU9150DataRead                
00005241  MPU9150I2CIntHandler           
0000438d  MPU9150Init                    
00003b61  MPU9150Write                   
000041cd  PDContUpdatePWM                
00004ffd  PWMGenConfigure                
000051c9  PWMGenPeriodSet                
00004d49  RGBBlinkIntHandler             
00004155  RGBBlinkRateSet                
00003d31  RGBColorSet                    
000044c9  RGBDisable                     
00003611  RGBEnable                      
00003221  RGBInit                        
00005135  RGBIntensitySet                
00001c99  ReadDesiredState               
0000528f  ResetISR                       
UNDEFED   SHT$$INIT_ARRAY$$Base          
UNDEFED   SHT$$INIT_ARRAY$$Limit         
000046c5  SetMotorPulseWidth             
00003111  SysCtlClockGet                 
00005295  SysCtlDelay                    
00004e21  SysCtlPeripheralEnable         
00005061  UART2IntHandler                
0000529b  UARTClockSourceSet             
00004af9  UARTConfigSetExpClk            
00005081  UARTDisable                    
00005149  UARTEnable                     
000052a1  UARTFIFOLevelSet               
00004ee5  UARTFlushRx                    
00004d0d  UARTFlushTx                    
000052b3  UARTIntClear                   
0000527b  UARTIntEnable                  
00003785  UARTStdioConfig                
00002811  UARTStdioIntHandler            
000050bb  UARTprintf                     
00001aad  UARTvprintf                    
000038dd  UARTwrite                      
00004fd9  WriteByteToBuffer              
20000b60  __STACK_END                    
00000400  __STACK_SIZE                   
20000b60  __STACK_TOP                    
00005528  __TI_CINIT_Base                
00005538  __TI_CINIT_Limit               
00005514  __TI_Handler_Table_Base        
00005520  __TI_Handler_Table_Limit       
00004241  __TI_auto_init                 
20000b78  __TI_cleanup_ptr               
00004531  __TI_decompress_lzss           
00005203  __TI_decompress_none           
20000b7c  __TI_dtors_ptr                 
20000b80  __TI_enable_exit_profile_output
ffffffff  __TI_pprof_out_hndl            
ffffffff  __TI_prof_data_size            
ffffffff  __TI_prof_data_start           
00000000  __TI_static_base__             
0000524d  __TI_zero_init                 
00003ed5  __aeabi_cdcmpeq                
00003ed5  __aeabi_cdcmple                
00003f5b  __aeabi_cdrcmple               
000042b1  __aeabi_d2f                    
00002033  __aeabi_dadd                   
00002ea9  __aeabi_ddiv                   
00003325  __aeabi_dmul                   
00002029  __aeabi_dsub                   
00004d81  __aeabi_f2d                    
00004935  __aeabi_f2ulz                  
00004eb5  __aeabi_i2d                    
00004153  __aeabi_idiv0                  
000040d9  __aeabi_memclr                 
000040d9  __aeabi_memclr4                
000040d9  __aeabi_memclr8                
00003bfd  __aeabi_memcpy                 
00003bfd  __aeabi_memcpy4                
00003bfd  __aeabi_memcpy8                
000040db  __aeabi_memset                 
000040db  __aeabi_memset4                
000040db  __aeabi_memset8                
00004c8d  __aeabi_uidiv                  
00004c8d  __aeabi_uidivmod               
ffffffff  __binit__                      
ffffffff  __c_args__                     
0000431f  __mpu_init                     
20000760  __stack                        
0000511d  _args_main                     
0000483d  _c_int00                       
20000b90  _lock                          
0000516b  _nop                           
00005163  _register_lock                 
0000515d  _register_unlock               
000047e7  _system_post_cinit             
000052b7  _system_pre_init               
20000b94  _unlock                        
00004895  abort                          
00002529  asinf                          
00002971  atan2f                         
00002ac9  atanf                          
ffffffff  binit                          
2000070c  buff                           
000049d1  copy_in                        
00005171  copysign                       
00005171  copysignl                      
000036d1  cosf                           
20000b8c  currPacketIndex                
20000b9c  errno                          
0000489d  exit                           
00000000  g_pfnVectors                   
20000728  g_pui32Colors                  
200005a4  g_sCompDCMInst                 
20000400  g_sI2CInst                     
20000620  g_sMPU9150Inst                 
200006cc  g_sPDControllerInst            
200006f0  g_sPWMInst                     
20000740  g_vui8ErrorFlag                
20000744  g_vui8I2CDoneFlag              
00003421  ldexp                          
00003421  ldexpl                         
000021e1  main                           
20000ba0  main_func_sp                   
00003bfd  memcpy                         
000040e1  memset                         
20000748  pfAccel                        
2000068c  pfData                         
2000074c  pfEulers                       
20000750  pfGyro                         
20000754  pfMag                          
20000758  pfQuaternion                   
0000026d  pow                            
0000026d  powl                           
20000b88  prevPacketIndex                
00003421  scalbn                         
00003421  scalbnl                        
00003985  sinf                           
000026a1  sqrt                           
00004f65  sqrtf                          
000026a1  sqrtl                          
2000075c  ui32CompDCMStarted             
20000b84  writeCharIndex                 


GLOBAL SYMBOLS: SORTED BY Symbol Address 

address   name                           
-------   ----                           
00000000  __TI_static_base__             
00000000  g_pfnVectors                   
0000026d  pow                            
0000026d  powl                           
00000400  __STACK_SIZE                   
00000c19  ErrorToInput                   
000010c1  CompDCMUpdate                  
00001525  ConfigureMPU6050               
000018bd  InitPWM                        
00001aad  UARTvprintf                    
00001c99  ReadDesiredState               
00001e6d  ComputeDCMFromEulers           
00002029  __aeabi_dsub                   
00002033  __aeabi_dadd                   
000021e1  main                           
00002529  asinf                          
000026a1  sqrt                           
000026a1  sqrtl                          
00002811  UARTStdioIntHandler            
00002971  atan2f                         
00002ac9  atanf                          
00002c19  CalibrateIMU                   
00002d65  CompDCMStart                   
00002ea9  __aeabi_ddiv                   
00002fdf  GPIOPadConfigSet               
00003111  SysCtlClockGet                 
00003221  RGBInit                        
00003325  __aeabi_dmul                   
00003421  ldexp                          
00003421  ldexpl                         
00003421  scalbn                         
00003421  scalbnl                        
0000351d  I2CMIntHandler                 
00003611  RGBEnable                      
000036d1  cosf                           
00003785  UARTStdioConfig                
00003835  MPU9150AppErrorHandler         
000038dd  UARTwrite                      
00003985  sinf                           
00003a29  CalcDutyCycle                  
00003ac5  MPU9150DataMagnetoGetFloat     
00003b61  MPU9150Write                   
00003bfd  __aeabi_memcpy                 
00003bfd  __aeabi_memcpy4                
00003bfd  __aeabi_memcpy8                
00003bfd  memcpy                         
00003d31  RGBColorSet                    
00003e4d  I2CMCommand                    
00003ed5  __aeabi_cdcmpeq                
00003ed5  __aeabi_cdcmple                
00003f5b  __aeabi_cdrcmple               
00003fe1  MPU9150DataAccelGetFloat       
0000405d  MPU9150DataGyroGetFloat        
000040d9  __aeabi_memclr                 
000040d9  __aeabi_memclr4                
000040d9  __aeabi_memclr8                
000040db  __aeabi_memset                 
000040db  __aeabi_memset4                
000040db  __aeabi_memset8                
000040e1  memset                         
00004153  __aeabi_idiv0                  
00004155  RGBBlinkRateSet                
000041cd  PDContUpdatePWM                
00004241  __TI_auto_init                 
000042b1  __aeabi_d2f                    
0000431f  __mpu_init                     
00004321  InitHC12UART                   
0000438d  MPU9150Init                    
000043f9  IntDisable                     
00004461  IntEnable                      
000044c9  RGBDisable                     
00004531  __TI_decompress_lzss           
00004599  CalibrateThrottle              
000045fd  ConfigureUART                  
00004661  IntIsEnabled                   
000046c5  SetMotorPulseWidth             
00004729  MPU9150DataRead                
000047e7  _system_post_cinit             
000047e9  I2CMWrite8                     
0000483d  _c_int00                       
00004891  C$$EXIT                        
00004895  abort                          
0000489d  exit                           
00004935  __aeabi_f2ulz                  
00004985  I2CMasterInitExpClk            
000049d1  copy_in                        
00004a69  GPIOPinConfigure               
00004af9  UARTConfigSetExpClk            
00004b41  CompDCMInit                    
00004bc9  CompDCMComputeEulers           
00004c8d  __aeabi_uidiv                  
00004c8d  __aeabi_uidivmod               
00004d0d  UARTFlushTx                    
00004d49  RGBBlinkIntHandler             
00004d81  __aeabi_f2d                    
00004db9  I2CMInit                       
00004ded  IntGPIOb                       
00004e21  SysCtlPeripheralEnable         
00004e55  I2CMTransferResume             
00004e85  MPU9150AppI2CWait              
00004eb5  __aeabi_i2d                    
00004ee5  UARTFlushRx                    
00004f11  GPIODirModeSet                 
00004f65  sqrtf                          
00004f8d  CompDCMAccelUpdate             
00004fb3  CompDCMGyroUpdate              
00004fd9  WriteByteToBuffer              
00004ffd  PWMGenConfigure                
00005041  InitPDController               
00005061  UART2IntHandler                
00005081  UARTDisable                    
000050bb  UARTprintf                     
000050d5  GPIOPinTypeGPIOOutput          
00005105  MPU9150AppCallback             
0000511d  _args_main                     
00005135  RGBIntensitySet                
00005149  UARTEnable                     
0000515d  _register_unlock               
00005163  _register_lock                 
0000516b  _nop                           
00005171  copysign                       
00005171  copysignl                      
00005185  GPIOPinTypeI2CSCL              
00005197  GPIOPinTypeUART                
000051a9  IntMasterDisable               
000051b9  IntMasterEnable                
000051c9  PWMGenPeriodSet                
000051d9  CompDCMMagnetoUpdate           
000051e7  GPIOIntStatus                  
00005203  __TI_decompress_none           
00005211  CPUcpsid                       
0000521d  CPUcpsie                       
00005229  GPIOIntEnable                  
00005235  IntTrigger                     
00005241  MPU9150I2CIntHandler           
0000524d  __TI_zero_init                 
00005259  I2CMasterEnable                
00005263  I2CMasterIntClear              
0000526b  I2CMasterIntEnableEx           
00005273  I2CMasterSlaveAddrSet          
0000527b  UARTIntEnable                  
00005283  GPIOIntClear                   
00005289  GPIOPinWrite                   
0000528f  ResetISR                       
00005295  SysCtlDelay                    
0000529b  UARTClockSourceSet             
000052a1  UARTFIFOLevelSet               
000052a7  I2CMasterControl               
000052ab  I2CMasterDataGet               
000052af  I2CMasterDataPut               
000052b3  UARTIntClear                   
000052b7  _system_pre_init               
00005514  __TI_Handler_Table_Base        
00005520  __TI_Handler_Table_Limit       
00005528  __TI_CINIT_Base                
00005538  __TI_CINIT_Limit               
20000400  g_sI2CInst                     
200005a4  g_sCompDCMInst                 
20000620  g_sMPU9150Inst                 
2000068c  pfData                         
200006cc  g_sPDControllerInst            
200006f0  g_sPWMInst                     
2000070c  buff                           
20000728  g_pui32Colors                  
20000740  g_vui8ErrorFlag                
20000744  g_vui8I2CDoneFlag              
20000748  pfAccel                        
2000074c  pfEulers                       
20000750  pfGyro                         
20000754  pfMag                          
20000758  pfQuaternion                   
2000075c  ui32CompDCMStarted             
20000760  __stack                        
20000b60  __STACK_END                    
20000b60  __STACK_TOP                    
20000b78  __TI_cleanup_ptr               
20000b7c  __TI_dtors_ptr                 
20000b80  __TI_enable_exit_profile_output
20000b84  writeCharIndex                 
20000b88  prevPacketIndex                
20000b8c  currPacketIndex                
20000b90  _lock                          
20000b94  _unlock                        
20000b9c  errno                          
20000ba0  main_func_sp                   
ffffffff  __TI_pprof_out_hndl            
ffffffff  __TI_prof_data_size            
ffffffff  __TI_prof_data_start           
ffffffff  __binit__                      
ffffffff  __c_args__                     
ffffffff  binit                          
UNDEFED   SHT$$INIT_ARRAY$$Base          
UNDEFED   SHT$$INIT_ARRAY$$Limit         

[193 symbols]
