******************************************************************************
                  TI ARM Linker Unix v16.9.3                   
******************************************************************************
>> Linked Thu Nov  9 21:37:34 2017

OUTPUT FILE NAME:   <flight_controller.out>
ENTRY POINT SYMBOL: "_c_int00"  address: 0000388d


MEMORY CONFIGURATION

         name            origin    length      used     unused   attr    fill
----------------------  --------  ---------  --------  --------  ----  --------
  FLASH                 00000000   00040000  00004518  0003bae8  R  X
  SRAM                  20000000   00008000  00000bf0  00007410  RW X


SEGMENT ALLOCATION MAP

run origin  load origin   length   init length attrs members
----------  ----------- ---------- ----------- ----- -------
00000000    00000000    00004520   00004520    r-x
  00000000    00000000    0000026c   0000026c    r-- .intvecs
  0000026c    0000026c    00004068   00004068    r-x .text
  000042d8    000042d8    00000204   00000204    r-- .const
  000044e0    000044e0    00000040   00000040    r-- .cinit
20000000    20000000    00000bf0   00000000    rw-
  20000000    20000000    000007b8   00000000    rw- .bss
  200007b8    200007b8    00000400   00000000    rw- .stack
  20000bb8    20000bb8    00000038   00000000    rw- .data


SECTION ALLOCATION MAP

 output                                  attributes/
section   page    origin      length       input sections
--------  ----  ----------  ----------   ----------------
.intvecs   0    00000000    0000026c     
                  00000000    0000026c     startup_ccs.obj (.intvecs)

.text      0    0000026c    00004068     
                  0000026c    000005e0     comp_dcm.obj (.text:CompDCMUpdate)
                  0000084c    00000588     main.obj (.text:main)
                  00000dd4    00000398     main.obj (.text:ConfigureMPU6050)
                  0000116c    000001ea     uartstdio.obj (.text:UARTvprintf)
                  00001356    00000002     startup_ccs.obj (.text:FaultISR)
                  00001358    000001cc     escpwm.obj (.text:InitPWM)
                  00001524    000001c8     comp_dcm.obj (.text:CompDCMComputeQuaternion)
                  000016ec    000001b6     rtsv7M4_T_le_v4SPD16_eabi.lib : fd_add_t2.obj (.text)
                  000018a2    00000002     startup_ccs.obj (.text:IntDefaultHandler)
                  000018a4    00000194     mpu9150mod.obj (.text:MPU9150Callback)
                  00001a38    00000178     rtsv7M4_T_le_v4SPD16_eabi.lib : e_asinf.obj (.text)
                  00001bb0    00000170                                   : e_sqrt.obj (.text)
                  00001d20    00000160     uartstdio.obj (.text:UARTStdioIntHandler)
                  00001e80    00000158     rtsv7M4_T_le_v4SPD16_eabi.lib : e_atan2f.obj (.text)
                  00001fd8    00000150                                   : s_atanf.obj (.text)
                  00002128    00000144     comp_dcm.obj (.text:CompDCMStart)
                  0000226c    00000132     driverlib.lib : gpio.obj (.text:GPIOPadConfigSet)
                  0000239e    00000002     startup_ccs.obj (.text:NmiSR)
                  000023a0    00000110     driverlib.lib : sysctl.obj (.text:SysCtlClockGet)
                  000024b0    00000104     rgb.obj (.text:RGBInit)
                  000025b4    000000fc     rtsv7M4_T_le_v4SPD16_eabi.lib : fd_mul_t2.obj (.text)
                  000026b0    000000f2     sensorlib.lib : i2cm_drv.obj (.text:I2CMIntHandler)
                  000027a2    00000002     rtsv7M4_T_le_v4SPD16_eabi.lib : i_div0.obj (.text)
                  000027a4    000000c0     rgb.obj (.text:RGBEnable)
                  00002864    000000b4     main.obj (.text:CalibrateGyro)
                  00002918    000000b4     rtsv7M4_T_le_v4SPD16_eabi.lib : s_cosf.obj (.text)
                  000029cc    000000b0     uartstdio.obj (.text:UARTStdioConfig)
                  00002a7c    000000a8     main.obj (.text:MPU9150AppErrorHandler)
                  00002b24    000000a8     uartstdio.obj (.text:UARTwrite)
                  00002bcc    000000a4     rtsv7M4_T_le_v4SPD16_eabi.lib : s_sinf.obj (.text)
                  00002c70    0000009c     mpu9150mod.obj (.text:MPU9150DataMagnetoGetFloat)
                  00002d0c    0000009c     mpu9150mod.obj (.text:MPU9150Write)
                  00002da8    0000009c     rtsv7M4_T_le_v4SPD16_eabi.lib : memcpy_t2.obj (.text)
                  00002e44    00000098     sensorlib.lib : i2cm_drv.obj (.text:I2CMStateIdle)
                  00002edc    00000090     rgb.obj (.text:RGBColorSet)
                  00002f6c    0000008c     uartstdio.obj (.text:UARTPrimeTransmit)
                  00002ff8    00000088     sensorlib.lib : i2cm_drv.obj (.text:I2CMCommand)
                  00003080    00000086     rtsv7M4_T_le_v4SPD16_eabi.lib : fd_cmp_t2.obj (.text:__aeabi_cdrcmple)
                  00003106    00000002                                   : mpu_init.obj (.text)
                  00003108    0000007c     mpu9150mod.obj (.text:MPU9150DataAccelGetFloat)
                  00003184    0000007c     mpu9150mod.obj (.text:MPU9150DataGyroGetFloat)
                  00003200    0000007a     rtsv7M4_T_le_v4SPD16_eabi.lib : memset_t2.obj (.text)
                  0000327a    00000002                                   : startup.obj (.text)
                  0000327c    00000078     rgb.obj (.text:RGBBlinkRateSet)
                  000032f4    00000070     rtsv7M4_T_le_v4SPD16_eabi.lib : autoinit.obj (.text)
                  00003364    0000006e                                   : fd_tos_t2.obj (.text)
                  000033d2    00000002     --HOLE-- [fill = 0]
                  000033d4    0000006c     hc12.obj (.text:InitHC12UART)
                  00003440    0000006c     mpu9150mod.obj (.text:MPU9150Init)
                  000034ac    00000068     driverlib.lib : interrupt.obj (.text:IntDisable)
                  00003514    00000068                   : interrupt.obj (.text:IntEnable)
                  0000357c    00000068     rgb.obj (.text:RGBDisable)
                  000035e4    00000068     rtsv7M4_T_le_v4SPD16_eabi.lib : copy_decompress_lzss.obj (.text:decompress:lzss)
                  0000364c    00000064     main.obj (.text:ConfigureUART)
                  000036b0    00000064     driverlib.lib : interrupt.obj (.text:IntIsEnabled)
                  00003714    00000064     escpwm.obj (.text:SetMotorPulseWidth)
                  00003778    00000060     mpu9150mod.obj (.text:MPU9150DataRead)
                  000037d8    0000005e     sensorlib.lib : i2cm_drv.obj (.text:I2CMStateWritePause)
                  00003836    00000002     --HOLE-- [fill = 0]
                  00003838    00000054                   : i2cm_drv.obj (.text:I2CMWrite8)
                  0000388c    00000054     rtsv7M4_T_le_v4SPD16_eabi.lib : boot.obj (.text)
                  000038e0    00000054                                   : exit.obj (.text)
                  00003934    00000050     sensorlib.lib : i2cm_drv.obj (.text:I2CMStateWriteFinal)
                  00003984    00000050     rtsv7M4_T_le_v4SPD16_eabi.lib : fs_toull_t2.obj (.text)
                  000039d4    0000004c     driverlib.lib : i2c.obj (.text:I2CMasterInitExpClk)
                  00003a20    0000004c     rtsv7M4_T_le_v4SPD16_eabi.lib : cpy_tbl.obj (.text)
                  00003a6c    0000004a     sensorlib.lib : i2cm_drv.obj (.text:I2CMStateReadNext)
                  00003ab6    00000002     --HOLE-- [fill = 0]
                  00003ab8    00000048     driverlib.lib : gpio.obj (.text:GPIOPinConfigure)
                  00003b00    00000048     sensorlib.lib : i2cm_drv.obj (.text:I2CMStateWriteNext)
                  00003b48    00000046     driverlib.lib : uart.obj (.text:UARTConfigSetExpClk)
                  00003b8e    00000002     --HOLE-- [fill = 0]
                  00003b90    00000044     comp_dcm.obj (.text:CompDCMInit)
                  00003bd4    00000044     sensorlib.lib : i2cm_drv.obj (.text:I2CMStateCallback)
                  00003c18    00000044     rtsv7M4_T_le_v4SPD16_eabi.lib : fd_tou_t2.obj (.text)
                  00003c5c    00000042     comp_dcm.obj (.text:CompDCMComputeEulers)
                  00003c9e    00000042     sensorlib.lib : i2cm_drv.obj (.text:I2CMStateReadFinal)
                  00003ce0    00000040                   : i2cm_drv.obj (.text:I2CMWrite8Callback)
                  00003d20    00000040     rtsv7M4_T_le_v4SPD16_eabi.lib : u_divt2.obj (.text)
                  00003d60    0000003e     sensorlib.lib : i2cm_drv.obj (.text:I2CMStateReadPause)
                  00003d9e    00000002     --HOLE-- [fill = 0]
                  00003da0    0000003c     uartstdio.obj (.text:UARTFlushTx)
                  00003ddc    00000038     rgb.obj (.text:RGBBlinkIntHandler)
                  00003e14    00000038     rtsv7M4_T_le_v4SPD16_eabi.lib : fs_tod_t2.obj (.text)
                  00003e4c    00000034     sensorlib.lib : i2cm_drv.obj (.text:I2CMInit)
                  00003e80    00000034     main.obj (.text:IntGPIOb)
                  00003eb4    00000034     driverlib.lib : sysctl.obj (.text:SysCtlPeripheralEnable)
                  00003ee8    00000030     sensorlib.lib : i2cm_drv.obj (.text:I2CMTransferResume)
                  00003f18    00000030     main.obj (.text:MPU9150AppI2CWait)
                  00003f48    0000002c     uartstdio.obj (.text:UARTFlushRx)
                  00003f74    0000002a     driverlib.lib : gpio.obj (.text:GPIODirModeSet)
                  00003f9e    0000002a     sensorlib.lib : i2cm_drv.obj (.text:I2CMStateReadFirst)
                  00003fc8    00000028     rtsv7M4_T_le_v4SPD16_eabi.lib : e_sqrtf.obj (.text)
                  00003ff0    00000026     comp_dcm.obj (.text:CompDCMGyroUpdate)
                  00004016    00000002     --HOLE-- [fill = 0]
                  00004018    00000024     buffer.obj (.text:WriteByteToBuffer)
                  0000403c    00000022     driverlib.lib : pwm.obj (.text:PWMGenConfigure)
                  0000405e    00000020     sensorlib.lib : i2cm_drv.obj (.text:I2CMStateReadOne)
                  0000407e    00000002     --HOLE-- [fill = 0]
                  00004080    00000020     hc12.obj (.text:UART2IntHandler)
                  000040a0    00000020     driverlib.lib : uart.obj (.text:UARTDisable)
                  000040c0    00000020     rtsv7M4_T_le_v4SPD16_eabi.lib : u_tofd_t2.obj (.text)
                  000040e0    0000001a     sensorlib.lib : i2cm_drv.obj (.text:I2CMStateReadWait)
                  000040fa    0000001a     uartstdio.obj (.text:UARTprintf)
                  00004114    00000018     driverlib.lib : gpio.obj (.text:GPIOPinTypeGPIOOutput)
                  0000412c    00000018     uartstdio.obj (.text:IsBufferFull)
                  00004144    00000018     main.obj (.text:MPU9150AppCallback)
                  0000415c    00000018     rtsv7M4_T_le_v4SPD16_eabi.lib : args_main.obj (.text)
                  00004174    00000014     rgb.obj (.text:RGBIntensitySet)
                  00004188    00000014     driverlib.lib : uart.obj (.text:UARTEnable)
                  0000419c    00000014     rtsv7M4_T_le_v4SPD16_eabi.lib : _lock.obj (.text)
                  000041b0    00000012     driverlib.lib : gpio.obj (.text:GPIOPinTypeI2CSCL)
                  000041c2    00000012                   : gpio.obj (.text:GPIOPinTypeUART)
                  000041d4    00000010                   : interrupt.obj (.text:IntMasterEnable)
                  000041e4    00000010                   : pwm.obj (.text:PWMGenPeriodSet)
                  000041f4    0000000e     comp_dcm.obj (.text:CompDCMAccelUpdate)
                  00004202    0000000e     comp_dcm.obj (.text:CompDCMMagnetoUpdate)
                  00004210    0000000e     driverlib.lib : gpio.obj (.text:GPIOIntStatus)
                  0000421e    0000000e     uartstdio.obj (.text:IsBufferEmpty)
                  0000422c    0000000e     rtsv7M4_T_le_v4SPD16_eabi.lib : copy_decompress_none.obj (.text:decompress:none)
                  0000423a    0000000c     driverlib.lib : cpu.obj (.text:CPUcpsie)
                  00004246    0000000c                   : gpio.obj (.text:GPIOIntEnable)
                  00004252    00000002     --HOLE-- [fill = 0]
                  00004254    0000000c                   : interrupt.obj (.text:IntTrigger)
                  00004260    0000000c     main.obj (.text:MPU9150I2CIntHandler)
                  0000426c    0000000c     rtsv7M4_T_le_v4SPD16_eabi.lib : copy_zero_init.obj (.text:decompress:ZI)
                  00004278    0000000a     driverlib.lib : i2c.obj (.text:I2CMasterEnable)
                  00004282    00000008                   : i2c.obj (.text:I2CMasterIntClear)
                  0000428a    00000008                   : i2c.obj (.text:I2CMasterIntEnableEx)
                  00004292    00000008                   : i2c.obj (.text:I2CMasterSlaveAddrSet)
                  0000429a    00000008                   : uart.obj (.text:UARTIntEnable)
                  000042a2    00000006                   : gpio.obj (.text:GPIOIntClear)
                  000042a8    00000006                   : gpio.obj (.text:GPIOPinWrite)
                  000042ae    00000006     startup_ccs.obj (.text:ResetISR)
                  000042b4    00000006     driverlib.lib : uart.obj (.text:UARTClockSourceSet)
                  000042ba    00000006                   : uart.obj (.text:UARTFIFOLevelSet)
                  000042c0    00000004                   : i2c.obj (.text:I2CMasterControl)
                  000042c4    00000004                   : i2c.obj (.text:I2CMasterDataGet)
                  000042c8    00000004                   : i2c.obj (.text:I2CMasterDataPut)
                  000042cc    00000004                   : uart.obj (.text:UARTIntClear)
                  000042d0    00000004     rtsv7M4_T_le_v4SPD16_eabi.lib : pre_init.obj (.text)

.const     0    000042d8    00000204     
                  000042d8    00000090     driverlib.lib : gpio.obj (.const:g_pui32GPIOBaseAddrs)
                  00004368    00000070                   : interrupt.obj (.const)
                  000043d8    0000006c                   : sysctl.obj (.const:g_pui32Xtals)
                  00004444    00000034     rtsv7M4_T_le_v4SPD16_eabi.lib : s_atanf.obj (.const:$O1$$)
                  00004478    00000020                                   : e_asinf.obj (.const)
                  00004498    00000010     mpu9150mod.obj (.const:g_fMPU9150AccelFactors)
                  000044a8    00000010     mpu9150mod.obj (.const:g_fMPU9150GyroFactors)
                  000044b8    0000000c     uartstdio.obj (.const:g_ui32UARTBase)
                  000044c4    0000000c     uartstdio.obj (.const:g_ui32UARTInt)
                  000044d0    0000000c     uartstdio.obj (.const:g_ui32UARTPeriph)

.cinit     0    000044e0    00000040     
                  000044e0    00000016     (.cinit..data.load) [load image, compression = lzss]
                  000044f6    00000002     --HOLE-- [fill = 0]
                  000044f8    0000000c     (__TI_handler_table)
                  00004504    00000004     --HOLE-- [fill = 0]
                  00004508    00000008     (.cinit..bss.load) [load image, compression = zero_init]
                  00004510    00000010     (__TI_cinit_table)

.init_array 
*          0    00000000    00000000     UNINITIALIZED

.bss       0    20000000    000007b8     UNINITIALIZED
                  20000000    00000400     uartstdio.obj (.bss:g_pcUARTTxBuffer)
                  20000400    00000124     (.common:g_sI2CInst)
                  20000524    00000080     uartstdio.obj (.bss:g_pcUARTRxBuffer)
                  200005a4    00000070     (.common:g_sCompDCMInst)
                  20000614    0000006c     (.common:g_sMPU9150Inst)
                  20000680    00000040     (.common:i32FPart)
                  200006c0    00000040     (.common:i32IPart)
                  20000700    00000040     (.common:pfData)
                  20000740    0000001c     (.common:g_sPWMInst)
                  2000075c    00000010     (.common:buff)
                  2000076c    0000000c     rgb.obj (.bss:g_ui32Colors)
                  20000778    0000000c     (.common:g_pui32Colors)
                  20000784    00000008     uartstdio.obj (.bss)
                  2000078c    00000004     rgb.obj (.bss)
                  20000790    00000004     (.common:g_ui32PrintSkipCounter)
                  20000794    00000004     (.common:g_vui8ErrorFlag)
                  20000798    00000004     (.common:g_vui8I2CDoneFlag)
                  2000079c    00000004     (.common:pfAccel)
                  200007a0    00000004     (.common:pfEulers)
                  200007a4    00000004     (.common:pfGyro)
                  200007a8    00000004     (.common:pfMag)
                  200007ac    00000004     (.common:pfQuaternion)
                  200007b0    00000004     (.common:ui32CompDCMStarted)
                  200007b4    00000004     (.common:ui32Idx)

.data      0    20000bb8    00000038     UNINITIALIZED
                  20000bb8    00000015     uartstdio.obj (.data)
                  20000bcd    00000001     buffer.obj (.data)
                  20000bce    00000002     --HOLE--
                  20000bd0    0000000c     rtsv7M4_T_le_v4SPD16_eabi.lib : exit.obj (.data:$O1$$)
                  20000bdc    00000008                                   : _lock.obj (.data:$O1$$)
                  20000be4    00000004     rgb.obj (.data)
                  20000be8    00000004     rtsv7M4_T_le_v4SPD16_eabi.lib : errno.obj (.data)
                  20000bec    00000004                                   : stkdepth_vars.obj (.data)

.stack     0    200007b8    00000400     UNINITIALIZED
                  200007b8    00000400     --HOLE--

MODULE SUMMARY

       Module                     code    ro data   rw data
       ------                     ----    -------   -------
    ./
       main.obj                   2920    0         784    
       comp_dcm.obj               2484    0         0      
       mpu9150mod.obj             1168    32        0      
       startup_ccs.obj            12      620       0      
       escpwm.obj                 560     0         0      
       hc12.obj                   140     0         0      
       buffer.obj                 36      0         17     
    +--+--------------------------+-------+---------+---------+
       Total:                     7320    652       801    
                                                           
    ./drivers/
       rgb.obj                    896     0         20     
    +--+--------------------------+-------+---------+---------+
       Total:                     896     0         20     
                                                           
    ./utils/
       uartstdio.obj              1494    36        1181   
    +--+--------------------------+-------+---------+---------+
       Total:                     1494    36        1181   
                                                           
    /Applications/ti/ccsv7/tools/compiler/ti-cgt-arm_16.9.3.LTS/lib/rtsv7M4_T_le_v4SPD16_eabi.lib
       fd_add_t2.obj              438     0         0      
       e_asinf.obj                376     32        0      
       s_atanf.obj                336     52        0      
       e_sqrt.obj                 368     0         0      
       e_atan2f.obj               344     0         0      
       fd_mul_t2.obj              252     0         0      
       s_cosf.obj                 180     0         0      
       s_sinf.obj                 164     0         0      
       memcpy_t2.obj              156     0         0      
       fd_cmp_t2.obj              134     0         0      
       memset_t2.obj              122     0         0      
       autoinit.obj               112     0         0      
       fd_tos_t2.obj              110     0         0      
       copy_decompress_lzss.obj   104     0         0      
       exit.obj                   84      0         12     
       boot.obj                   84      0         0      
       fs_toull_t2.obj            80      0         0      
       cpy_tbl.obj                76      0         0      
       fd_tou_t2.obj              68      0         0      
       u_divt2.obj                64      0         0      
       fs_tod_t2.obj              56      0         0      
       e_sqrtf.obj                40      0         0      
       u_tofd_t2.obj              32      0         0      
       _lock.obj                  20      0         8      
       args_main.obj              24      0         0      
       copy_decompress_none.obj   14      0         0      
       copy_zero_init.obj         12      0         0      
       errno.obj                  0       0         4      
       pre_init.obj               4       0         0      
       stkdepth_vars.obj          0       0         4      
       i_div0.obj                 2       0         0      
       mpu_init.obj               2       0         0      
       startup.obj                2       0         0      
    +--+--------------------------+-------+---------+---------+
       Total:                     3860    84        28     
                                                           
    /Users/maorshutman/ti/TivaWare_C_Series-2.1.3.156/driverlib/ccs/Debug/driverlib.lib
       gpio.obj                   518     144       0      
       interrupt.obj              336     112       0      
       sysctl.obj                 324     108       0      
       uart.obj                   146     0         0      
       i2c.obj                    122     0         0      
       pwm.obj                    50      0         0      
       cpu.obj                    12      0         0      
    +--+--------------------------+-------+---------+---------+
       Total:                     1508    364       0      
                                                           
    /Users/maorshutman/ti/TivaWare_C_Series-2.1.3.156/sensorlib/ccs/Debug/sensorlib.lib
       i2cm_drv.obj               1394    0         0      
    +--+--------------------------+-------+---------+---------+
       Total:                     1394    0         0      
                                                           
       Stack:                     0       0         1024   
       Linker Generated:          0       58        0      
    +--+--------------------------+-------+---------+---------+
       Grand Total:               16472   1194      3054   


LINKER GENERATED COPY TABLES

__TI_cinit_table @ 00004510 records: 2, size/record: 8, table size: 16
	.data: load addr=000044e0, load size=00000016 bytes, run addr=20000bb8, run size=00000038 bytes, compression=lzss
	.bss: load addr=00004508, load size=00000008 bytes, run addr=20000000, run size=000007b8 bytes, compression=zero_init


LINKER GENERATED HANDLER TABLE

__TI_handler_table @ 000044f8 records: 3, size/record: 4, table size: 12
	index: 0, handler: __TI_decompress_lzss
	index: 1, handler: __TI_decompress_none
	index: 2, handler: __TI_zero_init


GLOBAL SYMBOLS: SORTED ALPHABETICALLY BY Name 

address   name                           
-------   ----                           
000038e1  C$$EXIT                        
0000423b  CPUcpsie                       
00002865  CalibrateGyro                  
000041f5  CompDCMAccelUpdate             
00003c5d  CompDCMComputeEulers           
00001525  CompDCMComputeQuaternion       
00003ff1  CompDCMGyroUpdate              
00003b91  CompDCMInit                    
00004203  CompDCMMagnetoUpdate           
00002129  CompDCMStart                   
0000026d  CompDCMUpdate                  
00000dd5  ConfigureMPU6050               
0000364d  ConfigureUART                  
00003f75  GPIODirModeSet                 
000042a3  GPIOIntClear                   
00004247  GPIOIntEnable                  
00004211  GPIOIntStatus                  
0000226d  GPIOPadConfigSet               
00003ab9  GPIOPinConfigure               
00004115  GPIOPinTypeGPIOOutput          
000041b1  GPIOPinTypeI2CSCL              
000041c3  GPIOPinTypeUART                
000042a9  GPIOPinWrite                   
00002ff9  I2CMCommand                    
00003e4d  I2CMInit                       
000026b1  I2CMIntHandler                 
00003ee9  I2CMTransferResume             
00003839  I2CMWrite8                     
000042c1  I2CMasterControl               
000042c5  I2CMasterDataGet               
000042c9  I2CMasterDataPut               
00004279  I2CMasterEnable                
000039d5  I2CMasterInitExpClk            
00004283  I2CMasterIntClear              
0000428b  I2CMasterIntEnableEx           
00004293  I2CMasterSlaveAddrSet          
000033d5  InitHC12UART                   
00001359  InitPWM                        
000034ad  IntDisable                     
00003515  IntEnable                      
00003e81  IntGPIOb                       
000036b1  IntIsEnabled                   
000041d5  IntMasterEnable                
00004255  IntTrigger                     
00004145  MPU9150AppCallback             
00002a7d  MPU9150AppErrorHandler         
00003f19  MPU9150AppI2CWait              
00003109  MPU9150DataAccelGetFloat       
00003185  MPU9150DataGyroGetFloat        
00002c71  MPU9150DataMagnetoGetFloat     
00003779  MPU9150DataRead                
00004261  MPU9150I2CIntHandler           
00003441  MPU9150Init                    
00002d0d  MPU9150Write                   
0000403d  PWMGenConfigure                
000041e5  PWMGenPeriodSet                
00003ddd  RGBBlinkIntHandler             
0000327d  RGBBlinkRateSet                
00002edd  RGBColorSet                    
0000357d  RGBDisable                     
000027a5  RGBEnable                      
000024b1  RGBInit                        
00004175  RGBIntensitySet                
000042af  ResetISR                       
UNDEFED   SHT$$INIT_ARRAY$$Base          
UNDEFED   SHT$$INIT_ARRAY$$Limit         
00003715  SetMotorPulseWidth             
000023a1  SysCtlClockGet                 
00003eb5  SysCtlPeripheralEnable         
00004081  UART2IntHandler                
000042b5  UARTClockSourceSet             
00003b49  UARTConfigSetExpClk            
000040a1  UARTDisable                    
00004189  UARTEnable                     
000042bb  UARTFIFOLevelSet               
00003f49  UARTFlushRx                    
00003da1  UARTFlushTx                    
000042cd  UARTIntClear                   
0000429b  UARTIntEnable                  
000029cd  UARTStdioConfig                
00001d21  UARTStdioIntHandler            
000040fb  UARTprintf                     
0000116d  UARTvprintf                    
00002b25  UARTwrite                      
00004019  WriteByteToBuffer              
20000bb8  __STACK_END                    
00000400  __STACK_SIZE                   
20000bb8  __STACK_TOP                    
00004510  __TI_CINIT_Base                
00004520  __TI_CINIT_Limit               
000044f8  __TI_Handler_Table_Base        
00004504  __TI_Handler_Table_Limit       
000032f5  __TI_auto_init                 
20000bd0  __TI_cleanup_ptr               
000035e5  __TI_decompress_lzss           
0000422d  __TI_decompress_none           
20000bd4  __TI_dtors_ptr                 
20000bd8  __TI_enable_exit_profile_output
ffffffff  __TI_pprof_out_hndl            
ffffffff  __TI_prof_data_size            
ffffffff  __TI_prof_data_start           
00000000  __TI_static_base__             
0000426d  __TI_zero_init                 
00003081  __aeabi_cdrcmple               
00003365  __aeabi_d2f                    
00003c19  __aeabi_d2uiz                  
000016f7  __aeabi_dadd                   
000025b5  __aeabi_dmul                   
000016ed  __aeabi_dsub                   
00003e15  __aeabi_f2d                    
00003985  __aeabi_f2ulz                  
000027a3  __aeabi_idiv0                  
00003201  __aeabi_memclr                 
00003201  __aeabi_memclr4                
00003201  __aeabi_memclr8                
00002da9  __aeabi_memcpy                 
00002da9  __aeabi_memcpy4                
00002da9  __aeabi_memcpy8                
00003203  __aeabi_memset                 
00003203  __aeabi_memset4                
00003203  __aeabi_memset8                
000040c1  __aeabi_ui2d                   
00003d21  __aeabi_uidiv                  
00003d21  __aeabi_uidivmod               
ffffffff  __binit__                      
ffffffff  __c_args__                     
00003107  __mpu_init                     
200007b8  __stack                        
0000415d  _args_main                     
0000388d  _c_int00                       
20000bdc  _lock                          
000041ab  _nop                           
000041a3  _register_lock                 
0000419d  _register_unlock               
0000327b  _system_post_cinit             
000042d1  _system_pre_init               
20000be0  _unlock                        
000038e5  abort                          
00001a39  asinf                          
00001e81  atan2f                         
00001fd9  atanf                          
ffffffff  binit                          
2000075c  buff                           
00003a21  copy_in                        
00002919  cosf                           
20000be8  errno                          
000038ed  exit                           
00000000  g_pfnVectors                   
20000778  g_pui32Colors                  
200005a4  g_sCompDCMInst                 
20000400  g_sI2CInst                     
20000614  g_sMPU9150Inst                 
20000740  g_sPWMInst                     
20000790  g_ui32PrintSkipCounter         
20000794  g_vui8ErrorFlag                
20000798  g_vui8I2CDoneFlag              
20000680  i32FPart                       
200006c0  i32IPart                       
20000bcd  index                          
0000084d  main                           
20000bec  main_func_sp                   
00002da9  memcpy                         
00003209  memset                         
2000079c  pfAccel                        
20000700  pfData                         
200007a0  pfEulers                       
200007a4  pfGyro                         
200007a8  pfMag                          
200007ac  pfQuaternion                   
00002bcd  sinf                           
00001bb1  sqrt                           
00003fc9  sqrtf                          
00001bb1  sqrtl                          
200007b0  ui32CompDCMStarted             
200007b4  ui32Idx                        


GLOBAL SYMBOLS: SORTED BY Symbol Address 

address   name                           
-------   ----                           
00000000  __TI_static_base__             
00000000  g_pfnVectors                   
0000026d  CompDCMUpdate                  
00000400  __STACK_SIZE                   
0000084d  main                           
00000dd5  ConfigureMPU6050               
0000116d  UARTvprintf                    
00001359  InitPWM                        
00001525  CompDCMComputeQuaternion       
000016ed  __aeabi_dsub                   
000016f7  __aeabi_dadd                   
00001a39  asinf                          
00001bb1  sqrt                           
00001bb1  sqrtl                          
00001d21  UARTStdioIntHandler            
00001e81  atan2f                         
00001fd9  atanf                          
00002129  CompDCMStart                   
0000226d  GPIOPadConfigSet               
000023a1  SysCtlClockGet                 
000024b1  RGBInit                        
000025b5  __aeabi_dmul                   
000026b1  I2CMIntHandler                 
000027a3  __aeabi_idiv0                  
000027a5  RGBEnable                      
00002865  CalibrateGyro                  
00002919  cosf                           
000029cd  UARTStdioConfig                
00002a7d  MPU9150AppErrorHandler         
00002b25  UARTwrite                      
00002bcd  sinf                           
00002c71  MPU9150DataMagnetoGetFloat     
00002d0d  MPU9150Write                   
00002da9  __aeabi_memcpy                 
00002da9  __aeabi_memcpy4                
00002da9  __aeabi_memcpy8                
00002da9  memcpy                         
00002edd  RGBColorSet                    
00002ff9  I2CMCommand                    
00003081  __aeabi_cdrcmple               
00003107  __mpu_init                     
00003109  MPU9150DataAccelGetFloat       
00003185  MPU9150DataGyroGetFloat        
00003201  __aeabi_memclr                 
00003201  __aeabi_memclr4                
00003201  __aeabi_memclr8                
00003203  __aeabi_memset                 
00003203  __aeabi_memset4                
00003203  __aeabi_memset8                
00003209  memset                         
0000327b  _system_post_cinit             
0000327d  RGBBlinkRateSet                
000032f5  __TI_auto_init                 
00003365  __aeabi_d2f                    
000033d5  InitHC12UART                   
00003441  MPU9150Init                    
000034ad  IntDisable                     
00003515  IntEnable                      
0000357d  RGBDisable                     
000035e5  __TI_decompress_lzss           
0000364d  ConfigureUART                  
000036b1  IntIsEnabled                   
00003715  SetMotorPulseWidth             
00003779  MPU9150DataRead                
00003839  I2CMWrite8                     
0000388d  _c_int00                       
000038e1  C$$EXIT                        
000038e5  abort                          
000038ed  exit                           
00003985  __aeabi_f2ulz                  
000039d5  I2CMasterInitExpClk            
00003a21  copy_in                        
00003ab9  GPIOPinConfigure               
00003b49  UARTConfigSetExpClk            
00003b91  CompDCMInit                    
00003c19  __aeabi_d2uiz                  
00003c5d  CompDCMComputeEulers           
00003d21  __aeabi_uidiv                  
00003d21  __aeabi_uidivmod               
00003da1  UARTFlushTx                    
00003ddd  RGBBlinkIntHandler             
00003e15  __aeabi_f2d                    
00003e4d  I2CMInit                       
00003e81  IntGPIOb                       
00003eb5  SysCtlPeripheralEnable         
00003ee9  I2CMTransferResume             
00003f19  MPU9150AppI2CWait              
00003f49  UARTFlushRx                    
00003f75  GPIODirModeSet                 
00003fc9  sqrtf                          
00003ff1  CompDCMGyroUpdate              
00004019  WriteByteToBuffer              
0000403d  PWMGenConfigure                
00004081  UART2IntHandler                
000040a1  UARTDisable                    
000040c1  __aeabi_ui2d                   
000040fb  UARTprintf                     
00004115  GPIOPinTypeGPIOOutput          
00004145  MPU9150AppCallback             
0000415d  _args_main                     
00004175  RGBIntensitySet                
00004189  UARTEnable                     
0000419d  _register_unlock               
000041a3  _register_lock                 
000041ab  _nop                           
000041b1  GPIOPinTypeI2CSCL              
000041c3  GPIOPinTypeUART                
000041d5  IntMasterEnable                
000041e5  PWMGenPeriodSet                
000041f5  CompDCMAccelUpdate             
00004203  CompDCMMagnetoUpdate           
00004211  GPIOIntStatus                  
0000422d  __TI_decompress_none           
0000423b  CPUcpsie                       
00004247  GPIOIntEnable                  
00004255  IntTrigger                     
00004261  MPU9150I2CIntHandler           
0000426d  __TI_zero_init                 
00004279  I2CMasterEnable                
00004283  I2CMasterIntClear              
0000428b  I2CMasterIntEnableEx           
00004293  I2CMasterSlaveAddrSet          
0000429b  UARTIntEnable                  
000042a3  GPIOIntClear                   
000042a9  GPIOPinWrite                   
000042af  ResetISR                       
000042b5  UARTClockSourceSet             
000042bb  UARTFIFOLevelSet               
000042c1  I2CMasterControl               
000042c5  I2CMasterDataGet               
000042c9  I2CMasterDataPut               
000042cd  UARTIntClear                   
000042d1  _system_pre_init               
000044f8  __TI_Handler_Table_Base        
00004504  __TI_Handler_Table_Limit       
00004510  __TI_CINIT_Base                
00004520  __TI_CINIT_Limit               
20000400  g_sI2CInst                     
200005a4  g_sCompDCMInst                 
20000614  g_sMPU9150Inst                 
20000680  i32FPart                       
200006c0  i32IPart                       
20000700  pfData                         
20000740  g_sPWMInst                     
2000075c  buff                           
20000778  g_pui32Colors                  
20000790  g_ui32PrintSkipCounter         
20000794  g_vui8ErrorFlag                
20000798  g_vui8I2CDoneFlag              
2000079c  pfAccel                        
200007a0  pfEulers                       
200007a4  pfGyro                         
200007a8  pfMag                          
200007ac  pfQuaternion                   
200007b0  ui32CompDCMStarted             
200007b4  ui32Idx                        
200007b8  __stack                        
20000bb8  __STACK_END                    
20000bb8  __STACK_TOP                    
20000bcd  index                          
20000bd0  __TI_cleanup_ptr               
20000bd4  __TI_dtors_ptr                 
20000bd8  __TI_enable_exit_profile_output
20000bdc  _lock                          
20000be0  _unlock                        
20000be8  errno                          
20000bec  main_func_sp                   
ffffffff  __TI_pprof_out_hndl            
ffffffff  __TI_prof_data_size            
ffffffff  __TI_prof_data_start           
ffffffff  __binit__                      
ffffffff  __c_args__                     
ffffffff  binit                          
UNDEFED   SHT$$INIT_ARRAY$$Base          
UNDEFED   SHT$$INIT_ARRAY$$Limit         

[175 symbols]
