******************************************************************************
                  TI ARM Linker Unix v16.9.3                   
******************************************************************************
>> Linked Sat Nov 18 12:02:23 2017

OUTPUT FILE NAME:   <flight_controller.out>
ENTRY POINT SYMBOL: "_c_int00"  address: 000038c5


MEMORY CONFIGURATION

         name            origin    length      used     unused   attr    fill
----------------------  --------  ---------  --------  --------  ----  --------
  FLASH                 00000000   00040000  000044ec  0003bb14  R  X
  SRAM                  20000000   00008000  00000bfc  00007404  RW X


SEGMENT ALLOCATION MAP

run origin  load origin   length   init length attrs members
----------  ----------- ---------- ----------- ----- -------
00000000    00000000    000044f0   000044f0    r-x
  00000000    00000000    0000026c   0000026c    r-- .intvecs
  0000026c    0000026c    0000403c   0000403c    r-x .text
  000042a8    000042a8    00000204   00000204    r-- .const
  000044b0    000044b0    00000040   00000040    r-- .cinit
20000000    20000000    00000bfc   00000000    rw-
  20000000    20000000    000007b8   00000000    rw- .bss
  200007b8    200007b8    00000400   00000000    rw- .stack
  20000bb8    20000bb8    00000044   00000000    rw- .data


SECTION ALLOCATION MAP

 output                                  attributes/
section   page    origin      length       input sections
--------  ----  ----------  ----------   ----------------
.intvecs   0    00000000    0000026c     
                  00000000    0000026c     startup_ccs.obj (.intvecs)

.text      0    0000026c    0000403c     
                  0000026c    000005e0     comp_dcm.obj (.text:CompDCMUpdate)
                  0000084c    0000054c     main.obj (.text:main)
                  00000d98    00000398     main.obj (.text:ConfigureMPU6050)
                  00001130    000001f0     escpwm.obj (.text:InitPWM)
                  00001320    000001ea     uartstdio.obj (.text:UARTvprintf)
                  0000150a    000001c8     comp_dcm.obj (.text:CompDCMComputeQuaternion)
                  000016d2    000001b6     rtsv7M4_T_le_v4SPD16_eabi.lib : fd_add_t2.obj (.text)
                  00001888    00000194     mpu9150mod.obj (.text:MPU9150Callback)
                  00001a1c    00000178     rtsv7M4_T_le_v4SPD16_eabi.lib : e_asinf.obj (.text)
                  00001b94    00000170                                   : e_sqrt.obj (.text)
                  00001d04    00000160     uartstdio.obj (.text:UARTStdioIntHandler)
                  00001e64    00000158     rtsv7M4_T_le_v4SPD16_eabi.lib : e_atan2f.obj (.text)
                  00001fbc    00000150                                   : s_atanf.obj (.text)
                  0000210c    00000144     comp_dcm.obj (.text:CompDCMStart)
                  00002250    00000132     driverlib.lib : gpio.obj (.text:GPIOPadConfigSet)
                  00002382    00000002     startup_ccs.obj (.text:FaultISR)
                  00002384    00000110     driverlib.lib : sysctl.obj (.text:SysCtlClockGet)
                  00002494    00000104     rgb.obj (.text:RGBInit)
                  00002598    000000fc     rtsv7M4_T_le_v4SPD16_eabi.lib : fd_mul_t2.obj (.text)
                  00002694    000000f2     sensorlib.lib : i2cm_drv.obj (.text:I2CMIntHandler)
                  00002786    00000002     startup_ccs.obj (.text:IntDefaultHandler)
                  00002788    000000c0     rgb.obj (.text:RGBEnable)
                  00002848    000000b4     main.obj (.text:CalibrateGyro)
                  000028fc    000000b4     rtsv7M4_T_le_v4SPD16_eabi.lib : s_cosf.obj (.text)
                  000029b0    000000b0     uartstdio.obj (.text:UARTStdioConfig)
                  00002a60    000000a8     main.obj (.text:MPU9150AppErrorHandler)
                  00002b08    000000a8     uartstdio.obj (.text:UARTwrite)
                  00002bb0    000000a4     rtsv7M4_T_le_v4SPD16_eabi.lib : s_sinf.obj (.text)
                  00002c54    0000009c     mpu9150mod.obj (.text:MPU9150DataMagnetoGetFloat)
                  00002cf0    0000009c     mpu9150mod.obj (.text:MPU9150Write)
                  00002d8c    0000009c     rtsv7M4_T_le_v4SPD16_eabi.lib : memcpy_t2.obj (.text)
                  00002e28    00000098     sensorlib.lib : i2cm_drv.obj (.text:I2CMStateIdle)
                  00002ec0    00000090     rgb.obj (.text:RGBColorSet)
                  00002f50    0000008c     uartstdio.obj (.text:UARTPrimeTransmit)
                  00002fdc    00000088     sensorlib.lib : i2cm_drv.obj (.text:I2CMCommand)
                  00003064    00000086     rtsv7M4_T_le_v4SPD16_eabi.lib : fd_cmp_t2.obj (.text:__aeabi_cdrcmple)
                  000030ea    00000002     startup_ccs.obj (.text:NmiSR)
                  000030ec    0000007c     mpu9150mod.obj (.text:MPU9150DataAccelGetFloat)
                  00003168    0000007c     mpu9150mod.obj (.text:MPU9150DataGyroGetFloat)
                  000031e4    0000007a     rtsv7M4_T_le_v4SPD16_eabi.lib : memset_t2.obj (.text)
                  0000325e    00000002                                   : i_div0.obj (.text)
                  00003260    00000078     rgb.obj (.text:RGBBlinkRateSet)
                  000032d8    00000070     rtsv7M4_T_le_v4SPD16_eabi.lib : autoinit.obj (.text)
                  00003348    0000006e                                   : fd_tos_t2.obj (.text)
                  000033b6    00000002                                   : mpu_init.obj (.text)
                  000033b8    0000006c     hc12.obj (.text:InitHC12UART)
                  00003424    0000006c     mpu9150mod.obj (.text:MPU9150Init)
                  00003490    00000068     driverlib.lib : interrupt.obj (.text:IntDisable)
                  000034f8    00000068                   : interrupt.obj (.text:IntEnable)
                  00003560    00000068     rgb.obj (.text:RGBDisable)
                  000035c8    00000068     rtsv7M4_T_le_v4SPD16_eabi.lib : copy_decompress_lzss.obj (.text:decompress:lzss)
                  00003630    00000064     main.obj (.text:ConfigureUART)
                  00003694    00000064     driverlib.lib : interrupt.obj (.text:IntIsEnabled)
                  000036f8    00000064     escpwm.obj (.text:SetMotorPulseWidth)
                  0000375c    00000060     mpu9150mod.obj (.text:MPU9150DataRead)
                  000037bc    0000005e     sensorlib.lib : i2cm_drv.obj (.text:I2CMStateWritePause)
                  0000381a    00000054     escpwm.obj (.text:CalibrateThrottle)
                  0000386e    00000002     rtsv7M4_T_le_v4SPD16_eabi.lib : startup.obj (.text)
                  00003870    00000054     sensorlib.lib : i2cm_drv.obj (.text:I2CMWrite8)
                  000038c4    00000054     rtsv7M4_T_le_v4SPD16_eabi.lib : boot.obj (.text)
                  00003918    00000054                                   : exit.obj (.text)
                  0000396c    00000050     sensorlib.lib : i2cm_drv.obj (.text:I2CMStateWriteFinal)
                  000039bc    00000050     rtsv7M4_T_le_v4SPD16_eabi.lib : fs_toull_t2.obj (.text)
                  00003a0c    0000004c     driverlib.lib : i2c.obj (.text:I2CMasterInitExpClk)
                  00003a58    0000004c     rtsv7M4_T_le_v4SPD16_eabi.lib : cpy_tbl.obj (.text)
                  00003aa4    0000004a     sensorlib.lib : i2cm_drv.obj (.text:I2CMStateReadNext)
                  00003aee    00000002     --HOLE-- [fill = 0]
                  00003af0    00000048     driverlib.lib : gpio.obj (.text:GPIOPinConfigure)
                  00003b38    00000048     sensorlib.lib : i2cm_drv.obj (.text:I2CMStateWriteNext)
                  00003b80    00000046     driverlib.lib : uart.obj (.text:UARTConfigSetExpClk)
                  00003bc6    00000002     --HOLE-- [fill = 0]
                  00003bc8    00000044     comp_dcm.obj (.text:CompDCMInit)
                  00003c0c    00000044     sensorlib.lib : i2cm_drv.obj (.text:I2CMStateCallback)
                  00003c50    00000042     comp_dcm.obj (.text:CompDCMComputeEulers)
                  00003c92    00000042     sensorlib.lib : i2cm_drv.obj (.text:I2CMStateReadFinal)
                  00003cd4    00000040                   : i2cm_drv.obj (.text:I2CMWrite8Callback)
                  00003d14    00000040     rtsv7M4_T_le_v4SPD16_eabi.lib : u_divt2.obj (.text)
                  00003d54    0000003e     sensorlib.lib : i2cm_drv.obj (.text:I2CMStateReadPause)
                  00003d92    00000002     --HOLE-- [fill = 0]
                  00003d94    0000003c     uartstdio.obj (.text:UARTFlushTx)
                  00003dd0    00000038     rgb.obj (.text:RGBBlinkIntHandler)
                  00003e08    00000038     rtsv7M4_T_le_v4SPD16_eabi.lib : fs_tod_t2.obj (.text)
                  00003e40    00000034     sensorlib.lib : i2cm_drv.obj (.text:I2CMInit)
                  00003e74    00000034     main.obj (.text:IntGPIOb)
                  00003ea8    00000034     driverlib.lib : sysctl.obj (.text:SysCtlPeripheralEnable)
                  00003edc    00000030     sensorlib.lib : i2cm_drv.obj (.text:I2CMTransferResume)
                  00003f0c    00000030     main.obj (.text:MPU9150AppI2CWait)
                  00003f3c    0000002c     uartstdio.obj (.text:UARTFlushRx)
                  00003f68    0000002a     driverlib.lib : gpio.obj (.text:GPIODirModeSet)
                  00003f92    0000002a     sensorlib.lib : i2cm_drv.obj (.text:I2CMStateReadFirst)
                  00003fbc    00000028     rtsv7M4_T_le_v4SPD16_eabi.lib : e_sqrtf.obj (.text)
                  00003fe4    00000026     comp_dcm.obj (.text:CompDCMGyroUpdate)
                  0000400a    00000002     --HOLE-- [fill = 0]
                  0000400c    00000024     buffer.obj (.text:WriteByteToBuffer)
                  00004030    00000022     driverlib.lib : pwm.obj (.text:PWMGenConfigure)
                  00004052    00000020     sensorlib.lib : i2cm_drv.obj (.text:I2CMStateReadOne)
                  00004072    00000002     --HOLE-- [fill = 0]
                  00004074    00000020     hc12.obj (.text:UART2IntHandler)
                  00004094    00000020     driverlib.lib : uart.obj (.text:UARTDisable)
                  000040b4    0000001a     sensorlib.lib : i2cm_drv.obj (.text:I2CMStateReadWait)
                  000040ce    0000001a     uartstdio.obj (.text:UARTprintf)
                  000040e8    00000018     driverlib.lib : gpio.obj (.text:GPIOPinTypeGPIOOutput)
                  00004100    00000018     uartstdio.obj (.text:IsBufferFull)
                  00004118    00000018     main.obj (.text:MPU9150AppCallback)
                  00004130    00000018     rtsv7M4_T_le_v4SPD16_eabi.lib : args_main.obj (.text)
                  00004148    00000014     rgb.obj (.text:RGBIntensitySet)
                  0000415c    00000014     driverlib.lib : uart.obj (.text:UARTEnable)
                  00004170    00000014     rtsv7M4_T_le_v4SPD16_eabi.lib : _lock.obj (.text)
                  00004184    00000012     driverlib.lib : gpio.obj (.text:GPIOPinTypeI2CSCL)
                  00004196    00000012                   : gpio.obj (.text:GPIOPinTypeUART)
                  000041a8    00000010                   : interrupt.obj (.text:IntMasterEnable)
                  000041b8    00000010                   : pwm.obj (.text:PWMGenPeriodSet)
                  000041c8    0000000e     comp_dcm.obj (.text:CompDCMAccelUpdate)
                  000041d6    0000000e     comp_dcm.obj (.text:CompDCMMagnetoUpdate)
                  000041e4    0000000e     driverlib.lib : gpio.obj (.text:GPIOIntStatus)
                  000041f2    0000000e     uartstdio.obj (.text:IsBufferEmpty)
                  00004200    0000000e     rtsv7M4_T_le_v4SPD16_eabi.lib : copy_decompress_none.obj (.text:decompress:none)
                  0000420e    0000000c     driverlib.lib : cpu.obj (.text:CPUcpsie)
                  0000421a    0000000c                   : gpio.obj (.text:GPIOIntEnable)
                  00004226    00000002     --HOLE-- [fill = 0]
                  00004228    0000000c                   : interrupt.obj (.text:IntTrigger)
                  00004234    0000000c     main.obj (.text:MPU9150I2CIntHandler)
                  00004240    0000000c     rtsv7M4_T_le_v4SPD16_eabi.lib : copy_zero_init.obj (.text:decompress:ZI)
                  0000424c    0000000a     driverlib.lib : i2c.obj (.text:I2CMasterEnable)
                  00004256    00000008                   : i2c.obj (.text:I2CMasterIntClear)
                  0000425e    00000008                   : i2c.obj (.text:I2CMasterIntEnableEx)
                  00004266    00000008                   : i2c.obj (.text:I2CMasterSlaveAddrSet)
                  0000426e    00000008                   : uart.obj (.text:UARTIntEnable)
                  00004276    00000006                   : gpio.obj (.text:GPIOIntClear)
                  0000427c    00000006     startup_ccs.obj (.text:ResetISR)
                  00004282    00000006     driverlib.lib : sysctl.obj (.text:SysCtlDelay)
                  00004288    00000006                   : uart.obj (.text:UARTClockSourceSet)
                  0000428e    00000006                   : uart.obj (.text:UARTFIFOLevelSet)
                  00004294    00000004                   : i2c.obj (.text:I2CMasterControl)
                  00004298    00000004                   : i2c.obj (.text:I2CMasterDataGet)
                  0000429c    00000004                   : i2c.obj (.text:I2CMasterDataPut)
                  000042a0    00000004                   : uart.obj (.text:UARTIntClear)
                  000042a4    00000004     rtsv7M4_T_le_v4SPD16_eabi.lib : pre_init.obj (.text)

.const     0    000042a8    00000204     
                  000042a8    00000090     driverlib.lib : gpio.obj (.const:g_pui32GPIOBaseAddrs)
                  00004338    00000070                   : interrupt.obj (.const)
                  000043a8    0000006c                   : sysctl.obj (.const:g_pui32Xtals)
                  00004414    00000034     rtsv7M4_T_le_v4SPD16_eabi.lib : s_atanf.obj (.const:$O1$$)
                  00004448    00000020                                   : e_asinf.obj (.const)
                  00004468    00000010     mpu9150mod.obj (.const:g_fMPU9150AccelFactors)
                  00004478    00000010     mpu9150mod.obj (.const:g_fMPU9150GyroFactors)
                  00004488    0000000c     uartstdio.obj (.const:g_ui32UARTBase)
                  00004494    0000000c     uartstdio.obj (.const:g_ui32UARTInt)
                  000044a0    0000000c     uartstdio.obj (.const:g_ui32UARTPeriph)

.cinit     0    000044b0    00000040     
                  000044b0    0000001c     (.cinit..data.load) [load image, compression = lzss]
                  000044cc    0000000c     (__TI_handler_table)
                  000044d8    00000008     (.cinit..bss.load) [load image, compression = zero_init]
                  000044e0    00000010     (__TI_cinit_table)

.init_array 
*          0    00000000    00000000     UNINITIALIZED

.bss       0    20000000    000007b8     UNINITIALIZED
                  20000000    00000400     uartstdio.obj (.bss:g_pcUARTTxBuffer)
                  20000400    00000124     (.common:g_sI2CInst)
                  20000524    00000080     uartstdio.obj (.bss:g_pcUARTRxBuffer)
                  200005a4    00000070     (.common:g_sCompDCMInst)
                  20000614    0000006c     (.common:g_sMPU9150Inst)
                  20000680    00000040     (.common:i32FPart)
                  200006c0    00000040     (.common:i32IPart)
                  20000700    00000040     (.common:pfData)
                  20000740    0000001c     (.common:g_sPWMInst)
                  2000075c    00000010     (.common:buff)
                  2000076c    0000000c     rgb.obj (.bss:g_ui32Colors)
                  20000778    0000000c     (.common:g_pui32Colors)
                  20000784    00000008     uartstdio.obj (.bss)
                  2000078c    00000004     rgb.obj (.bss)
                  20000790    00000004     (.common:g_ui32PrintSkipCounter)
                  20000794    00000004     (.common:g_vui8ErrorFlag)
                  20000798    00000004     (.common:g_vui8I2CDoneFlag)
                  2000079c    00000004     (.common:pfAccel)
                  200007a0    00000004     (.common:pfEulers)
                  200007a4    00000004     (.common:pfGyro)
                  200007a8    00000004     (.common:pfMag)
                  200007ac    00000004     (.common:pfQuaternion)
                  200007b0    00000004     (.common:ui32CompDCMStarted)
                  200007b4    00000004     (.common:ui32Idx)

.data      0    20000bb8    00000044     UNINITIALIZED
                  20000bb8    00000015     uartstdio.obj (.data)
                  20000bcd    00000003     --HOLE--
                  20000bd0    0000000c     rtsv7M4_T_le_v4SPD16_eabi.lib : exit.obj (.data:$O1$$)
                  20000bdc    0000000c     buffer.obj (.data)
                  20000be8    00000008     rtsv7M4_T_le_v4SPD16_eabi.lib : _lock.obj (.data:$O1$$)
                  20000bf0    00000004     rgb.obj (.data)
                  20000bf4    00000004     rtsv7M4_T_le_v4SPD16_eabi.lib : errno.obj (.data)
                  20000bf8    00000004                                   : stkdepth_vars.obj (.data)

.stack     0    200007b8    00000400     UNINITIALIZED
                  200007b8    00000400     --HOLE--

MODULE SUMMARY

       Module                     code    ro data   rw data
       ------                     ----    -------   -------
    ./
       main.obj                   2860    0         784    
       comp_dcm.obj               2484    0         0      
       mpu9150mod.obj             1168    32        0      
       escpwm.obj                 680     0         0      
       startup_ccs.obj            12      620       0      
       hc12.obj                   140     0         0      
       buffer.obj                 36      0         28     
    +--+--------------------------+-------+---------+---------+
       Total:                     7380    652       812    
                                                           
    ./drivers/
       rgb.obj                    896     0         20     
    +--+--------------------------+-------+---------+---------+
       Total:                     896     0         20     
                                                           
    ./utils/
       uartstdio.obj              1494    36        1181   
    +--+--------------------------+-------+---------+---------+
       Total:                     1494    36        1181   
                                                           
    /Applications/ti/ccsv7/tools/compiler/ti-cgt-arm_16.9.3.LTS/lib/rtsv7M4_T_le_v4SPD16_eabi.lib
       fd_add_t2.obj              438     0         0      
       e_asinf.obj                376     32        0      
       s_atanf.obj                336     52        0      
       e_sqrt.obj                 368     0         0      
       e_atan2f.obj               344     0         0      
       fd_mul_t2.obj              252     0         0      
       s_cosf.obj                 180     0         0      
       s_sinf.obj                 164     0         0      
       memcpy_t2.obj              156     0         0      
       fd_cmp_t2.obj              134     0         0      
       memset_t2.obj              122     0         0      
       autoinit.obj               112     0         0      
       fd_tos_t2.obj              110     0         0      
       copy_decompress_lzss.obj   104     0         0      
       exit.obj                   84      0         12     
       boot.obj                   84      0         0      
       fs_toull_t2.obj            80      0         0      
       cpy_tbl.obj                76      0         0      
       u_divt2.obj                64      0         0      
       fs_tod_t2.obj              56      0         0      
       e_sqrtf.obj                40      0         0      
       _lock.obj                  20      0         8      
       args_main.obj              24      0         0      
       copy_decompress_none.obj   14      0         0      
       copy_zero_init.obj         12      0         0      
       errno.obj                  0       0         4      
       pre_init.obj               4       0         0      
       stkdepth_vars.obj          0       0         4      
       i_div0.obj                 2       0         0      
       mpu_init.obj               2       0         0      
       startup.obj                2       0         0      
    +--+--------------------------+-------+---------+---------+
       Total:                     3760    84        28     
                                                           
    /Users/maorshutman/ti/TivaWare_C_Series-2.1.3.156/driverlib/ccs/Debug/driverlib.lib
       gpio.obj                   512     144       0      
       interrupt.obj              336     112       0      
       sysctl.obj                 330     108       0      
       uart.obj                   146     0         0      
       i2c.obj                    122     0         0      
       pwm.obj                    50      0         0      
       cpu.obj                    12      0         0      
    +--+--------------------------+-------+---------+---------+
       Total:                     1508    364       0      
                                                           
    /Users/maorshutman/ti/TivaWare_C_Series-2.1.3.156/sensorlib/ccs/Debug/sensorlib.lib
       i2cm_drv.obj               1394    0         0      
    +--+--------------------------+-------+---------+---------+
       Total:                     1394    0         0      
                                                           
       Stack:                     0       0         1024   
       Linker Generated:          0       64        0      
    +--+--------------------------+-------+---------+---------+
       Grand Total:               16432   1200      3065   


LINKER GENERATED COPY TABLES

__TI_cinit_table @ 000044e0 records: 2, size/record: 8, table size: 16
	.data: load addr=000044b0, load size=0000001c bytes, run addr=20000bb8, run size=00000044 bytes, compression=lzss
	.bss: load addr=000044d8, load size=00000008 bytes, run addr=20000000, run size=000007b8 bytes, compression=zero_init


LINKER GENERATED HANDLER TABLE

__TI_handler_table @ 000044cc records: 3, size/record: 4, table size: 12
	index: 0, handler: __TI_decompress_lzss
	index: 1, handler: __TI_decompress_none
	index: 2, handler: __TI_zero_init


GLOBAL SYMBOLS: SORTED ALPHABETICALLY BY Name 

address   name                           
-------   ----                           
00003919  C$$EXIT                        
0000420f  CPUcpsie                       
00002849  CalibrateGyro                  
0000381b  CalibrateThrottle              
000041c9  CompDCMAccelUpdate             
00003c51  CompDCMComputeEulers           
0000150b  CompDCMComputeQuaternion       
00003fe5  CompDCMGyroUpdate              
00003bc9  CompDCMInit                    
000041d7  CompDCMMagnetoUpdate           
0000210d  CompDCMStart                   
0000026d  CompDCMUpdate                  
00000d99  ConfigureMPU6050               
00003631  ConfigureUART                  
00003f69  GPIODirModeSet                 
00004277  GPIOIntClear                   
0000421b  GPIOIntEnable                  
000041e5  GPIOIntStatus                  
00002251  GPIOPadConfigSet               
00003af1  GPIOPinConfigure               
000040e9  GPIOPinTypeGPIOOutput          
00004185  GPIOPinTypeI2CSCL              
00004197  GPIOPinTypeUART                
00002fdd  I2CMCommand                    
00003e41  I2CMInit                       
00002695  I2CMIntHandler                 
00003edd  I2CMTransferResume             
00003871  I2CMWrite8                     
00004295  I2CMasterControl               
00004299  I2CMasterDataGet               
0000429d  I2CMasterDataPut               
0000424d  I2CMasterEnable                
00003a0d  I2CMasterInitExpClk            
00004257  I2CMasterIntClear              
0000425f  I2CMasterIntEnableEx           
00004267  I2CMasterSlaveAddrSet          
000033b9  InitHC12UART                   
00001131  InitPWM                        
00003491  IntDisable                     
000034f9  IntEnable                      
00003e75  IntGPIOb                       
00003695  IntIsEnabled                   
000041a9  IntMasterEnable                
00004229  IntTrigger                     
00004119  MPU9150AppCallback             
00002a61  MPU9150AppErrorHandler         
00003f0d  MPU9150AppI2CWait              
000030ed  MPU9150DataAccelGetFloat       
00003169  MPU9150DataGyroGetFloat        
00002c55  MPU9150DataMagnetoGetFloat     
0000375d  MPU9150DataRead                
00004235  MPU9150I2CIntHandler           
00003425  MPU9150Init                    
00002cf1  MPU9150Write                   
00004031  PWMGenConfigure                
000041b9  PWMGenPeriodSet                
00003dd1  RGBBlinkIntHandler             
00003261  RGBBlinkRateSet                
00002ec1  RGBColorSet                    
00003561  RGBDisable                     
00002789  RGBEnable                      
00002495  RGBInit                        
00004149  RGBIntensitySet                
0000427d  ResetISR                       
UNDEFED   SHT$$INIT_ARRAY$$Base          
UNDEFED   SHT$$INIT_ARRAY$$Limit         
000036f9  SetMotorPulseWidth             
00002385  SysCtlClockGet                 
00004283  SysCtlDelay                    
00003ea9  SysCtlPeripheralEnable         
00004075  UART2IntHandler                
00004289  UARTClockSourceSet             
00003b81  UARTConfigSetExpClk            
00004095  UARTDisable                    
0000415d  UARTEnable                     
0000428f  UARTFIFOLevelSet               
00003f3d  UARTFlushRx                    
00003d95  UARTFlushTx                    
000042a1  UARTIntClear                   
0000426f  UARTIntEnable                  
000029b1  UARTStdioConfig                
00001d05  UARTStdioIntHandler            
000040cf  UARTprintf                     
00001321  UARTvprintf                    
00002b09  UARTwrite                      
0000400d  WriteByteToBuffer              
20000bb8  __STACK_END                    
00000400  __STACK_SIZE                   
20000bb8  __STACK_TOP                    
000044e0  __TI_CINIT_Base                
000044f0  __TI_CINIT_Limit               
000044cc  __TI_Handler_Table_Base        
000044d8  __TI_Handler_Table_Limit       
000032d9  __TI_auto_init                 
20000bd0  __TI_cleanup_ptr               
000035c9  __TI_decompress_lzss           
00004201  __TI_decompress_none           
20000bd4  __TI_dtors_ptr                 
20000bd8  __TI_enable_exit_profile_output
ffffffff  __TI_pprof_out_hndl            
ffffffff  __TI_prof_data_size            
ffffffff  __TI_prof_data_start           
00000000  __TI_static_base__             
00004241  __TI_zero_init                 
00003065  __aeabi_cdrcmple               
00003349  __aeabi_d2f                    
000016dd  __aeabi_dadd                   
00002599  __aeabi_dmul                   
000016d3  __aeabi_dsub                   
00003e09  __aeabi_f2d                    
000039bd  __aeabi_f2ulz                  
0000325f  __aeabi_idiv0                  
000031e5  __aeabi_memclr                 
000031e5  __aeabi_memclr4                
000031e5  __aeabi_memclr8                
00002d8d  __aeabi_memcpy                 
00002d8d  __aeabi_memcpy4                
00002d8d  __aeabi_memcpy8                
000031e7  __aeabi_memset                 
000031e7  __aeabi_memset4                
000031e7  __aeabi_memset8                
00003d15  __aeabi_uidiv                  
00003d15  __aeabi_uidivmod               
ffffffff  __binit__                      
ffffffff  __c_args__                     
000033b7  __mpu_init                     
200007b8  __stack                        
00004131  _args_main                     
000038c5  _c_int00                       
20000be8  _lock                          
0000417f  _nop                           
00004177  _register_lock                 
00004171  _register_unlock               
0000386f  _system_post_cinit             
000042a5  _system_pre_init               
20000bec  _unlock                        
0000391d  abort                          
00001a1d  asinf                          
00001e65  atan2f                         
00001fbd  atanf                          
ffffffff  binit                          
2000075c  buff                           
00003a59  copy_in                        
000028fd  cosf                           
20000be4  currPacketIndex                
20000bf4  errno                          
00003925  exit                           
00000000  g_pfnVectors                   
20000778  g_pui32Colors                  
200005a4  g_sCompDCMInst                 
20000400  g_sI2CInst                     
20000614  g_sMPU9150Inst                 
20000740  g_sPWMInst                     
20000790  g_ui32PrintSkipCounter         
20000794  g_vui8ErrorFlag                
20000798  g_vui8I2CDoneFlag              
20000680  i32FPart                       
200006c0  i32IPart                       
0000084d  main                           
20000bf8  main_func_sp                   
00002d8d  memcpy                         
000031ed  memset                         
2000079c  pfAccel                        
20000700  pfData                         
200007a0  pfEulers                       
200007a4  pfGyro                         
200007a8  pfMag                          
200007ac  pfQuaternion                   
20000be0  prevPacketIndex                
00002bb1  sinf                           
00001b95  sqrt                           
00003fbd  sqrtf                          
00001b95  sqrtl                          
200007b0  ui32CompDCMStarted             
200007b4  ui32Idx                        
20000bdc  writeCharIndex                 


GLOBAL SYMBOLS: SORTED BY Symbol Address 

address   name                           
-------   ----                           
00000000  __TI_static_base__             
00000000  g_pfnVectors                   
0000026d  CompDCMUpdate                  
00000400  __STACK_SIZE                   
0000084d  main                           
00000d99  ConfigureMPU6050               
00001131  InitPWM                        
00001321  UARTvprintf                    
0000150b  CompDCMComputeQuaternion       
000016d3  __aeabi_dsub                   
000016dd  __aeabi_dadd                   
00001a1d  asinf                          
00001b95  sqrt                           
00001b95  sqrtl                          
00001d05  UARTStdioIntHandler            
00001e65  atan2f                         
00001fbd  atanf                          
0000210d  CompDCMStart                   
00002251  GPIOPadConfigSet               
00002385  SysCtlClockGet                 
00002495  RGBInit                        
00002599  __aeabi_dmul                   
00002695  I2CMIntHandler                 
00002789  RGBEnable                      
00002849  CalibrateGyro                  
000028fd  cosf                           
000029b1  UARTStdioConfig                
00002a61  MPU9150AppErrorHandler         
00002b09  UARTwrite                      
00002bb1  sinf                           
00002c55  MPU9150DataMagnetoGetFloat     
00002cf1  MPU9150Write                   
00002d8d  __aeabi_memcpy                 
00002d8d  __aeabi_memcpy4                
00002d8d  __aeabi_memcpy8                
00002d8d  memcpy                         
00002ec1  RGBColorSet                    
00002fdd  I2CMCommand                    
00003065  __aeabi_cdrcmple               
000030ed  MPU9150DataAccelGetFloat       
00003169  MPU9150DataGyroGetFloat        
000031e5  __aeabi_memclr                 
000031e5  __aeabi_memclr4                
000031e5  __aeabi_memclr8                
000031e7  __aeabi_memset                 
000031e7  __aeabi_memset4                
000031e7  __aeabi_memset8                
000031ed  memset                         
0000325f  __aeabi_idiv0                  
00003261  RGBBlinkRateSet                
000032d9  __TI_auto_init                 
00003349  __aeabi_d2f                    
000033b7  __mpu_init                     
000033b9  InitHC12UART                   
00003425  MPU9150Init                    
00003491  IntDisable                     
000034f9  IntEnable                      
00003561  RGBDisable                     
000035c9  __TI_decompress_lzss           
00003631  ConfigureUART                  
00003695  IntIsEnabled                   
000036f9  SetMotorPulseWidth             
0000375d  MPU9150DataRead                
0000381b  CalibrateThrottle              
0000386f  _system_post_cinit             
00003871  I2CMWrite8                     
000038c5  _c_int00                       
00003919  C$$EXIT                        
0000391d  abort                          
00003925  exit                           
000039bd  __aeabi_f2ulz                  
00003a0d  I2CMasterInitExpClk            
00003a59  copy_in                        
00003af1  GPIOPinConfigure               
00003b81  UARTConfigSetExpClk            
00003bc9  CompDCMInit                    
00003c51  CompDCMComputeEulers           
00003d15  __aeabi_uidiv                  
00003d15  __aeabi_uidivmod               
00003d95  UARTFlushTx                    
00003dd1  RGBBlinkIntHandler             
00003e09  __aeabi_f2d                    
00003e41  I2CMInit                       
00003e75  IntGPIOb                       
00003ea9  SysCtlPeripheralEnable         
00003edd  I2CMTransferResume             
00003f0d  MPU9150AppI2CWait              
00003f3d  UARTFlushRx                    
00003f69  GPIODirModeSet                 
00003fbd  sqrtf                          
00003fe5  CompDCMGyroUpdate              
0000400d  WriteByteToBuffer              
00004031  PWMGenConfigure                
00004075  UART2IntHandler                
00004095  UARTDisable                    
000040cf  UARTprintf                     
000040e9  GPIOPinTypeGPIOOutput          
00004119  MPU9150AppCallback             
00004131  _args_main                     
00004149  RGBIntensitySet                
0000415d  UARTEnable                     
00004171  _register_unlock               
00004177  _register_lock                 
0000417f  _nop                           
00004185  GPIOPinTypeI2CSCL              
00004197  GPIOPinTypeUART                
000041a9  IntMasterEnable                
000041b9  PWMGenPeriodSet                
000041c9  CompDCMAccelUpdate             
000041d7  CompDCMMagnetoUpdate           
000041e5  GPIOIntStatus                  
00004201  __TI_decompress_none           
0000420f  CPUcpsie                       
0000421b  GPIOIntEnable                  
00004229  IntTrigger                     
00004235  MPU9150I2CIntHandler           
00004241  __TI_zero_init                 
0000424d  I2CMasterEnable                
00004257  I2CMasterIntClear              
0000425f  I2CMasterIntEnableEx           
00004267  I2CMasterSlaveAddrSet          
0000426f  UARTIntEnable                  
00004277  GPIOIntClear                   
0000427d  ResetISR                       
00004283  SysCtlDelay                    
00004289  UARTClockSourceSet             
0000428f  UARTFIFOLevelSet               
00004295  I2CMasterControl               
00004299  I2CMasterDataGet               
0000429d  I2CMasterDataPut               
000042a1  UARTIntClear                   
000042a5  _system_pre_init               
000044cc  __TI_Handler_Table_Base        
000044d8  __TI_Handler_Table_Limit       
000044e0  __TI_CINIT_Base                
000044f0  __TI_CINIT_Limit               
20000400  g_sI2CInst                     
200005a4  g_sCompDCMInst                 
20000614  g_sMPU9150Inst                 
20000680  i32FPart                       
200006c0  i32IPart                       
20000700  pfData                         
20000740  g_sPWMInst                     
2000075c  buff                           
20000778  g_pui32Colors                  
20000790  g_ui32PrintSkipCounter         
20000794  g_vui8ErrorFlag                
20000798  g_vui8I2CDoneFlag              
2000079c  pfAccel                        
200007a0  pfEulers                       
200007a4  pfGyro                         
200007a8  pfMag                          
200007ac  pfQuaternion                   
200007b0  ui32CompDCMStarted             
200007b4  ui32Idx                        
200007b8  __stack                        
20000bb8  __STACK_END                    
20000bb8  __STACK_TOP                    
20000bd0  __TI_cleanup_ptr               
20000bd4  __TI_dtors_ptr                 
20000bd8  __TI_enable_exit_profile_output
20000bdc  writeCharIndex                 
20000be0  prevPacketIndex                
20000be4  currPacketIndex                
20000be8  _lock                          
20000bec  _unlock                        
20000bf4  errno                          
20000bf8  main_func_sp                   
ffffffff  __TI_pprof_out_hndl            
ffffffff  __TI_prof_data_size            
ffffffff  __TI_prof_data_start           
ffffffff  __binit__                      
ffffffff  __c_args__                     
ffffffff  binit                          
UNDEFED   SHT$$INIT_ARRAY$$Base          
UNDEFED   SHT$$INIT_ARRAY$$Limit         

[176 symbols]
