******************************************************************************
                  TI ARM Linker Unix v16.9.3                   
******************************************************************************
>> Linked Mon Nov  6 20:56:29 2017

OUTPUT FILE NAME:   <flight_controller.out>
ENTRY POINT SYMBOL: "_c_int00"  address: 00003459


MEMORY CONFIGURATION

         name            origin    length      used     unused   attr    fill
----------------------  --------  ---------  --------  --------  ----  --------
  FLASH                 00000000   00040000  00004046  0003bfba  R  X
  SRAM                  20000000   00008000  00000bd8  00007428  RW X


SEGMENT ALLOCATION MAP

run origin  load origin   length   init length attrs members
----------  ----------- ---------- ----------- ----- -------
00000000    00000000    00004050   00004050    r-x
  00000000    00000000    0000026c   0000026c    r-- .intvecs
  0000026c    0000026c    00003b96   00003b96    r-x .text
  00003e08    00003e08    00000204   00000204    r-- .const
  00004010    00004010    00000040   00000040    r-- .cinit
20000000    20000000    00000bd8   00000000    rw-
  20000000    20000000    000007a0   00000000    rw- .bss
  200007a0    200007a0    00000400   00000000    rw- .stack
  20000ba0    20000ba0    00000038   00000000    rw- .data


SECTION ALLOCATION MAP

 output                                  attributes/
section   page    origin      length       input sections
--------  ----  ----------  ----------   ----------------
.intvecs   0    00000000    0000026c     
                  00000000    0000026c     startup_ccs.obj (.intvecs)

.text      0    0000026c    00003b96     
                  0000026c    00000550     main.obj (.text:main)
                  000007bc    00000398     main.obj (.text:ConfigureMPU6050)
                  00000b54    00000330     comp_dcm.obj (.text:CompDCMUpdate)
                  00000e84    000001ea     uartstdio.obj (.text:UARTvprintf)
                  0000106e    000001c8     comp_dcm.obj (.text:CompDCMComputeQuaternion)
                  00001236    000001b6     rtsv7M4_T_le_v4SPD16_eabi.lib : fd_add_t2.obj (.text)
                  000013ec    0000019c     escpwm.obj (.text:InitPWM)
                  00001588    00000194     mpu9150mod.obj (.text:MPU9150Callback)
                  0000171c    00000178     rtsv7M4_T_le_v4SPD16_eabi.lib : e_asinf.obj (.text)
                  00001894    00000170                                   : e_sqrt.obj (.text)
                  00001a04    00000160     uartstdio.obj (.text:UARTStdioIntHandler)
                  00001b64    00000158     rtsv7M4_T_le_v4SPD16_eabi.lib : e_atan2f.obj (.text)
                  00001cbc    00000150                                   : s_atanf.obj (.text)
                  00001e0c    00000144     comp_dcm.obj (.text:CompDCMStart)
                  00001f50    00000132     driverlib.lib : gpio.obj (.text:GPIOPadConfigSet)
                  00002082    00000002     startup_ccs.obj (.text:FaultISR)
                  00002084    00000110     driverlib.lib : sysctl.obj (.text:SysCtlClockGet)
                  00002194    00000104     rgb.obj (.text:RGBInit)
                  00002298    000000fc     rtsv7M4_T_le_v4SPD16_eabi.lib : fd_mul_t2.obj (.text)
                  00002394    000000f2     sensorlib.lib : i2cm_drv.obj (.text:I2CMIntHandler)
                  00002486    00000002     startup_ccs.obj (.text:IntDefaultHandler)
                  00002488    000000c0     rgb.obj (.text:RGBEnable)
                  00002548    000000b4     rtsv7M4_T_le_v4SPD16_eabi.lib : s_cosf.obj (.text)
                  000025fc    000000b0     uartstdio.obj (.text:UARTStdioConfig)
                  000026ac    000000a8     main.obj (.text:MPU9150AppErrorHandler)
                  00002754    000000a8     uartstdio.obj (.text:UARTwrite)
                  000027fc    000000a4     rtsv7M4_T_le_v4SPD16_eabi.lib : s_sinf.obj (.text)
                  000028a0    0000009c     mpu9150mod.obj (.text:MPU9150DataMagnetoGetFloat)
                  0000293c    0000009c     mpu9150mod.obj (.text:MPU9150Write)
                  000029d8    0000009c     rtsv7M4_T_le_v4SPD16_eabi.lib : memcpy_t2.obj (.text)
                  00002a74    00000098     sensorlib.lib : i2cm_drv.obj (.text:I2CMStateIdle)
                  00002b0c    00000090     rgb.obj (.text:RGBColorSet)
                  00002b9c    0000008c     uartstdio.obj (.text:UARTPrimeTransmit)
                  00002c28    00000088     sensorlib.lib : i2cm_drv.obj (.text:I2CMCommand)
                  00002cb0    00000086     rtsv7M4_T_le_v4SPD16_eabi.lib : fd_cmp_t2.obj (.text:__aeabi_cdrcmple)
                  00002d36    00000002     startup_ccs.obj (.text:NmiSR)
                  00002d38    0000007c     mpu9150mod.obj (.text:MPU9150DataAccelGetFloat)
                  00002db4    0000007c     mpu9150mod.obj (.text:MPU9150DataGyroGetFloat)
                  00002e30    0000007a     rtsv7M4_T_le_v4SPD16_eabi.lib : memset_t2.obj (.text)
                  00002eaa    00000002                                   : i_div0.obj (.text)
                  00002eac    00000078     rgb.obj (.text:RGBBlinkRateSet)
                  00002f24    00000070     rtsv7M4_T_le_v4SPD16_eabi.lib : autoinit.obj (.text)
                  00002f94    0000006e                                   : fd_tos_t2.obj (.text)
                  00003002    00000002                                   : mpu_init.obj (.text)
                  00003004    0000006c     hc12.obj (.text:InitHC12UART)
                  00003070    0000006c     mpu9150mod.obj (.text:MPU9150Init)
                  000030dc    00000068     driverlib.lib : interrupt.obj (.text:IntDisable)
                  00003144    00000068                   : interrupt.obj (.text:IntEnable)
                  000031ac    00000068     rgb.obj (.text:RGBDisable)
                  00003214    00000068     rtsv7M4_T_le_v4SPD16_eabi.lib : copy_decompress_lzss.obj (.text:decompress:lzss)
                  0000327c    00000064     main.obj (.text:ConfigureUART)
                  000032e0    00000064     driverlib.lib : interrupt.obj (.text:IntIsEnabled)
                  00003344    00000060     mpu9150mod.obj (.text:MPU9150DataRead)
                  000033a4    0000005e     sensorlib.lib : i2cm_drv.obj (.text:I2CMStateWritePause)
                  00003402    00000002     rtsv7M4_T_le_v4SPD16_eabi.lib : startup.obj (.text)
                  00003404    00000054     sensorlib.lib : i2cm_drv.obj (.text:I2CMWrite8)
                  00003458    00000054     rtsv7M4_T_le_v4SPD16_eabi.lib : boot.obj (.text)
                  000034ac    00000054                                   : exit.obj (.text)
                  00003500    00000050     sensorlib.lib : i2cm_drv.obj (.text:I2CMStateWriteFinal)
                  00003550    00000050     rtsv7M4_T_le_v4SPD16_eabi.lib : fs_toull_t2.obj (.text)
                  000035a0    0000004c     driverlib.lib : i2c.obj (.text:I2CMasterInitExpClk)
                  000035ec    0000004c     rtsv7M4_T_le_v4SPD16_eabi.lib : cpy_tbl.obj (.text)
                  00003638    0000004a     sensorlib.lib : i2cm_drv.obj (.text:I2CMStateReadNext)
                  00003682    00000002     --HOLE-- [fill = 0]
                  00003684    00000048     driverlib.lib : gpio.obj (.text:GPIOPinConfigure)
                  000036cc    00000048     sensorlib.lib : i2cm_drv.obj (.text:I2CMStateWriteNext)
                  00003714    00000046     driverlib.lib : uart.obj (.text:UARTConfigSetExpClk)
                  0000375a    00000002     --HOLE-- [fill = 0]
                  0000375c    00000044     comp_dcm.obj (.text:CompDCMInit)
                  000037a0    00000044     sensorlib.lib : i2cm_drv.obj (.text:I2CMStateCallback)
                  000037e4    00000042     comp_dcm.obj (.text:CompDCMComputeEulers)
                  00003826    00000042     sensorlib.lib : i2cm_drv.obj (.text:I2CMStateReadFinal)
                  00003868    00000040                   : i2cm_drv.obj (.text:I2CMWrite8Callback)
                  000038a8    00000040     rtsv7M4_T_le_v4SPD16_eabi.lib : u_divt2.obj (.text)
                  000038e8    0000003e     sensorlib.lib : i2cm_drv.obj (.text:I2CMStateReadPause)
                  00003926    00000002     --HOLE-- [fill = 0]
                  00003928    0000003c     uartstdio.obj (.text:UARTFlushTx)
                  00003964    00000038     rgb.obj (.text:RGBBlinkIntHandler)
                  0000399c    00000038     rtsv7M4_T_le_v4SPD16_eabi.lib : fs_tod_t2.obj (.text)
                  000039d4    00000034     sensorlib.lib : i2cm_drv.obj (.text:I2CMInit)
                  00003a08    00000034     main.obj (.text:IntGPIOb)
                  00003a3c    00000034     driverlib.lib : sysctl.obj (.text:SysCtlPeripheralEnable)
                  00003a70    00000030     sensorlib.lib : i2cm_drv.obj (.text:I2CMTransferResume)
                  00003aa0    00000030     main.obj (.text:MPU9150AppI2CWait)
                  00003ad0    0000002c     uartstdio.obj (.text:UARTFlushRx)
                  00003afc    0000002a     driverlib.lib : gpio.obj (.text:GPIODirModeSet)
                  00003b26    0000002a     sensorlib.lib : i2cm_drv.obj (.text:I2CMStateReadFirst)
                  00003b50    00000028     rtsv7M4_T_le_v4SPD16_eabi.lib : e_sqrtf.obj (.text)
                  00003b78    00000024     buffer.obj (.text:WriteByteToBuffer)
                  00003b9c    00000022     driverlib.lib : pwm.obj (.text:PWMGenConfigure)
                  00003bbe    00000020     sensorlib.lib : i2cm_drv.obj (.text:I2CMStateReadOne)
                  00003bde    00000002     --HOLE-- [fill = 0]
                  00003be0    00000020     hc12.obj (.text:UART2IntHandler)
                  00003c00    00000020     driverlib.lib : uart.obj (.text:UARTDisable)
                  00003c20    0000001a     sensorlib.lib : i2cm_drv.obj (.text:I2CMStateReadWait)
                  00003c3a    0000001a     uartstdio.obj (.text:UARTprintf)
                  00003c54    00000018     uartstdio.obj (.text:IsBufferFull)
                  00003c6c    00000018     main.obj (.text:MPU9150AppCallback)
                  00003c84    00000018     rtsv7M4_T_le_v4SPD16_eabi.lib : args_main.obj (.text)
                  00003c9c    00000014     rgb.obj (.text:RGBIntensitySet)
                  00003cb0    00000014     driverlib.lib : uart.obj (.text:UARTEnable)
                  00003cc4    00000014     rtsv7M4_T_le_v4SPD16_eabi.lib : _lock.obj (.text)
                  00003cd8    00000012     driverlib.lib : gpio.obj (.text:GPIOPinTypeI2CSCL)
                  00003cea    00000012                   : gpio.obj (.text:GPIOPinTypeUART)
                  00003cfc    00000010                   : interrupt.obj (.text:IntMasterEnable)
                  00003d0c    00000010                   : pwm.obj (.text:PWMGenPeriodSet)
                  00003d1c    0000000e     comp_dcm.obj (.text:CompDCMAccelUpdate)
                  00003d2a    0000000e     comp_dcm.obj (.text:CompDCMGyroUpdate)
                  00003d38    0000000e     comp_dcm.obj (.text:CompDCMMagnetoUpdate)
                  00003d46    0000000e     driverlib.lib : gpio.obj (.text:GPIOIntStatus)
                  00003d54    0000000e     uartstdio.obj (.text:IsBufferEmpty)
                  00003d62    0000000e     rtsv7M4_T_le_v4SPD16_eabi.lib : copy_decompress_none.obj (.text:decompress:none)
                  00003d70    0000000c     driverlib.lib : cpu.obj (.text:CPUcpsie)
                  00003d7c    0000000c                   : gpio.obj (.text:GPIOIntEnable)
                  00003d88    0000000c                   : interrupt.obj (.text:IntTrigger)
                  00003d94    0000000c     main.obj (.text:MPU9150I2CIntHandler)
                  00003da0    0000000c     rtsv7M4_T_le_v4SPD16_eabi.lib : copy_zero_init.obj (.text:decompress:ZI)
                  00003dac    0000000a     driverlib.lib : i2c.obj (.text:I2CMasterEnable)
                  00003db6    00000008                   : i2c.obj (.text:I2CMasterIntClear)
                  00003dbe    00000008                   : i2c.obj (.text:I2CMasterIntEnableEx)
                  00003dc6    00000008                   : i2c.obj (.text:I2CMasterSlaveAddrSet)
                  00003dce    00000008                   : uart.obj (.text:UARTIntEnable)
                  00003dd6    00000006                   : gpio.obj (.text:GPIOIntClear)
                  00003ddc    00000006     startup_ccs.obj (.text:ResetISR)
                  00003de2    00000006     driverlib.lib : uart.obj (.text:UARTClockSourceSet)
                  00003de8    00000006                   : uart.obj (.text:UARTFIFOLevelSet)
                  00003dee    00000004                   : i2c.obj (.text:I2CMasterControl)
                  00003df2    00000004                   : i2c.obj (.text:I2CMasterDataGet)
                  00003df6    00000004                   : i2c.obj (.text:I2CMasterDataPut)
                  00003dfa    00000004                   : uart.obj (.text:UARTIntClear)
                  00003dfe    00000004     rtsv7M4_T_le_v4SPD16_eabi.lib : pre_init.obj (.text)

.const     0    00003e08    00000204     
                  00003e08    00000090     driverlib.lib : gpio.obj (.const:g_pui32GPIOBaseAddrs)
                  00003e98    00000070                   : interrupt.obj (.const)
                  00003f08    0000006c                   : sysctl.obj (.const:g_pui32Xtals)
                  00003f74    00000034     rtsv7M4_T_le_v4SPD16_eabi.lib : s_atanf.obj (.const:$O1$$)
                  00003fa8    00000020                                   : e_asinf.obj (.const)
                  00003fc8    00000010     mpu9150mod.obj (.const:g_fMPU9150AccelFactors)
                  00003fd8    00000010     mpu9150mod.obj (.const:g_fMPU9150GyroFactors)
                  00003fe8    0000000c     uartstdio.obj (.const:g_ui32UARTBase)
                  00003ff4    0000000c     uartstdio.obj (.const:g_ui32UARTInt)
                  00004000    0000000c     uartstdio.obj (.const:g_ui32UARTPeriph)

.cinit     0    00004010    00000040     
                  00004010    00000016     (.cinit..data.load) [load image, compression = lzss]
                  00004026    00000002     --HOLE-- [fill = 0]
                  00004028    0000000c     (__TI_handler_table)
                  00004034    00000004     --HOLE-- [fill = 0]
                  00004038    00000008     (.cinit..bss.load) [load image, compression = zero_init]
                  00004040    00000010     (__TI_cinit_table)

.init_array 
*          0    00000000    00000000     UNINITIALIZED

.bss       0    20000000    000007a0     UNINITIALIZED
                  20000000    00000400     uartstdio.obj (.bss:g_pcUARTTxBuffer)
                  20000400    00000124     (.common:g_sI2CInst)
                  20000524    00000080     uartstdio.obj (.bss:g_pcUARTRxBuffer)
                  200005a4    00000070     (.common:g_sCompDCMInst)
                  20000614    0000006c     (.common:g_sMPU9150Inst)
                  20000680    00000040     (.common:i32FPart)
                  200006c0    00000040     (.common:i32IPart)
                  20000700    00000040     (.common:pfData)
                  20000740    00000010     (.common:buff)
                  20000750    0000000c     rgb.obj (.bss:g_ui32Colors)
                  2000075c    0000000c     (.common:g_pui32Colors)
                  20000768    00000008     uartstdio.obj (.bss)
                  20000770    00000004     rgb.obj (.bss)
                  20000774    00000004     (.common:g_ui32PrintSkipCounter)
                  20000778    00000004     (.common:g_vui8ErrorFlag)
                  2000077c    00000004     (.common:g_vui8I2CDoneFlag)
                  20000780    00000004     (.common:pfAccel)
                  20000784    00000004     (.common:pfEulers)
                  20000788    00000004     (.common:pfGyro)
                  2000078c    00000004     (.common:pfMag)
                  20000790    00000004     (.common:pfQuaternion)
                  20000794    00000004     (.common:ui32CompDCMStarted)
                  20000798    00000004     (.common:ui32Idx)
                  2000079c    00000004     (.common:ui32Load)

.data      0    20000ba0    00000038     UNINITIALIZED
                  20000ba0    00000015     uartstdio.obj (.data)
                  20000bb5    00000001     buffer.obj (.data)
                  20000bb6    00000002     --HOLE--
                  20000bb8    0000000c     rtsv7M4_T_le_v4SPD16_eabi.lib : exit.obj (.data:$O1$$)
                  20000bc4    00000008                                   : _lock.obj (.data:$O1$$)
                  20000bcc    00000004     rgb.obj (.data)
                  20000bd0    00000004     rtsv7M4_T_le_v4SPD16_eabi.lib : errno.obj (.data)
                  20000bd4    00000004                                   : stkdepth_vars.obj (.data)

.stack     0    200007a0    00000400     UNINITIALIZED
                  200007a0    00000400     --HOLE--

MODULE SUMMARY

       Module                     code    ro data   rw data
       ------                     ----    -------   -------
    ./
       main.obj                   2684    0         756    
       comp_dcm.obj               1772    0         0      
       mpu9150mod.obj             1168    32        0      
       startup_ccs.obj            12      620       0      
       escpwm.obj                 412     0         4      
       hc12.obj                   140     0         0      
       buffer.obj                 36      0         17     
    +--+--------------------------+-------+---------+---------+
       Total:                     6224    652       777    
                                                           
    ./drivers/
       rgb.obj                    896     0         20     
    +--+--------------------------+-------+---------+---------+
       Total:                     896     0         20     
                                                           
    ./utils/
       uartstdio.obj              1494    36        1181   
    +--+--------------------------+-------+---------+---------+
       Total:                     1494    36        1181   
                                                           
    /Applications/ti/ccsv7/tools/compiler/ti-cgt-arm_16.9.3.LTS/lib/rtsv7M4_T_le_v4SPD16_eabi.lib
       fd_add_t2.obj              438     0         0      
       e_asinf.obj                376     32        0      
       s_atanf.obj                336     52        0      
       e_sqrt.obj                 368     0         0      
       e_atan2f.obj               344     0         0      
       fd_mul_t2.obj              252     0         0      
       s_cosf.obj                 180     0         0      
       s_sinf.obj                 164     0         0      
       memcpy_t2.obj              156     0         0      
       fd_cmp_t2.obj              134     0         0      
       memset_t2.obj              122     0         0      
       autoinit.obj               112     0         0      
       fd_tos_t2.obj              110     0         0      
       copy_decompress_lzss.obj   104     0         0      
       exit.obj                   84      0         12     
       boot.obj                   84      0         0      
       fs_toull_t2.obj            80      0         0      
       cpy_tbl.obj                76      0         0      
       u_divt2.obj                64      0         0      
       fs_tod_t2.obj              56      0         0      
       e_sqrtf.obj                40      0         0      
       _lock.obj                  20      0         8      
       args_main.obj              24      0         0      
       copy_decompress_none.obj   14      0         0      
       copy_zero_init.obj         12      0         0      
       errno.obj                  0       0         4      
       pre_init.obj               4       0         0      
       stkdepth_vars.obj          0       0         4      
       i_div0.obj                 2       0         0      
       mpu_init.obj               2       0         0      
       startup.obj                2       0         0      
    +--+--------------------------+-------+---------+---------+
       Total:                     3760    84        28     
                                                           
    /Users/maorshutman/ti/TivaWare_C_Series-2.1.3.156/driverlib/ccs/Debug/driverlib.lib
       gpio.obj                   488     144       0      
       interrupt.obj              336     112       0      
       sysctl.obj                 324     108       0      
       uart.obj                   146     0         0      
       i2c.obj                    122     0         0      
       pwm.obj                    50      0         0      
       cpu.obj                    12      0         0      
    +--+--------------------------+-------+---------+---------+
       Total:                     1478    364       0      
                                                           
    /Users/maorshutman/ti/TivaWare_C_Series-2.1.3.156/sensorlib/ccs/Debug/sensorlib.lib
       i2cm_drv.obj               1394    0         0      
    +--+--------------------------+-------+---------+---------+
       Total:                     1394    0         0      
                                                           
       Stack:                     0       0         1024   
       Linker Generated:          0       58        0      
    +--+--------------------------+-------+---------+---------+
       Grand Total:               15246   1194      3030   


LINKER GENERATED COPY TABLES

__TI_cinit_table @ 00004040 records: 2, size/record: 8, table size: 16
	.data: load addr=00004010, load size=00000016 bytes, run addr=20000ba0, run size=00000038 bytes, compression=lzss
	.bss: load addr=00004038, load size=00000008 bytes, run addr=20000000, run size=000007a0 bytes, compression=zero_init


LINKER GENERATED HANDLER TABLE

__TI_handler_table @ 00004028 records: 3, size/record: 4, table size: 12
	index: 0, handler: __TI_decompress_lzss
	index: 1, handler: __TI_decompress_none
	index: 2, handler: __TI_zero_init


GLOBAL SYMBOLS: SORTED ALPHABETICALLY BY Name 

address   name                           
-------   ----                           
000034ad  C$$EXIT                        
00003d71  CPUcpsie                       
00003d1d  CompDCMAccelUpdate             
000037e5  CompDCMComputeEulers           
0000106f  CompDCMComputeQuaternion       
00003d2b  CompDCMGyroUpdate              
0000375d  CompDCMInit                    
00003d39  CompDCMMagnetoUpdate           
00001e0d  CompDCMStart                   
00000b55  CompDCMUpdate                  
000007bd  ConfigureMPU6050               
0000327d  ConfigureUART                  
00003afd  GPIODirModeSet                 
00003dd7  GPIOIntClear                   
00003d7d  GPIOIntEnable                  
00003d47  GPIOIntStatus                  
00001f51  GPIOPadConfigSet               
00003685  GPIOPinConfigure               
00003cd9  GPIOPinTypeI2CSCL              
00003ceb  GPIOPinTypeUART                
00002c29  I2CMCommand                    
000039d5  I2CMInit                       
00002395  I2CMIntHandler                 
00003a71  I2CMTransferResume             
00003405  I2CMWrite8                     
00003def  I2CMasterControl               
00003df3  I2CMasterDataGet               
00003df7  I2CMasterDataPut               
00003dad  I2CMasterEnable                
000035a1  I2CMasterInitExpClk            
00003db7  I2CMasterIntClear              
00003dbf  I2CMasterIntEnableEx           
00003dc7  I2CMasterSlaveAddrSet          
00003005  InitHC12UART                   
000013ed  InitPWM                        
000030dd  IntDisable                     
00003145  IntEnable                      
00003a09  IntGPIOb                       
000032e1  IntIsEnabled                   
00003cfd  IntMasterEnable                
00003d89  IntTrigger                     
00003c6d  MPU9150AppCallback             
000026ad  MPU9150AppErrorHandler         
00003aa1  MPU9150AppI2CWait              
00002d39  MPU9150DataAccelGetFloat       
00002db5  MPU9150DataGyroGetFloat        
000028a1  MPU9150DataMagnetoGetFloat     
00003345  MPU9150DataRead                
00003d95  MPU9150I2CIntHandler           
00003071  MPU9150Init                    
0000293d  MPU9150Write                   
00003b9d  PWMGenConfigure                
00003d0d  PWMGenPeriodSet                
00003965  RGBBlinkIntHandler             
00002ead  RGBBlinkRateSet                
00002b0d  RGBColorSet                    
000031ad  RGBDisable                     
00002489  RGBEnable                      
00002195  RGBInit                        
00003c9d  RGBIntensitySet                
00003ddd  ResetISR                       
UNDEFED   SHT$$INIT_ARRAY$$Base          
UNDEFED   SHT$$INIT_ARRAY$$Limit         
00002085  SysCtlClockGet                 
00003a3d  SysCtlPeripheralEnable         
00003be1  UART2IntHandler                
00003de3  UARTClockSourceSet             
00003715  UARTConfigSetExpClk            
00003c01  UARTDisable                    
00003cb1  UARTEnable                     
00003de9  UARTFIFOLevelSet               
00003ad1  UARTFlushRx                    
00003929  UARTFlushTx                    
00003dfb  UARTIntClear                   
00003dcf  UARTIntEnable                  
000025fd  UARTStdioConfig                
00001a05  UARTStdioIntHandler            
00003c3b  UARTprintf                     
00000e85  UARTvprintf                    
00002755  UARTwrite                      
00003b79  WriteByteToBuffer              
20000ba0  __STACK_END                    
00000400  __STACK_SIZE                   
20000ba0  __STACK_TOP                    
00004040  __TI_CINIT_Base                
00004050  __TI_CINIT_Limit               
00004028  __TI_Handler_Table_Base        
00004034  __TI_Handler_Table_Limit       
00002f25  __TI_auto_init                 
20000bb8  __TI_cleanup_ptr               
00003215  __TI_decompress_lzss           
00003d63  __TI_decompress_none           
20000bbc  __TI_dtors_ptr                 
20000bc0  __TI_enable_exit_profile_output
ffffffff  __TI_pprof_out_hndl            
ffffffff  __TI_prof_data_size            
ffffffff  __TI_prof_data_start           
00000000  __TI_static_base__             
00003da1  __TI_zero_init                 
00002cb1  __aeabi_cdrcmple               
00002f95  __aeabi_d2f                    
00001241  __aeabi_dadd                   
00002299  __aeabi_dmul                   
00001237  __aeabi_dsub                   
0000399d  __aeabi_f2d                    
00003551  __aeabi_f2ulz                  
00002eab  __aeabi_idiv0                  
00002e31  __aeabi_memclr                 
00002e31  __aeabi_memclr4                
00002e31  __aeabi_memclr8                
000029d9  __aeabi_memcpy                 
000029d9  __aeabi_memcpy4                
000029d9  __aeabi_memcpy8                
00002e33  __aeabi_memset                 
00002e33  __aeabi_memset4                
00002e33  __aeabi_memset8                
000038a9  __aeabi_uidiv                  
000038a9  __aeabi_uidivmod               
ffffffff  __binit__                      
ffffffff  __c_args__                     
00003003  __mpu_init                     
200007a0  __stack                        
00003c85  _args_main                     
00003459  _c_int00                       
20000bc4  _lock                          
00003cd3  _nop                           
00003ccb  _register_lock                 
00003cc5  _register_unlock               
00003403  _system_post_cinit             
00003dff  _system_pre_init               
20000bc8  _unlock                        
000034b1  abort                          
0000171d  asinf                          
00001b65  atan2f                         
00001cbd  atanf                          
ffffffff  binit                          
20000740  buff                           
000035ed  copy_in                        
00002549  cosf                           
20000bd0  errno                          
000034b9  exit                           
00000000  g_pfnVectors                   
2000075c  g_pui32Colors                  
200005a4  g_sCompDCMInst                 
20000400  g_sI2CInst                     
20000614  g_sMPU9150Inst                 
20000774  g_ui32PrintSkipCounter         
20000778  g_vui8ErrorFlag                
2000077c  g_vui8I2CDoneFlag              
20000680  i32FPart                       
200006c0  i32IPart                       
20000bb5  index                          
0000026d  main                           
20000bd4  main_func_sp                   
000029d9  memcpy                         
00002e39  memset                         
20000780  pfAccel                        
20000700  pfData                         
20000784  pfEulers                       
20000788  pfGyro                         
2000078c  pfMag                          
20000790  pfQuaternion                   
000027fd  sinf                           
00001895  sqrt                           
00003b51  sqrtf                          
00001895  sqrtl                          
20000794  ui32CompDCMStarted             
20000798  ui32Idx                        
2000079c  ui32Load                       


GLOBAL SYMBOLS: SORTED BY Symbol Address 

address   name                           
-------   ----                           
00000000  __TI_static_base__             
00000000  g_pfnVectors                   
0000026d  main                           
00000400  __STACK_SIZE                   
000007bd  ConfigureMPU6050               
00000b55  CompDCMUpdate                  
00000e85  UARTvprintf                    
0000106f  CompDCMComputeQuaternion       
00001237  __aeabi_dsub                   
00001241  __aeabi_dadd                   
000013ed  InitPWM                        
0000171d  asinf                          
00001895  sqrt                           
00001895  sqrtl                          
00001a05  UARTStdioIntHandler            
00001b65  atan2f                         
00001cbd  atanf                          
00001e0d  CompDCMStart                   
00001f51  GPIOPadConfigSet               
00002085  SysCtlClockGet                 
00002195  RGBInit                        
00002299  __aeabi_dmul                   
00002395  I2CMIntHandler                 
00002489  RGBEnable                      
00002549  cosf                           
000025fd  UARTStdioConfig                
000026ad  MPU9150AppErrorHandler         
00002755  UARTwrite                      
000027fd  sinf                           
000028a1  MPU9150DataMagnetoGetFloat     
0000293d  MPU9150Write                   
000029d9  __aeabi_memcpy                 
000029d9  __aeabi_memcpy4                
000029d9  __aeabi_memcpy8                
000029d9  memcpy                         
00002b0d  RGBColorSet                    
00002c29  I2CMCommand                    
00002cb1  __aeabi_cdrcmple               
00002d39  MPU9150DataAccelGetFloat       
00002db5  MPU9150DataGyroGetFloat        
00002e31  __aeabi_memclr                 
00002e31  __aeabi_memclr4                
00002e31  __aeabi_memclr8                
00002e33  __aeabi_memset                 
00002e33  __aeabi_memset4                
00002e33  __aeabi_memset8                
00002e39  memset                         
00002eab  __aeabi_idiv0                  
00002ead  RGBBlinkRateSet                
00002f25  __TI_auto_init                 
00002f95  __aeabi_d2f                    
00003003  __mpu_init                     
00003005  InitHC12UART                   
00003071  MPU9150Init                    
000030dd  IntDisable                     
00003145  IntEnable                      
000031ad  RGBDisable                     
00003215  __TI_decompress_lzss           
0000327d  ConfigureUART                  
000032e1  IntIsEnabled                   
00003345  MPU9150DataRead                
00003403  _system_post_cinit             
00003405  I2CMWrite8                     
00003459  _c_int00                       
000034ad  C$$EXIT                        
000034b1  abort                          
000034b9  exit                           
00003551  __aeabi_f2ulz                  
000035a1  I2CMasterInitExpClk            
000035ed  copy_in                        
00003685  GPIOPinConfigure               
00003715  UARTConfigSetExpClk            
0000375d  CompDCMInit                    
000037e5  CompDCMComputeEulers           
000038a9  __aeabi_uidiv                  
000038a9  __aeabi_uidivmod               
00003929  UARTFlushTx                    
00003965  RGBBlinkIntHandler             
0000399d  __aeabi_f2d                    
000039d5  I2CMInit                       
00003a09  IntGPIOb                       
00003a3d  SysCtlPeripheralEnable         
00003a71  I2CMTransferResume             
00003aa1  MPU9150AppI2CWait              
00003ad1  UARTFlushRx                    
00003afd  GPIODirModeSet                 
00003b51  sqrtf                          
00003b79  WriteByteToBuffer              
00003b9d  PWMGenConfigure                
00003be1  UART2IntHandler                
00003c01  UARTDisable                    
00003c3b  UARTprintf                     
00003c6d  MPU9150AppCallback             
00003c85  _args_main                     
00003c9d  RGBIntensitySet                
00003cb1  UARTEnable                     
00003cc5  _register_unlock               
00003ccb  _register_lock                 
00003cd3  _nop                           
00003cd9  GPIOPinTypeI2CSCL              
00003ceb  GPIOPinTypeUART                
00003cfd  IntMasterEnable                
00003d0d  PWMGenPeriodSet                
00003d1d  CompDCMAccelUpdate             
00003d2b  CompDCMGyroUpdate              
00003d39  CompDCMMagnetoUpdate           
00003d47  GPIOIntStatus                  
00003d63  __TI_decompress_none           
00003d71  CPUcpsie                       
00003d7d  GPIOIntEnable                  
00003d89  IntTrigger                     
00003d95  MPU9150I2CIntHandler           
00003da1  __TI_zero_init                 
00003dad  I2CMasterEnable                
00003db7  I2CMasterIntClear              
00003dbf  I2CMasterIntEnableEx           
00003dc7  I2CMasterSlaveAddrSet          
00003dcf  UARTIntEnable                  
00003dd7  GPIOIntClear                   
00003ddd  ResetISR                       
00003de3  UARTClockSourceSet             
00003de9  UARTFIFOLevelSet               
00003def  I2CMasterControl               
00003df3  I2CMasterDataGet               
00003df7  I2CMasterDataPut               
00003dfb  UARTIntClear                   
00003dff  _system_pre_init               
00004028  __TI_Handler_Table_Base        
00004034  __TI_Handler_Table_Limit       
00004040  __TI_CINIT_Base                
00004050  __TI_CINIT_Limit               
20000400  g_sI2CInst                     
200005a4  g_sCompDCMInst                 
20000614  g_sMPU9150Inst                 
20000680  i32FPart                       
200006c0  i32IPart                       
20000700  pfData                         
20000740  buff                           
2000075c  g_pui32Colors                  
20000774  g_ui32PrintSkipCounter         
20000778  g_vui8ErrorFlag                
2000077c  g_vui8I2CDoneFlag              
20000780  pfAccel                        
20000784  pfEulers                       
20000788  pfGyro                         
2000078c  pfMag                          
20000790  pfQuaternion                   
20000794  ui32CompDCMStarted             
20000798  ui32Idx                        
2000079c  ui32Load                       
200007a0  __stack                        
20000ba0  __STACK_END                    
20000ba0  __STACK_TOP                    
20000bb5  index                          
20000bb8  __TI_cleanup_ptr               
20000bbc  __TI_dtors_ptr                 
20000bc0  __TI_enable_exit_profile_output
20000bc4  _lock                          
20000bc8  _unlock                        
20000bd0  errno                          
20000bd4  main_func_sp                   
ffffffff  __TI_pprof_out_hndl            
ffffffff  __TI_prof_data_size            
ffffffff  __TI_prof_data_start           
ffffffff  __binit__                      
ffffffff  __c_args__                     
ffffffff  binit                          
UNDEFED   SHT$$INIT_ARRAY$$Base          
UNDEFED   SHT$$INIT_ARRAY$$Limit         

[169 symbols]
