******************************************************************************
                  TI ARM Linker Unix v16.9.3                   
******************************************************************************
>> Linked Fri Feb  9 13:51:25 2018

OUTPUT FILE NAME:   <flight_controller.out>
ENTRY POINT SYMBOL: "_c_int00"  address: 00004ee5


MEMORY CONFIGURATION

         name            origin    length      used     unused   attr    fill
----------------------  --------  ---------  --------  --------  ----  --------
  FLASH                 00000000   00040000  00005bd2  0003a42e  R  X
  SRAM                  20000000   00008000  00000c2c  000073d4  RW X


SEGMENT ALLOCATION MAP

run origin  load origin   length   init length attrs members
----------  ----------- ---------- ----------- ----- -------
00000000    00000000    00005bd8   00005bd8    r-x
  00000000    00000000    0000026c   0000026c    r-- .intvecs
  0000026c    0000026c    000056f2   000056f2    r-x .text
  00005960    00005960    00000234   00000234    r-- .const
  00005b98    00005b98    00000040   00000040    r-- .cinit
20000000    20000000    00000c2c   00000000    rw-
  20000000    20000000    000007e8   00000000    rw- .bss
  200007e8    200007e8    00000400   00000000    rw- .stack
  20000be8    20000be8    00000044   00000000    rw- .data


SECTION ALLOCATION MAP

 output                                  attributes/
section   page    origin      length       input sections
--------  ----  ----------  ----------   ----------------
.intvecs   0    00000000    0000026c     
                  00000000    0000026c     startup_ccs.obj (.intvecs)

.text      0    0000026c    000056f2     
                  0000026c    000009ac     rtsv7M4_T_le_v4SPD16_eabi.lib : e_pow.obj (.text)
                  00000c18    0000063c     controller.obj (.text:ErrorToInput)
                  00001254    000004d0     main.obj (.text:main)
                  00001724    00000420     comp_dcm.obj (.text:CompDCMUpdate)
                  00001b44    00000398     main.obj (.text:ConfigureMPU6050)
                  00001edc    000001f0     escpwm.obj (.text:InitPWM)
                  000020cc    000001ea     uartstdio.obj (.text:UARTvprintf)
                  000022b6    00000002     startup_ccs.obj (.text:FaultISR)
                  000022b8    000001d8     controller.obj (.text:ReadDesiredState)
                  00002490    000001c8     comp_dcm.obj (.text:CompDCMComputeQuaternion)
                  00002658    000001bc     comp_dcm.obj (.text:ComputeDCMFromEulers)
                  00002814    000001b6     rtsv7M4_T_le_v4SPD16_eabi.lib : fd_add_t2.obj (.text)
                  000029ca    00000002     startup_ccs.obj (.text:IntDefaultHandler)
                  000029cc    00000194     mpu9150mod.obj (.text:MPU9150Callback)
                  00002b60    00000178     rtsv7M4_T_le_v4SPD16_eabi.lib : e_asinf.obj (.text)
                  00002cd8    00000170                                   : e_sqrt.obj (.text)
                  00002e48    00000160     uartstdio.obj (.text:UARTStdioIntHandler)
                  00002fa8    00000158     rtsv7M4_T_le_v4SPD16_eabi.lib : e_atan2f.obj (.text)
                  00003100    00000150                                   : s_atanf.obj (.text)
                  00003250    00000136                                   : fd_div_t2.obj (.text)
                  00003386    00000132     driverlib.lib : gpio.obj (.text:GPIOPadConfigSet)
                  000034b8    0000011c     main.obj (.text:CalibrateIMU)
                  000035d4    00000110     driverlib.lib : sysctl.obj (.text:SysCtlClockGet)
                  000036e4    00000104     rgb.obj (.text:RGBInit)
                  000037e8    000000fc     rtsv7M4_T_le_v4SPD16_eabi.lib : fd_mul_t2.obj (.text)
                  000038e4    000000fc                                   : s_scalbn.obj (.text)
                  000039e0    000000f4     comp_dcm.obj (.text:CompDCMStart)
                  00003ad4    000000f2     sensorlib.lib : i2cm_drv.obj (.text:I2CMIntHandler)
                  00003bc6    00000002     startup_ccs.obj (.text:NmiSR)
                  00003bc8    000000c0     rgb.obj (.text:RGBEnable)
                  00003c88    000000b4     rtsv7M4_T_le_v4SPD16_eabi.lib : s_cosf.obj (.text)
                  00003d3c    000000b0     uartstdio.obj (.text:UARTStdioConfig)
                  00003dec    000000a8     main.obj (.text:MPU9150AppErrorHandler)
                  00003e94    000000a8     uartstdio.obj (.text:UARTwrite)
                  00003f3c    000000a4     rtsv7M4_T_le_v4SPD16_eabi.lib : s_sinf.obj (.text)
                  00003fe0    0000009c     controller.obj (.text:CalcDutyCycle)
                  0000407c    0000009c     comp_dcm.obj (.text:CompDCMComputeEulers)
                  00004118    0000009c     mpu9150mod.obj (.text:MPU9150DataMagnetoGetFloat)
                  000041b4    0000009c     mpu9150mod.obj (.text:MPU9150Write)
                  00004250    0000009c     rtsv7M4_T_le_v4SPD16_eabi.lib : memcpy_t2.obj (.text)
                  000042ec    00000098     sensorlib.lib : i2cm_drv.obj (.text:I2CMStateIdle)
                  00004384    00000090     rgb.obj (.text:RGBColorSet)
                  00004414    0000008c     uartstdio.obj (.text:UARTPrimeTransmit)
                  000044a0    00000088     sensorlib.lib : i2cm_drv.obj (.text:I2CMCommand)
                  00004528    00000086     rtsv7M4_T_le_v4SPD16_eabi.lib : fd_cmp_t2.obj (.text:__aeabi_cdcmple)
                  000045ae    00000086                                   : fd_cmp_t2.obj (.text:__aeabi_cdrcmple)
                  00004634    0000007c     mpu9150mod.obj (.text:MPU9150DataAccelGetFloat)
                  000046b0    0000007c     mpu9150mod.obj (.text:MPU9150DataGyroGetFloat)
                  0000472c    0000007a     rtsv7M4_T_le_v4SPD16_eabi.lib : memset_t2.obj (.text)
                  000047a6    00000002                                   : i_div0.obj (.text)
                  000047a8    00000078     rgb.obj (.text:RGBBlinkRateSet)
                  00004820    00000074     controller.obj (.text:PDContUpdatePWM)
                  00004894    00000070     rtsv7M4_T_le_v4SPD16_eabi.lib : autoinit.obj (.text)
                  00004904    0000006e                                   : fd_tos_t2.obj (.text)
                  00004972    00000002                                   : mpu_init.obj (.text)
                  00004974    0000006c     hc12.obj (.text:InitHC12UART)
                  000049e0    0000006c     mpu9150mod.obj (.text:MPU9150Init)
                  00004a4c    00000068     driverlib.lib : interrupt.obj (.text:IntDisable)
                  00004ab4    00000068                   : interrupt.obj (.text:IntEnable)
                  00004b1c    00000068     rgb.obj (.text:RGBDisable)
                  00004b84    00000068     rtsv7M4_T_le_v4SPD16_eabi.lib : copy_decompress_lzss.obj (.text:decompress:lzss)
                  00004bec    00000064     escpwm.obj (.text:CalibrateThrottle)
                  00004c50    00000064     main.obj (.text:ConfigureUART)
                  00004cb4    00000064     driverlib.lib : interrupt.obj (.text:IntIsEnabled)
                  00004d18    00000064     escpwm.obj (.text:SetMotorPulseWidth)
                  00004d7c    00000060     mpu9150mod.obj (.text:MPU9150DataRead)
                  00004ddc    0000005e     sensorlib.lib : i2cm_drv.obj (.text:I2CMStateWritePause)
                  00004e3a    00000002     rtsv7M4_T_le_v4SPD16_eabi.lib : startup.obj (.text)
                  00004e3c    00000054     comp_dcm.obj (.text:CompDCMAccelUpdate)
                  00004e90    00000054     sensorlib.lib : i2cm_drv.obj (.text:I2CMWrite8)
                  00004ee4    00000054     rtsv7M4_T_le_v4SPD16_eabi.lib : boot.obj (.text)
                  00004f38    00000054                                   : exit.obj (.text)
                  00004f8c    00000050     sensorlib.lib : i2cm_drv.obj (.text:I2CMStateWriteFinal)
                  00004fdc    00000050     rtsv7M4_T_le_v4SPD16_eabi.lib : fs_toull_t2.obj (.text)
                  0000502c    0000004c     driverlib.lib : i2c.obj (.text:I2CMasterInitExpClk)
                  00005078    0000004c     rtsv7M4_T_le_v4SPD16_eabi.lib : cpy_tbl.obj (.text)
                  000050c4    0000004a     sensorlib.lib : i2cm_drv.obj (.text:I2CMStateReadNext)
                  0000510e    00000002     --HOLE-- [fill = 0]
                  00005110    00000048     driverlib.lib : gpio.obj (.text:GPIOPinConfigure)
                  00005158    00000048     sensorlib.lib : i2cm_drv.obj (.text:I2CMStateWriteNext)
                  000051a0    00000046     driverlib.lib : uart.obj (.text:UARTConfigSetExpClk)
                  000051e6    00000002     --HOLE-- [fill = 0]
                  000051e8    00000044     comp_dcm.obj (.text:CompDCMInit)
                  0000522c    00000044     sensorlib.lib : i2cm_drv.obj (.text:I2CMStateCallback)
                  00005270    00000044     rtsv7M4_T_le_v4SPD16_eabi.lib : fd_tou_t2.obj (.text)
                  000052b4    00000042     sensorlib.lib : i2cm_drv.obj (.text:I2CMStateReadFinal)
                  000052f6    00000040                   : i2cm_drv.obj (.text:I2CMWrite8Callback)
                  00005336    00000040     rtsv7M4_T_le_v4SPD16_eabi.lib : u_divt2.obj (.text)
                  00005376    0000003e     sensorlib.lib : i2cm_drv.obj (.text:I2CMStateReadPause)
                  000053b4    0000003c     uartstdio.obj (.text:UARTFlushTx)
                  000053f0    00000038     rgb.obj (.text:RGBBlinkIntHandler)
                  00005428    00000038     rtsv7M4_T_le_v4SPD16_eabi.lib : fs_tod_t2.obj (.text)
                  00005460    00000034     sensorlib.lib : i2cm_drv.obj (.text:I2CMInit)
                  00005494    00000034     main.obj (.text:IntGPIOb)
                  000054c8    00000034     driverlib.lib : sysctl.obj (.text:SysCtlPeripheralEnable)
                  000054fc    00000030     sensorlib.lib : i2cm_drv.obj (.text:I2CMTransferResume)
                  0000552c    00000030     main.obj (.text:MPU9150AppI2CWait)
                  0000555c    0000002e     rtsv7M4_T_le_v4SPD16_eabi.lib : i_tofd_t2.obj (.text)
                  0000558a    00000002     --HOLE-- [fill = 0]
                  0000558c    0000002c     uartstdio.obj (.text:UARTFlushRx)
                  000055b8    0000002a     driverlib.lib : gpio.obj (.text:GPIODirModeSet)
                  000055e2    0000002a     sensorlib.lib : i2cm_drv.obj (.text:I2CMStateReadFirst)
                  0000560c    00000028     rtsv7M4_T_le_v4SPD16_eabi.lib : e_sqrtf.obj (.text)
                  00005634    00000026     comp_dcm.obj (.text:CompDCMGyroUpdate)
                  0000565a    00000002     --HOLE-- [fill = 0]
                  0000565c    00000024     buffer.obj (.text:WriteByteToBuffer)
                  00005680    00000022     driverlib.lib : pwm.obj (.text:PWMGenConfigure)
                  000056a2    00000020     sensorlib.lib : i2cm_drv.obj (.text:I2CMStateReadOne)
                  000056c2    00000002     --HOLE-- [fill = 0]
                  000056c4    00000020     controller.obj (.text:InitPDController)
                  000056e4    00000020     hc12.obj (.text:UART2IntHandler)
                  00005704    00000020     driverlib.lib : uart.obj (.text:UARTDisable)
                  00005724    00000020     rtsv7M4_T_le_v4SPD16_eabi.lib : u_tofd_t2.obj (.text)
                  00005744    0000001a     sensorlib.lib : i2cm_drv.obj (.text:I2CMStateReadWait)
                  0000575e    0000001a     uartstdio.obj (.text:UARTprintf)
                  00005778    00000018     driverlib.lib : gpio.obj (.text:GPIOPinTypeGPIOOutput)
                  00005790    00000018     uartstdio.obj (.text:IsBufferFull)
                  000057a8    00000018     main.obj (.text:MPU9150AppCallback)
                  000057c0    00000018     rtsv7M4_T_le_v4SPD16_eabi.lib : args_main.obj (.text)
                  000057d8    00000014     rgb.obj (.text:RGBIntensitySet)
                  000057ec    00000014     driverlib.lib : uart.obj (.text:UARTEnable)
                  00005800    00000014     rtsv7M4_T_le_v4SPD16_eabi.lib : _lock.obj (.text)
                  00005814    00000014                                   : s_copysign.obj (.text)
                  00005828    00000012     driverlib.lib : gpio.obj (.text:GPIOPinTypeI2CSCL)
                  0000583a    00000012                   : gpio.obj (.text:GPIOPinTypeUART)
                  0000584c    00000010                   : interrupt.obj (.text:IntMasterDisable)
                  0000585c    00000010                   : interrupt.obj (.text:IntMasterEnable)
                  0000586c    00000010                   : pwm.obj (.text:PWMGenPeriodSet)
                  0000587c    0000000e     comp_dcm.obj (.text:CompDCMMagnetoUpdate)
                  0000588a    0000000e     driverlib.lib : gpio.obj (.text:GPIOIntStatus)
                  00005898    0000000e     uartstdio.obj (.text:IsBufferEmpty)
                  000058a6    0000000e     rtsv7M4_T_le_v4SPD16_eabi.lib : copy_decompress_none.obj (.text:decompress:none)
                  000058b4    0000000c     driverlib.lib : cpu.obj (.text:CPUcpsid)
                  000058c0    0000000c                   : cpu.obj (.text:CPUcpsie)
                  000058cc    0000000c                   : gpio.obj (.text:GPIOIntEnable)
                  000058d8    0000000c                   : interrupt.obj (.text:IntTrigger)
                  000058e4    0000000c     main.obj (.text:MPU9150I2CIntHandler)
                  000058f0    0000000c     rtsv7M4_T_le_v4SPD16_eabi.lib : copy_zero_init.obj (.text:decompress:ZI)
                  000058fc    0000000a     driverlib.lib : i2c.obj (.text:I2CMasterEnable)
                  00005906    00000008                   : i2c.obj (.text:I2CMasterIntClear)
                  0000590e    00000008                   : i2c.obj (.text:I2CMasterIntEnableEx)
                  00005916    00000008                   : i2c.obj (.text:I2CMasterSlaveAddrSet)
                  0000591e    00000008                   : uart.obj (.text:UARTIntEnable)
                  00005926    00000006                   : gpio.obj (.text:GPIOIntClear)
                  0000592c    00000006                   : gpio.obj (.text:GPIOPinWrite)
                  00005932    00000006     startup_ccs.obj (.text:ResetISR)
                  00005938    00000006     driverlib.lib : sysctl.obj (.text:SysCtlDelay)
                  0000593e    00000006                   : uart.obj (.text:UARTClockSourceSet)
                  00005944    00000006                   : uart.obj (.text:UARTFIFOLevelSet)
                  0000594a    00000004                   : i2c.obj (.text:I2CMasterControl)
                  0000594e    00000004                   : i2c.obj (.text:I2CMasterDataGet)
                  00005952    00000004                   : i2c.obj (.text:I2CMasterDataPut)
                  00005956    00000004                   : uart.obj (.text:UARTIntClear)
                  0000595a    00000004     rtsv7M4_T_le_v4SPD16_eabi.lib : pre_init.obj (.text)

.const     0    00005960    00000234     
                  00005960    00000090     driverlib.lib : gpio.obj (.const:g_pui32GPIOBaseAddrs)
                  000059f0    00000070                   : interrupt.obj (.const)
                  00005a60    0000006c                   : sysctl.obj (.const:g_pui32Xtals)
                  00005acc    00000034     rtsv7M4_T_le_v4SPD16_eabi.lib : s_atanf.obj (.const:$O1$$)
                  00005b00    00000030                                   : e_pow.obj (.const:$O1$$)
                  00005b30    00000020                                   : e_asinf.obj (.const)
                  00005b50    00000010     mpu9150mod.obj (.const:g_fMPU9150AccelFactors)
                  00005b60    00000010     mpu9150mod.obj (.const:g_fMPU9150GyroFactors)
                  00005b70    0000000c     uartstdio.obj (.const:g_ui32UARTBase)
                  00005b7c    0000000c     uartstdio.obj (.const:g_ui32UARTInt)
                  00005b88    0000000c     uartstdio.obj (.const:g_ui32UARTPeriph)

.cinit     0    00005b98    00000040     
                  00005b98    0000001c     (.cinit..data.load) [load image, compression = lzss]
                  00005bb4    0000000c     (__TI_handler_table)
                  00005bc0    00000008     (.cinit..bss.load) [load image, compression = zero_init]
                  00005bc8    00000010     (__TI_cinit_table)

.init_array 
*          0    00000000    00000000     UNINITIALIZED

.bss       0    20000000    000007e8     UNINITIALIZED
                  20000000    00000400     uartstdio.obj (.bss:g_pcUARTTxBuffer)
                  20000400    00000124     (.common:g_sI2CInst)
                  20000524    00000080     uartstdio.obj (.bss:g_pcUARTRxBuffer)
                  200005a4    0000007c     (.common:g_sCompDCMInst)
                  20000620    0000006c     (.common:g_sMPU9150Inst)
                  2000068c    00000040     (.common:i32FPart)
                  200006cc    00000040     (.common:i32IPart)
                  2000070c    00000040     (.common:pfData)
                  2000074c    00000024     (.common:g_sPDControllerInst)
                  20000770    0000001c     (.common:g_sPWMInst)
                  2000078c    00000010     (.common:buff)
                  2000079c    0000000c     rgb.obj (.bss:g_ui32Colors)
                  200007a8    0000000c     (.common:g_pui32Colors)
                  200007b4    00000008     uartstdio.obj (.bss)
                  200007bc    00000004     rgb.obj (.bss)
                  200007c0    00000004     (.common:g_ui32PrintSkipCounter)
                  200007c4    00000004     (.common:g_vui8ErrorFlag)
                  200007c8    00000004     (.common:g_vui8I2CDoneFlag)
                  200007cc    00000004     (.common:pfAccel)
                  200007d0    00000004     (.common:pfEulers)
                  200007d4    00000004     (.common:pfGyro)
                  200007d8    00000004     (.common:pfMag)
                  200007dc    00000004     (.common:pfQuaternion)
                  200007e0    00000004     (.common:ui32CompDCMStarted)
                  200007e4    00000004     (.common:ui32Idx)

.data      0    20000be8    00000044     UNINITIALIZED
                  20000be8    00000015     uartstdio.obj (.data)
                  20000bfd    00000003     --HOLE--
                  20000c00    0000000c     rtsv7M4_T_le_v4SPD16_eabi.lib : exit.obj (.data:$O1$$)
                  20000c0c    0000000c     buffer.obj (.data)
                  20000c18    00000008     rtsv7M4_T_le_v4SPD16_eabi.lib : _lock.obj (.data:$O1$$)
                  20000c20    00000004     rgb.obj (.data)
                  20000c24    00000004     rtsv7M4_T_le_v4SPD16_eabi.lib : errno.obj (.data)
                  20000c28    00000004                                   : stkdepth_vars.obj (.data)

.stack     0    200007e8    00000400     UNINITIALIZED
                  200007e8    00000400     --HOLE--

MODULE SUMMARY

       Module                     code    ro data   rw data
       ------                     ----    -------   -------
    ./
       main.obj                   2840    0         832    
       comp_dcm.obj               2560    0         0      
       controller.obj             2372    0         0      
       mpu9150mod.obj             1168    32        0      
       escpwm.obj                 696     0         0      
       startup_ccs.obj            12      620       0      
       hc12.obj                   140     0         0      
       buffer.obj                 36      0         28     
    +--+--------------------------+-------+---------+---------+
       Total:                     9824    652       860    
                                                           
    ./drivers/
       rgb.obj                    896     0         20     
    +--+--------------------------+-------+---------+---------+
       Total:                     896     0         20     
                                                           
    ./utils/
       uartstdio.obj              1494    36        1181   
    +--+--------------------------+-------+---------+---------+
       Total:                     1494    36        1181   
                                                           
    /Applications/ti/ccsv7/tools/compiler/ti-cgt-arm_16.9.3.LTS/lib/rtsv7M4_T_le_v4SPD16_eabi.lib
       e_pow.obj                  2476    48        0      
       fd_add_t2.obj              438     0         0      
       e_asinf.obj                376     32        0      
       s_atanf.obj                336     52        0      
       e_sqrt.obj                 368     0         0      
       e_atan2f.obj               344     0         0      
       fd_div_t2.obj              310     0         0      
       fd_cmp_t2.obj              268     0         0      
       fd_mul_t2.obj              252     0         0      
       s_scalbn.obj               252     0         0      
       s_cosf.obj                 180     0         0      
       s_sinf.obj                 164     0         0      
       memcpy_t2.obj              156     0         0      
       memset_t2.obj              122     0         0      
       autoinit.obj               112     0         0      
       fd_tos_t2.obj              110     0         0      
       copy_decompress_lzss.obj   104     0         0      
       exit.obj                   84      0         12     
       boot.obj                   84      0         0      
       fs_toull_t2.obj            80      0         0      
       cpy_tbl.obj                76      0         0      
       fd_tou_t2.obj              68      0         0      
       u_divt2.obj                64      0         0      
       fs_tod_t2.obj              56      0         0      
       i_tofd_t2.obj              46      0         0      
       e_sqrtf.obj                40      0         0      
       u_tofd_t2.obj              32      0         0      
       _lock.obj                  20      0         8      
       args_main.obj              24      0         0      
       s_copysign.obj             20      0         0      
       copy_decompress_none.obj   14      0         0      
       copy_zero_init.obj         12      0         0      
       errno.obj                  0       0         4      
       pre_init.obj               4       0         0      
       stkdepth_vars.obj          0       0         4      
       i_div0.obj                 2       0         0      
       mpu_init.obj               2       0         0      
       startup.obj                2       0         0      
    +--+--------------------------+-------+---------+---------+
       Total:                     7098    132       28     
                                                           
    /Users/maorshutman/ti/TivaWare_C_Series-2.1.3.156/driverlib/ccs/Debug/driverlib.lib
       gpio.obj                   518     144       0      
       interrupt.obj              352     112       0      
       sysctl.obj                 330     108       0      
       uart.obj                   146     0         0      
       i2c.obj                    122     0         0      
       pwm.obj                    50      0         0      
       cpu.obj                    24      0         0      
    +--+--------------------------+-------+---------+---------+
       Total:                     1542    364       0      
                                                           
    /Users/maorshutman/ti/TivaWare_C_Series-2.1.3.156/sensorlib/ccs/Debug/sensorlib.lib
       i2cm_drv.obj               1394    0         0      
    +--+--------------------------+-------+---------+---------+
       Total:                     1394    0         0      
                                                           
       Stack:                     0       0         1024   
       Linker Generated:          0       64        0      
    +--+--------------------------+-------+---------+---------+
       Grand Total:               22248   1248      3113   


LINKER GENERATED COPY TABLES

__TI_cinit_table @ 00005bc8 records: 2, size/record: 8, table size: 16
	.data: load addr=00005b98, load size=0000001c bytes, run addr=20000be8, run size=00000044 bytes, compression=lzss
	.bss: load addr=00005bc0, load size=00000008 bytes, run addr=20000000, run size=000007e8 bytes, compression=zero_init


LINKER GENERATED HANDLER TABLE

__TI_handler_table @ 00005bb4 records: 3, size/record: 4, table size: 12
	index: 0, handler: __TI_decompress_lzss
	index: 1, handler: __TI_decompress_none
	index: 2, handler: __TI_zero_init


GLOBAL SYMBOLS: SORTED ALPHABETICALLY BY Name 

address   name                           
-------   ----                           
00004f39  C$$EXIT                        
000058b5  CPUcpsid                       
000058c1  CPUcpsie                       
00003fe1  CalcDutyCycle                  
000034b9  CalibrateIMU                   
00004bed  CalibrateThrottle              
00004e3d  CompDCMAccelUpdate             
0000407d  CompDCMComputeEulers           
00002491  CompDCMComputeQuaternion       
00005635  CompDCMGyroUpdate              
000051e9  CompDCMInit                    
0000587d  CompDCMMagnetoUpdate           
000039e1  CompDCMStart                   
00001725  CompDCMUpdate                  
00002659  ComputeDCMFromEulers           
00001b45  ConfigureMPU6050               
00004c51  ConfigureUART                  
00000c19  ErrorToInput                   
000055b9  GPIODirModeSet                 
00005927  GPIOIntClear                   
000058cd  GPIOIntEnable                  
0000588b  GPIOIntStatus                  
00003387  GPIOPadConfigSet               
00005111  GPIOPinConfigure               
00005779  GPIOPinTypeGPIOOutput          
00005829  GPIOPinTypeI2CSCL              
0000583b  GPIOPinTypeUART                
0000592d  GPIOPinWrite                   
000044a1  I2CMCommand                    
00005461  I2CMInit                       
00003ad5  I2CMIntHandler                 
000054fd  I2CMTransferResume             
00004e91  I2CMWrite8                     
0000594b  I2CMasterControl               
0000594f  I2CMasterDataGet               
00005953  I2CMasterDataPut               
000058fd  I2CMasterEnable                
0000502d  I2CMasterInitExpClk            
00005907  I2CMasterIntClear              
0000590f  I2CMasterIntEnableEx           
00005917  I2CMasterSlaveAddrSet          
00004975  InitHC12UART                   
000056c5  InitPDController               
00001edd  InitPWM                        
00004a4d  IntDisable                     
00004ab5  IntEnable                      
00005495  IntGPIOb                       
00004cb5  IntIsEnabled                   
0000584d  IntMasterDisable               
0000585d  IntMasterEnable                
000058d9  IntTrigger                     
000057a9  MPU9150AppCallback             
00003ded  MPU9150AppErrorHandler         
0000552d  MPU9150AppI2CWait              
00004635  MPU9150DataAccelGetFloat       
000046b1  MPU9150DataGyroGetFloat        
00004119  MPU9150DataMagnetoGetFloat     
00004d7d  MPU9150DataRead                
000058e5  MPU9150I2CIntHandler           
000049e1  MPU9150Init                    
000041b5  MPU9150Write                   
00004821  PDContUpdatePWM                
00005681  PWMGenConfigure                
0000586d  PWMGenPeriodSet                
000053f1  RGBBlinkIntHandler             
000047a9  RGBBlinkRateSet                
00004385  RGBColorSet                    
00004b1d  RGBDisable                     
00003bc9  RGBEnable                      
000036e5  RGBInit                        
000057d9  RGBIntensitySet                
000022b9  ReadDesiredState               
00005933  ResetISR                       
UNDEFED   SHT$$INIT_ARRAY$$Base          
UNDEFED   SHT$$INIT_ARRAY$$Limit         
00004d19  SetMotorPulseWidth             
000035d5  SysCtlClockGet                 
00005939  SysCtlDelay                    
000054c9  SysCtlPeripheralEnable         
000056e5  UART2IntHandler                
0000593f  UARTClockSourceSet             
000051a1  UARTConfigSetExpClk            
00005705  UARTDisable                    
000057ed  UARTEnable                     
00005945  UARTFIFOLevelSet               
0000558d  UARTFlushRx                    
000053b5  UARTFlushTx                    
00005957  UARTIntClear                   
0000591f  UARTIntEnable                  
00003d3d  UARTStdioConfig                
00002e49  UARTStdioIntHandler            
0000575f  UARTprintf                     
000020cd  UARTvprintf                    
00003e95  UARTwrite                      
0000565d  WriteByteToBuffer              
20000be8  __STACK_END                    
00000400  __STACK_SIZE                   
20000be8  __STACK_TOP                    
00005bc8  __TI_CINIT_Base                
00005bd8  __TI_CINIT_Limit               
00005bb4  __TI_Handler_Table_Base        
00005bc0  __TI_Handler_Table_Limit       
00004895  __TI_auto_init                 
20000c00  __TI_cleanup_ptr               
00004b85  __TI_decompress_lzss           
000058a7  __TI_decompress_none           
20000c04  __TI_dtors_ptr                 
20000c08  __TI_enable_exit_profile_output
ffffffff  __TI_pprof_out_hndl            
ffffffff  __TI_prof_data_size            
ffffffff  __TI_prof_data_start           
00000000  __TI_static_base__             
000058f1  __TI_zero_init                 
00004529  __aeabi_cdcmpeq                
00004529  __aeabi_cdcmple                
000045af  __aeabi_cdrcmple               
00004905  __aeabi_d2f                    
00005271  __aeabi_d2uiz                  
0000281f  __aeabi_dadd                   
00003251  __aeabi_ddiv                   
000037e9  __aeabi_dmul                   
00002815  __aeabi_dsub                   
00005429  __aeabi_f2d                    
00004fdd  __aeabi_f2ulz                  
0000555d  __aeabi_i2d                    
000047a7  __aeabi_idiv0                  
0000472d  __aeabi_memclr                 
0000472d  __aeabi_memclr4                
0000472d  __aeabi_memclr8                
00004251  __aeabi_memcpy                 
00004251  __aeabi_memcpy4                
00004251  __aeabi_memcpy8                
0000472f  __aeabi_memset                 
0000472f  __aeabi_memset4                
0000472f  __aeabi_memset8                
00005725  __aeabi_ui2d                   
00005337  __aeabi_uidiv                  
00005337  __aeabi_uidivmod               
ffffffff  __binit__                      
ffffffff  __c_args__                     
00004973  __mpu_init                     
200007e8  __stack                        
000057c1  _args_main                     
00004ee5  _c_int00                       
20000c18  _lock                          
0000580f  _nop                           
00005807  _register_lock                 
00005801  _register_unlock               
00004e3b  _system_post_cinit             
0000595b  _system_pre_init               
20000c1c  _unlock                        
00004f3d  abort                          
00002b61  asinf                          
00002fa9  atan2f                         
00003101  atanf                          
ffffffff  binit                          
2000078c  buff                           
00005079  copy_in                        
00005815  copysign                       
00005815  copysignl                      
00003c89  cosf                           
20000c14  currPacketIndex                
20000c24  errno                          
00004f45  exit                           
00000000  g_pfnVectors                   
200007a8  g_pui32Colors                  
200005a4  g_sCompDCMInst                 
20000400  g_sI2CInst                     
20000620  g_sMPU9150Inst                 
2000074c  g_sPDControllerInst            
20000770  g_sPWMInst                     
200007c0  g_ui32PrintSkipCounter         
200007c4  g_vui8ErrorFlag                
200007c8  g_vui8I2CDoneFlag              
2000068c  i32FPart                       
200006cc  i32IPart                       
000038e5  ldexp                          
000038e5  ldexpl                         
00001255  main                           
20000c28  main_func_sp                   
00004251  memcpy                         
00004735  memset                         
200007cc  pfAccel                        
2000070c  pfData                         
200007d0  pfEulers                       
200007d4  pfGyro                         
200007d8  pfMag                          
200007dc  pfQuaternion                   
0000026d  pow                            
0000026d  powl                           
20000c10  prevPacketIndex                
000038e5  scalbn                         
000038e5  scalbnl                        
00003f3d  sinf                           
00002cd9  sqrt                           
0000560d  sqrtf                          
00002cd9  sqrtl                          
200007e0  ui32CompDCMStarted             
200007e4  ui32Idx                        
20000c0c  writeCharIndex                 


GLOBAL SYMBOLS: SORTED BY Symbol Address 

address   name                           
-------   ----                           
00000000  __TI_static_base__             
00000000  g_pfnVectors                   
0000026d  pow                            
0000026d  powl                           
00000400  __STACK_SIZE                   
00000c19  ErrorToInput                   
00001255  main                           
00001725  CompDCMUpdate                  
00001b45  ConfigureMPU6050               
00001edd  InitPWM                        
000020cd  UARTvprintf                    
000022b9  ReadDesiredState               
00002491  CompDCMComputeQuaternion       
00002659  ComputeDCMFromEulers           
00002815  __aeabi_dsub                   
0000281f  __aeabi_dadd                   
00002b61  asinf                          
00002cd9  sqrt                           
00002cd9  sqrtl                          
00002e49  UARTStdioIntHandler            
00002fa9  atan2f                         
00003101  atanf                          
00003251  __aeabi_ddiv                   
00003387  GPIOPadConfigSet               
000034b9  CalibrateIMU                   
000035d5  SysCtlClockGet                 
000036e5  RGBInit                        
000037e9  __aeabi_dmul                   
000038e5  ldexp                          
000038e5  ldexpl                         
000038e5  scalbn                         
000038e5  scalbnl                        
000039e1  CompDCMStart                   
00003ad5  I2CMIntHandler                 
00003bc9  RGBEnable                      
00003c89  cosf                           
00003d3d  UARTStdioConfig                
00003ded  MPU9150AppErrorHandler         
00003e95  UARTwrite                      
00003f3d  sinf                           
00003fe1  CalcDutyCycle                  
0000407d  CompDCMComputeEulers           
00004119  MPU9150DataMagnetoGetFloat     
000041b5  MPU9150Write                   
00004251  __aeabi_memcpy                 
00004251  __aeabi_memcpy4                
00004251  __aeabi_memcpy8                
00004251  memcpy                         
00004385  RGBColorSet                    
000044a1  I2CMCommand                    
00004529  __aeabi_cdcmpeq                
00004529  __aeabi_cdcmple                
000045af  __aeabi_cdrcmple               
00004635  MPU9150DataAccelGetFloat       
000046b1  MPU9150DataGyroGetFloat        
0000472d  __aeabi_memclr                 
0000472d  __aeabi_memclr4                
0000472d  __aeabi_memclr8                
0000472f  __aeabi_memset                 
0000472f  __aeabi_memset4                
0000472f  __aeabi_memset8                
00004735  memset                         
000047a7  __aeabi_idiv0                  
000047a9  RGBBlinkRateSet                
00004821  PDContUpdatePWM                
00004895  __TI_auto_init                 
00004905  __aeabi_d2f                    
00004973  __mpu_init                     
00004975  InitHC12UART                   
000049e1  MPU9150Init                    
00004a4d  IntDisable                     
00004ab5  IntEnable                      
00004b1d  RGBDisable                     
00004b85  __TI_decompress_lzss           
00004bed  CalibrateThrottle              
00004c51  ConfigureUART                  
00004cb5  IntIsEnabled                   
00004d19  SetMotorPulseWidth             
00004d7d  MPU9150DataRead                
00004e3b  _system_post_cinit             
00004e3d  CompDCMAccelUpdate             
00004e91  I2CMWrite8                     
00004ee5  _c_int00                       
00004f39  C$$EXIT                        
00004f3d  abort                          
00004f45  exit                           
00004fdd  __aeabi_f2ulz                  
0000502d  I2CMasterInitExpClk            
00005079  copy_in                        
00005111  GPIOPinConfigure               
000051a1  UARTConfigSetExpClk            
000051e9  CompDCMInit                    
00005271  __aeabi_d2uiz                  
00005337  __aeabi_uidiv                  
00005337  __aeabi_uidivmod               
000053b5  UARTFlushTx                    
000053f1  RGBBlinkIntHandler             
00005429  __aeabi_f2d                    
00005461  I2CMInit                       
00005495  IntGPIOb                       
000054c9  SysCtlPeripheralEnable         
000054fd  I2CMTransferResume             
0000552d  MPU9150AppI2CWait              
0000555d  __aeabi_i2d                    
0000558d  UARTFlushRx                    
000055b9  GPIODirModeSet                 
0000560d  sqrtf                          
00005635  CompDCMGyroUpdate              
0000565d  WriteByteToBuffer              
00005681  PWMGenConfigure                
000056c5  InitPDController               
000056e5  UART2IntHandler                
00005705  UARTDisable                    
00005725  __aeabi_ui2d                   
0000575f  UARTprintf                     
00005779  GPIOPinTypeGPIOOutput          
000057a9  MPU9150AppCallback             
000057c1  _args_main                     
000057d9  RGBIntensitySet                
000057ed  UARTEnable                     
00005801  _register_unlock               
00005807  _register_lock                 
0000580f  _nop                           
00005815  copysign                       
00005815  copysignl                      
00005829  GPIOPinTypeI2CSCL              
0000583b  GPIOPinTypeUART                
0000584d  IntMasterDisable               
0000585d  IntMasterEnable                
0000586d  PWMGenPeriodSet                
0000587d  CompDCMMagnetoUpdate           
0000588b  GPIOIntStatus                  
000058a7  __TI_decompress_none           
000058b5  CPUcpsid                       
000058c1  CPUcpsie                       
000058cd  GPIOIntEnable                  
000058d9  IntTrigger                     
000058e5  MPU9150I2CIntHandler           
000058f1  __TI_zero_init                 
000058fd  I2CMasterEnable                
00005907  I2CMasterIntClear              
0000590f  I2CMasterIntEnableEx           
00005917  I2CMasterSlaveAddrSet          
0000591f  UARTIntEnable                  
00005927  GPIOIntClear                   
0000592d  GPIOPinWrite                   
00005933  ResetISR                       
00005939  SysCtlDelay                    
0000593f  UARTClockSourceSet             
00005945  UARTFIFOLevelSet               
0000594b  I2CMasterControl               
0000594f  I2CMasterDataGet               
00005953  I2CMasterDataPut               
00005957  UARTIntClear                   
0000595b  _system_pre_init               
00005bb4  __TI_Handler_Table_Base        
00005bc0  __TI_Handler_Table_Limit       
00005bc8  __TI_CINIT_Base                
00005bd8  __TI_CINIT_Limit               
20000400  g_sI2CInst                     
200005a4  g_sCompDCMInst                 
20000620  g_sMPU9150Inst                 
2000068c  i32FPart                       
200006cc  i32IPart                       
2000070c  pfData                         
2000074c  g_sPDControllerInst            
20000770  g_sPWMInst                     
2000078c  buff                           
200007a8  g_pui32Colors                  
200007c0  g_ui32PrintSkipCounter         
200007c4  g_vui8ErrorFlag                
200007c8  g_vui8I2CDoneFlag              
200007cc  pfAccel                        
200007d0  pfEulers                       
200007d4  pfGyro                         
200007d8  pfMag                          
200007dc  pfQuaternion                   
200007e0  ui32CompDCMStarted             
200007e4  ui32Idx                        
200007e8  __stack                        
20000be8  __STACK_END                    
20000be8  __STACK_TOP                    
20000c00  __TI_cleanup_ptr               
20000c04  __TI_dtors_ptr                 
20000c08  __TI_enable_exit_profile_output
20000c0c  writeCharIndex                 
20000c10  prevPacketIndex                
20000c14  currPacketIndex                
20000c18  _lock                          
20000c1c  _unlock                        
20000c24  errno                          
20000c28  main_func_sp                   
ffffffff  __TI_pprof_out_hndl            
ffffffff  __TI_prof_data_size            
ffffffff  __TI_prof_data_start           
ffffffff  __binit__                      
ffffffff  __c_args__                     
ffffffff  binit                          
UNDEFED   SHT$$INIT_ARRAY$$Base          
UNDEFED   SHT$$INIT_ARRAY$$Limit         

[200 symbols]
