<?xml version="1.0"?>
<link_info>
   <banner>TI ARM Linker Unix v16.9.3.LTS</banner>
   <copyright>Copyright (c) 1996-2017 Texas Instruments Incorporated</copyright>
   <link_time>0x5a7d8b3d</link_time>
   <link_errors>0x0</link_errors>
   <output_file>flight_controller.out</output_file>
   <entry_point>
      <name>_c_int00</name>
      <address>0x4ee5</address>
   </entry_point>
   <input_file_list>
      <input_file id="fl-2">
         <path>./</path>
         <kind>object</kind>
         <file>battery_adc.obj</file>
         <name>battery_adc.obj</name>
      </input_file>
      <input_file id="fl-3">
         <path>./</path>
         <kind>object</kind>
         <file>buffer.obj</file>
         <name>buffer.obj</name>
      </input_file>
      <input_file id="fl-4">
         <path>./</path>
         <kind>object</kind>
         <file>comp_dcm.obj</file>
         <name>comp_dcm.obj</name>
      </input_file>
      <input_file id="fl-5">
         <path>./</path>
         <kind>object</kind>
         <file>controller.obj</file>
         <name>controller.obj</name>
      </input_file>
      <input_file id="fl-6">
         <path>./</path>
         <kind>object</kind>
         <file>escpwm.obj</file>
         <name>escpwm.obj</name>
      </input_file>
      <input_file id="fl-7">
         <path>./</path>
         <kind>object</kind>
         <file>hc12.obj</file>
         <name>hc12.obj</name>
      </input_file>
      <input_file id="fl-8">
         <path>./</path>
         <kind>object</kind>
         <file>main.obj</file>
         <name>main.obj</name>
      </input_file>
      <input_file id="fl-9">
         <path>./</path>
         <kind>object</kind>
         <file>mpu9150mod.obj</file>
         <name>mpu9150mod.obj</name>
      </input_file>
      <input_file id="fl-a">
         <path>./</path>
         <kind>object</kind>
         <file>startup_ccs.obj</file>
         <name>startup_ccs.obj</name>
      </input_file>
      <input_file id="fl-b">
         <path>./drivers/</path>
         <kind>object</kind>
         <file>rgb.obj</file>
         <name>rgb.obj</name>
      </input_file>
      <input_file id="fl-c">
         <path>./utils/</path>
         <kind>object</kind>
         <file>uartstdio.obj</file>
         <name>uartstdio.obj</name>
      </input_file>
      <input_file id="fl-12">
         <kind>object</kind>
         <file>&lt;internal&gt;</file>
         <name>&lt;internal&gt;</name>
      </input_file>
      <input_file id="fl-c8">
         <path>/Applications/ti/ccsv7/tools/compiler/ti-cgt-arm_16.9.3.LTS/lib/</path>
         <kind>archive</kind>
         <file>rtsv7M4_T_le_v4SPD16_eabi.lib</file>
         <name>boot.obj</name>
      </input_file>
      <input_file id="fl-c9">
         <path>/Applications/ti/ccsv7/tools/compiler/ti-cgt-arm_16.9.3.LTS/lib/</path>
         <kind>archive</kind>
         <file>rtsv7M4_T_le_v4SPD16_eabi.lib</file>
         <name>copy_decompress_lzss.obj</name>
      </input_file>
      <input_file id="fl-ca">
         <path>/Applications/ti/ccsv7/tools/compiler/ti-cgt-arm_16.9.3.LTS/lib/</path>
         <kind>archive</kind>
         <file>rtsv7M4_T_le_v4SPD16_eabi.lib</file>
         <name>copy_decompress_none.obj</name>
      </input_file>
      <input_file id="fl-cb">
         <path>/Applications/ti/ccsv7/tools/compiler/ti-cgt-arm_16.9.3.LTS/lib/</path>
         <kind>archive</kind>
         <file>rtsv7M4_T_le_v4SPD16_eabi.lib</file>
         <name>copy_zero_init.obj</name>
      </input_file>
      <input_file id="fl-cc">
         <path>/Applications/ti/ccsv7/tools/compiler/ti-cgt-arm_16.9.3.LTS/lib/</path>
         <kind>archive</kind>
         <file>rtsv7M4_T_le_v4SPD16_eabi.lib</file>
         <name>e_asinf.obj</name>
      </input_file>
      <input_file id="fl-cd">
         <path>/Applications/ti/ccsv7/tools/compiler/ti-cgt-arm_16.9.3.LTS/lib/</path>
         <kind>archive</kind>
         <file>rtsv7M4_T_le_v4SPD16_eabi.lib</file>
         <name>e_atan2f.obj</name>
      </input_file>
      <input_file id="fl-ce">
         <path>/Applications/ti/ccsv7/tools/compiler/ti-cgt-arm_16.9.3.LTS/lib/</path>
         <kind>archive</kind>
         <file>rtsv7M4_T_le_v4SPD16_eabi.lib</file>
         <name>e_pow.obj</name>
      </input_file>
      <input_file id="fl-cf">
         <path>/Applications/ti/ccsv7/tools/compiler/ti-cgt-arm_16.9.3.LTS/lib/</path>
         <kind>archive</kind>
         <file>rtsv7M4_T_le_v4SPD16_eabi.lib</file>
         <name>e_sqrt.obj</name>
      </input_file>
      <input_file id="fl-d0">
         <path>/Applications/ti/ccsv7/tools/compiler/ti-cgt-arm_16.9.3.LTS/lib/</path>
         <kind>archive</kind>
         <file>rtsv7M4_T_le_v4SPD16_eabi.lib</file>
         <name>e_sqrtf.obj</name>
      </input_file>
      <input_file id="fl-d1">
         <path>/Applications/ti/ccsv7/tools/compiler/ti-cgt-arm_16.9.3.LTS/lib/</path>
         <kind>archive</kind>
         <file>rtsv7M4_T_le_v4SPD16_eabi.lib</file>
         <name>errno.obj</name>
      </input_file>
      <input_file id="fl-d2">
         <path>/Applications/ti/ccsv7/tools/compiler/ti-cgt-arm_16.9.3.LTS/lib/</path>
         <kind>archive</kind>
         <file>rtsv7M4_T_le_v4SPD16_eabi.lib</file>
         <name>exit.obj</name>
      </input_file>
      <input_file id="fl-d3">
         <path>/Applications/ti/ccsv7/tools/compiler/ti-cgt-arm_16.9.3.LTS/lib/</path>
         <kind>archive</kind>
         <file>rtsv7M4_T_le_v4SPD16_eabi.lib</file>
         <name>fd_add_t2.obj</name>
      </input_file>
      <input_file id="fl-d4">
         <path>/Applications/ti/ccsv7/tools/compiler/ti-cgt-arm_16.9.3.LTS/lib/</path>
         <kind>archive</kind>
         <file>rtsv7M4_T_le_v4SPD16_eabi.lib</file>
         <name>fd_cmp_t2.obj</name>
      </input_file>
      <input_file id="fl-d5">
         <path>/Applications/ti/ccsv7/tools/compiler/ti-cgt-arm_16.9.3.LTS/lib/</path>
         <kind>archive</kind>
         <file>rtsv7M4_T_le_v4SPD16_eabi.lib</file>
         <name>fd_div_t2.obj</name>
      </input_file>
      <input_file id="fl-d6">
         <path>/Applications/ti/ccsv7/tools/compiler/ti-cgt-arm_16.9.3.LTS/lib/</path>
         <kind>archive</kind>
         <file>rtsv7M4_T_le_v4SPD16_eabi.lib</file>
         <name>fd_mul_t2.obj</name>
      </input_file>
      <input_file id="fl-d7">
         <path>/Applications/ti/ccsv7/tools/compiler/ti-cgt-arm_16.9.3.LTS/lib/</path>
         <kind>archive</kind>
         <file>rtsv7M4_T_le_v4SPD16_eabi.lib</file>
         <name>fd_tos_t2.obj</name>
      </input_file>
      <input_file id="fl-d8">
         <path>/Applications/ti/ccsv7/tools/compiler/ti-cgt-arm_16.9.3.LTS/lib/</path>
         <kind>archive</kind>
         <file>rtsv7M4_T_le_v4SPD16_eabi.lib</file>
         <name>fd_tou_t2.obj</name>
      </input_file>
      <input_file id="fl-d9">
         <path>/Applications/ti/ccsv7/tools/compiler/ti-cgt-arm_16.9.3.LTS/lib/</path>
         <kind>archive</kind>
         <file>rtsv7M4_T_le_v4SPD16_eabi.lib</file>
         <name>fs_tod_t2.obj</name>
      </input_file>
      <input_file id="fl-da">
         <path>/Applications/ti/ccsv7/tools/compiler/ti-cgt-arm_16.9.3.LTS/lib/</path>
         <kind>archive</kind>
         <file>rtsv7M4_T_le_v4SPD16_eabi.lib</file>
         <name>fs_toull_t2.obj</name>
      </input_file>
      <input_file id="fl-db">
         <path>/Applications/ti/ccsv7/tools/compiler/ti-cgt-arm_16.9.3.LTS/lib/</path>
         <kind>archive</kind>
         <file>rtsv7M4_T_le_v4SPD16_eabi.lib</file>
         <name>i_tofd_t2.obj</name>
      </input_file>
      <input_file id="fl-dc">
         <path>/Applications/ti/ccsv7/tools/compiler/ti-cgt-arm_16.9.3.LTS/lib/</path>
         <kind>archive</kind>
         <file>rtsv7M4_T_le_v4SPD16_eabi.lib</file>
         <name>memcpy_t2.obj</name>
      </input_file>
      <input_file id="fl-dd">
         <path>/Applications/ti/ccsv7/tools/compiler/ti-cgt-arm_16.9.3.LTS/lib/</path>
         <kind>archive</kind>
         <file>rtsv7M4_T_le_v4SPD16_eabi.lib</file>
         <name>memset_t2.obj</name>
      </input_file>
      <input_file id="fl-de">
         <path>/Applications/ti/ccsv7/tools/compiler/ti-cgt-arm_16.9.3.LTS/lib/</path>
         <kind>archive</kind>
         <file>rtsv7M4_T_le_v4SPD16_eabi.lib</file>
         <name>mpu_init.obj</name>
      </input_file>
      <input_file id="fl-df">
         <path>/Applications/ti/ccsv7/tools/compiler/ti-cgt-arm_16.9.3.LTS/lib/</path>
         <kind>archive</kind>
         <file>rtsv7M4_T_le_v4SPD16_eabi.lib</file>
         <name>pre_init.obj</name>
      </input_file>
      <input_file id="fl-e0">
         <path>/Applications/ti/ccsv7/tools/compiler/ti-cgt-arm_16.9.3.LTS/lib/</path>
         <kind>archive</kind>
         <file>rtsv7M4_T_le_v4SPD16_eabi.lib</file>
         <name>s_atanf.obj</name>
      </input_file>
      <input_file id="fl-e1">
         <path>/Applications/ti/ccsv7/tools/compiler/ti-cgt-arm_16.9.3.LTS/lib/</path>
         <kind>archive</kind>
         <file>rtsv7M4_T_le_v4SPD16_eabi.lib</file>
         <name>s_cosf.obj</name>
      </input_file>
      <input_file id="fl-e2">
         <path>/Applications/ti/ccsv7/tools/compiler/ti-cgt-arm_16.9.3.LTS/lib/</path>
         <kind>archive</kind>
         <file>rtsv7M4_T_le_v4SPD16_eabi.lib</file>
         <name>s_scalbn.obj</name>
      </input_file>
      <input_file id="fl-e3">
         <path>/Applications/ti/ccsv7/tools/compiler/ti-cgt-arm_16.9.3.LTS/lib/</path>
         <kind>archive</kind>
         <file>rtsv7M4_T_le_v4SPD16_eabi.lib</file>
         <name>s_sinf.obj</name>
      </input_file>
      <input_file id="fl-e4">
         <path>/Applications/ti/ccsv7/tools/compiler/ti-cgt-arm_16.9.3.LTS/lib/</path>
         <kind>archive</kind>
         <file>rtsv7M4_T_le_v4SPD16_eabi.lib</file>
         <name>stkdepth_vars.obj</name>
      </input_file>
      <input_file id="fl-e5">
         <path>/Applications/ti/ccsv7/tools/compiler/ti-cgt-arm_16.9.3.LTS/lib/</path>
         <kind>archive</kind>
         <file>rtsv7M4_T_le_v4SPD16_eabi.lib</file>
         <name>u_divt2.obj</name>
      </input_file>
      <input_file id="fl-e6">
         <path>/Applications/ti/ccsv7/tools/compiler/ti-cgt-arm_16.9.3.LTS/lib/</path>
         <kind>archive</kind>
         <file>rtsv7M4_T_le_v4SPD16_eabi.lib</file>
         <name>u_tofd_t2.obj</name>
      </input_file>
      <input_file id="fl-e7">
         <path>/Applications/ti/ccsv7/tools/compiler/ti-cgt-arm_16.9.3.LTS/lib/</path>
         <kind>archive</kind>
         <file>rtsv7M4_T_le_v4SPD16_eabi.lib</file>
         <name>_lock.obj</name>
      </input_file>
      <input_file id="fl-e8">
         <path>/Applications/ti/ccsv7/tools/compiler/ti-cgt-arm_16.9.3.LTS/lib/</path>
         <kind>archive</kind>
         <file>rtsv7M4_T_le_v4SPD16_eabi.lib</file>
         <name>args_main.obj</name>
      </input_file>
      <input_file id="fl-e9">
         <path>/Applications/ti/ccsv7/tools/compiler/ti-cgt-arm_16.9.3.LTS/lib/</path>
         <kind>archive</kind>
         <file>rtsv7M4_T_le_v4SPD16_eabi.lib</file>
         <name>autoinit.obj</name>
      </input_file>
      <input_file id="fl-ea">
         <path>/Applications/ti/ccsv7/tools/compiler/ti-cgt-arm_16.9.3.LTS/lib/</path>
         <kind>archive</kind>
         <file>rtsv7M4_T_le_v4SPD16_eabi.lib</file>
         <name>cpy_tbl.obj</name>
      </input_file>
      <input_file id="fl-eb">
         <path>/Applications/ti/ccsv7/tools/compiler/ti-cgt-arm_16.9.3.LTS/lib/</path>
         <kind>archive</kind>
         <file>rtsv7M4_T_le_v4SPD16_eabi.lib</file>
         <name>i_div0.obj</name>
      </input_file>
      <input_file id="fl-ec">
         <path>/Applications/ti/ccsv7/tools/compiler/ti-cgt-arm_16.9.3.LTS/lib/</path>
         <kind>archive</kind>
         <file>rtsv7M4_T_le_v4SPD16_eabi.lib</file>
         <name>s_copysign.obj</name>
      </input_file>
      <input_file id="fl-ed">
         <path>/Applications/ti/ccsv7/tools/compiler/ti-cgt-arm_16.9.3.LTS/lib/</path>
         <kind>archive</kind>
         <file>rtsv7M4_T_le_v4SPD16_eabi.lib</file>
         <name>startup.obj</name>
      </input_file>
      <input_file id="fl-ee">
         <path>/Users/maorshutman/ti/TivaWare_C_Series-2.1.3.156/driverlib/ccs/Debug/</path>
         <kind>archive</kind>
         <file>driverlib.lib</file>
         <name>adc.obj</name>
      </input_file>
      <input_file id="fl-ef">
         <path>/Users/maorshutman/ti/TivaWare_C_Series-2.1.3.156/driverlib/ccs/Debug/</path>
         <kind>archive</kind>
         <file>driverlib.lib</file>
         <name>gpio.obj</name>
      </input_file>
      <input_file id="fl-f0">
         <path>/Users/maorshutman/ti/TivaWare_C_Series-2.1.3.156/driverlib/ccs/Debug/</path>
         <kind>archive</kind>
         <file>driverlib.lib</file>
         <name>interrupt.obj</name>
      </input_file>
      <input_file id="fl-f1">
         <path>/Users/maorshutman/ti/TivaWare_C_Series-2.1.3.156/driverlib/ccs/Debug/</path>
         <kind>archive</kind>
         <file>driverlib.lib</file>
         <name>pwm.obj</name>
      </input_file>
      <input_file id="fl-f2">
         <path>/Users/maorshutman/ti/TivaWare_C_Series-2.1.3.156/driverlib/ccs/Debug/</path>
         <kind>archive</kind>
         <file>driverlib.lib</file>
         <name>sysctl.obj</name>
      </input_file>
      <input_file id="fl-f3">
         <path>/Users/maorshutman/ti/TivaWare_C_Series-2.1.3.156/driverlib/ccs/Debug/</path>
         <kind>archive</kind>
         <file>driverlib.lib</file>
         <name>uart.obj</name>
      </input_file>
      <input_file id="fl-f4">
         <path>/Users/maorshutman/ti/TivaWare_C_Series-2.1.3.156/driverlib/ccs/Debug/</path>
         <kind>archive</kind>
         <file>driverlib.lib</file>
         <name>cpu.obj</name>
      </input_file>
      <input_file id="fl-f5">
         <path>/Users/maorshutman/ti/TivaWare_C_Series-2.1.3.156/sensorlib/ccs/Debug/</path>
         <kind>archive</kind>
         <file>sensorlib.lib</file>
         <name>i2cm_drv.obj</name>
      </input_file>
      <input_file id="fl-f6">
         <path>/Users/maorshutman/ti/TivaWare_C_Series-2.1.3.156/driverlib/ccs/Debug/</path>
         <kind>archive</kind>
         <file>driverlib.lib</file>
         <name>i2c.obj</name>
      </input_file>
   </input_file_list>
   <object_component_list>
      <object_component id="oc-f">
         <name>.intvecs</name>
         <load_address>0x0</load_address>
         <run_address>0x0</run_address>
         <size>0x26c</size>
         <input_file_ref idref="fl-a"/>
      </object_component>
      <object_component id="oc-425">
         <name>.text</name>
         <load_address>0x26c</load_address>
         <run_address>0x26c</run_address>
         <size>0x9ac</size>
         <input_file_ref idref="fl-ce"/>
      </object_component>
      <object_component id="oc-298">
         <name>.text:ErrorToInput</name>
         <load_address>0xc18</load_address>
         <run_address>0xc18</run_address>
         <size>0x63c</size>
         <input_file_ref idref="fl-5"/>
      </object_component>
      <object_component id="oc-140">
         <name>.text:main</name>
         <load_address>0x1254</load_address>
         <run_address>0x1254</run_address>
         <size>0x4d0</size>
         <input_file_ref idref="fl-8"/>
      </object_component>
      <object_component id="oc-27a">
         <name>.text:CompDCMUpdate</name>
         <load_address>0x1724</load_address>
         <run_address>0x1724</run_address>
         <size>0x420</size>
         <input_file_ref idref="fl-4"/>
      </object_component>
      <object_component id="oc-211">
         <name>.text:ConfigureMPU6050</name>
         <load_address>0x1b44</load_address>
         <run_address>0x1b44</run_address>
         <size>0x398</size>
         <input_file_ref idref="fl-8"/>
      </object_component>
      <object_component id="oc-1ff">
         <name>.text:InitPWM</name>
         <load_address>0x1edc</load_address>
         <run_address>0x1edc</run_address>
         <size>0x1f0</size>
         <input_file_ref idref="fl-6"/>
      </object_component>
      <object_component id="oc-408">
         <name>.text:UARTvprintf</name>
         <load_address>0x20cc</load_address>
         <run_address>0x20cc</run_address>
         <size>0x1ea</size>
         <input_file_ref idref="fl-c"/>
      </object_component>
      <object_component id="oc-37">
         <name>.text:FaultISR</name>
         <load_address>0x22b6</load_address>
         <run_address>0x22b6</run_address>
         <size>0x2</size>
         <input_file_ref idref="fl-a"/>
      </object_component>
      <object_component id="oc-292">
         <name>.text:ReadDesiredState</name>
         <load_address>0x22b8</load_address>
         <run_address>0x22b8</run_address>
         <size>0x1d8</size>
         <input_file_ref idref="fl-5"/>
      </object_component>
      <object_component id="oc-286">
         <name>.text:CompDCMComputeQuaternion</name>
         <load_address>0x2490</load_address>
         <run_address>0x2490</run_address>
         <size>0x1c8</size>
         <input_file_ref idref="fl-4"/>
      </object_component>
      <object_component id="oc-3ff">
         <name>.text:ComputeDCMFromEulers</name>
         <load_address>0x2658</load_address>
         <run_address>0x2658</run_address>
         <size>0x1bc</size>
         <input_file_ref idref="fl-4"/>
      </object_component>
      <object_component id="oc-3fa">
         <name>.text</name>
         <load_address>0x2814</load_address>
         <run_address>0x2814</run_address>
         <size>0x1b6</size>
         <input_file_ref idref="fl-d3"/>
      </object_component>
      <object_component id="oc-3d">
         <name>.text:IntDefaultHandler</name>
         <load_address>0x29ca</load_address>
         <run_address>0x29ca</run_address>
         <size>0x2</size>
         <input_file_ref idref="fl-a"/>
      </object_component>
      <object_component id="oc-15c">
         <name>.text:MPU9150Callback</name>
         <load_address>0x29cc</load_address>
         <run_address>0x29cc</run_address>
         <size>0x194</size>
         <input_file_ref idref="fl-9"/>
      </object_component>
      <object_component id="oc-3e1">
         <name>.text</name>
         <load_address>0x2b60</load_address>
         <run_address>0x2b60</run_address>
         <size>0x178</size>
         <input_file_ref idref="fl-cc"/>
      </object_component>
      <object_component id="oc-4ba">
         <name>.text</name>
         <load_address>0x2cd8</load_address>
         <run_address>0x2cd8</run_address>
         <size>0x170</size>
         <input_file_ref idref="fl-cf"/>
      </object_component>
      <object_component id="oc-49">
         <name>.text:UARTStdioIntHandler</name>
         <load_address>0x2e48</load_address>
         <run_address>0x2e48</run_address>
         <size>0x160</size>
         <input_file_ref idref="fl-c"/>
      </object_component>
      <object_component id="oc-3e7">
         <name>.text</name>
         <load_address>0x2fa8</load_address>
         <run_address>0x2fa8</run_address>
         <size>0x158</size>
         <input_file_ref idref="fl-cd"/>
      </object_component>
      <object_component id="oc-4ca">
         <name>.text</name>
         <load_address>0x3100</load_address>
         <run_address>0x3100</run_address>
         <size>0x150</size>
         <input_file_ref idref="fl-e0"/>
      </object_component>
      <object_component id="oc-245">
         <name>.text</name>
         <load_address>0x3250</load_address>
         <run_address>0x3250</run_address>
         <size>0x136</size>
         <input_file_ref idref="fl-d5"/>
      </object_component>
      <object_component id="oc-3af">
         <name>.text:GPIOPadConfigSet</name>
         <load_address>0x3386</load_address>
         <run_address>0x3386</run_address>
         <size>0x132</size>
         <input_file_ref idref="fl-ef"/>
      </object_component>
      <object_component id="oc-217">
         <name>.text:CalibrateIMU</name>
         <load_address>0x34b8</load_address>
         <run_address>0x34b8</run_address>
         <size>0x11c</size>
         <input_file_ref idref="fl-8"/>
      </object_component>
      <object_component id="oc-235">
         <name>.text:SysCtlClockGet</name>
         <load_address>0x35d4</load_address>
         <run_address>0x35d4</run_address>
         <size>0x110</size>
         <input_file_ref idref="fl-f2"/>
      </object_component>
      <object_component id="oc-367">
         <name>.text:RGBInit</name>
         <load_address>0x36e4</load_address>
         <run_address>0x36e4</run_address>
         <size>0x104</size>
         <input_file_ref idref="fl-b"/>
      </object_component>
      <object_component id="oc-240">
         <name>.text</name>
         <load_address>0x37e8</load_address>
         <run_address>0x37e8</run_address>
         <size>0xfc</size>
         <input_file_ref idref="fl-d6"/>
      </object_component>
      <object_component id="oc-4ed">
         <name>.text</name>
         <load_address>0x38e4</load_address>
         <run_address>0x38e4</run_address>
         <size>0xfc</size>
         <input_file_ref idref="fl-e2"/>
      </object_component>
      <object_component id="oc-274">
         <name>.text:CompDCMStart</name>
         <load_address>0x39e0</load_address>
         <run_address>0x39e0</run_address>
         <size>0xf4</size>
         <input_file_ref idref="fl-4"/>
      </object_component>
      <object_component id="oc-102">
         <name>.text:I2CMIntHandler</name>
         <load_address>0x3ad4</load_address>
         <run_address>0x3ad4</run_address>
         <size>0xf2</size>
         <input_file_ref idref="fl-f5"/>
      </object_component>
      <object_component id="oc-31">
         <name>.text:NmiSR</name>
         <load_address>0x3bc6</load_address>
         <run_address>0x3bc6</run_address>
         <size>0x2</size>
         <input_file_ref idref="fl-a"/>
      </object_component>
      <object_component id="oc-110">
         <name>.text:RGBEnable</name>
         <load_address>0x3bc8</load_address>
         <run_address>0x3bc8</run_address>
         <size>0xc0</size>
         <input_file_ref idref="fl-b"/>
      </object_component>
      <object_component id="oc-3ed">
         <name>.text</name>
         <load_address>0x3c88</load_address>
         <run_address>0x3c88</run_address>
         <size>0xb4</size>
         <input_file_ref idref="fl-e1"/>
      </object_component>
      <object_component id="oc-46e">
         <name>.text:UARTStdioConfig</name>
         <load_address>0x3d3c</load_address>
         <run_address>0x3d3c</run_address>
         <size>0xb0</size>
         <input_file_ref idref="fl-c"/>
      </object_component>
      <object_component id="oc-48f">
         <name>.text:MPU9150AppErrorHandler</name>
         <load_address>0x3dec</load_address>
         <run_address>0x3dec</run_address>
         <size>0xa8</size>
         <input_file_ref idref="fl-8"/>
      </object_component>
      <object_component id="oc-da">
         <name>.text:UARTwrite</name>
         <load_address>0x3e94</load_address>
         <run_address>0x3e94</run_address>
         <size>0xa8</size>
         <input_file_ref idref="fl-c"/>
      </object_component>
      <object_component id="oc-3f3">
         <name>.text</name>
         <load_address>0x3f3c</load_address>
         <run_address>0x3f3c</run_address>
         <size>0xa4</size>
         <input_file_ref idref="fl-e3"/>
      </object_component>
      <object_component id="oc-42c">
         <name>.text:CalcDutyCycle</name>
         <load_address>0x3fe0</load_address>
         <run_address>0x3fe0</run_address>
         <size>0x9c</size>
         <input_file_ref idref="fl-5"/>
      </object_component>
      <object_component id="oc-280">
         <name>.text:CompDCMComputeEulers</name>
         <load_address>0x407c</load_address>
         <run_address>0x407c</run_address>
         <size>0x9c</size>
         <input_file_ref idref="fl-4"/>
      </object_component>
      <object_component id="oc-25c">
         <name>.text:MPU9150DataMagnetoGetFloat</name>
         <load_address>0x4118</load_address>
         <run_address>0x4118</run_address>
         <size>0x9c</size>
         <input_file_ref idref="fl-9"/>
      </object_component>
      <object_component id="oc-397">
         <name>.text:MPU9150Write</name>
         <load_address>0x41b4</load_address>
         <run_address>0x41b4</run_address>
         <size>0x9c</size>
         <input_file_ref idref="fl-9"/>
      </object_component>
      <object_component id="oc-6f">
         <name>.text</name>
         <load_address>0x4250</load_address>
         <run_address>0x4250</run_address>
         <size>0x9c</size>
         <input_file_ref idref="fl-dc"/>
      </object_component>
      <object_component id="oc-1e4">
         <name>.text:I2CMStateIdle</name>
         <load_address>0x42ec</load_address>
         <run_address>0x42ec</run_address>
         <size>0x98</size>
         <input_file_ref idref="fl-f5"/>
      </object_component>
      <object_component id="oc-36d">
         <name>.text:RGBColorSet</name>
         <load_address>0x4384</load_address>
         <run_address>0x4384</run_address>
         <size>0x90</size>
         <input_file_ref idref="fl-b"/>
      </object_component>
      <object_component id="oc-ce">
         <name>.text:UARTPrimeTransmit</name>
         <load_address>0x4414</load_address>
         <run_address>0x4414</run_address>
         <size>0x8c</size>
         <input_file_ref idref="fl-c"/>
      </object_component>
      <object_component id="oc-156">
         <name>.text:I2CMCommand</name>
         <load_address>0x44a0</load_address>
         <run_address>0x44a0</run_address>
         <size>0x88</size>
         <input_file_ref idref="fl-f5"/>
      </object_component>
      <object_component id="oc-41a">
         <name>.text:__aeabi_cdcmple</name>
         <load_address>0x4528</load_address>
         <run_address>0x4528</run_address>
         <size>0x86</size>
         <input_file_ref idref="fl-d4"/>
      </object_component>
      <object_component id="oc-41f">
         <name>.text:__aeabi_cdrcmple</name>
         <load_address>0x45ae</load_address>
         <run_address>0x45ae</run_address>
         <size>0x86</size>
         <input_file_ref idref="fl-d4"/>
      </object_component>
      <object_component id="oc-250">
         <name>.text:MPU9150DataAccelGetFloat</name>
         <load_address>0x4634</load_address>
         <run_address>0x4634</run_address>
         <size>0x7c</size>
         <input_file_ref idref="fl-9"/>
      </object_component>
      <object_component id="oc-256">
         <name>.text:MPU9150DataGyroGetFloat</name>
         <load_address>0x46b0</load_address>
         <run_address>0x46b0</run_address>
         <size>0x7c</size>
         <input_file_ref idref="fl-9"/>
      </object_component>
      <object_component id="oc-7b">
         <name>.text</name>
         <load_address>0x472c</load_address>
         <run_address>0x472c</run_address>
         <size>0x7a</size>
         <input_file_ref idref="fl-dd"/>
      </object_component>
      <object_component id="oc-542">
         <name>.text</name>
         <load_address>0x47a6</load_address>
         <run_address>0x47a6</run_address>
         <size>0x2</size>
         <input_file_ref idref="fl-eb"/>
      </object_component>
      <object_component id="oc-3a3">
         <name>.text:RGBBlinkRateSet</name>
         <load_address>0x47a8</load_address>
         <run_address>0x47a8</run_address>
         <size>0x78</size>
         <input_file_ref idref="fl-b"/>
      </object_component>
      <object_component id="oc-29e">
         <name>.text:PDContUpdatePWM</name>
         <load_address>0x4820</load_address>
         <run_address>0x4820</run_address>
         <size>0x74</size>
         <input_file_ref idref="fl-5"/>
      </object_component>
      <object_component id="oc-93">
         <name>.text</name>
         <load_address>0x4894</load_address>
         <run_address>0x4894</run_address>
         <size>0x70</size>
         <input_file_ref idref="fl-e9"/>
      </object_component>
      <object_component id="oc-3d2">
         <name>.text</name>
         <load_address>0x4904</load_address>
         <run_address>0x4904</run_address>
         <size>0x6e</size>
         <input_file_ref idref="fl-d7"/>
      </object_component>
      <object_component id="oc-87">
         <name>.text</name>
         <load_address>0x4972</load_address>
         <run_address>0x4972</run_address>
         <size>0x2</size>
         <input_file_ref idref="fl-de"/>
      </object_component>
      <object_component id="oc-20b">
         <name>.text:InitHC12UART</name>
         <load_address>0x4974</load_address>
         <run_address>0x4974</run_address>
         <size>0x6c</size>
         <input_file_ref idref="fl-7"/>
      </object_component>
      <object_component id="oc-38b">
         <name>.text:MPU9150Init</name>
         <load_address>0x49e0</load_address>
         <run_address>0x49e0</run_address>
         <size>0x6c</size>
         <input_file_ref idref="fl-9"/>
      </object_component>
      <object_component id="oc-2d0">
         <name>.text:IntDisable</name>
         <load_address>0x4a4c</load_address>
         <run_address>0x4a4c</run_address>
         <size>0x68</size>
         <input_file_ref idref="fl-f0"/>
      </object_component>
      <object_component id="oc-2dc">
         <name>.text:IntEnable</name>
         <load_address>0x4ab4</load_address>
         <run_address>0x4ab4</run_address>
         <size>0x68</size>
         <input_file_ref idref="fl-f0"/>
      </object_component>
      <object_component id="oc-10a">
         <name>.text:RGBDisable</name>
         <load_address>0x4b1c</load_address>
         <run_address>0x4b1c</run_address>
         <size>0x68</size>
         <input_file_ref idref="fl-b"/>
      </object_component>
      <object_component id="oc-12">
         <name>.text:decompress:lzss</name>
         <load_address>0x4b84</load_address>
         <run_address>0x4b84</run_address>
         <size>0x68</size>
         <input_file_ref idref="fl-c9"/>
      </object_component>
      <object_component id="oc-205">
         <name>.text:CalibrateThrottle</name>
         <load_address>0x4bec</load_address>
         <run_address>0x4bec</run_address>
         <size>0x64</size>
         <input_file_ref idref="fl-6"/>
      </object_component>
      <object_component id="oc-361">
         <name>.text:ConfigureUART</name>
         <load_address>0x4c50</load_address>
         <run_address>0x4c50</run_address>
         <size>0x64</size>
         <input_file_ref idref="fl-8"/>
      </object_component>
      <object_component id="oc-2ca">
         <name>.text:IntIsEnabled</name>
         <load_address>0x4cb4</load_address>
         <run_address>0x4cb4</run_address>
         <size>0x64</size>
         <input_file_ref idref="fl-f0"/>
      </object_component>
      <object_component id="oc-335">
         <name>.text:SetMotorPulseWidth</name>
         <load_address>0x4d18</load_address>
         <run_address>0x4d18</run_address>
         <size>0x64</size>
         <input_file_ref idref="fl-6"/>
      </object_component>
      <object_component id="oc-b9">
         <name>.text:MPU9150DataRead</name>
         <load_address>0x4d7c</load_address>
         <run_address>0x4d7c</run_address>
         <size>0x60</size>
         <input_file_ref idref="fl-9"/>
      </object_component>
      <object_component id="oc-1d2">
         <name>.text:I2CMStateWritePause</name>
         <load_address>0x4ddc</load_address>
         <run_address>0x4ddc</run_address>
         <size>0x5e</size>
         <input_file_ref idref="fl-f5"/>
      </object_component>
      <object_component id="oc-138">
         <name>.text</name>
         <load_address>0x4e3a</load_address>
         <run_address>0x4e3a</run_address>
         <size>0x2</size>
         <input_file_ref idref="fl-ed"/>
      </object_component>
      <object_component id="oc-268">
         <name>.text:CompDCMAccelUpdate</name>
         <load_address>0x4e3c</load_address>
         <run_address>0x4e3c</run_address>
         <size>0x54</size>
         <input_file_ref idref="fl-4"/>
      </object_component>
      <object_component id="oc-496">
         <name>.text:I2CMWrite8</name>
         <load_address>0x4e90</load_address>
         <run_address>0x4e90</run_address>
         <size>0x54</size>
         <input_file_ref idref="fl-f5"/>
      </object_component>
      <object_component id="oc-24">
         <name>.text</name>
         <load_address>0x4ee4</load_address>
         <run_address>0x4ee4</run_address>
         <size>0x54</size>
         <input_file_ref idref="fl-c8"/>
      </object_component>
      <object_component id="oc-9f">
         <name>.text</name>
         <load_address>0x4f38</load_address>
         <run_address>0x4f38</run_address>
         <size>0x54</size>
         <input_file_ref idref="fl-d2"/>
      </object_component>
      <object_component id="oc-1d8">
         <name>.text:I2CMStateWriteFinal</name>
         <load_address>0x4f8c</load_address>
         <run_address>0x4f8c</run_address>
         <size>0x50</size>
         <input_file_ref idref="fl-f5"/>
      </object_component>
      <object_component id="oc-49e">
         <name>.text</name>
         <load_address>0x4fdc</load_address>
         <run_address>0x4fdc</run_address>
         <size>0x50</size>
         <input_file_ref idref="fl-da"/>
      </object_component>
      <object_component id="oc-481">
         <name>.text:I2CMasterInitExpClk</name>
         <load_address>0x502c</load_address>
         <run_address>0x502c</run_address>
         <size>0x4c</size>
         <input_file_ref idref="fl-f6"/>
      </object_component>
      <object_component id="oc-132">
         <name>.text</name>
         <load_address>0x5078</load_address>
         <run_address>0x5078</run_address>
         <size>0x4c</size>
         <input_file_ref idref="fl-ea"/>
      </object_component>
      <object_component id="oc-1c0">
         <name>.text:I2CMStateReadNext</name>
         <load_address>0x50c4</load_address>
         <run_address>0x50c4</run_address>
         <size>0x4a</size>
         <input_file_ref idref="fl-f5"/>
      </object_component>
      <object_component id="oc-33c">
         <name>.text:GPIOPinConfigure</name>
         <load_address>0x5110</load_address>
         <run_address>0x5110</run_address>
         <size>0x48</size>
         <input_file_ref idref="fl-ef"/>
      </object_component>
      <object_component id="oc-1de">
         <name>.text:I2CMStateWriteNext</name>
         <load_address>0x5158</load_address>
         <run_address>0x5158</run_address>
         <size>0x48</size>
         <input_file_ref idref="fl-f5"/>
      </object_component>
      <object_component id="oc-348">
         <name>.text:UARTConfigSetExpClk</name>
         <load_address>0x51a0</load_address>
         <run_address>0x51a0</run_address>
         <size>0x46</size>
         <input_file_ref idref="fl-f3"/>
      </object_component>
      <object_component id="oc-39d">
         <name>.text:CompDCMInit</name>
         <load_address>0x51e8</load_address>
         <run_address>0x51e8</run_address>
         <size>0x44</size>
         <input_file_ref idref="fl-4"/>
      </object_component>
      <object_component id="oc-1a8">
         <name>.text:I2CMStateCallback</name>
         <load_address>0x522c</load_address>
         <run_address>0x522c</run_address>
         <size>0x44</size>
         <input_file_ref idref="fl-f5"/>
      </object_component>
      <object_component id="oc-24a">
         <name>.text</name>
         <load_address>0x5270</load_address>
         <run_address>0x5270</run_address>
         <size>0x44</size>
         <input_file_ref idref="fl-d8"/>
      </object_component>
      <object_component id="oc-1ba">
         <name>.text:I2CMStateReadFinal</name>
         <load_address>0x52b4</load_address>
         <run_address>0x52b4</run_address>
         <size>0x42</size>
         <input_file_ref idref="fl-f5"/>
      </object_component>
      <object_component id="oc-52a">
         <name>.text:I2CMWrite8Callback</name>
         <load_address>0x52f6</load_address>
         <run_address>0x52f6</run_address>
         <size>0x40</size>
         <input_file_ref idref="fl-f5"/>
      </object_component>
      <object_component id="oc-4d6">
         <name>.text</name>
         <load_address>0x5336</load_address>
         <run_address>0x5336</run_address>
         <size>0x40</size>
         <input_file_ref idref="fl-e5"/>
      </object_component>
      <object_component id="oc-1b4">
         <name>.text:I2CMStateReadPause</name>
         <load_address>0x5376</load_address>
         <run_address>0x5376</run_address>
         <size>0x3e</size>
         <input_file_ref idref="fl-f5"/>
      </object_component>
      <object_component id="oc-50e">
         <name>.text:UARTFlushTx</name>
         <load_address>0x53b4</load_address>
         <run_address>0x53b4</run_address>
         <size>0x3c</size>
         <input_file_ref idref="fl-c"/>
      </object_component>
      <object_component id="oc-5b">
         <name>.text:RGBBlinkIntHandler</name>
         <load_address>0x53f0</load_address>
         <run_address>0x53f0</run_address>
         <size>0x38</size>
         <input_file_ref idref="fl-b"/>
      </object_component>
      <object_component id="oc-3cd">
         <name>.text</name>
         <load_address>0x5428</load_address>
         <run_address>0x5428</run_address>
         <size>0x38</size>
         <input_file_ref idref="fl-d9"/>
      </object_component>
      <object_component id="oc-385">
         <name>.text:I2CMInit</name>
         <load_address>0x5460</load_address>
         <run_address>0x5460</run_address>
         <size>0x34</size>
         <input_file_ref idref="fl-f5"/>
      </object_component>
      <object_component id="oc-43">
         <name>.text:IntGPIOb</name>
         <load_address>0x5494</load_address>
         <run_address>0x5494</run_address>
         <size>0x34</size>
         <input_file_ref idref="fl-8"/>
      </object_component>
      <object_component id="oc-223">
         <name>.text:SysCtlPeripheralEnable</name>
         <load_address>0x54c8</load_address>
         <run_address>0x54c8</run_address>
         <size>0x34</size>
         <input_file_ref idref="fl-f2"/>
      </object_component>
      <object_component id="oc-55e">
         <name>.text:I2CMTransferResume</name>
         <load_address>0x54fc</load_address>
         <run_address>0x54fc</run_address>
         <size>0x30</size>
         <input_file_ref idref="fl-f5"/>
      </object_component>
      <object_component id="oc-391">
         <name>.text:MPU9150AppI2CWait</name>
         <load_address>0x552c</load_address>
         <run_address>0x552c</run_address>
         <size>0x30</size>
         <input_file_ref idref="fl-8"/>
      </object_component>
      <object_component id="oc-4e5">
         <name>.text</name>
         <load_address>0x555c</load_address>
         <run_address>0x555c</run_address>
         <size>0x2e</size>
         <input_file_ref idref="fl-db"/>
      </object_component>
      <object_component id="oc-508">
         <name>.text:UARTFlushRx</name>
         <load_address>0x558c</load_address>
         <run_address>0x558c</run_address>
         <size>0x2c</size>
         <input_file_ref idref="fl-c"/>
      </object_component>
      <object_component id="oc-3b5">
         <name>.text:GPIODirModeSet</name>
         <load_address>0x55b8</load_address>
         <run_address>0x55b8</run_address>
         <size>0x2a</size>
         <input_file_ref idref="fl-ef"/>
      </object_component>
      <object_component id="oc-1c6">
         <name>.text:I2CMStateReadFirst</name>
         <load_address>0x55e2</load_address>
         <run_address>0x55e2</run_address>
         <size>0x2a</size>
         <input_file_ref idref="fl-f5"/>
      </object_component>
      <object_component id="oc-3db">
         <name>.text</name>
         <load_address>0x560c</load_address>
         <run_address>0x560c</run_address>
         <size>0x28</size>
         <input_file_ref idref="fl-d0"/>
      </object_component>
      <object_component id="oc-26e">
         <name>.text:CompDCMGyroUpdate</name>
         <load_address>0x5634</load_address>
         <run_address>0x5634</run_address>
         <size>0x26</size>
         <input_file_ref idref="fl-4"/>
      </object_component>
      <object_component id="oc-fb">
         <name>.text:WriteByteToBuffer</name>
         <load_address>0x565c</load_address>
         <run_address>0x565c</run_address>
         <size>0x24</size>
         <input_file_ref idref="fl-3"/>
      </object_component>
      <object_component id="oc-327">
         <name>.text:PWMGenConfigure</name>
         <load_address>0x5680</load_address>
         <run_address>0x5680</run_address>
         <size>0x22</size>
         <input_file_ref idref="fl-f1"/>
      </object_component>
      <object_component id="oc-1cc">
         <name>.text:I2CMStateReadOne</name>
         <load_address>0x56a2</load_address>
         <run_address>0x56a2</run_address>
         <size>0x20</size>
         <input_file_ref idref="fl-f5"/>
      </object_component>
      <object_component id="oc-21d">
         <name>.text:InitPDController</name>
         <load_address>0x56c4</load_address>
         <run_address>0x56c4</run_address>
         <size>0x20</size>
         <input_file_ref idref="fl-5"/>
      </object_component>
      <object_component id="oc-4f">
         <name>.text:UART2IntHandler</name>
         <load_address>0x56e4</load_address>
         <run_address>0x56e4</run_address>
         <size>0x20</size>
         <input_file_ref idref="fl-7"/>
      </object_component>
      <object_component id="oc-452">
         <name>.text:UARTDisable</name>
         <load_address>0x5704</load_address>
         <run_address>0x5704</run_address>
         <size>0x20</size>
         <input_file_ref idref="fl-f3"/>
      </object_component>
      <object_component id="oc-23b">
         <name>.text</name>
         <load_address>0x5724</load_address>
         <run_address>0x5724</run_address>
         <size>0x20</size>
         <input_file_ref idref="fl-e6"/>
      </object_component>
      <object_component id="oc-1ae">
         <name>.text:I2CMStateReadWait</name>
         <load_address>0x5744</load_address>
         <run_address>0x5744</run_address>
         <size>0x1a</size>
         <input_file_ref idref="fl-f5"/>
      </object_component>
      <object_component id="oc-28c">
         <name>.text:UARTprintf</name>
         <load_address>0x575e</load_address>
         <run_address>0x575e</run_address>
         <size>0x1a</size>
         <input_file_ref idref="fl-c"/>
      </object_component>
      <object_component id="oc-229">
         <name>.text:GPIOPinTypeGPIOOutput</name>
         <load_address>0x5778</load_address>
         <run_address>0x5778</run_address>
         <size>0x18</size>
         <input_file_ref idref="fl-ef"/>
      </object_component>
      <object_component id="oc-e0">
         <name>.text:IsBufferFull</name>
         <load_address>0x5790</load_address>
         <run_address>0x5790</run_address>
         <size>0x18</size>
         <input_file_ref idref="fl-c"/>
      </object_component>
      <object_component id="oc-c2">
         <name>.text:MPU9150AppCallback</name>
         <load_address>0x57a8</load_address>
         <run_address>0x57a8</run_address>
         <size>0x18</size>
         <input_file_ref idref="fl-8"/>
      </object_component>
      <object_component id="oc-99">
         <name>.text</name>
         <load_address>0x57c0</load_address>
         <run_address>0x57c0</run_address>
         <size>0x18</size>
         <input_file_ref idref="fl-e8"/>
      </object_component>
      <object_component id="oc-373">
         <name>.text:RGBIntensitySet</name>
         <load_address>0x57d8</load_address>
         <run_address>0x57d8</run_address>
         <size>0x14</size>
         <input_file_ref idref="fl-b"/>
      </object_component>
      <object_component id="oc-458">
         <name>.text:UARTEnable</name>
         <load_address>0x57ec</load_address>
         <run_address>0x57ec</run_address>
         <size>0x14</size>
         <input_file_ref idref="fl-f3"/>
      </object_component>
      <object_component id="oc-2bc">
         <name>.text</name>
         <load_address>0x5800</load_address>
         <run_address>0x5800</run_address>
         <size>0x14</size>
         <input_file_ref idref="fl-e7"/>
      </object_component>
      <object_component id="oc-54d">
         <name>.text</name>
         <load_address>0x5814</load_address>
         <run_address>0x5814</run_address>
         <size>0x14</size>
         <input_file_ref idref="fl-ec"/>
      </object_component>
      <object_component id="oc-379">
         <name>.text:GPIOPinTypeI2CSCL</name>
         <load_address>0x5828</load_address>
         <run_address>0x5828</run_address>
         <size>0x12</size>
         <input_file_ref idref="fl-ef"/>
      </object_component>
      <object_component id="oc-342">
         <name>.text:GPIOPinTypeUART</name>
         <load_address>0x583a</load_address>
         <run_address>0x583a</run_address>
         <size>0x12</size>
         <input_file_ref idref="fl-ef"/>
      </object_component>
      <object_component id="oc-414">
         <name>.text:IntMasterDisable</name>
         <load_address>0x584c</load_address>
         <run_address>0x584c</run_address>
         <size>0x10</size>
         <input_file_ref idref="fl-f0"/>
      </object_component>
      <object_component id="oc-34e">
         <name>.text:IntMasterEnable</name>
         <load_address>0x585c</load_address>
         <run_address>0x585c</run_address>
         <size>0x10</size>
         <input_file_ref idref="fl-f0"/>
      </object_component>
      <object_component id="oc-32d">
         <name>.text:PWMGenPeriodSet</name>
         <load_address>0x586c</load_address>
         <run_address>0x586c</run_address>
         <size>0x10</size>
         <input_file_ref idref="fl-f1"/>
      </object_component>
      <object_component id="oc-262">
         <name>.text:CompDCMMagnetoUpdate</name>
         <load_address>0x587c</load_address>
         <run_address>0x587c</run_address>
         <size>0xe</size>
         <input_file_ref idref="fl-4"/>
      </object_component>
      <object_component id="oc-ad">
         <name>.text:GPIOIntStatus</name>
         <load_address>0x588a</load_address>
         <run_address>0x588a</run_address>
         <size>0xe</size>
         <input_file_ref idref="fl-ef"/>
      </object_component>
      <object_component id="oc-d4">
         <name>.text:IsBufferEmpty</name>
         <load_address>0x5898</load_address>
         <run_address>0x5898</run_address>
         <size>0xe</size>
         <input_file_ref idref="fl-c"/>
      </object_component>
      <object_component id="oc-18">
         <name>.text:decompress:none</name>
         <load_address>0x58a6</load_address>
         <run_address>0x58a6</run_address>
         <size>0xe</size>
         <input_file_ref idref="fl-ca"/>
      </object_component>
      <object_component id="oc-4dc">
         <name>.text:CPUcpsid</name>
         <load_address>0x58b4</load_address>
         <run_address>0x58b4</run_address>
         <size>0xc</size>
         <input_file_ref idref="fl-f4"/>
      </object_component>
      <object_component id="oc-45f">
         <name>.text:CPUcpsie</name>
         <load_address>0x58c0</load_address>
         <run_address>0x58c0</run_address>
         <size>0xc</size>
         <input_file_ref idref="fl-f4"/>
      </object_component>
      <object_component id="oc-37f">
         <name>.text:GPIOIntEnable</name>
         <load_address>0x58cc</load_address>
         <run_address>0x58cc</run_address>
         <size>0xc</size>
         <input_file_ref idref="fl-ef"/>
      </object_component>
      <object_component id="oc-2d6">
         <name>.text:IntTrigger</name>
         <load_address>0x58d8</load_address>
         <run_address>0x58d8</run_address>
         <size>0xc</size>
         <input_file_ref idref="fl-f0"/>
      </object_component>
      <object_component id="oc-55">
         <name>.text:MPU9150I2CIntHandler</name>
         <load_address>0x58e4</load_address>
         <run_address>0x58e4</run_address>
         <size>0xc</size>
         <input_file_ref idref="fl-8"/>
      </object_component>
      <object_component id="oc-1e">
         <name>.text:decompress:ZI</name>
         <load_address>0x58f0</load_address>
         <run_address>0x58f0</run_address>
         <size>0xc</size>
         <input_file_ref idref="fl-cb"/>
      </object_component>
      <object_component id="oc-521">
         <name>.text:I2CMasterEnable</name>
         <load_address>0x58fc</load_address>
         <run_address>0x58fc</run_address>
         <size>0xa</size>
         <input_file_ref idref="fl-f6"/>
      </object_component>
      <object_component id="oc-19c">
         <name>.text:I2CMasterIntClear</name>
         <load_address>0x5906</load_address>
         <run_address>0x5906</run_address>
         <size>0x8</size>
         <input_file_ref idref="fl-f6"/>
      </object_component>
      <object_component id="oc-487">
         <name>.text:I2CMasterIntEnableEx</name>
         <load_address>0x590e</load_address>
         <run_address>0x590e</run_address>
         <size>0x8</size>
         <input_file_ref idref="fl-f6"/>
      </object_component>
      <object_component id="oc-307">
         <name>.text:I2CMasterSlaveAddrSet</name>
         <load_address>0x5916</load_address>
         <run_address>0x5916</run_address>
         <size>0x8</size>
         <input_file_ref idref="fl-f6"/>
      </object_component>
      <object_component id="oc-35a">
         <name>.text:UARTIntEnable</name>
         <load_address>0x591e</load_address>
         <run_address>0x591e</run_address>
         <size>0x8</size>
         <input_file_ref idref="fl-f3"/>
      </object_component>
      <object_component id="oc-b3">
         <name>.text:GPIOIntClear</name>
         <load_address>0x5926</load_address>
         <run_address>0x5926</run_address>
         <size>0x6</size>
         <input_file_ref idref="fl-ef"/>
      </object_component>
      <object_component id="oc-22f">
         <name>.text:GPIOPinWrite</name>
         <load_address>0x592c</load_address>
         <run_address>0x592c</run_address>
         <size>0x6</size>
         <input_file_ref idref="fl-ef"/>
      </object_component>
      <object_component id="oc-2b">
         <name>.text:ResetISR</name>
         <load_address>0x5932</load_address>
         <run_address>0x5932</run_address>
         <size>0x6</size>
         <input_file_ref idref="fl-a"/>
      </object_component>
      <object_component id="oc-24f">
         <name>.text:SysCtlDelay</name>
         <load_address>0x5938</load_address>
         <run_address>0x5938</run_address>
         <size>0x6</size>
         <input_file_ref idref="fl-f2"/>
      </object_component>
      <object_component id="oc-468">
         <name>.text:UARTClockSourceSet</name>
         <load_address>0x593e</load_address>
         <run_address>0x593e</run_address>
         <size>0x6</size>
         <input_file_ref idref="fl-f3"/>
      </object_component>
      <object_component id="oc-354">
         <name>.text:UARTFIFOLevelSet</name>
         <load_address>0x5944</load_address>
         <run_address>0x5944</run_address>
         <size>0x6</size>
         <input_file_ref idref="fl-f3"/>
      </object_component>
      <object_component id="oc-1a2">
         <name>.text:I2CMasterControl</name>
         <load_address>0x594a</load_address>
         <run_address>0x594a</run_address>
         <size>0x4</size>
         <input_file_ref idref="fl-f6"/>
      </object_component>
      <object_component id="oc-2fd">
         <name>.text:I2CMasterDataGet</name>
         <load_address>0x594e</load_address>
         <run_address>0x594e</run_address>
         <size>0x4</size>
         <input_file_ref idref="fl-f6"/>
      </object_component>
      <object_component id="oc-30f">
         <name>.text:I2CMasterDataPut</name>
         <load_address>0x5952</load_address>
         <run_address>0x5952</run_address>
         <size>0x4</size>
         <input_file_ref idref="fl-f6"/>
      </object_component>
      <object_component id="oc-f5">
         <name>.text:UARTIntClear</name>
         <load_address>0x5956</load_address>
         <run_address>0x5956</run_address>
         <size>0x4</size>
         <input_file_ref idref="fl-f3"/>
      </object_component>
      <object_component id="oc-8d">
         <name>.text</name>
         <load_address>0x595a</load_address>
         <run_address>0x595a</run_address>
         <size>0x4</size>
         <input_file_ref idref="fl-df"/>
      </object_component>
      <object_component id="oc-44d">
         <name>.const:g_pui32GPIOBaseAddrs</name>
         <load_address>0x5960</load_address>
         <run_address>0x5960</run_address>
         <size>0x90</size>
         <input_file_ref idref="fl-ef"/>
      </object_component>
      <object_component id="oc-436">
         <name>.const</name>
         <load_address>0x59f0</load_address>
         <run_address>0x59f0</run_address>
         <size>0x70</size>
         <input_file_ref idref="fl-f0"/>
      </object_component>
      <object_component id="oc-3bd">
         <name>.const:g_pui32Xtals</name>
         <load_address>0x5a60</load_address>
         <run_address>0x5a60</run_address>
         <size>0x6c</size>
         <input_file_ref idref="fl-f2"/>
      </object_component>
      <object_component id="oc-53c">
         <name>.const:$O1$$</name>
         <load_address>0x5acc</load_address>
         <run_address>0x5acc</run_address>
         <size>0x34</size>
         <input_file_ref idref="fl-e0"/>
      </object_component>
      <object_component id="oc-4ea">
         <name>.const:$O1$$</name>
         <load_address>0x5b00</load_address>
         <run_address>0x5b00</run_address>
         <size>0x30</size>
         <input_file_ref idref="fl-ce"/>
      </object_component>
      <object_component id="oc-4c0">
         <name>.const</name>
         <load_address>0x5b30</load_address>
         <run_address>0x5b30</run_address>
         <size>0x20</size>
         <input_file_ref idref="fl-cc"/>
      </object_component>
      <object_component id="oc-3c5">
         <name>.const:g_fMPU9150AccelFactors</name>
         <load_address>0x5b50</load_address>
         <run_address>0x5b50</run_address>
         <size>0x10</size>
         <input_file_ref idref="fl-9"/>
      </object_component>
      <object_component id="oc-3c9">
         <name>.const:g_fMPU9150GyroFactors</name>
         <load_address>0x5b60</load_address>
         <run_address>0x5b60</run_address>
         <size>0x10</size>
         <input_file_ref idref="fl-9"/>
      </object_component>
      <object_component id="oc-517">
         <name>.const:g_ui32UARTBase</name>
         <load_address>0x5b70</load_address>
         <run_address>0x5b70</run_address>
         <size>0xc</size>
         <input_file_ref idref="fl-c"/>
      </object_component>
      <object_component id="oc-182">
         <name>.const:g_ui32UARTInt</name>
         <load_address>0x5b7c</load_address>
         <run_address>0x5b7c</run_address>
         <size>0xc</size>
         <input_file_ref idref="fl-c"/>
      </object_component>
      <object_component id="oc-514">
         <name>.const:g_ui32UARTPeriph</name>
         <load_address>0x5b88</load_address>
         <run_address>0x5b88</run_address>
         <size>0xc</size>
         <input_file_ref idref="fl-c"/>
      </object_component>
      <object_component id="oc-593">
         <name>.cinit..data.load</name>
         <load_address>0x5b98</load_address>
         <run_address>0x5b98</run_address>
         <size>0x1c</size>
      </object_component>
      <object_component id="oc-591">
         <name>__TI_handler_table</name>
         <load_address>0x5bb4</load_address>
         <run_address>0x5bb4</run_address>
         <size>0xc</size>
      </object_component>
      <object_component id="oc-594">
         <name>.cinit..bss.load</name>
         <load_address>0x5bc0</load_address>
         <run_address>0x5bc0</run_address>
         <size>0x8</size>
      </object_component>
      <object_component id="oc-592">
         <name>__TI_cinit_table</name>
         <load_address>0x5bc8</load_address>
         <run_address>0x5bc8</run_address>
         <size>0x10</size>
      </object_component>
      <object_component id="oc-195">
         <name>.data</name>
         <load_address>0x20000c0c</load_address>
         <run_address>0x20000c0c</run_address>
         <size>0xc</size>
         <input_file_ref idref="fl-3"/>
      </object_component>
      <object_component id="oc-477">
         <name>.data</name>
         <load_address>0x20000c20</load_address>
         <run_address>0x20000c20</run_address>
         <size>0x4</size>
         <input_file_ref idref="fl-b"/>
      </object_component>
      <object_component id="oc-e6">
         <name>.data</name>
         <load_address>0x20000be8</load_address>
         <run_address>0x20000be8</run_address>
         <size>0x15</size>
         <input_file_ref idref="fl-c"/>
      </object_component>
      <object_component id="oc-4b5">
         <name>.data</name>
         <load_address>0x20000c24</load_address>
         <run_address>0x20000c24</run_address>
         <size>0x4</size>
         <input_file_ref idref="fl-d1"/>
      </object_component>
      <object_component id="oc-148">
         <name>.data:$O1$$</name>
         <load_address>0x20000c00</load_address>
         <run_address>0x20000c00</run_address>
         <size>0xc</size>
         <input_file_ref idref="fl-d2"/>
      </object_component>
      <object_component id="oc-a5">
         <name>.data</name>
         <load_address>0x20000c28</load_address>
         <run_address>0x20000c28</run_address>
         <size>0x4</size>
         <input_file_ref idref="fl-e4"/>
      </object_component>
      <object_component id="oc-14b">
         <name>.data:$O1$$</name>
         <load_address>0x20000c18</load_address>
         <run_address>0x20000c18</run_address>
         <size>0x8</size>
         <input_file_ref idref="fl-e7"/>
      </object_component>
      <object_component id="oc-47a">
         <name>.bss:g_ui32Colors</name>
         <uninitialized>true</uninitialized>
         <run_address>0x2000079c</run_address>
         <size>0xc</size>
         <input_file_ref idref="fl-b"/>
      </object_component>
      <object_component id="oc-116">
         <name>.bss</name>
         <uninitialized>true</uninitialized>
         <run_address>0x200007bc</run_address>
         <size>0x4</size>
         <input_file_ref idref="fl-b"/>
      </object_component>
      <object_component id="oc-e9">
         <name>.bss</name>
         <uninitialized>true</uninitialized>
         <run_address>0x200007b4</run_address>
         <size>0x8</size>
         <input_file_ref idref="fl-c"/>
      </object_component>
      <object_component id="oc-185">
         <name>.bss:g_pcUARTTxBuffer</name>
         <uninitialized>true</uninitialized>
         <run_address>0x20000000</run_address>
         <size>0x400</size>
         <input_file_ref idref="fl-c"/>
      </object_component>
      <object_component id="oc-ec">
         <name>.bss:g_pcUARTRxBuffer</name>
         <uninitialized>true</uninitialized>
         <run_address>0x20000524</run_address>
         <size>0x80</size>
         <input_file_ref idref="fl-c"/>
      </object_component>
      <object_component id="oc-198">
         <name>.common:buff</name>
         <uninitialized>true</uninitialized>
         <run_address>0x2000078c</run_address>
         <size>0x10</size>
      </object_component>
      <object_component id="oc-3a9">
         <name>.common:g_pui32Colors</name>
         <uninitialized>true</uninitialized>
         <run_address>0x200007a8</run_address>
         <size>0xc</size>
      </object_component>
      <object_component id="oc-108">
         <name>.common:g_sI2CInst</name>
         <uninitialized>true</uninitialized>
         <run_address>0x20000400</run_address>
         <size>0x124</size>
      </object_component>
      <object_component id="oc-bf">
         <name>.common:g_sMPU9150Inst</name>
         <uninitialized>true</uninitialized>
         <run_address>0x20000620</run_address>
         <size>0x6c</size>
      </object_component>
      <object_component id="oc-2a5">
         <name>.common:g_sCompDCMInst</name>
         <uninitialized>true</uninitialized>
         <run_address>0x200005a4</run_address>
         <size>0x7c</size>
      </object_component>
      <object_component id="oc-2a4">
         <name>.common:g_sPWMInst</name>
         <uninitialized>true</uninitialized>
         <run_address>0x20000770</run_address>
         <size>0x1c</size>
      </object_component>
      <object_component id="oc-2a6">
         <name>.common:g_sPDControllerInst</name>
         <uninitialized>true</uninitialized>
         <run_address>0x2000074c</run_address>
         <size>0x24</size>
      </object_component>
      <object_component id="oc-17f">
         <name>.common:g_vui8I2CDoneFlag</name>
         <uninitialized>true</uninitialized>
         <run_address>0x200007c8</run_address>
         <size>0x4</size>
      </object_component>
      <object_component id="oc-180">
         <name>.common:g_vui8ErrorFlag</name>
         <uninitialized>true</uninitialized>
         <run_address>0x200007c4</run_address>
         <size>0x4</size>
      </object_component>
      <object_component id="oc-2ad">
         <name>.common:g_ui32PrintSkipCounter</name>
         <uninitialized>true</uninitialized>
         <run_address>0x200007c0</run_address>
         <size>0x4</size>
      </object_component>
      <object_component id="oc-2ac">
         <name>.common:i32IPart</name>
         <uninitialized>true</uninitialized>
         <run_address>0x200006cc</run_address>
         <size>0x40</size>
      </object_component>
      <object_component id="oc-2ab">
         <name>.common:i32FPart</name>
         <uninitialized>true</uninitialized>
         <run_address>0x2000068c</run_address>
         <size>0x40</size>
      </object_component>
      <object_component id="oc-2b1">
         <name>.common:ui32Idx</name>
         <uninitialized>true</uninitialized>
         <run_address>0x200007e4</run_address>
         <size>0x4</size>
      </object_component>
      <object_component id="oc-2aa">
         <name>.common:ui32CompDCMStarted</name>
         <uninitialized>true</uninitialized>
         <run_address>0x200007e0</run_address>
         <size>0x4</size>
      </object_component>
      <object_component id="oc-2b0">
         <name>.common:pfData</name>
         <uninitialized>true</uninitialized>
         <run_address>0x2000070c</run_address>
         <size>0x40</size>
      </object_component>
      <object_component id="oc-2a7">
         <name>.common:pfAccel</name>
         <uninitialized>true</uninitialized>
         <run_address>0x200007cc</run_address>
         <size>0x4</size>
      </object_component>
      <object_component id="oc-2a8">
         <name>.common:pfGyro</name>
         <uninitialized>true</uninitialized>
         <run_address>0x200007d4</run_address>
         <size>0x4</size>
      </object_component>
      <object_component id="oc-2a9">
         <name>.common:pfMag</name>
         <uninitialized>true</uninitialized>
         <run_address>0x200007d8</run_address>
         <size>0x4</size>
      </object_component>
      <object_component id="oc-2ae">
         <name>.common:pfEulers</name>
         <uninitialized>true</uninitialized>
         <run_address>0x200007d0</run_address>
         <size>0x4</size>
      </object_component>
      <object_component id="oc-2af">
         <name>.common:pfQuaternion</name>
         <uninitialized>true</uninitialized>
         <run_address>0x200007dc</run_address>
         <size>0x4</size>
      </object_component>
      <object_component id="oc-2a">
         <name>.stack</name>
         <uninitialized>true</uninitialized>
         <run_address>0x200007e8</run_address>
         <size>0x0</size>
         <input_file_ref idref="fl-c8"/>
      </object_component>
      <object_component id="oc-595">
         <name>.stack</name>
         <uninitialized>true</uninitialized>
         <run_address>0x200007e8</run_address>
         <size>0x0</size>
      </object_component>
      <object_component id="oc-c9">
         <name>.debug_info</name>
         <load_address>0x0</load_address>
         <run_address>0x0</run_address>
         <size>0x8b</size>
         <input_file_ref idref="fl-2"/>
      </object_component>
      <object_component id="oc-f0">
         <name>.debug_info</name>
         <load_address>0x8b</load_address>
         <run_address>0x8b</run_address>
         <size>0x18b</size>
         <input_file_ref idref="fl-2"/>
      </object_component>
      <object_component id="oc-199">
         <name>.debug_info</name>
         <load_address>0x216</load_address>
         <run_address>0x216</run_address>
         <size>0x2b9</size>
         <input_file_ref idref="fl-3"/>
      </object_component>
      <object_component id="oc-196">
         <name>.debug_info</name>
         <load_address>0x4cf</load_address>
         <run_address>0x4cf</run_address>
         <size>0x148</size>
         <input_file_ref idref="fl-3"/>
      </object_component>
      <object_component id="oc-fc">
         <name>.debug_info</name>
         <load_address>0x617</load_address>
         <run_address>0x617</run_address>
         <size>0x138</size>
         <input_file_ref idref="fl-3"/>
      </object_component>
      <object_component id="oc-6a">
         <name>.debug_info</name>
         <load_address>0x74f</load_address>
         <run_address>0x74f</run_address>
         <size>0x84</size>
         <input_file_ref idref="fl-3"/>
      </object_component>
      <object_component id="oc-2eb">
         <name>.debug_info</name>
         <load_address>0x7d3</load_address>
         <run_address>0x7d3</run_address>
         <size>0x39e</size>
         <input_file_ref idref="fl-4"/>
      </object_component>
      <object_component id="oc-400">
         <name>.debug_info</name>
         <load_address>0xb71</load_address>
         <run_address>0xb71</run_address>
         <size>0x2c4</size>
         <input_file_ref idref="fl-4"/>
      </object_component>
      <object_component id="oc-281">
         <name>.debug_info</name>
         <load_address>0xe35</load_address>
         <run_address>0xe35</run_address>
         <size>0x20f</size>
         <input_file_ref idref="fl-4"/>
      </object_component>
      <object_component id="oc-27b">
         <name>.debug_info</name>
         <load_address>0x1044</load_address>
         <run_address>0x1044</run_address>
         <size>0x4c4</size>
         <input_file_ref idref="fl-4"/>
      </object_component>
      <object_component id="oc-275">
         <name>.debug_info</name>
         <load_address>0x1508</load_address>
         <run_address>0x1508</run_address>
         <size>0x229</size>
         <input_file_ref idref="fl-4"/>
      </object_component>
      <object_component id="oc-263">
         <name>.debug_info</name>
         <load_address>0x1731</load_address>
         <run_address>0x1731</run_address>
         <size>0x1f8</size>
         <input_file_ref idref="fl-4"/>
      </object_component>
      <object_component id="oc-39e">
         <name>.debug_info</name>
         <load_address>0x1929</load_address>
         <run_address>0x1929</run_address>
         <size>0x1fe</size>
         <input_file_ref idref="fl-4"/>
      </object_component>
      <object_component id="oc-26f">
         <name>.debug_info</name>
         <load_address>0x1b27</load_address>
         <run_address>0x1b27</run_address>
         <size>0x1ce</size>
         <input_file_ref idref="fl-4"/>
      </object_component>
      <object_component id="oc-287">
         <name>.debug_info</name>
         <load_address>0x1cf5</load_address>
         <run_address>0x1cf5</run_address>
         <size>0x20d</size>
         <input_file_ref idref="fl-4"/>
      </object_component>
      <object_component id="oc-269">
         <name>.debug_info</name>
         <load_address>0x1f02</load_address>
         <run_address>0x1f02</run_address>
         <size>0x1dc</size>
         <input_file_ref idref="fl-4"/>
      </object_component>
      <object_component id="oc-170">
         <name>.debug_info</name>
         <load_address>0x20de</load_address>
         <run_address>0x20de</run_address>
         <size>0x112</size>
         <input_file_ref idref="fl-4"/>
      </object_component>
      <object_component id="oc-2ec">
         <name>.debug_info</name>
         <load_address>0x21f0</load_address>
         <run_address>0x21f0</run_address>
         <size>0x420</size>
         <input_file_ref idref="fl-5"/>
      </object_component>
      <object_component id="oc-293">
         <name>.debug_info</name>
         <load_address>0x2610</load_address>
         <run_address>0x2610</run_address>
         <size>0x2c4</size>
         <input_file_ref idref="fl-5"/>
      </object_component>
      <object_component id="oc-42d">
         <name>.debug_info</name>
         <load_address>0x28d4</load_address>
         <run_address>0x28d4</run_address>
         <size>0x241</size>
         <input_file_ref idref="fl-5"/>
      </object_component>
      <object_component id="oc-29f">
         <name>.debug_info</name>
         <load_address>0x2b15</load_address>
         <run_address>0x2b15</run_address>
         <size>0x29a</size>
         <input_file_ref idref="fl-5"/>
      </object_component>
      <object_component id="oc-21e">
         <name>.debug_info</name>
         <load_address>0x2daf</load_address>
         <run_address>0x2daf</run_address>
         <size>0x14a</size>
         <input_file_ref idref="fl-5"/>
      </object_component>
      <object_component id="oc-299">
         <name>.debug_info</name>
         <load_address>0x2ef9</load_address>
         <run_address>0x2ef9</run_address>
         <size>0x94a</size>
         <input_file_ref idref="fl-5"/>
      </object_component>
      <object_component id="oc-175">
         <name>.debug_info</name>
         <load_address>0x3843</load_address>
         <run_address>0x3843</run_address>
         <size>0x86</size>
         <input_file_ref idref="fl-5"/>
      </object_component>
      <object_component id="oc-17a">
         <name>.debug_info</name>
         <load_address>0x38c9</load_address>
         <run_address>0x38c9</run_address>
         <size>0x86</size>
         <input_file_ref idref="fl-5"/>
      </object_component>
      <object_component id="oc-334">
         <name>.debug_info</name>
         <load_address>0x394f</load_address>
         <run_address>0x394f</run_address>
         <size>0x33b</size>
         <input_file_ref idref="fl-6"/>
      </object_component>
      <object_component id="oc-336">
         <name>.debug_info</name>
         <load_address>0x3c8a</load_address>
         <run_address>0x3c8a</run_address>
         <size>0x1a4</size>
         <input_file_ref idref="fl-6"/>
      </object_component>
      <object_component id="oc-200">
         <name>.debug_info</name>
         <load_address>0x3e2e</load_address>
         <run_address>0x3e2e</run_address>
         <size>0x230</size>
         <input_file_ref idref="fl-6"/>
      </object_component>
      <object_component id="oc-206">
         <name>.debug_info</name>
         <load_address>0x405e</load_address>
         <run_address>0x405e</run_address>
         <size>0x1f6</size>
         <input_file_ref idref="fl-6"/>
      </object_component>
      <object_component id="oc-50">
         <name>.debug_info</name>
         <load_address>0x4254</load_address>
         <run_address>0x4254</run_address>
         <size>0x150</size>
         <input_file_ref idref="fl-7"/>
      </object_component>
      <object_component id="oc-20c">
         <name>.debug_info</name>
         <load_address>0x43a4</load_address>
         <run_address>0x43a4</run_address>
         <size>0x20c</size>
         <input_file_ref idref="fl-7"/>
      </object_component>
      <object_component id="oc-c0">
         <name>.debug_info</name>
         <load_address>0x45b0</load_address>
         <run_address>0x45b0</run_address>
         <size>0x10e5</size>
         <input_file_ref idref="fl-8"/>
      </object_component>
      <object_component id="oc-c3">
         <name>.debug_info</name>
         <load_address>0x5695</load_address>
         <run_address>0x5695</run_address>
         <size>0x175</size>
         <input_file_ref idref="fl-8"/>
      </object_component>
      <object_component id="oc-362">
         <name>.debug_info</name>
         <load_address>0x580a</load_address>
         <run_address>0x580a</run_address>
         <size>0x165</size>
         <input_file_ref idref="fl-8"/>
      </object_component>
      <object_component id="oc-490">
         <name>.debug_info</name>
         <load_address>0x596f</load_address>
         <run_address>0x596f</run_address>
         <size>0x1e4</size>
         <input_file_ref idref="fl-8"/>
      </object_component>
      <object_component id="oc-392">
         <name>.debug_info</name>
         <load_address>0x5b53</load_address>
         <run_address>0x5b53</run_address>
         <size>0x18b</size>
         <input_file_ref idref="fl-8"/>
      </object_component>
      <object_component id="oc-212">
         <name>.debug_info</name>
         <load_address>0x5cde</load_address>
         <run_address>0x5cde</run_address>
         <size>0x35e</size>
         <input_file_ref idref="fl-8"/>
      </object_component>
      <object_component id="oc-218">
         <name>.debug_info</name>
         <load_address>0x603c</load_address>
         <run_address>0x603c</run_address>
         <size>0x2a1</size>
         <input_file_ref idref="fl-8"/>
      </object_component>
      <object_component id="oc-141">
         <name>.debug_info</name>
         <load_address>0x62dd</load_address>
         <run_address>0x62dd</run_address>
         <size>0x508</size>
         <input_file_ref idref="fl-8"/>
      </object_component>
      <object_component id="oc-56">
         <name>.debug_info</name>
         <load_address>0x67e5</load_address>
         <run_address>0x67e5</run_address>
         <size>0x12e</size>
         <input_file_ref idref="fl-8"/>
      </object_component>
      <object_component id="oc-44">
         <name>.debug_info</name>
         <load_address>0x6913</load_address>
         <run_address>0x6913</run_address>
         <size>0x15c</size>
         <input_file_ref idref="fl-8"/>
      </object_component>
      <object_component id="oc-166">
         <name>.debug_info</name>
         <load_address>0x6a6f</load_address>
         <run_address>0x6a6f</run_address>
         <size>0x4e6</size>
         <input_file_ref idref="fl-8"/>
      </object_component>
      <object_component id="oc-2e6">
         <name>.debug_info</name>
         <load_address>0x6f55</load_address>
         <run_address>0x6f55</run_address>
         <size>0x108</size>
         <input_file_ref idref="fl-8"/>
      </object_component>
      <object_component id="oc-16b">
         <name>.debug_info</name>
         <load_address>0x705d</load_address>
         <run_address>0x705d</run_address>
         <size>0x16c</size>
         <input_file_ref idref="fl-8"/>
      </object_component>
      <object_component id="oc-40f">
         <name>.debug_info</name>
         <load_address>0x71c9</load_address>
         <run_address>0x71c9</run_address>
         <size>0x4e</size>
         <input_file_ref idref="fl-8"/>
      </object_component>
      <object_component id="oc-163">
         <name>.debug_info</name>
         <load_address>0x7217</load_address>
         <run_address>0x7217</run_address>
         <size>0x4cb</size>
         <input_file_ref idref="fl-9"/>
      </object_component>
      <object_component id="oc-3c6">
         <name>.debug_info</name>
         <load_address>0x76e2</load_address>
         <run_address>0x76e2</run_address>
         <size>0xfd</size>
         <input_file_ref idref="fl-9"/>
      </object_component>
      <object_component id="oc-3ca">
         <name>.debug_info</name>
         <load_address>0x77df</load_address>
         <run_address>0x77df</run_address>
         <size>0xfb</size>
         <input_file_ref idref="fl-9"/>
      </object_component>
      <object_component id="oc-398">
         <name>.debug_info</name>
         <load_address>0x78da</load_address>
         <run_address>0x78da</run_address>
         <size>0x23a</size>
         <input_file_ref idref="fl-9"/>
      </object_component>
      <object_component id="oc-38c">
         <name>.debug_info</name>
         <load_address>0x7b14</load_address>
         <run_address>0x7b14</run_address>
         <size>0x235</size>
         <input_file_ref idref="fl-9"/>
      </object_component>
      <object_component id="oc-ba">
         <name>.debug_info</name>
         <load_address>0x7d49</load_address>
         <run_address>0x7d49</run_address>
         <size>0x1f1</size>
         <input_file_ref idref="fl-9"/>
      </object_component>
      <object_component id="oc-25d">
         <name>.debug_info</name>
         <load_address>0x7f3a</load_address>
         <run_address>0x7f3a</run_address>
         <size>0x2d5</size>
         <input_file_ref idref="fl-9"/>
      </object_component>
      <object_component id="oc-257">
         <name>.debug_info</name>
         <load_address>0x820f</load_address>
         <run_address>0x820f</run_address>
         <size>0x205</size>
         <input_file_ref idref="fl-9"/>
      </object_component>
      <object_component id="oc-251">
         <name>.debug_info</name>
         <load_address>0x8414</load_address>
         <run_address>0x8414</run_address>
         <size>0x213</size>
         <input_file_ref idref="fl-9"/>
      </object_component>
      <object_component id="oc-15d">
         <name>.debug_info</name>
         <load_address>0x8627</load_address>
         <run_address>0x8627</run_address>
         <size>0x1c1</size>
         <input_file_ref idref="fl-9"/>
      </object_component>
      <object_component id="oc-63">
         <name>.debug_info</name>
         <load_address>0x87e8</load_address>
         <run_address>0x87e8</run_address>
         <size>0x362</size>
         <input_file_ref idref="fl-a"/>
      </object_component>
      <object_component id="oc-10">
         <name>.debug_info</name>
         <load_address>0x8b4a</load_address>
         <run_address>0x8b4a</run_address>
         <size>0xeb</size>
         <input_file_ref idref="fl-a"/>
      </object_component>
      <object_component id="oc-2c">
         <name>.debug_info</name>
         <load_address>0x8c35</load_address>
         <run_address>0x8c35</run_address>
         <size>0x11b</size>
         <input_file_ref idref="fl-a"/>
      </object_component>
      <object_component id="oc-32">
         <name>.debug_info</name>
         <load_address>0x8d50</load_address>
         <run_address>0x8d50</run_address>
         <size>0x10c</size>
         <input_file_ref idref="fl-a"/>
      </object_component>
      <object_component id="oc-3e">
         <name>.debug_info</name>
         <load_address>0x8e5c</load_address>
         <run_address>0x8e5c</run_address>
         <size>0x124</size>
         <input_file_ref idref="fl-a"/>
      </object_component>
[...]
         <value>0x0</value>
         <object_component_ref idref="oc-f"/>
      </symbol>
      <symbol id="sm-3be">
         <name>RGBDisable</name>
         <value>0x4b1d</value>
         <object_component_ref idref="oc-10a"/>
      </symbol>
      <symbol id="sm-3bf">
         <name>RGBBlinkRateSet</name>
         <value>0x47a9</value>
         <object_component_ref idref="oc-3a3"/>
      </symbol>
      <symbol id="sm-3c0">
         <name>RGBIntensitySet</name>
         <value>0x57d9</value>
         <object_component_ref idref="oc-373"/>
      </symbol>
      <symbol id="sm-3c1">
         <name>RGBBlinkIntHandler</name>
         <value>0x53f1</value>
         <object_component_ref idref="oc-5b"/>
      </symbol>
      <symbol id="sm-3c2">
         <name>RGBEnable</name>
         <value>0x3bc9</value>
         <object_component_ref idref="oc-110"/>
      </symbol>
      <symbol id="sm-3c3">
         <name>RGBInit</name>
         <value>0x36e5</value>
         <object_component_ref idref="oc-367"/>
      </symbol>
      <symbol id="sm-3c4">
         <name>RGBColorSet</name>
         <value>0x4385</value>
         <object_component_ref idref="oc-36d"/>
      </symbol>
      <symbol id="sm-4b2">
         <name>UARTFlushRx</name>
         <value>0x558d</value>
         <object_component_ref idref="oc-508"/>
      </symbol>
      <symbol id="sm-4b3">
         <name>UARTFlushTx</name>
         <value>0x53b5</value>
         <object_component_ref idref="oc-50e"/>
      </symbol>
      <symbol id="sm-4b4">
         <name>UARTStdioConfig</name>
         <value>0x3d3d</value>
         <object_component_ref idref="oc-46e"/>
      </symbol>
      <symbol id="sm-4b5">
         <name>UARTStdioIntHandler</name>
         <value>0x2e49</value>
         <object_component_ref idref="oc-49"/>
      </symbol>
      <symbol id="sm-4b6">
         <name>UARTwrite</name>
         <value>0x3e95</value>
         <object_component_ref idref="oc-da"/>
      </symbol>
      <symbol id="sm-4b7">
         <name>UARTprintf</name>
         <value>0x575f</value>
         <object_component_ref idref="oc-28c"/>
      </symbol>
      <symbol id="sm-4b8">
         <name>UARTvprintf</name>
         <value>0x20cd</value>
         <object_component_ref idref="oc-408"/>
      </symbol>
      <symbol id="sm-4c9">
         <name>_c_int00</name>
         <value>0x4ee5</value>
         <object_component_ref idref="oc-24"/>
      </symbol>
      <symbol id="sm-4ca">
         <name>__stack</name>
         <value>0x200007e8</value>
         <object_component_ref idref="oc-2a"/>
      </symbol>
      <symbol id="sm-4e8">
         <name>__TI_decompress_lzss</name>
         <value>0x4b85</value>
         <object_component_ref idref="oc-12"/>
      </symbol>
      <symbol id="sm-4ff">
         <name>__TI_decompress_none</name>
         <value>0x58a7</value>
         <object_component_ref idref="oc-18"/>
      </symbol>
      <symbol id="sm-516">
         <name>__TI_zero_init</name>
         <value>0x58f1</value>
         <object_component_ref idref="oc-1e"/>
      </symbol>
      <symbol id="sm-54c">
         <name>asinf</name>
         <value>0x2b61</value>
         <object_component_ref idref="oc-3e1"/>
      </symbol>
      <symbol id="sm-57e">
         <name>atan2f</name>
         <value>0x2fa9</value>
         <object_component_ref idref="oc-3e7"/>
      </symbol>
      <symbol id="sm-60e">
         <name>pow</name>
         <value>0x26d</value>
         <object_component_ref idref="oc-425"/>
      </symbol>
      <symbol id="sm-60f">
         <name>powl</name>
         <value>0x26d</value>
         <object_component_ref idref="oc-425"/>
      </symbol>
      <symbol id="sm-633">
         <name>sqrtl</name>
         <value>0x2cd9</value>
         <object_component_ref idref="oc-4ba"/>
      </symbol>
      <symbol id="sm-634">
         <name>sqrt</name>
         <value>0x2cd9</value>
         <object_component_ref idref="oc-4ba"/>
      </symbol>
      <symbol id="sm-646">
         <name>sqrtf</name>
         <value>0x560d</value>
         <object_component_ref idref="oc-3db"/>
      </symbol>
      <symbol id="sm-64e">
         <name>errno</name>
         <value>0x20000c24</value>
         <object_component_ref idref="oc-4b5"/>
      </symbol>
      <symbol id="sm-66f">
         <name>C$$EXIT</name>
         <value>0x4f39</value>
         <object_component_ref idref="oc-9f"/>
      </symbol>
      <symbol id="sm-670">
         <name>abort</name>
         <value>0x4f3d</value>
         <object_component_ref idref="oc-9f"/>
      </symbol>
      <symbol id="sm-671">
         <name>exit</name>
         <value>0x4f45</value>
         <object_component_ref idref="oc-9f"/>
      </symbol>
      <symbol id="sm-672">
         <name>__TI_dtors_ptr</name>
         <value>0x20000c04</value>
         <object_component_ref idref="oc-148"/>
      </symbol>
      <symbol id="sm-673">
         <name>__TI_cleanup_ptr</name>
         <value>0x20000c00</value>
         <object_component_ref idref="oc-148"/>
      </symbol>
      <symbol id="sm-674">
         <name>__TI_enable_exit_profile_output</name>
         <value>0x20000c08</value>
         <object_component_ref idref="oc-148"/>
      </symbol>
      <symbol id="sm-68b">
         <name>__aeabi_dsub</name>
         <value>0x2815</value>
         <object_component_ref idref="oc-3fa"/>
      </symbol>
      <symbol id="sm-68c">
         <name>__aeabi_dadd</name>
         <value>0x281f</value>
         <object_component_ref idref="oc-3fa"/>
      </symbol>
      <symbol id="sm-6ae">
         <name>__aeabi_cdcmpeq</name>
         <value>0x4529</value>
         <object_component_ref idref="oc-41a"/>
      </symbol>
      <symbol id="sm-6af">
         <name>__aeabi_cdcmple</name>
         <value>0x4529</value>
         <object_component_ref idref="oc-41a"/>
      </symbol>
      <symbol id="sm-6b0">
         <name>__aeabi_cdrcmple</name>
         <value>0x45af</value>
         <object_component_ref idref="oc-41f"/>
      </symbol>
      <symbol id="sm-6c4">
         <name>__aeabi_ddiv</name>
         <value>0x3251</value>
         <object_component_ref idref="oc-245"/>
      </symbol>
      <symbol id="sm-6cf">
         <name>__aeabi_dmul</name>
         <value>0x37e9</value>
         <object_component_ref idref="oc-240"/>
      </symbol>
      <symbol id="sm-6db">
         <name>__aeabi_d2f</name>
         <value>0x4905</value>
         <object_component_ref idref="oc-3d2"/>
      </symbol>
      <symbol id="sm-6e5">
         <name>__aeabi_d2uiz</name>
         <value>0x5271</value>
         <object_component_ref idref="oc-24a"/>
      </symbol>
      <symbol id="sm-6f0">
         <name>__aeabi_f2d</name>
         <value>0x5429</value>
         <object_component_ref idref="oc-3cd"/>
      </symbol>
      <symbol id="sm-6fa">
         <name>__aeabi_f2ulz</name>
         <value>0x4fdd</value>
         <object_component_ref idref="oc-49e"/>
      </symbol>
      <symbol id="sm-704">
         <name>__aeabi_i2d</name>
         <value>0x555d</value>
         <object_component_ref idref="oc-4e5"/>
      </symbol>
      <symbol id="sm-71f">
         <name>memcpy</name>
         <value>0x4251</value>
         <object_component_ref idref="oc-6f"/>
      </symbol>
      <symbol id="sm-720">
         <name>__aeabi_memcpy</name>
         <value>0x4251</value>
         <object_component_ref idref="oc-6f"/>
      </symbol>
      <symbol id="sm-721">
         <name>__aeabi_memcpy8</name>
         <value>0x4251</value>
         <object_component_ref idref="oc-6f"/>
      </symbol>
      <symbol id="sm-722">
         <name>__aeabi_memcpy4</name>
         <value>0x4251</value>
         <object_component_ref idref="oc-6f"/>
      </symbol>
      <symbol id="sm-731">
         <name>__aeabi_memset</name>
         <value>0x472f</value>
         <object_component_ref idref="oc-7b"/>
      </symbol>
      <symbol id="sm-732">
         <name>memset</name>
         <value>0x4735</value>
         <object_component_ref idref="oc-7b"/>
      </symbol>
      <symbol id="sm-733">
         <name>__aeabi_memset8</name>
         <value>0x472f</value>
         <object_component_ref idref="oc-7b"/>
      </symbol>
      <symbol id="sm-734">
         <name>__aeabi_memset4</name>
         <value>0x472f</value>
         <object_component_ref idref="oc-7b"/>
      </symbol>
      <symbol id="sm-735">
         <name>__aeabi_memclr8</name>
         <value>0x472d</value>
         <object_component_ref idref="oc-7b"/>
      </symbol>
      <symbol id="sm-736">
         <name>__aeabi_memclr4</name>
         <value>0x472d</value>
         <object_component_ref idref="oc-7b"/>
      </symbol>
      <symbol id="sm-737">
         <name>__aeabi_memclr</name>
         <value>0x472d</value>
         <object_component_ref idref="oc-7b"/>
      </symbol>
      <symbol id="sm-741">
         <name>__mpu_init</name>
         <value>0x4973</value>
         <object_component_ref idref="oc-87"/>
      </symbol>
      <symbol id="sm-74b">
         <name>_system_pre_init</name>
         <value>0x595b</value>
         <object_component_ref idref="oc-8d"/>
      </symbol>
      <symbol id="sm-775">
         <name>atanf</name>
         <value>0x3101</value>
         <object_component_ref idref="oc-4ca"/>
      </symbol>
      <symbol id="sm-789">
         <name>cosf</name>
         <value>0x3c89</value>
         <object_component_ref idref="oc-3ed"/>
      </symbol>
      <symbol id="sm-7a6">
         <name>scalbn</name>
         <value>0x38e5</value>
         <object_component_ref idref="oc-4ed"/>
      </symbol>
      <symbol id="sm-7a7">
         <name>scalbnl</name>
         <value>0x38e5</value>
         <object_component_ref idref="oc-4ed"/>
      </symbol>
      <symbol id="sm-7a8">
         <name>ldexpl</name>
         <value>0x38e5</value>
         <object_component_ref idref="oc-4ed"/>
      </symbol>
      <symbol id="sm-7a9">
         <name>ldexp</name>
         <value>0x38e5</value>
         <object_component_ref idref="oc-4ed"/>
      </symbol>
      <symbol id="sm-7bb">
         <name>sinf</name>
         <value>0x3f3d</value>
         <object_component_ref idref="oc-3f3"/>
      </symbol>
      <symbol id="sm-7c3">
         <name>main_func_sp</name>
         <value>0x20000c28</value>
         <object_component_ref idref="oc-a5"/>
      </symbol>
      <symbol id="sm-7d2">
         <name>__aeabi_uidivmod</name>
         <value>0x5337</value>
         <object_component_ref idref="oc-4d6"/>
      </symbol>
      <symbol id="sm-7d3">
         <name>__aeabi_uidiv</name>
         <value>0x5337</value>
         <object_component_ref idref="oc-4d6"/>
      </symbol>
      <symbol id="sm-7dd">
         <name>__aeabi_ui2d</name>
         <value>0x5725</value>
         <object_component_ref idref="oc-23b"/>
      </symbol>
      <symbol id="sm-7f6">
         <name>_nop</name>
         <value>0x580f</value>
         <object_component_ref idref="oc-2bc"/>
      </symbol>
      <symbol id="sm-7f7">
         <name>_lock</name>
         <value>0x20000c18</value>
         <object_component_ref idref="oc-14b"/>
      </symbol>
      <symbol id="sm-7f8">
         <name>_unlock</name>
         <value>0x20000c1c</value>
         <object_component_ref idref="oc-14b"/>
      </symbol>
      <symbol id="sm-7f9">
         <name>_register_lock</name>
         <value>0x5807</value>
         <object_component_ref idref="oc-2bc"/>
      </symbol>
      <symbol id="sm-7fa">
         <name>_register_unlock</name>
         <value>0x5801</value>
         <object_component_ref idref="oc-2bc"/>
      </symbol>
      <symbol id="sm-80e">
         <name>_args_main</name>
         <value>0x57c1</value>
         <object_component_ref idref="oc-99"/>
      </symbol>
      <symbol id="sm-838">
         <name>__TI_auto_init</name>
         <value>0x4895</value>
         <object_component_ref idref="oc-93"/>
      </symbol>
      <symbol id="sm-852">
         <name>copy_in</name>
         <value>0x5079</value>
         <object_component_ref idref="oc-132"/>
      </symbol>
      <symbol id="sm-85c">
         <name>__aeabi_idiv0</name>
         <value>0x47a7</value>
         <object_component_ref idref="oc-542"/>
      </symbol>
      <symbol id="sm-866">
         <name>copysign</name>
         <value>0x5815</value>
         <object_component_ref idref="oc-54d"/>
      </symbol>
      <symbol id="sm-867">
         <name>copysignl</name>
         <value>0x5815</value>
         <object_component_ref idref="oc-54d"/>
      </symbol>
      <symbol id="sm-871">
         <name>_system_post_cinit</name>
         <value>0x4e3b</value>
         <object_component_ref idref="oc-138"/>
      </symbol>
      <symbol id="sm-8d4">
         <name>GPIOPinConfigure</name>
         <value>0x5111</value>
         <object_component_ref idref="oc-33c"/>
      </symbol>
      <symbol id="sm-8d5">
         <name>GPIOPinTypeI2CSCL</name>
         <value>0x5829</value>
         <object_component_ref idref="oc-379"/>
      </symbol>
      <symbol id="sm-8d6">
         <name>GPIOIntEnable</name>
         <value>0x58cd</value>
         <object_component_ref idref="oc-37f"/>
      </symbol>
      <symbol id="sm-8d7">
         <name>GPIOIntClear</name>
         <value>0x5927</value>
         <object_component_ref idref="oc-b3"/>
      </symbol>
      <symbol id="sm-8d8">
         <name>GPIOPinTypeUART</name>
         <value>0x583b</value>
         <object_component_ref idref="oc-342"/>
      </symbol>
      <symbol id="sm-8d9">
         <name>GPIOIntStatus</name>
         <value>0x588b</value>
         <object_component_ref idref="oc-ad"/>
      </symbol>
      <symbol id="sm-8da">
         <name>GPIOPinTypeGPIOOutput</name>
         <value>0x5779</value>
         <object_component_ref idref="oc-229"/>
      </symbol>
      <symbol id="sm-8db">
         <name>GPIODirModeSet</name>
         <value>0x55b9</value>
         <object_component_ref idref="oc-3b5"/>
      </symbol>
      <symbol id="sm-8dc">
         <name>GPIOPinWrite</name>
         <value>0x592d</value>
         <object_component_ref idref="oc-22f"/>
      </symbol>
      <symbol id="sm-8dd">
         <name>GPIOPadConfigSet</name>
         <value>0x3387</value>
         <object_component_ref idref="oc-3af"/>
      </symbol>
      <symbol id="sm-944">
         <name>IntIsEnabled</name>
         <value>0x4cb5</value>
         <object_component_ref idref="oc-2ca"/>
      </symbol>
      <symbol id="sm-945">
         <name>IntEnable</name>
         <value>0x4ab5</value>
         <object_component_ref idref="oc-2dc"/>
      </symbol>
      <symbol id="sm-946">
         <name>IntTrigger</name>
         <value>0x58d9</value>
         <object_component_ref idref="oc-2d6"/>
      </symbol>
      <symbol id="sm-947">
         <name>IntDisable</name>
         <value>0x4a4d</value>
         <object_component_ref idref="oc-2d0"/>
      </symbol>
      <symbol id="sm-948">
         <name>IntMasterDisable</name>
         <value>0x584d</value>
         <object_component_ref idref="oc-414"/>
      </symbol>
      <symbol id="sm-949">
         <name>IntMasterEnable</name>
         <value>0x585d</value>
         <object_component_ref idref="oc-34e"/>
      </symbol>
      <symbol id="sm-95e">
         <name>PWMGenPeriodSet</name>
         <value>0x586d</value>
         <object_component_ref idref="oc-32d"/>
      </symbol>
      <symbol id="sm-95f">
         <name>PWMGenConfigure</name>
         <value>0x5681</value>
         <object_component_ref idref="oc-327"/>
      </symbol>
      <symbol id="sm-99b">
         <name>SysCtlDelay</name>
         <value>0x5939</value>
         <object_component_ref idref="oc-24f"/>
      </symbol>
      <symbol id="sm-99c">
         <name>SysCtlPeripheralEnable</name>
         <value>0x54c9</value>
         <object_component_ref idref="oc-223"/>
      </symbol>
      <symbol id="sm-99d">
         <name>SysCtlClockGet</name>
         <value>0x35d5</value>
         <object_component_ref idref="oc-235"/>
      </symbol>
      <symbol id="sm-9de">
         <name>UARTConfigSetExpClk</name>
         <value>0x51a1</value>
         <object_component_ref idref="oc-348"/>
      </symbol>
      <symbol id="sm-9df">
         <name>UARTDisable</name>
         <value>0x5705</value>
         <object_component_ref idref="oc-452"/>
      </symbol>
      <symbol id="sm-9e0">
         <name>UARTIntEnable</name>
         <value>0x591f</value>
         <object_component_ref idref="oc-35a"/>
      </symbol>
      <symbol id="sm-9e1">
         <name>UARTClockSourceSet</name>
         <value>0x593f</value>
         <object_component_ref idref="oc-468"/>
      </symbol>
      <symbol id="sm-9e2">
         <name>UARTEnable</name>
         <value>0x57ed</value>
         <object_component_ref idref="oc-458"/>
      </symbol>
      <symbol id="sm-9e3">
         <name>UARTIntClear</name>
         <value>0x5957</value>
         <object_component_ref idref="oc-f5"/>
      </symbol>
      <symbol id="sm-9e4">
         <name>UARTFIFOLevelSet</name>
         <value>0x5945</value>
         <object_component_ref idref="oc-354"/>
      </symbol>
      <symbol id="sm-9f6">
         <name>CPUcpsie</name>
         <value>0x58c1</value>
         <object_component_ref idref="oc-45f"/>
      </symbol>
      <symbol id="sm-9f7">
         <name>CPUcpsid</name>
         <value>0x58b5</value>
         <object_component_ref idref="oc-4dc"/>
      </symbol>
      <symbol id="sm-acc">
         <name>I2CMWrite8</name>
         <value>0x4e91</value>
         <object_component_ref idref="oc-496"/>
      </symbol>
      <symbol id="sm-acd">
         <name>I2CMCommand</name>
         <value>0x44a1</value>
         <object_component_ref idref="oc-156"/>
      </symbol>
      <symbol id="sm-ace">
         <name>I2CMInit</name>
         <value>0x5461</value>
         <object_component_ref idref="oc-385"/>
      </symbol>
      <symbol id="sm-acf">
         <name>I2CMTransferResume</name>
         <value>0x54fd</value>
         <object_component_ref idref="oc-55e"/>
      </symbol>
      <symbol id="sm-ad0">
         <name>I2CMIntHandler</name>
         <value>0x3ad5</value>
         <object_component_ref idref="oc-102"/>
      </symbol>
      <symbol id="sm-b19">
         <name>I2CMasterDataPut</name>
         <value>0x5953</value>
         <object_component_ref idref="oc-30f"/>
      </symbol>
      <symbol id="sm-b1a">
         <name>I2CMasterInitExpClk</name>
         <value>0x502d</value>
         <object_component_ref idref="oc-481"/>
      </symbol>
      <symbol id="sm-b1b">
         <name>I2CMasterSlaveAddrSet</name>
         <value>0x5917</value>
         <object_component_ref idref="oc-307"/>
      </symbol>
      <symbol id="sm-b1c">
         <name>I2CMasterDataGet</name>
         <value>0x594f</value>
         <object_component_ref idref="oc-2fd"/>
      </symbol>
      <symbol id="sm-b1d">
         <name>I2CMasterIntEnableEx</name>
         <value>0x590f</value>
         <object_component_ref idref="oc-487"/>
      </symbol>
      <symbol id="sm-b1e">
         <name>I2CMasterControl</name>
         <value>0x594b</value>
         <object_component_ref idref="oc-1a2"/>
      </symbol>
      <symbol id="sm-b1f">
         <name>I2CMasterEnable</name>
         <value>0x58fd</value>
         <object_component_ref idref="oc-521"/>
      </symbol>
      <symbol id="sm-b20">
         <name>I2CMasterIntClear</name>
         <value>0x5907</value>
         <object_component_ref idref="oc-19c"/>
      </symbol>
      <symbol id="sm-b21">
         <name>__TI_static_base__</name>
         <value>0x0</value>
      </symbol>
      <symbol id="sm-b24">
         <name>SHT$$INIT_ARRAY$$Limit</name>
         <value>0x0</value>
      </symbol>
      <symbol id="sm-b25">
         <name>SHT$$INIT_ARRAY$$Base</name>
         <value>0x0</value>
      </symbol>
   </symbol_table>
   <title>Link successful</title>
</link_info>
