<?xml version="1.0"?>
<link_info>
   <banner>TI ARM Linker Unix v16.9.3.LTS</banner>
   <copyright>Copyright (c) 1996-2017 Texas Instruments Incorporated</copyright>
   <link_time>0x59ff46e7</link_time>
   <link_errors>0x0</link_errors>
   <output_file>flight_controller.out</output_file>
   <entry_point>
      <name>_c_int00</name>
      <address>0x2ff1</address>
   </entry_point>
   <input_file_list>
      <input_file id="fl-2">
         <path>./</path>
         <kind>object</kind>
         <file>buffer.obj</file>
         <name>buffer.obj</name>
      </input_file>
      <input_file id="fl-3">
         <path>./</path>
         <kind>object</kind>
         <file>comp_dcm.obj</file>
         <name>comp_dcm.obj</name>
      </input_file>
      <input_file id="fl-4">
         <path>./</path>
         <kind>object</kind>
         <file>escpwm.obj</file>
         <name>escpwm.obj</name>
      </input_file>
      <input_file id="fl-5">
         <path>./</path>
         <kind>object</kind>
         <file>hc12.obj</file>
         <name>hc12.obj</name>
      </input_file>
      <input_file id="fl-6">
         <path>./</path>
         <kind>object</kind>
         <file>main.obj</file>
         <name>main.obj</name>
      </input_file>
      <input_file id="fl-7">
         <path>./</path>
         <kind>object</kind>
         <file>mpu9150mod.obj</file>
         <name>mpu9150mod.obj</name>
      </input_file>
      <input_file id="fl-8">
         <path>./</path>
         <kind>object</kind>
         <file>startup_ccs.obj</file>
         <name>startup_ccs.obj</name>
      </input_file>
      <input_file id="fl-9">
         <path>./drivers/</path>
         <kind>object</kind>
         <file>rgb.obj</file>
         <name>rgb.obj</name>
      </input_file>
      <input_file id="fl-a">
         <path>./utils/</path>
         <kind>object</kind>
         <file>uartstdio.obj</file>
         <name>uartstdio.obj</name>
      </input_file>
      <input_file id="fl-10">
         <kind>object</kind>
         <file>&lt;internal&gt;</file>
         <name>&lt;internal&gt;</name>
      </input_file>
      <input_file id="fl-c6">
         <path>/Applications/ti/ccsv7/tools/compiler/ti-cgt-arm_16.9.3.LTS/lib/</path>
         <kind>archive</kind>
         <file>rtsv7M4_T_le_v4SPD16_eabi.lib</file>
         <name>boot.obj</name>
      </input_file>
      <input_file id="fl-c7">
         <path>/Applications/ti/ccsv7/tools/compiler/ti-cgt-arm_16.9.3.LTS/lib/</path>
         <kind>archive</kind>
         <file>rtsv7M4_T_le_v4SPD16_eabi.lib</file>
         <name>copy_decompress_lzss.obj</name>
      </input_file>
      <input_file id="fl-c8">
         <path>/Applications/ti/ccsv7/tools/compiler/ti-cgt-arm_16.9.3.LTS/lib/</path>
         <kind>archive</kind>
         <file>rtsv7M4_T_le_v4SPD16_eabi.lib</file>
         <name>copy_decompress_none.obj</name>
      </input_file>
      <input_file id="fl-c9">
         <path>/Applications/ti/ccsv7/tools/compiler/ti-cgt-arm_16.9.3.LTS/lib/</path>
         <kind>archive</kind>
         <file>rtsv7M4_T_le_v4SPD16_eabi.lib</file>
         <name>copy_zero_init.obj</name>
      </input_file>
      <input_file id="fl-ca">
         <path>/Applications/ti/ccsv7/tools/compiler/ti-cgt-arm_16.9.3.LTS/lib/</path>
         <kind>archive</kind>
         <file>rtsv7M4_T_le_v4SPD16_eabi.lib</file>
         <name>e_asinf.obj</name>
      </input_file>
      <input_file id="fl-cb">
         <path>/Applications/ti/ccsv7/tools/compiler/ti-cgt-arm_16.9.3.LTS/lib/</path>
         <kind>archive</kind>
         <file>rtsv7M4_T_le_v4SPD16_eabi.lib</file>
         <name>e_atan2f.obj</name>
      </input_file>
      <input_file id="fl-cc">
         <path>/Applications/ti/ccsv7/tools/compiler/ti-cgt-arm_16.9.3.LTS/lib/</path>
         <kind>archive</kind>
         <file>rtsv7M4_T_le_v4SPD16_eabi.lib</file>
         <name>e_sqrt.obj</name>
      </input_file>
      <input_file id="fl-cd">
         <path>/Applications/ti/ccsv7/tools/compiler/ti-cgt-arm_16.9.3.LTS/lib/</path>
         <kind>archive</kind>
         <file>rtsv7M4_T_le_v4SPD16_eabi.lib</file>
         <name>e_sqrtf.obj</name>
      </input_file>
      <input_file id="fl-ce">
         <path>/Applications/ti/ccsv7/tools/compiler/ti-cgt-arm_16.9.3.LTS/lib/</path>
         <kind>archive</kind>
         <file>rtsv7M4_T_le_v4SPD16_eabi.lib</file>
         <name>errno.obj</name>
      </input_file>
      <input_file id="fl-cf">
         <path>/Applications/ti/ccsv7/tools/compiler/ti-cgt-arm_16.9.3.LTS/lib/</path>
         <kind>archive</kind>
         <file>rtsv7M4_T_le_v4SPD16_eabi.lib</file>
         <name>exit.obj</name>
      </input_file>
      <input_file id="fl-d0">
         <path>/Applications/ti/ccsv7/tools/compiler/ti-cgt-arm_16.9.3.LTS/lib/</path>
         <kind>archive</kind>
         <file>rtsv7M4_T_le_v4SPD16_eabi.lib</file>
         <name>fd_add_t2.obj</name>
      </input_file>
      <input_file id="fl-d1">
         <path>/Applications/ti/ccsv7/tools/compiler/ti-cgt-arm_16.9.3.LTS/lib/</path>
         <kind>archive</kind>
         <file>rtsv7M4_T_le_v4SPD16_eabi.lib</file>
         <name>fd_cmp_t2.obj</name>
      </input_file>
      <input_file id="fl-d2">
         <path>/Applications/ti/ccsv7/tools/compiler/ti-cgt-arm_16.9.3.LTS/lib/</path>
         <kind>archive</kind>
         <file>rtsv7M4_T_le_v4SPD16_eabi.lib</file>
         <name>fd_mul_t2.obj</name>
      </input_file>
      <input_file id="fl-d3">
         <path>/Applications/ti/ccsv7/tools/compiler/ti-cgt-arm_16.9.3.LTS/lib/</path>
         <kind>archive</kind>
         <file>rtsv7M4_T_le_v4SPD16_eabi.lib</file>
         <name>fd_tos_t2.obj</name>
      </input_file>
      <input_file id="fl-d4">
         <path>/Applications/ti/ccsv7/tools/compiler/ti-cgt-arm_16.9.3.LTS/lib/</path>
         <kind>archive</kind>
         <file>rtsv7M4_T_le_v4SPD16_eabi.lib</file>
         <name>fs_tod_t2.obj</name>
      </input_file>
      <input_file id="fl-d5">
         <path>/Applications/ti/ccsv7/tools/compiler/ti-cgt-arm_16.9.3.LTS/lib/</path>
         <kind>archive</kind>
         <file>rtsv7M4_T_le_v4SPD16_eabi.lib</file>
         <name>fs_toull_t2.obj</name>
      </input_file>
      <input_file id="fl-d6">
         <path>/Applications/ti/ccsv7/tools/compiler/ti-cgt-arm_16.9.3.LTS/lib/</path>
         <kind>archive</kind>
         <file>rtsv7M4_T_le_v4SPD16_eabi.lib</file>
         <name>memcpy_t2.obj</name>
      </input_file>
      <input_file id="fl-d7">
         <path>/Applications/ti/ccsv7/tools/compiler/ti-cgt-arm_16.9.3.LTS/lib/</path>
         <kind>archive</kind>
         <file>rtsv7M4_T_le_v4SPD16_eabi.lib</file>
         <name>memset_t2.obj</name>
      </input_file>
      <input_file id="fl-d8">
         <path>/Applications/ti/ccsv7/tools/compiler/ti-cgt-arm_16.9.3.LTS/lib/</path>
         <kind>archive</kind>
         <file>rtsv7M4_T_le_v4SPD16_eabi.lib</file>
         <name>mpu_init.obj</name>
      </input_file>
      <input_file id="fl-d9">
         <path>/Applications/ti/ccsv7/tools/compiler/ti-cgt-arm_16.9.3.LTS/lib/</path>
         <kind>archive</kind>
         <file>rtsv7M4_T_le_v4SPD16_eabi.lib</file>
         <name>pre_init.obj</name>
      </input_file>
      <input_file id="fl-da">
         <path>/Applications/ti/ccsv7/tools/compiler/ti-cgt-arm_16.9.3.LTS/lib/</path>
         <kind>archive</kind>
         <file>rtsv7M4_T_le_v4SPD16_eabi.lib</file>
         <name>s_atanf.obj</name>
      </input_file>
      <input_file id="fl-db">
         <path>/Applications/ti/ccsv7/tools/compiler/ti-cgt-arm_16.9.3.LTS/lib/</path>
         <kind>archive</kind>
         <file>rtsv7M4_T_le_v4SPD16_eabi.lib</file>
         <name>s_cosf.obj</name>
      </input_file>
      <input_file id="fl-dc">
         <path>/Applications/ti/ccsv7/tools/compiler/ti-cgt-arm_16.9.3.LTS/lib/</path>
         <kind>archive</kind>
         <file>rtsv7M4_T_le_v4SPD16_eabi.lib</file>
         <name>s_sinf.obj</name>
      </input_file>
      <input_file id="fl-dd">
         <path>/Applications/ti/ccsv7/tools/compiler/ti-cgt-arm_16.9.3.LTS/lib/</path>
         <kind>archive</kind>
         <file>rtsv7M4_T_le_v4SPD16_eabi.lib</file>
         <name>stkdepth_vars.obj</name>
      </input_file>
      <input_file id="fl-de">
         <path>/Applications/ti/ccsv7/tools/compiler/ti-cgt-arm_16.9.3.LTS/lib/</path>
         <kind>archive</kind>
         <file>rtsv7M4_T_le_v4SPD16_eabi.lib</file>
         <name>u_divt2.obj</name>
      </input_file>
      <input_file id="fl-df">
         <path>/Applications/ti/ccsv7/tools/compiler/ti-cgt-arm_16.9.3.LTS/lib/</path>
         <kind>archive</kind>
         <file>rtsv7M4_T_le_v4SPD16_eabi.lib</file>
         <name>_lock.obj</name>
      </input_file>
      <input_file id="fl-e0">
         <path>/Applications/ti/ccsv7/tools/compiler/ti-cgt-arm_16.9.3.LTS/lib/</path>
         <kind>archive</kind>
         <file>rtsv7M4_T_le_v4SPD16_eabi.lib</file>
         <name>args_main.obj</name>
      </input_file>
      <input_file id="fl-e1">
         <path>/Applications/ti/ccsv7/tools/compiler/ti-cgt-arm_16.9.3.LTS/lib/</path>
         <kind>archive</kind>
         <file>rtsv7M4_T_le_v4SPD16_eabi.lib</file>
         <name>autoinit.obj</name>
      </input_file>
      <input_file id="fl-e2">
         <path>/Applications/ti/ccsv7/tools/compiler/ti-cgt-arm_16.9.3.LTS/lib/</path>
         <kind>archive</kind>
         <file>rtsv7M4_T_le_v4SPD16_eabi.lib</file>
         <name>cpy_tbl.obj</name>
      </input_file>
      <input_file id="fl-e3">
         <path>/Applications/ti/ccsv7/tools/compiler/ti-cgt-arm_16.9.3.LTS/lib/</path>
         <kind>archive</kind>
         <file>rtsv7M4_T_le_v4SPD16_eabi.lib</file>
         <name>i_div0.obj</name>
      </input_file>
      <input_file id="fl-e4">
         <path>/Applications/ti/ccsv7/tools/compiler/ti-cgt-arm_16.9.3.LTS/lib/</path>
         <kind>archive</kind>
         <file>rtsv7M4_T_le_v4SPD16_eabi.lib</file>
         <name>startup.obj</name>
      </input_file>
      <input_file id="fl-e5">
         <path>/Users/maorshutman/ti/TivaWare_C_Series-2.1.3.156/driverlib/ccs/Debug/</path>
         <kind>archive</kind>
         <file>driverlib.lib</file>
         <name>gpio.obj</name>
      </input_file>
      <input_file id="fl-e6">
         <path>/Users/maorshutman/ti/TivaWare_C_Series-2.1.3.156/driverlib/ccs/Debug/</path>
         <kind>archive</kind>
         <file>driverlib.lib</file>
         <name>interrupt.obj</name>
      </input_file>
      <input_file id="fl-e7">
         <path>/Users/maorshutman/ti/TivaWare_C_Series-2.1.3.156/driverlib/ccs/Debug/</path>
         <kind>archive</kind>
         <file>driverlib.lib</file>
         <name>pwm.obj</name>
      </input_file>
      <input_file id="fl-e8">
         <path>/Users/maorshutman/ti/TivaWare_C_Series-2.1.3.156/driverlib/ccs/Debug/</path>
         <kind>archive</kind>
         <file>driverlib.lib</file>
         <name>sysctl.obj</name>
      </input_file>
      <input_file id="fl-e9">
         <path>/Users/maorshutman/ti/TivaWare_C_Series-2.1.3.156/driverlib/ccs/Debug/</path>
         <kind>archive</kind>
         <file>driverlib.lib</file>
         <name>uart.obj</name>
      </input_file>
      <input_file id="fl-ea">
         <path>/Users/maorshutman/ti/TivaWare_C_Series-2.1.3.156/driverlib/ccs/Debug/</path>
         <kind>archive</kind>
         <file>driverlib.lib</file>
         <name>cpu.obj</name>
      </input_file>
      <input_file id="fl-eb">
         <path>/Users/maorshutman/ti/TivaWare_C_Series-2.1.3.156/sensorlib/ccs/Debug/</path>
         <kind>archive</kind>
         <file>sensorlib.lib</file>
         <name>i2cm_drv.obj</name>
      </input_file>
      <input_file id="fl-ec">
         <path>/Users/maorshutman/ti/TivaWare_C_Series-2.1.3.156/driverlib/ccs/Debug/</path>
         <kind>archive</kind>
         <file>driverlib.lib</file>
         <name>i2c.obj</name>
      </input_file>
   </input_file_list>
   <object_component_list>
      <object_component id="oc-f">
         <name>.intvecs</name>
         <load_address>0x0</load_address>
         <run_address>0x0</run_address>
         <size>0x26c</size>
         <input_file_ref idref="fl-8"/>
      </object_component>
      <object_component id="oc-140">
         <name>.text:main</name>
         <load_address>0x26c</load_address>
         <run_address>0x26c</run_address>
         <size>0x808</size>
         <input_file_ref idref="fl-6"/>
      </object_component>
      <object_component id="oc-34a">
         <name>.text:UARTvprintf</name>
         <load_address>0xa74</load_address>
         <run_address>0xa74</run_address>
         <size>0x1ea</size>
         <input_file_ref idref="fl-a"/>
      </object_component>
      <object_component id="oc-284">
         <name>.text:CompDCMComputeQuaternion</name>
         <load_address>0xc5e</load_address>
         <run_address>0xc5e</run_address>
         <size>0x1c8</size>
         <input_file_ref idref="fl-3"/>
      </object_component>
      <object_component id="oc-43f">
         <name>.text</name>
         <load_address>0xe26</load_address>
         <run_address>0xe26</run_address>
         <size>0x1b6</size>
         <input_file_ref idref="fl-d0"/>
      </object_component>
      <object_component id="oc-1f5">
         <name>.text:InitPWM</name>
         <load_address>0xfdc</load_address>
         <run_address>0xfdc</run_address>
         <size>0x19c</size>
         <input_file_ref idref="fl-4"/>
      </object_component>
      <object_component id="oc-15c">
         <name>.text:MPU9150Callback</name>
         <load_address>0x1178</load_address>
         <run_address>0x1178</run_address>
         <size>0x194</size>
         <input_file_ref idref="fl-7"/>
      </object_component>
      <object_component id="oc-3ac">
         <name>.text</name>
         <load_address>0x130c</load_address>
         <run_address>0x130c</run_address>
         <size>0x170</size>
         <input_file_ref idref="fl-cc"/>
      </object_component>
      <object_component id="oc-49">
         <name>.text:UARTStdioIntHandler</name>
         <load_address>0x147c</load_address>
         <run_address>0x147c</run_address>
         <size>0x160</size>
         <input_file_ref idref="fl-a"/>
      </object_component>
      <object_component id="oc-3b2">
         <name>.text</name>
         <load_address>0x15dc</load_address>
         <run_address>0x15dc</run_address>
         <size>0x158</size>
         <input_file_ref idref="fl-cb"/>
      </object_component>
      <object_component id="oc-453">
         <name>.text</name>
         <load_address>0x1734</load_address>
         <run_address>0x1734</run_address>
         <size>0x150</size>
         <input_file_ref idref="fl-da"/>
      </object_component>
      <object_component id="oc-274">
         <name>.text:CompDCMStart</name>
         <load_address>0x1884</load_address>
         <run_address>0x1884</run_address>
         <size>0x14c</size>
         <input_file_ref idref="fl-3"/>
      </object_component>
      <object_component id="oc-366">
         <name>.text:GPIOPadConfigSet</name>
         <load_address>0x19d0</load_address>
         <run_address>0x19d0</run_address>
         <size>0x132</size>
         <input_file_ref idref="fl-e5"/>
      </object_component>
      <object_component id="oc-37">
         <name>.text:FaultISR</name>
         <load_address>0x1b02</load_address>
         <run_address>0x1b02</run_address>
         <size>0x2</size>
         <input_file_ref idref="fl-8"/>
      </object_component>
      <object_component id="oc-27e">
         <name>.text:CompDCMUpdate</name>
         <load_address>0x1b04</load_address>
         <run_address>0x1b04</run_address>
         <size>0x118</size>
         <input_file_ref idref="fl-3"/>
      </object_component>
      <object_component id="oc-2ff">
         <name>.text:SysCtlClockGet</name>
         <load_address>0x1c1c</load_address>
         <run_address>0x1c1c</run_address>
         <size>0x110</size>
         <input_file_ref idref="fl-e8"/>
      </object_component>
      <object_component id="oc-20d">
         <name>.text:RGBInit</name>
         <load_address>0x1d2c</load_address>
         <run_address>0x1d2c</run_address>
         <size>0x104</size>
         <input_file_ref idref="fl-9"/>
      </object_component>
      <object_component id="oc-39e">
         <name>.text</name>
         <load_address>0x1e30</load_address>
         <run_address>0x1e30</run_address>
         <size>0xfc</size>
         <input_file_ref idref="fl-d2"/>
      </object_component>
      <object_component id="oc-102">
         <name>.text:I2CMIntHandler</name>
         <load_address>0x1f2c</load_address>
         <run_address>0x1f2c</run_address>
         <size>0xf2</size>
         <input_file_ref idref="fl-eb"/>
      </object_component>
      <object_component id="oc-3d">
         <name>.text:IntDefaultHandler</name>
         <load_address>0x201e</load_address>
         <run_address>0x201e</run_address>
         <size>0x2</size>
         <input_file_ref idref="fl-8"/>
      </object_component>
      <object_component id="oc-110">
         <name>.text:RGBEnable</name>
         <load_address>0x2020</load_address>
         <run_address>0x2020</run_address>
         <size>0xc0</size>
         <input_file_ref idref="fl-9"/>
      </object_component>
      <object_component id="oc-3b8">
         <name>.text</name>
         <load_address>0x20e0</load_address>
         <run_address>0x20e0</run_address>
         <size>0xb4</size>
         <input_file_ref idref="fl-db"/>
      </object_component>
      <object_component id="oc-343">
         <name>.text:UARTStdioConfig</name>
         <load_address>0x2194</load_address>
         <run_address>0x2194</run_address>
         <size>0xb0</size>
         <input_file_ref idref="fl-a"/>
      </object_component>
      <object_component id="oc-37c">
         <name>.text:MPU9150AppErrorHandler</name>
         <load_address>0x2244</load_address>
         <run_address>0x2244</run_address>
         <size>0xa8</size>
         <input_file_ref idref="fl-6"/>
      </object_component>
      <object_component id="oc-da">
         <name>.text:UARTwrite</name>
         <load_address>0x22ec</load_address>
         <run_address>0x22ec</run_address>
         <size>0xa8</size>
         <input_file_ref idref="fl-a"/>
      </object_component>
      <object_component id="oc-3be">
         <name>.text</name>
         <load_address>0x2394</load_address>
         <run_address>0x2394</run_address>
         <size>0xa4</size>
         <input_file_ref idref="fl-dc"/>
      </object_component>
      <object_component id="oc-25c">
         <name>.text:MPU9150DataMagnetoGetFloat</name>
         <load_address>0x2438</load_address>
         <run_address>0x2438</run_address>
         <size>0x9c</size>
         <input_file_ref idref="fl-7"/>
      </object_component>
      <object_component id="oc-23d">
         <name>.text:MPU9150Write</name>
         <load_address>0x24d4</load_address>
         <run_address>0x24d4</run_address>
         <size>0x9c</size>
         <input_file_ref idref="fl-7"/>
      </object_component>
      <object_component id="oc-6f">
         <name>.text</name>
         <load_address>0x2570</load_address>
         <run_address>0x2570</run_address>
         <size>0x9c</size>
         <input_file_ref idref="fl-d6"/>
      </object_component>
      <object_component id="oc-1da">
         <name>.text:I2CMStateIdle</name>
         <load_address>0x260c</load_address>
         <run_address>0x260c</run_address>
         <size>0x98</size>
         <input_file_ref idref="fl-eb"/>
      </object_component>
      <object_component id="oc-213">
         <name>.text:RGBColorSet</name>
         <load_address>0x26a4</load_address>
         <run_address>0x26a4</run_address>
         <size>0x90</size>
         <input_file_ref idref="fl-9"/>
      </object_component>
      <object_component id="oc-ce">
         <name>.text:UARTPrimeTransmit</name>
         <load_address>0x2734</load_address>
         <run_address>0x2734</run_address>
         <size>0x8c</size>
         <input_file_ref idref="fl-a"/>
      </object_component>
      <object_component id="oc-156">
         <name>.text:I2CMCommand</name>
         <load_address>0x27c0</load_address>
         <run_address>0x27c0</run_address>
         <size>0x88</size>
         <input_file_ref idref="fl-eb"/>
      </object_component>
      <object_component id="oc-444">
         <name>.text:__aeabi_cdrcmple</name>
         <load_address>0x2848</load_address>
         <run_address>0x2848</run_address>
         <size>0x86</size>
         <input_file_ref idref="fl-d1"/>
      </object_component>
      <object_component id="oc-31">
         <name>.text:NmiSR</name>
         <load_address>0x28ce</load_address>
         <run_address>0x28ce</run_address>
         <size>0x2</size>
         <input_file_ref idref="fl-8"/>
      </object_component>
      <object_component id="oc-250">
         <name>.text:MPU9150DataAccelGetFloat</name>
         <load_address>0x28d0</load_address>
         <run_address>0x28d0</run_address>
         <size>0x7c</size>
         <input_file_ref idref="fl-7"/>
      </object_component>
      <object_component id="oc-256">
         <name>.text:MPU9150DataGyroGetFloat</name>
         <load_address>0x294c</load_address>
         <run_address>0x294c</run_address>
         <size>0x7c</size>
         <input_file_ref idref="fl-7"/>
      </object_component>
      <object_component id="oc-7b">
         <name>.text</name>
         <load_address>0x29c8</load_address>
         <run_address>0x29c8</run_address>
         <size>0x7a</size>
         <input_file_ref idref="fl-d7"/>
      </object_component>
      <object_component id="oc-47e">
         <name>.text</name>
         <load_address>0x2a42</load_address>
         <run_address>0x2a42</run_address>
         <size>0x2</size>
         <input_file_ref idref="fl-e3"/>
      </object_component>
      <object_component id="oc-249">
         <name>.text:RGBBlinkRateSet</name>
         <load_address>0x2a44</load_address>
         <run_address>0x2a44</run_address>
         <size>0x78</size>
         <input_file_ref idref="fl-9"/>
      </object_component>
      <object_component id="oc-93">
         <name>.text</name>
         <load_address>0x2abc</load_address>
         <run_address>0x2abc</run_address>
         <size>0x70</size>
         <input_file_ref idref="fl-e1"/>
      </object_component>
      <object_component id="oc-3a3">
         <name>.text</name>
         <load_address>0x2b2c</load_address>
         <run_address>0x2b2c</run_address>
         <size>0x6e</size>
         <input_file_ref idref="fl-d3"/>
      </object_component>
      <object_component id="oc-87">
         <name>.text</name>
         <load_address>0x2b9a</load_address>
         <run_address>0x2b9a</run_address>
         <size>0x2</size>
         <input_file_ref idref="fl-d8"/>
      </object_component>
      <object_component id="oc-1fb">
         <name>.text:InitHC12UART</name>
         <load_address>0x2b9c</load_address>
         <run_address>0x2b9c</run_address>
         <size>0x6c</size>
         <input_file_ref idref="fl-5"/>
      </object_component>
      <object_component id="oc-231">
         <name>.text:MPU9150Init</name>
         <load_address>0x2c08</load_address>
         <run_address>0x2c08</run_address>
         <size>0x6c</size>
         <input_file_ref idref="fl-7"/>
      </object_component>
      <object_component id="oc-2a9">
         <name>.text:IntDisable</name>
         <load_address>0x2c74</load_address>
         <run_address>0x2c74</run_address>
         <size>0x68</size>
         <input_file_ref idref="fl-e6"/>
      </object_component>
      <object_component id="oc-2b5">
         <name>.text:IntEnable</name>
         <load_address>0x2cdc</load_address>
         <run_address>0x2cdc</run_address>
         <size>0x68</size>
         <input_file_ref idref="fl-e6"/>
      </object_component>
      <object_component id="oc-10a">
         <name>.text:RGBDisable</name>
         <load_address>0x2d44</load_address>
         <run_address>0x2d44</run_address>
         <size>0x68</size>
         <input_file_ref idref="fl-9"/>
      </object_component>
      <object_component id="oc-12">
         <name>.text:decompress:lzss</name>
         <load_address>0x2dac</load_address>
         <run_address>0x2dac</run_address>
         <size>0x68</size>
         <input_file_ref idref="fl-c7"/>
      </object_component>
      <object_component id="oc-201">
         <name>.text:ConfigureUART</name>
         <load_address>0x2e14</load_address>
         <run_address>0x2e14</run_address>
         <size>0x64</size>
         <input_file_ref idref="fl-6"/>
      </object_component>
      <object_component id="oc-2a3">
         <name>.text:IntIsEnabled</name>
         <load_address>0x2e78</load_address>
         <run_address>0x2e78</run_address>
         <size>0x64</size>
         <input_file_ref idref="fl-e6"/>
      </object_component>
      <object_component id="oc-b9">
         <name>.text:MPU9150DataRead</name>
         <load_address>0x2edc</load_address>
         <run_address>0x2edc</run_address>
         <size>0x60</size>
         <input_file_ref idref="fl-7"/>
      </object_component>
      <object_component id="oc-1c8">
         <name>.text:I2CMStateWritePause</name>
         <load_address>0x2f3c</load_address>
         <run_address>0x2f3c</run_address>
         <size>0x5e</size>
         <input_file_ref idref="fl-eb"/>
      </object_component>
      <object_component id="oc-138">
         <name>.text</name>
         <load_address>0x2f9a</load_address>
         <run_address>0x2f9a</run_address>
         <size>0x2</size>
         <input_file_ref idref="fl-e4"/>
      </object_component>
      <object_component id="oc-383">
         <name>.text:I2CMWrite8</name>
         <load_address>0x2f9c</load_address>
         <run_address>0x2f9c</run_address>
         <size>0x54</size>
         <input_file_ref idref="fl-eb"/>
      </object_component>
      <object_component id="oc-24">
         <name>.text</name>
         <load_address>0x2ff0</load_address>
         <run_address>0x2ff0</run_address>
         <size>0x54</size>
         <input_file_ref idref="fl-c6"/>
      </object_component>
      <object_component id="oc-9f">
         <name>.text</name>
         <load_address>0x3044</load_address>
         <run_address>0x3044</run_address>
         <size>0x54</size>
         <input_file_ref idref="fl-cf"/>
      </object_component>
      <object_component id="oc-1ce">
         <name>.text:I2CMStateWriteFinal</name>
         <load_address>0x3098</load_address>
         <run_address>0x3098</run_address>
         <size>0x50</size>
         <input_file_ref idref="fl-eb"/>
      </object_component>
      <object_component id="oc-38b">
         <name>.text</name>
         <load_address>0x30e8</load_address>
         <run_address>0x30e8</run_address>
         <size>0x50</size>
         <input_file_ref idref="fl-d5"/>
      </object_component>
      <object_component id="oc-36e">
         <name>.text:I2CMasterInitExpClk</name>
         <load_address>0x3138</load_address>
         <run_address>0x3138</run_address>
         <size>0x4c</size>
         <input_file_ref idref="fl-ec"/>
      </object_component>
      <object_component id="oc-132">
         <name>.text</name>
         <load_address>0x3184</load_address>
         <run_address>0x3184</run_address>
         <size>0x4c</size>
         <input_file_ref idref="fl-e2"/>
      </object_component>
      <object_component id="oc-1b6">
         <name>.text:I2CMStateReadNext</name>
         <load_address>0x31d0</load_address>
         <run_address>0x31d0</run_address>
         <size>0x4a</size>
         <input_file_ref idref="fl-eb"/>
      </object_component>
      <object_component id="oc-318">
         <name>.text:GPIOPinConfigure</name>
         <load_address>0x321c</load_address>
         <run_address>0x321c</run_address>
         <size>0x48</size>
         <input_file_ref idref="fl-e5"/>
      </object_component>
      <object_component id="oc-1d4">
         <name>.text:I2CMStateWriteNext</name>
         <load_address>0x3264</load_address>
         <run_address>0x3264</run_address>
         <size>0x48</size>
         <input_file_ref idref="fl-eb"/>
      </object_component>
      <object_component id="oc-324">
         <name>.text:UARTConfigSetExpClk</name>
         <load_address>0x32ac</load_address>
         <run_address>0x32ac</run_address>
         <size>0x46</size>
         <input_file_ref idref="fl-e9"/>
      </object_component>
      <object_component id="oc-243">
         <name>.text:CompDCMInit</name>
         <load_address>0x32f4</load_address>
         <run_address>0x32f4</run_address>
         <size>0x44</size>
         <input_file_ref idref="fl-3"/>
      </object_component>
      <object_component id="oc-19e">
         <name>.text:I2CMStateCallback</name>
         <load_address>0x3338</load_address>
         <run_address>0x3338</run_address>
         <size>0x44</size>
         <input_file_ref idref="fl-eb"/>
      </object_component>
      <object_component id="oc-1b0">
         <name>.text:I2CMStateReadFinal</name>
         <load_address>0x337c</load_address>
         <run_address>0x337c</run_address>
         <size>0x42</size>
         <input_file_ref idref="fl-eb"/>
      </object_component>
      <object_component id="oc-430">
         <name>.text:I2CMWrite8Callback</name>
         <load_address>0x33be</load_address>
         <run_address>0x33be</run_address>
         <size>0x40</size>
         <input_file_ref idref="fl-eb"/>
      </object_component>
      <object_component id="oc-419">
         <name>.text</name>
         <load_address>0x33fe</load_address>
         <run_address>0x33fe</run_address>
         <size>0x40</size>
         <input_file_ref idref="fl-de"/>
      </object_component>
      <object_component id="oc-1aa">
         <name>.text:I2CMStateReadPause</name>
         <load_address>0x343e</load_address>
         <run_address>0x343e</run_address>
         <size>0x3e</size>
         <input_file_ref idref="fl-eb"/>
      </object_component>
      <object_component id="oc-40c">
         <name>.text:UARTFlushTx</name>
         <load_address>0x347c</load_address>
         <run_address>0x347c</run_address>
         <size>0x3c</size>
         <input_file_ref idref="fl-a"/>
      </object_component>
      <object_component id="oc-5b">
         <name>.text:RGBBlinkIntHandler</name>
         <load_address>0x34b8</load_address>
         <run_address>0x34b8</run_address>
         <size>0x38</size>
         <input_file_ref idref="fl-9"/>
      </object_component>
      <object_component id="oc-399">
         <name>.text</name>
         <load_address>0x34f0</load_address>
         <run_address>0x34f0</run_address>
         <size>0x38</size>
         <input_file_ref idref="fl-d4"/>
      </object_component>
      <object_component id="oc-22b">
         <name>.text:I2CMInit</name>
         <load_address>0x3528</load_address>
         <run_address>0x3528</run_address>
         <size>0x34</size>
         <input_file_ref idref="fl-eb"/>
      </object_component>
      <object_component id="oc-43">
         <name>.text:IntGPIOb</name>
         <load_address>0x355c</load_address>
         <run_address>0x355c</run_address>
         <size>0x34</size>
         <input_file_ref idref="fl-6"/>
      </object_component>
      <object_component id="oc-312">
         <name>.text:SysCtlPeripheralEnable</name>
         <load_address>0x3590</load_address>
         <run_address>0x3590</run_address>
         <size>0x34</size>
         <input_file_ref idref="fl-e8"/>
      </object_component>
      <object_component id="oc-486">
         <name>.text:I2CMTransferResume</name>
         <load_address>0x35c4</load_address>
         <run_address>0x35c4</run_address>
         <size>0x30</size>
         <input_file_ref idref="fl-eb"/>
      </object_component>
      <object_component id="oc-237">
         <name>.text:MPU9150AppI2CWait</name>
         <load_address>0x35f4</load_address>
         <run_address>0x35f4</run_address>
         <size>0x30</size>
         <input_file_ref idref="fl-6"/>
      </object_component>
      <object_component id="oc-406">
         <name>.text:UARTFlushRx</name>
         <load_address>0x3624</load_address>
         <run_address>0x3624</run_address>
         <size>0x2c</size>
         <input_file_ref idref="fl-a"/>
      </object_component>
      <object_component id="oc-360">
         <name>.text:GPIODirModeSet</name>
         <load_address>0x3650</load_address>
         <run_address>0x3650</run_address>
         <size>0x2a</size>
         <input_file_ref idref="fl-e5"/>
      </object_component>
      <object_component id="oc-1bc">
         <name>.text:I2CMStateReadFirst</name>
         <load_address>0x367a</load_address>
         <run_address>0x367a</run_address>
         <size>0x2a</size>
         <input_file_ref idref="fl-eb"/>
      </object_component>
      <object_component id="oc-3c8">
         <name>.text</name>
         <load_address>0x36a4</load_address>
         <run_address>0x36a4</run_address>
         <size>0x28</size>
         <input_file_ref idref="fl-cd"/>
      </object_component>
      <object_component id="oc-fb">
         <name>.text:WriteByteToBuffer</name>
         <load_address>0x36cc</load_address>
         <run_address>0x36cc</run_address>
         <size>0x24</size>
         <input_file_ref idref="fl-2"/>
      </object_component>
      <object_component id="oc-305">
         <name>.text:PWMGenConfigure</name>
         <load_address>0x36f0</load_address>
         <run_address>0x36f0</run_address>
         <size>0x22</size>
         <input_file_ref idref="fl-e7"/>
      </object_component>
      <object_component id="oc-1c2">
         <name>.text:I2CMStateReadOne</name>
         <load_address>0x3712</load_address>
         <run_address>0x3712</run_address>
         <size>0x20</size>
         <input_file_ref idref="fl-eb"/>
      </object_component>
      <object_component id="oc-4f">
         <name>.text:UART2IntHandler</name>
         <load_address>0x3734</load_address>
         <run_address>0x3734</run_address>
         <size>0x20</size>
         <input_file_ref idref="fl-5"/>
      </object_component>
      <object_component id="oc-3ef">
         <name>.text:UARTDisable</name>
         <load_address>0x3754</load_address>
         <run_address>0x3754</run_address>
         <size>0x20</size>
         <input_file_ref idref="fl-e9"/>
      </object_component>
      <object_component id="oc-1a4">
         <name>.text:I2CMStateReadWait</name>
         <load_address>0x3774</load_address>
         <run_address>0x3774</run_address>
         <size>0x1a</size>
         <input_file_ref idref="fl-eb"/>
      </object_component>
      <object_component id="oc-207">
         <name>.text:UARTprintf</name>
         <load_address>0x378e</load_address>
         <run_address>0x378e</run_address>
         <size>0x1a</size>
         <input_file_ref idref="fl-a"/>
      </object_component>
      <object_component id="oc-e0">
         <name>.text:IsBufferFull</name>
         <load_address>0x37a8</load_address>
         <run_address>0x37a8</run_address>
         <size>0x18</size>
         <input_file_ref idref="fl-a"/>
      </object_component>
      <object_component id="oc-c2">
         <name>.text:MPU9150AppCallback</name>
         <load_address>0x37c0</load_address>
         <run_address>0x37c0</run_address>
         <size>0x18</size>
         <input_file_ref idref="fl-6"/>
      </object_component>
      <object_component id="oc-99">
         <name>.text</name>
         <load_address>0x37d8</load_address>
         <run_address>0x37d8</run_address>
         <size>0x18</size>
         <input_file_ref idref="fl-e0"/>
      </object_component>
      <object_component id="oc-219">
         <name>.text:RGBIntensitySet</name>
         <load_address>0x37f0</load_address>
         <run_address>0x37f0</run_address>
         <size>0x14</size>
         <input_file_ref idref="fl-9"/>
      </object_component>
      <object_component id="oc-3f5">
         <name>.text:UARTEnable</name>
         <load_address>0x3804</load_address>
         <run_address>0x3804</run_address>
         <size>0x14</size>
         <input_file_ref idref="fl-e9"/>
      </object_component>
      <object_component id="oc-295">
         <name>.text</name>
         <load_address>0x3818</load_address>
         <run_address>0x3818</run_address>
         <size>0x14</size>
         <input_file_ref idref="fl-df"/>
      </object_component>
      <object_component id="oc-21f">
         <name>.text:GPIOPinTypeI2CSCL</name>
         <load_address>0x382c</load_address>
         <run_address>0x382c</run_address>
         <size>0x12</size>
         <input_file_ref idref="fl-e5"/>
      </object_component>
      <object_component id="oc-31e">
         <name>.text:GPIOPinTypeUART</name>
         <load_address>0x383e</load_address>
         <run_address>0x383e</run_address>
         <size>0x12</size>
         <input_file_ref idref="fl-e5"/>
      </object_component>
      <object_component id="oc-32a">
         <name>.text:IntMasterEnable</name>
         <load_address>0x3850</load_address>
         <run_address>0x3850</run_address>
         <size>0x10</size>
         <input_file_ref idref="fl-e6"/>
      </object_component>
      <object_component id="oc-30b">
         <name>.text:PWMGenPeriodSet</name>
         <load_address>0x3860</load_address>
         <run_address>0x3860</run_address>
         <size>0x10</size>
         <input_file_ref idref="fl-e7"/>
      </object_component>
      <object_component id="oc-268">
         <name>.text:CompDCMAccelUpdate</name>
         <load_address>0x3870</load_address>
         <run_address>0x3870</run_address>
         <size>0xe</size>
         <input_file_ref idref="fl-3"/>
      </object_component>
      <object_component id="oc-26e">
         <name>.text:CompDCMGyroUpdate</name>
         <load_address>0x387e</load_address>
         <run_address>0x387e</run_address>
         <size>0xe</size>
         <input_file_ref idref="fl-3"/>
      </object_component>
      <object_component id="oc-262">
         <name>.text:CompDCMMagnetoUpdate</name>
         <load_address>0x388c</load_address>
         <run_address>0x388c</run_address>
         <size>0xe</size>
         <input_file_ref idref="fl-3"/>
      </object_component>
      <object_component id="oc-ad">
         <name>.text:GPIOIntStatus</name>
         <load_address>0x389a</load_address>
         <run_address>0x389a</run_address>
         <size>0xe</size>
         <input_file_ref idref="fl-e5"/>
      </object_component>
      <object_component id="oc-d4">
         <name>.text:IsBufferEmpty</name>
         <load_address>0x38a8</load_address>
         <run_address>0x38a8</run_address>
         <size>0xe</size>
         <input_file_ref idref="fl-a"/>
      </object_component>
      <object_component id="oc-18">
         <name>.text:decompress:none</name>
         <load_address>0x38b6</load_address>
         <run_address>0x38b6</run_address>
         <size>0xe</size>
         <input_file_ref idref="fl-c8"/>
      </object_component>
      <object_component id="oc-3fc">
         <name>.text:CPUcpsie</name>
         <load_address>0x38c4</load_address>
         <run_address>0x38c4</run_address>
         <size>0xc</size>
         <input_file_ref idref="fl-ea"/>
      </object_component>
      <object_component id="oc-225">
         <name>.text:GPIOIntEnable</name>
         <load_address>0x38d0</load_address>
         <run_address>0x38d0</run_address>
         <size>0xc</size>
         <input_file_ref idref="fl-e5"/>
      </object_component>
      <object_component id="oc-2af">
         <name>.text:IntTrigger</name>
         <load_address>0x38dc</load_address>
         <run_address>0x38dc</run_address>
         <size>0xc</size>
         <input_file_ref idref="fl-e6"/>
      </object_component>
      <object_component id="oc-55">
         <name>.text:MPU9150I2CIntHandler</name>
         <load_address>0x38e8</load_address>
         <run_address>0x38e8</run_address>
         <size>0xc</size>
         <input_file_ref idref="fl-6"/>
      </object_component>
      <object_component id="oc-1e">
         <name>.text:decompress:ZI</name>
         <load_address>0x38f4</load_address>
         <run_address>0x38f4</run_address>
         <size>0xc</size>
         <input_file_ref idref="fl-c9"/>
      </object_component>
      <object_component id="oc-427">
         <name>.text:I2CMasterEnable</name>
         <load_address>0x3900</load_address>
         <run_address>0x3900</run_address>
         <size>0xa</size>
         <input_file_ref idref="fl-ec"/>
      </object_component>
      <object_component id="oc-192">
         <name>.text:I2CMasterIntClear</name>
         <load_address>0x390a</load_address>
         <run_address>0x390a</run_address>
         <size>0x8</size>
         <input_file_ref idref="fl-ec"/>
      </object_component>
      <object_component id="oc-374">
         <name>.text:I2CMasterIntEnableEx</name>
         <load_address>0x3912</load_address>
         <run_address>0x3912</run_address>
         <size>0x8</size>
         <input_file_ref idref="fl-ec"/>
      </object_component>
      <object_component id="oc-2df">
         <name>.text:I2CMasterSlaveAddrSet</name>
         <load_address>0x391a</load_address>
         <run_address>0x391a</run_address>
         <size>0x8</size>
         <input_file_ref idref="fl-ec"/>
      </object_component>
      <object_component id="oc-336">
         <name>.text:UARTIntEnable</name>
         <load_address>0x3922</load_address>
         <run_address>0x3922</run_address>
         <size>0x8</size>
         <input_file_ref idref="fl-e9"/>
      </object_component>
      <object_component id="oc-b3">
         <name>.text:GPIOIntClear</name>
         <load_address>0x392a</load_address>
         <run_address>0x392a</run_address>
         <size>0x6</size>
         <input_file_ref idref="fl-e5"/>
      </object_component>
      <object_component id="oc-2b">
         <name>.text:ResetISR</name>
         <load_address>0x3930</load_address>
         <run_address>0x3930</run_address>
         <size>0x6</size>
         <input_file_ref idref="fl-8"/>
      </object_component>
      <object_component id="oc-33d">
         <name>.text:UARTClockSourceSet</name>
         <load_address>0x3936</load_address>
         <run_address>0x3936</run_address>
         <size>0x6</size>
         <input_file_ref idref="fl-e9"/>
      </object_component>
      <object_component id="oc-330">
         <name>.text:UARTFIFOLevelSet</name>
         <load_address>0x393c</load_address>
         <run_address>0x393c</run_address>
         <size>0x6</size>
         <input_file_ref idref="fl-e9"/>
      </object_component>
      <object_component id="oc-198">
         <name>.text:I2CMasterControl</name>
         <load_address>0x3942</load_address>
         <run_address>0x3942</run_address>
         <size>0x4</size>
         <input_file_ref idref="fl-ec"/>
      </object_component>
      <object_component id="oc-2d5">
         <name>.text:I2CMasterDataGet</name>
         <load_address>0x3946</load_address>
         <run_address>0x3946</run_address>
         <size>0x4</size>
         <input_file_ref idref="fl-ec"/>
      </object_component>
      <object_component id="oc-2e7">
         <name>.text:I2CMasterDataPut</name>
         <load_address>0x394a</load_address>
         <run_address>0x394a</run_address>
         <size>0x4</size>
         <input_file_ref idref="fl-ec"/>
      </object_component>
      <object_component id="oc-f5">
         <name>.text:UARTIntClear</name>
         <load_address>0x394e</load_address>
         <run_address>0x394e</run_address>
         <size>0x4</size>
         <input_file_ref idref="fl-e9"/>
      </object_component>
      <object_component id="oc-8d">
         <name>.text</name>
         <load_address>0x3952</load_address>
         <run_address>0x3952</run_address>
         <size>0x4</size>
         <input_file_ref idref="fl-d9"/>
      </object_component>
      <object_component id="oc-3ea">
         <name>.const:g_pui32GPIOBaseAddrs</name>
         <load_address>0x3958</load_address>
         <run_address>0x3958</run_address>
         <size>0x90</size>
         <input_file_ref idref="fl-e5"/>
      </object_component>
      <object_component id="oc-3d2">
         <name>.const</name>
         <load_address>0x39e8</load_address>
         <run_address>0x39e8</run_address>
         <size>0x70</size>
         <input_file_ref idref="fl-e6"/>
      </object_component>
      <object_component id="oc-3e1">
         <name>.const:g_pui32Xtals</name>
         <load_address>0x3a58</load_address>
         <run_address>0x3a58</run_address>
         <size>0x6c</size>
         <input_file_ref idref="fl-e8"/>
      </object_component>
      <object_component id="oc-493">
         <name>.const:$O1$$</name>
         <load_address>0x3ac4</load_address>
         <run_address>0x3ac4</run_address>
         <size>0x34</size>
         <input_file_ref idref="fl-da"/>
      </object_component>
      <object_component id="oc-391">
         <name>.const:g_fMPU9150AccelFactors</name>
         <load_address>0x3af8</load_address>
         <run_address>0x3af8</run_address>
         <size>0x10</size>
         <input_file_ref idref="fl-7"/>
      </object_component>
      <object_component id="oc-395">
         <name>.const:g_fMPU9150GyroFactors</name>
         <load_address>0x3b08</load_address>
         <run_address>0x3b08</run_address>
         <size>0x10</size>
         <input_file_ref idref="fl-7"/>
      </object_component>
      <object_component id="oc-415">
         <name>.const:g_ui32UARTBase</name>
         <load_address>0x3b18</load_address>
         <run_address>0x3b18</run_address>
         <size>0xc</size>
         <input_file_ref idref="fl-a"/>
      </object_component>
      <object_component id="oc-178">
         <name>.const:g_ui32UARTInt</name>
         <load_address>0x3b24</load_address>
         <run_address>0x3b24</run_address>
         <size>0xc</size>
         <input_file_ref idref="fl-a"/>
      </object_component>
      <object_component id="oc-412">
         <name>.const:g_ui32UARTPeriph</name>
         <load_address>0x3b30</load_address>
         <run_address>0x3b30</run_address>
         <size>0xc</size>
         <input_file_ref idref="fl-a"/>
      </object_component>
      <object_component id="oc-4c4">
         <name>.cinit..data.load</name>
         <load_address>0x3b40</load_address>
         <run_address>0x3b40</run_address>
         <size>0x16</size>
      </object_component>
      <object_component id="oc-4c2">
         <name>__TI_handler_table</name>
         <load_address>0x3b58</load_address>
         <run_address>0x3b58</run_address>
         <size>0xc</size>
      </object_component>
      <object_component id="oc-4c5">
         <name>.cinit..bss.load</name>
         <load_address>0x3b68</load_address>
         <run_address>0x3b68</run_address>
         <size>0x8</size>
      </object_component>
      <object_component id="oc-4c3">
         <name>__TI_cinit_table</name>
         <load_address>0x3b70</load_address>
         <run_address>0x3b70</run_address>
         <size>0x10</size>
      </object_component>
      <object_component id="oc-18b">
         <name>.data</name>
         <load_address>0x20000add</load_address>
         <run_address>0x20000add</run_address>
         <size>0x1</size>
         <input_file_ref idref="fl-2"/>
      </object_component>
      <object_component id="oc-358">
         <name>.data</name>
         <load_address>0x20000af4</load_address>
         <run_address>0x20000af4</run_address>
         <size>0x4</size>
         <input_file_ref idref="fl-9"/>
      </object_component>
      <object_component id="oc-e6">
         <name>.data</name>
         <load_address>0x20000ac8</load_address>
         <run_address>0x20000ac8</run_address>
         <size>0x15</size>
         <input_file_ref idref="fl-a"/>
      </object_component>
      <object_component id="oc-449">
         <name>.data</name>
         <load_address>0x20000af8</load_address>
         <run_address>0x20000af8</run_address>
         <size>0x4</size>
         <input_file_ref idref="fl-ce"/>
      </object_component>
      <object_component id="oc-148">
         <name>.data:$O1$$</name>
         <load_address>0x20000ae0</load_address>
         <run_address>0x20000ae0</run_address>
         <size>0xc</size>
         <input_file_ref idref="fl-cf"/>
      </object_component>
      <object_component id="oc-a5">
         <name>.data</name>
         <load_address>0x20000afc</load_address>
         <run_address>0x20000afc</run_address>
         <size>0x4</size>
         <input_file_ref idref="fl-dd"/>
      </object_component>
      <object_component id="oc-14b">
         <name>.data:$O1$$</name>
         <load_address>0x20000aec</load_address>
         <run_address>0x20000aec</run_address>
         <size>0x8</size>
         <input_file_ref idref="fl-df"/>
      </object_component>
      <object_component id="oc-35b">
         <name>.bss:g_ui32Colors</name>
         <uninitialized>true</uninitialized>
         <run_address>0x20000694</run_address>
         <size>0xc</size>
         <input_file_ref idref="fl-9"/>
      </object_component>
      <object_component id="oc-116">
         <name>.bss</name>
         <uninitialized>true</uninitialized>
         <run_address>0x200006b4</run_address>
         <size>0x4</size>
         <input_file_ref idref="fl-9"/>
      </object_component>
      <object_component id="oc-e9">
         <name>.bss</name>
         <uninitialized>true</uninitialized>
         <run_address>0x200006ac</run_address>
         <size>0x8</size>
         <input_file_ref idref="fl-a"/>
      </object_component>
      <object_component id="oc-17b">
         <name>.bss:g_pcUARTTxBuffer</name>
         <uninitialized>true</uninitialized>
         <run_address>0x20000000</run_address>
         <size>0x400</size>
         <input_file_ref idref="fl-a"/>
      </object_component>
      <object_component id="oc-ec">
         <name>.bss:g_pcUARTRxBuffer</name>
         <uninitialized>true</uninitialized>
         <run_address>0x20000524</run_address>
         <size>0x80</size>
         <input_file_ref idref="fl-a"/>
      </object_component>
      <object_component id="oc-18e">
         <name>.common:buff</name>
         <uninitialized>true</uninitialized>
         <run_address>0x20000684</run_address>
         <size>0x10</size>
      </object_component>
      <object_component id="oc-27b">
         <name>.common:ui32Load</name>
         <uninitialized>true</uninitialized>
         <run_address>0x200006c4</run_address>
         <size>0x4</size>
      </object_component>
      <object_component id="oc-24f">
         <name>.common:g_pui32Colors</name>
         <uninitialized>true</uninitialized>
         <run_address>0x200006a0</run_address>
         <size>0xc</size>
      </object_component>
      <object_component id="oc-108">
         <name>.common:g_sI2CInst</name>
         <uninitialized>true</uninitialized>
         <run_address>0x20000400</run_address>
         <size>0x124</size>
      </object_component>
      <object_component id="oc-bf">
         <name>.common:g_sMPU9150Inst</name>
         <uninitialized>true</uninitialized>
         <run_address>0x20000618</run_address>
         <size>0x6c</size>
      </object_component>
      <object_component id="oc-27a">
         <name>.common:g_sCompDCMInst</name>
         <uninitialized>true</uninitialized>
         <run_address>0x200005a4</run_address>
         <size>0x74</size>
      </object_component>
      <object_component id="oc-175">
         <name>.common:g_vui8I2CDoneFlag</name>
         <uninitialized>true</uninitialized>
         <run_address>0x200006c0</run_address>
         <size>0x4</size>
      </object_component>
      <object_component id="oc-176">
         <name>.common:g_vui8ErrorFlag</name>
         <uninitialized>true</uninitialized>
         <run_address>0x200006bc</run_address>
         <size>0x4</size>
      </object_component>
      <object_component id="oc-28a">
         <name>.common:g_ui32PrintSkipCounter</name>
         <uninitialized>true</uninitialized>
         <run_address>0x200006b8</run_address>
         <size>0x4</size>
      </object_component>
      <object_component id="oc-2a">
         <name>.stack</name>
         <uninitialized>true</uninitialized>
         <run_address>0x200006c8</run_address>
         <size>0x0</size>
         <input_file_ref idref="fl-c6"/>
      </object_component>
      <object_component id="oc-4c6">
         <name>.stack</name>
         <uninitialized>true</uninitialized>
         <run_address>0x200006c8</run_address>
         <size>0x0</size>
      </object_component>
      <object_component id="oc-18f">
         <name>.debug_info</name>
         <load_address>0x0</load_address>
         <run_address>0x0</run_address>
         <size>0x283</size>
         <input_file_ref idref="fl-2"/>
      </object_component>
      <object_component id="oc-18c">
         <name>.debug_info</name>
         <load_address>0x283</load_address>
         <run_address>0x283</run_address>
         <size>0xd8</size>
         <input_file_ref idref="fl-2"/>
      </object_component>
      <object_component id="oc-fc">
         <name>.debug_info</name>
         <load_address>0x35b</load_address>
         <run_address>0x35b</run_address>
         <size>0x138</size>
         <input_file_ref idref="fl-2"/>
      </object_component>
      <object_component id="oc-6a">
         <name>.debug_info</name>
         <load_address>0x493</load_address>
         <run_address>0x493</run_address>
         <size>0x84</size>
         <input_file_ref idref="fl-2"/>
      </object_component>
      <object_component id="oc-f0">
         <name>.debug_info</name>
         <load_address>0x517</load_address>
         <run_address>0x517</run_address>
         <size>0x18b</size>
         <input_file_ref idref="fl-2"/>
      </object_component>
      <object_component id="oc-2c4">
         <name>.debug_info</name>
         <load_address>0x6a2</load_address>
         <run_address>0x6a2</run_address>
         <size>0x3cb</size>
         <input_file_ref idref="fl-3"/>
      </object_component>
      <object_component id="oc-27f">
         <name>.debug_info</name>
         <load_address>0xa6d</load_address>
         <run_address>0xa6d</run_address>
         <size>0x145</size>
         <input_file_ref idref="fl-3"/>
      </object_component>
      <object_component id="oc-285">
         <name>.debug_info</name>
         <load_address>0xbb2</load_address>
         <run_address>0xbb2</run_address>
         <size>0x20d</size>
         <input_file_ref idref="fl-3"/>
      </object_component>
      <object_component id="oc-275">
         <name>.debug_info</name>
         <load_address>0xdbf</load_address>
         <run_address>0xdbf</run_address>
         <size>0x2b1</size>
         <input_file_ref idref="fl-3"/>
      </object_component>
      <object_component id="oc-263">
         <name>.debug_info</name>
         <load_address>0x1070</load_address>
         <run_address>0x1070</run_address>
         <size>0x1f8</size>
         <input_file_ref idref="fl-3"/>
      </object_component>
      <object_component id="oc-244">
         <name>.debug_info</name>
         <load_address>0x1268</load_address>
         <run_address>0x1268</run_address>
         <size>0x1fe</size>
         <input_file_ref idref="fl-3"/>
      </object_component>
      <object_component id="oc-26f">
         <name>.debug_info</name>
         <load_address>0x1466</load_address>
         <run_address>0x1466</run_address>
         <size>0x1ce</size>
         <input_file_ref idref="fl-3"/>
      </object_component>
      <object_component id="oc-269">
         <name>.debug_info</name>
         <load_address>0x1634</load_address>
         <run_address>0x1634</run_address>
         <size>0x1dc</size>
         <input_file_ref idref="fl-3"/>
      </object_component>
      <object_component id="oc-170">
         <name>.debug_info</name>
         <load_address>0x1810</load_address>
         <run_address>0x1810</run_address>
         <size>0xfe</size>
         <input_file_ref idref="fl-3"/>
      </object_component>
      <object_component id="oc-27c">
         <name>.debug_info</name>
         <load_address>0x190e</load_address>
         <run_address>0x190e</run_address>
         <size>0x31f</size>
         <input_file_ref idref="fl-4"/>
      </object_component>
      <object_component id="oc-1f6">
         <name>.debug_info</name>
         <load_address>0x1c2d</load_address>
         <run_address>0x1c2d</run_address>
         <size>0x22c</size>
         <input_file_ref idref="fl-4"/>
      </object_component>
      <object_component id="oc-c9">
         <name>.debug_info</name>
         <load_address>0x1e59</load_address>
         <run_address>0x1e59</run_address>
         <size>0x8b</size>
         <input_file_ref idref="fl-4"/>
      </object_component>
      <object_component id="oc-50">
         <name>.debug_info</name>
         <load_address>0x1ee4</load_address>
         <run_address>0x1ee4</run_address>
         <size>0x150</size>
         <input_file_ref idref="fl-5"/>
      </object_component>
      <object_component id="oc-1fc">
         <name>.debug_info</name>
         <load_address>0x2034</load_address>
         <run_address>0x2034</run_address>
         <size>0x20c</size>
         <input_file_ref idref="fl-5"/>
      </object_component>
      <object_component id="oc-c0">
         <name>.debug_info</name>
         <load_address>0x2240</load_address>
         <run_address>0x2240</run_address>
         <size>0xc86</size>
         <input_file_ref idref="fl-6"/>
      </object_component>
      <object_component id="oc-c3">
         <name>.debug_info</name>
         <load_address>0x2ec6</load_address>
         <run_address>0x2ec6</run_address>
         <size>0x175</size>
         <input_file_ref idref="fl-6"/>
      </object_component>
      <object_component id="oc-202">
         <name>.debug_info</name>
         <load_address>0x303b</load_address>
         <run_address>0x303b</run_address>
         <size>0x165</size>
         <input_file_ref idref="fl-6"/>
      </object_component>
      <object_component id="oc-37d">
         <name>.debug_info</name>
         <load_address>0x31a0</load_address>
         <run_address>0x31a0</run_address>
         <size>0x1e4</size>
         <input_file_ref idref="fl-6"/>
      </object_component>
      <object_component id="oc-238">
         <name>.debug_info</name>
         <load_address>0x3384</load_address>
         <run_address>0x3384</run_address>
         <size>0x18b</size>
         <input_file_ref idref="fl-6"/>
      </object_component>
      <object_component id="oc-141">
         <name>.debug_info</name>
         <load_address>0x350f</load_address>
         <run_address>0x350f</run_address>
         <size>0x67d</size>
         <input_file_ref idref="fl-6"/>
      </object_component>
      <object_component id="oc-56">
         <name>.debug_info</name>
         <load_address>0x3b8c</load_address>
         <run_address>0x3b8c</run_address>
         <size>0x12e</size>
         <input_file_ref idref="fl-6"/>
      </object_component>
      <object_component id="oc-44">
         <name>.debug_info</name>
         <load_address>0x3cba</load_address>
         <run_address>0x3cba</run_address>
         <size>0x15c</size>
         <input_file_ref idref="fl-6"/>
      </object_component>
      <object_component id="oc-166">
         <name>.debug_info</name>
         <load_address>0x3e16</load_address>
         <run_address>0x3e16</run_address>
         <size>0x4e6</size>
         <input_file_ref idref="fl-6"/>
      </object_component>
      <object_component id="oc-2bf">
         <name>.debug_info</name>
         <load_address>0x42fc</load_address>
         <run_address>0x42fc</run_address>
         <size>0x108</size>
         <input_file_ref idref="fl-6"/>
      </object_component>
      <object_component id="oc-16b">
         <name>.debug_info</name>
         <load_address>0x4404</load_address>
         <run_address>0x4404</run_address>
         <size>0x16c</size>
         <input_file_ref idref="fl-6"/>
      </object_component>
      <object_component id="oc-351">
         <name>.debug_info</name>
         <load_address>0x4570</load_address>
         <run_address>0x4570</run_address>
         <size>0x4e</size>
         <input_file_ref idref="fl-6"/>
      </object_component>
      <object_component id="oc-163">
         <name>.debug_info</name>
         <load_address>0x45be</load_address>
         <run_address>0x45be</run_address>
         <size>0x4cb</size>
         <input_file_ref idref="fl-7"/>
      </object_component>
      <object_component id="oc-392">
         <name>.debug_info</name>
         <load_address>0x4a89</load_address>
         <run_address>0x4a89</run_address>
         <size>0xfd</size>
         <input_file_ref idref="fl-7"/>
      </object_component>
      <object_component id="oc-396">
         <name>.debug_info</name>
         <load_address>0x4b86</load_address>
         <run_address>0x4b86</run_address>
         <size>0xfb</size>
         <input_file_ref idref="fl-7"/>
      </object_component>
      <object_component id="oc-23e">
         <name>.debug_info</name>
         <load_address>0x4c81</load_address>
         <run_address>0x4c81</run_address>
         <size>0x23a</size>
         <input_file_ref idref="fl-7"/>
      </object_component>
      <object_component id="oc-232">
         <name>.debug_info</name>
         <load_address>0x4ebb</load_address>
         <run_address>0x4ebb</run_address>
         <size>0x235</size>
         <input_file_ref idref="fl-7"/>
      </object_component>
      <object_component id="oc-ba">
         <name>.debug_info</name>
         <load_address>0x50f0</load_address>
         <run_address>0x50f0</run_address>
         <size>0x1f1</size>
         <input_file_ref idref="fl-7"/>
      </object_component>
      <object_component id="oc-25d">
         <name>.debug_info</name>
         <load_address>0x52e1</load_address>
         <run_address>0x52e1</run_address>
         <size>0x2d5</size>
         <input_file_ref idref="fl-7"/>
      </object_component>
      <object_component id="oc-257">
         <name>.debug_info</name>
         <load_address>0x55b6</load_address>
         <run_address>0x55b6</run_address>
         <size>0x205</size>
         <input_file_ref idref="fl-7"/>
      </object_component>
      <object_component id="oc-251">
         <name>.debug_info</name>
         <load_address>0x57bb</load_address>
         <run_address>0x57bb</run_address>
         <size>0x213</size>
         <input_file_ref idref="fl-7"/>
      </object_component>
      <object_component id="oc-15d">
         <name>.debug_info</name>
         <load_address>0x59ce</load_address>
         <run_address>0x59ce</run_address>
         <size>0x1c1</size>
         <input_file_ref idref="fl-7"/>
      </object_component>
      <object_component id="oc-63">
         <name>.debug_info</name>
         <load_address>0x5b8f</load_address>
         <run_address>0x5b8f</run_address>
         <size>0x362</size>
         <input_file_ref idref="fl-8"/>
      </object_component>
      <object_component id="oc-10">
         <name>.debug_info</name>
         <load_address>0x5ef1</load_address>
         <run_address>0x5ef1</run_address>
         <size>0xeb</size>
         <input_file_ref idref="fl-8"/>
      </object_component>
      <object_component id="oc-2c">
         <name>.debug_info</name>
         <load_address>0x5fdc</load_address>
         <run_address>0x5fdc</run_address>
         <size>0x11b</size>
         <input_file_ref idref="fl-8"/>
      </object_component>
      <object_component id="oc-32">
         <name>.debug_info</name>
         <load_address>0x60f7</load_address>
         <run_address>0x60f7</run_address>
         <size>0x10c</size>
         <input_file_ref idref="fl-8"/>
      </object_component>
      <object_component id="oc-3e">
         <name>.debug_info</name>
         <load_address>0x6203</load_address>
         <run_address>0x6203</run_address>
         <size>0x124</size>
         <input_file_ref idref="fl-8"/>
      </object_component>
      <object_component id="oc-38">
         <name>.debug_info</name>
         <load_address>0x6327</load_address>
         <run_address>0x6327</run_address>
         <size>0x112</size>
         <input_file_ref idref="fl-8"/>
      </object_component>
      <object_component id="oc-357">
         <name>.debug_info</name>
         <load_address>0x6439</load_address>
         <run_address>0x6439</run_address>
         <size>0x30b</size>
         <input_file_ref idref="fl-9"/>
      </object_component>
      <object_component id="oc-35c">
         <name>.debug_info</name>
         <load_address>0x6744</load_address>
         <run_address>0x6744</run_address>
         <size>0x147</size>
         <input_file_ref idref="fl-9"/>
      </object_component>
      <object_component id="oc-359">
         <name>.debug_info</name>
         <load_address>0x688b</load_address>
         <run_address>0x688b</run_address>
         <size>0x147</size>
         <input_file_ref idref="fl-9"/>
      </object_component>
      <object_component id="oc-214">
         <name>.debug_info</name>
         <load_address>0x69d2</load_address>
         <run_address>0x69d2</run_address>
         <size>0x28f</size>
         <input_file_ref idref="fl-9"/>
      </object_component>
      <object_component id="oc-21a">
         <name>.debug_info</name>
         <load_address>0x6c61</load_address>
         <run_address>0x6c61</run_address>
         <size>0x28c</size>
         <input_file_ref idref="fl-9"/>
      </object_component>
      <object_component id="oc-111">
         <name>.debug_info</name>
         <load_address>0x6eed</load_address>
         <run_address>0x6eed</run_address>
         <size>0x288</size>
         <input_file_ref idref="fl-9"/>
      </object_component>
      <object_component id="oc-20e">
         <name>.debug_info</name>
         <load_address>0x7175</load_address>
         <run_address>0x7175</run_address>
         <size>0x2c7</size>
         <input_file_ref idref="fl-9"/>
      </object_component>
      <object_component id="oc-10b">
         <name>.debug_info</name>
         <load_address>0x743c</load_address>
         <run_address>0x743c</run_address>
         <size>0x260</size>
         <input_file_ref idref="fl-9"/>
      </object_component>
      <object_component id="oc-24a">
         <name>.debug_info</name>
         <load_address>0x769c</load_address>
         <run_address>0x769c</run_address>
         <size>0x2b9</size>
         <input_file_ref idref="fl-9"/>
      </object_component>
      <object_component id="oc-5c">
         <name>.debug_info</name>
         <load_address>0x7955</load_address>
         <run_address>0x7955</run_address>
         <size>0x291</size>
         <input_file_ref idref="fl-9"/>
      </object_component>
      <object_component id="oc-17f">
         <name>.debug_info</name>
         <load_address>0x7be6</load_address>
         <run_address>0x7be6</run_address>
         <size>0x304</size>
         <input_file_ref idref="fl-a"/>
      </object_component>
      <object_component id="oc-ea">
         <name>.debug_info</name>
         <load_address>0x7eea</load_address>
         <run_address>0x7eea</run_address>
         <size>0x14b</size>
         <input_file_ref idref="fl-a"/>
      </object_component>
      <object_component id="oc-17c">
         <name>.debug_info</name>
         <load_address>0x8035</load_address>
         <run_address>0x8035</run_address>
         <size>0x125</size>
         <input_file_ref idref="fl-a"/>
      </object_component>
      <object_component id="oc-e7">
         <name>.debug_info</name>
         <load_address>0x815a</load_address>
         <run_address>0x815a</run_address>
         <size>0x205</size>
         <input_file_ref idref="fl-a"/>
      </object_component>
      <object_component id="oc-ed">
         <name>.debug_info</name>
         <load_address>0x835f</load_address>
         <run_address>0x835f</run_address>
         <size>0x125</size>
         <input_file_ref idref="fl-a"/>
      </object_component>
      <object_component id="oc-416">
         <name>.debug_info</name>
         <load_address>0x8484</load_address>
         <run_address>0x8484</run_address>
         <size>0x121</size>
         <input_file_ref idref="fl-a"/>
      </object_component>
      <object_component id="oc-179">
         <name>.debug_info</name>
         <load_address>0x85a5</load_address>
         <run_address>0x85a5</run_address>
         <size>0x11f</size>
         <input_file_ref idref="fl-a"/>
      </object_component>
      <object_component id="oc-413">
         <name>.debug_info</name>
         <load_address>0x86c4</load_address>
         <run_address>0x86c4</run_address>
         <size>0x125</size>
         <input_file_ref idref="fl-a"/>
      </object_component>
      <object_component id="oc-e1">
         <name>.debug_info</name>
         <load_address>0x87e9</load_address>
         <run_address>0x87e9</run_address>
         <size>0x295</size>
         <input_file_ref idref="fl-a"/>
      </object_component>
      <object_component id="oc-d5">
         <name>.debug_info</name>
         <load_address>0x8a7e</load_address>
         <run_address>0x8a7e</run_address>
         <size>0x265</size>
         <input_file_ref idref="fl-a"/>
      </object_component>
      <object_component id="oc-cf">
         <name>.debug_info</name>
         <load_address>0x8ce3</load_address>
         <run_address>0x8ce3</run_address>
         <size>0x23e</size>
         <input_file_ref idref="fl-a"/>
      </object_component>
      <object_component id="oc-db">
         <name>.debug_info</name>
         <load_address>0x8f21</load_address>
         <run_address>0x8f21</run_address>
         <size>0x27b</size>
         <input_file_ref idref="fl-a"/>
      </object_component>
      <object_component id="oc-34b">
         <name>.debug_info</name>
         <load_address>0x919c</load_address>
         <run_address>0x919c</run_address>
         <size>0x362</size>
         <input_file_ref idref="fl-a"/>
      </object_component>
      <object_component id="oc-208">
         <name>.debug_info</name>
         <load_address>0x94fe</load_address>
         <run_address>0x94fe</run_address>
         <size>0x1fd</size>
         <input_file_ref idref="fl-a"/>
      </object_component>
      <object_component id="oc-4a">
         <name>.debug_info</name>
         <load_address>0x96fb</load_address>
         <run_address>0x96fb</run_address>
         <size>0x2f9</size>
         <input_file_ref idref="fl-a"/>
      </object_component>
      <object_component id="oc-407">
         <name>.debug_info</name>
         <load_address>0x99f4</load_address>
         <run_address>0x99f4</run_address>
         <size>0x1e2</size>
         <input_file_ref idref="fl-a"/>
      </object_component>
      <object_component id="oc-40d">
         <name>.debug_info</name>
         <load_address>0x9bd6</load_address>
         <run_address>0x9bd6</run_address>
         <size>0x22e</size>
         <input_file_ref idref="fl-a"/>
      </object_component>
      <object_component id="oc-344">
         <name>.debug_info</name>
         <load_address>0x9e04</load_address>
         <run_address>0x9e04</run_address>
         <size>0x2d3</size>
         <input_file_ref idref="fl-a"/>
      </object_component>
      <object_component id="oc-25">
         <name>.debug_info</name>
         <load_address>0xa0d7</load_address>
         <run_address>0xa0d7</run_address>
         <size>0x160</size>
         <input_file_ref idref="fl-c6"/>
      </object_component>
      <object_component id="oc-11f">
         <name>.debug_info</name>
         <load_address>0xa237</load_address>
         <run_address>0xa237</run_address>
         <size>0x293</size>
         <input_file_ref idref="fl-c7"/>
      </object_component>
      <object_component id="oc-13">
         <name>.debug_info</name>
         <load_address>0xa4ca</load_address>
         <run_address>0xa4ca</run_address>
         <size>0x245</size>
         <input_file_ref idref="fl-c7"/>
      </object_component>
      <object_component id="oc-65">
         <name>.debug_info</name>
         <load_address>0xa70f</load_address>
         <run_address>0xa70f</run_address>
         <size>0x60</size>
         <input_file_ref idref="fl-c7"/>
      </object_component>
      <object_component id="oc-11a">
         <name>.debug_info</name>
         <load_address>0xa76f</load_address>
         <run_address>0xa76f</run_address>
         <size>0x46</size>
         <input_file_ref idref="fl-c7"/>
      </object_component>
      <object_component id="oc-7a">
         <name>.debug_info</name>
         <load_address>0xa7b5</load_address>
         <run_address>0xa7b5</run_address>
         <size>0x2da</size>
         <input_file_ref idref="fl-c8"/>
      </object_component>
      <object_component id="oc-19">
         <name>.debug_info</name>
         <load_address>0xaa8f</load_address>
         <run_address>0xaa8f</run_address>
         <size>0x1df</size>
         <input_file_ref idref="fl-c8"/>
      </object_component>
      <object_component id="oc-75">
         <name>.debug_info</name>
         <load_address>0xac6e</load_address>
         <run_address>0xac6e</run_address>
         <size>0x46</size>
         <input_file_ref idref="fl-c8"/>
      </object_component>
      <object_component id="oc-121">
         <name>.debug_info</name>
         <load_address>0xacb4</load_address>
         <run_address>0xacb4</run_address>
         <size>0x2c</size>
         <input_file_ref idref="fl-c8"/>
      </object_component>
      <object_component id="oc-86">
         <name>.debug_info</name>
         <load_address>0xace0</load_address>
         <run_address>0xace0</run_address>
         <size>0x2c9</size>
         <input_file_ref idref="fl-c9"/>
      </object_component>
      <object_component id="oc-1f">
         <name>.debug_info</name>
         <load_address>0xafa9</load_address>
         <run_address>0xafa9</run_address>
         <size>0x1aa</size>
         <input_file_ref idref="fl-c9"/>
      </object_component>
      <object_component id="oc-81">
         <name>.debug_info</name>
         <load_address>0xb153</load_address>
         <run_address>0xb153</run_address>
         <size>0x46</size>
         <input_file_ref idref="fl-c9"/>
      </object_component>
      <object_component id="oc-129">
         <name>.debug_info</name>
         <load_address>0xb199</load_address>
         <run_address>0xb199</run_address>
         <size>0x2c</size>
         <input_file_ref idref="fl-c9"/>
      </object_component>
      <object_component id="oc-45b">
         <name>.debug_info</name>
         <load_address>0xb1c5</load_address>
         <run_address>0xb1c5</run_address>
         <size>0x2c</size>
         <input_file_ref idref="fl-ca"/>
      </object_component>
      <object_component id="oc-45a">
         <name>.debug_info</name>
         <load_address>0xb1f1</load_address>
         <run_address>0xb1f1</run_address>
         <size>0x2da</size>
         <input_file_ref idref="fl-cb"/>
      </object_component>
      <object_component id="oc-3b3">
         <name>.debug_info</name>
         <load_address>0xb4cb</load_address>
         <run_address>0xb4cb</run_address>
         <size>0x1df</size>
         <input_file_ref idref="fl-cb"/>
      </object_component>
      <object_component id="oc-452">
         <name>.debug_info</name>
         <load_address>0xb6aa</load_address>
         <run_address>0xb6aa</run_address>
         <size>0x2e3</size>
         <input_file_ref idref="fl-cc"/>
      </object_component>
      <object_component id="oc-3ad">
         <name>.debug_info</name>
         <load_address>0xb98d</load_address>
         <run_address>0xb98d</run_address>
         <size>0x240</size>
         <input_file_ref idref="fl-cc"/>
      </object_component>
      <object_component id="oc-44d">
         <name>.debug_info</name>
         <load_address>0xbbcd</load_address>
         <run_address>0xbbcd</run_address>
         <size>0x39</size>
         <input_file_ref idref="fl-cc"/>
      </object_component>
      <object_component id="oc-463">
         <name>.debug_info</name>
         <load_address>0xbc06</load_address>
         <run_address>0xbc06</run_address>
         <size>0x2b1</size>
         <input_file_ref idref="fl-cd"/>
      </object_component>
      <object_component id="oc-3c9">
         <name>.debug_info</name>
         <load_address>0xbeb7</load_address>
         <run_address>0xbeb7</run_address>
         <size>0x14d</size>
         <input_file_ref idref="fl-cd"/>
      </object_component>
      <object_component id="oc-44a">
         <name>.debug_info</name>
         <load_address>0xc004</load_address>
         <run_address>0xc004</run_address>
         <size>0xf3</size>
         <input_file_ref idref="fl-ce"/>
      </object_component>
      <object_component id="oc-14f">
         <name>.debug_info</name>
         <load_address>0xc0f7</load_address>
         <run_address>0xc0f7</run_address>
         <size>0x3ce</size>
         <input_file_ref idref="fl-cf"/>
      </object_component>
      <object_component id="oc-149">
         <name>.debug_info</name>
         <load_address>0xc4c5</load_address>
         <run_address>0xc4c5</run_address>
         <size>0x185</size>
         <input_file_ref idref="fl-cf"/>
      </object_component>
      <object_component id="oc-a3">
         <name>.debug_info</name>
         <load_address>0xc64a</load_address>
         <run_address>0xc64a</run_address>
         <size>0x214</size>
         <input_file_ref idref="fl-cf"/>
      </object_component>
      <object_component id="oc-440">
         <name>.debug_info</name>
         <load_address>0xc85e</load_address>
         <run_address>0xc85e</run_address>
         <size>0x144</size>
         <input_file_ref idref="fl-d0"/>
      </object_component>
      <object_component id="oc-445">
         <name>.debug_info</name>
         <load_address>0xc9a2</load_address>
         <run_address>0xc9a2</run_address>
         <size>0x122</size>
         <input_file_ref idref="fl-d1"/>
      </object_component>
      <object_component id="oc-39f">
         <name>.debug_info</name>
         <load_address>0xcac4</load_address>
         <run_address>0xcac4</run_address>
         <size>0x132</size>
         <input_file_ref idref="fl-d2"/>
      </object_component>
      <object_component id="oc-3a4">
         <name>.debug_info</name>
         <load_address>0xcbf6</load_address>
         <run_address>0xcbf6</run_address>
         <size>0x136</size>
         <input_file_ref idref="fl-d3"/>
      </object_component>
      <object_component id="oc-39a">
         <name>.debug_info</name>
         <load_address>0xcd2c</load_address>
         <run_address>0xcd2c</run_address>
         <size>0x124</size>
         <input_file_ref idref="fl-d4"/>
      </object_component>
      <object_component id="oc-38c">
         <name>.debug_info</name>
         <load_address>0xce50</load_address>
         <run_address>0xce50</run_address>
         <size>0x133</size>
         <input_file_ref idref="fl-d5"/>
      </object_component>
      <object_component id="oc-70">
         <name>.debug_info</name>
         <load_address>0xcf83</load_address>
[...]
         <name>g_pui32Colors</name>
         <value>0x200006a0</value>
      </symbol>
      <symbol id="sm-19a">
         <name>g_sI2CInst</name>
         <value>0x20000400</value>
      </symbol>
      <symbol id="sm-19b">
         <name>g_sMPU9150Inst</name>
         <value>0x20000618</value>
      </symbol>
      <symbol id="sm-19c">
         <name>g_sCompDCMInst</name>
         <value>0x200005a4</value>
      </symbol>
      <symbol id="sm-19d">
         <name>g_vui8I2CDoneFlag</name>
         <value>0x200006c0</value>
      </symbol>
      <symbol id="sm-19e">
         <name>g_vui8ErrorFlag</name>
         <value>0x200006bc</value>
      </symbol>
      <symbol id="sm-19f">
         <name>g_ui32PrintSkipCounter</name>
         <value>0x200006b8</value>
      </symbol>
      <symbol id="sm-1a0">
         <name>MPU9150AppCallback</name>
         <value>0x37c1</value>
         <object_component_ref idref="oc-c2"/>
      </symbol>
      <symbol id="sm-1a1">
         <name>MPU9150AppErrorHandler</name>
         <value>0x2245</value>
         <object_component_ref idref="oc-37c"/>
      </symbol>
      <symbol id="sm-1a2">
         <name>main</name>
         <value>0x26d</value>
         <object_component_ref idref="oc-140"/>
      </symbol>
      <symbol id="sm-1a3">
         <name>ConfigureUART</name>
         <value>0x2e15</value>
         <object_component_ref idref="oc-201"/>
      </symbol>
      <symbol id="sm-1a4">
         <name>MPU9150AppI2CWait</name>
         <value>0x35f5</value>
         <object_component_ref idref="oc-237"/>
      </symbol>
      <symbol id="sm-1a5">
         <name>IntGPIOb</name>
         <value>0x355d</value>
         <object_component_ref idref="oc-43"/>
      </symbol>
      <symbol id="sm-1a6">
         <name>MPU9150I2CIntHandler</name>
         <value>0x38e9</value>
         <object_component_ref idref="oc-55"/>
      </symbol>
      <symbol id="sm-227">
         <name>MPU9150DataMagnetoGetFloat</name>
         <value>0x2439</value>
         <object_component_ref idref="oc-25c"/>
      </symbol>
      <symbol id="sm-228">
         <name>MPU9150Write</name>
         <value>0x24d5</value>
         <object_component_ref idref="oc-23d"/>
      </symbol>
      <symbol id="sm-229">
         <name>MPU9150Init</name>
         <value>0x2c09</value>
         <object_component_ref idref="oc-231"/>
      </symbol>
      <symbol id="sm-22a">
         <name>MPU9150DataAccelGetFloat</name>
         <value>0x28d1</value>
         <object_component_ref idref="oc-250"/>
      </symbol>
      <symbol id="sm-22b">
         <name>MPU9150DataRead</name>
         <value>0x2edd</value>
         <object_component_ref idref="oc-b9"/>
      </symbol>
      <symbol id="sm-22c">
         <name>MPU9150DataGyroGetFloat</name>
         <value>0x294d</value>
         <object_component_ref idref="oc-256"/>
      </symbol>
      <symbol id="sm-25d">
         <name>ResetISR</name>
         <value>0x3931</value>
         <object_component_ref idref="oc-2b"/>
      </symbol>
      <symbol id="sm-25e">
         <name>g_pfnVectors</name>
         <value>0x0</value>
         <object_component_ref idref="oc-f"/>
      </symbol>
      <symbol id="sm-2d0">
         <name>RGBDisable</name>
         <value>0x2d45</value>
         <object_component_ref idref="oc-10a"/>
      </symbol>
      <symbol id="sm-2d1">
         <name>RGBBlinkRateSet</name>
         <value>0x2a45</value>
         <object_component_ref idref="oc-249"/>
      </symbol>
      <symbol id="sm-2d2">
         <name>RGBIntensitySet</name>
         <value>0x37f1</value>
         <object_component_ref idref="oc-219"/>
      </symbol>
      <symbol id="sm-2d3">
         <name>RGBBlinkIntHandler</name>
         <value>0x34b9</value>
         <object_component_ref idref="oc-5b"/>
      </symbol>
      <symbol id="sm-2d4">
         <name>RGBEnable</name>
         <value>0x2021</value>
         <object_component_ref idref="oc-110"/>
      </symbol>
      <symbol id="sm-2d5">
         <name>RGBInit</name>
         <value>0x1d2d</value>
         <object_component_ref idref="oc-20d"/>
      </symbol>
      <symbol id="sm-2d6">
         <name>RGBColorSet</name>
         <value>0x26a5</value>
         <object_component_ref idref="oc-213"/>
      </symbol>
      <symbol id="sm-3c4">
         <name>UARTFlushRx</name>
         <value>0x3625</value>
         <object_component_ref idref="oc-406"/>
      </symbol>
      <symbol id="sm-3c5">
         <name>UARTFlushTx</name>
         <value>0x347d</value>
         <object_component_ref idref="oc-40c"/>
      </symbol>
      <symbol id="sm-3c6">
         <name>UARTStdioConfig</name>
         <value>0x2195</value>
         <object_component_ref idref="oc-343"/>
      </symbol>
      <symbol id="sm-3c7">
         <name>UARTStdioIntHandler</name>
         <value>0x147d</value>
         <object_component_ref idref="oc-49"/>
      </symbol>
      <symbol id="sm-3c8">
         <name>UARTwrite</name>
         <value>0x22ed</value>
         <object_component_ref idref="oc-da"/>
      </symbol>
      <symbol id="sm-3c9">
         <name>UARTprintf</name>
         <value>0x378f</value>
         <object_component_ref idref="oc-207"/>
      </symbol>
      <symbol id="sm-3ca">
         <name>UARTvprintf</name>
         <value>0xa75</value>
         <object_component_ref idref="oc-34a"/>
      </symbol>
      <symbol id="sm-3db">
         <name>_c_int00</name>
         <value>0x2ff1</value>
         <object_component_ref idref="oc-24"/>
      </symbol>
      <symbol id="sm-3dc">
         <name>__stack</name>
         <value>0x200006c8</value>
         <object_component_ref idref="oc-2a"/>
      </symbol>
      <symbol id="sm-3fa">
         <name>__TI_decompress_lzss</name>
         <value>0x2dad</value>
         <object_component_ref idref="oc-12"/>
      </symbol>
      <symbol id="sm-411">
         <name>__TI_decompress_none</name>
         <value>0x38b7</value>
         <object_component_ref idref="oc-18"/>
      </symbol>
      <symbol id="sm-428">
         <name>__TI_zero_init</name>
         <value>0x38f5</value>
         <object_component_ref idref="oc-1e"/>
      </symbol>
      <symbol id="sm-460">
         <name>atan2f</name>
         <value>0x15dd</value>
         <object_component_ref idref="oc-3b2"/>
      </symbol>
      <symbol id="sm-489">
         <name>sqrtl</name>
         <value>0x130d</value>
         <object_component_ref idref="oc-3ac"/>
      </symbol>
      <symbol id="sm-48a">
         <name>sqrt</name>
         <value>0x130d</value>
         <object_component_ref idref="oc-3ac"/>
      </symbol>
      <symbol id="sm-49c">
         <name>sqrtf</name>
         <value>0x36a5</value>
         <object_component_ref idref="oc-3c8"/>
      </symbol>
      <symbol id="sm-4a4">
         <name>errno</name>
         <value>0x20000af8</value>
         <object_component_ref idref="oc-449"/>
      </symbol>
      <symbol id="sm-4c5">
         <name>C$$EXIT</name>
         <value>0x3045</value>
         <object_component_ref idref="oc-9f"/>
      </symbol>
      <symbol id="sm-4c6">
         <name>abort</name>
         <value>0x3049</value>
         <object_component_ref idref="oc-9f"/>
      </symbol>
      <symbol id="sm-4c7">
         <name>exit</name>
         <value>0x3051</value>
         <object_component_ref idref="oc-9f"/>
      </symbol>
      <symbol id="sm-4c8">
         <name>__TI_dtors_ptr</name>
         <value>0x20000ae4</value>
         <object_component_ref idref="oc-148"/>
      </symbol>
      <symbol id="sm-4c9">
         <name>__TI_cleanup_ptr</name>
         <value>0x20000ae0</value>
         <object_component_ref idref="oc-148"/>
      </symbol>
      <symbol id="sm-4ca">
         <name>__TI_enable_exit_profile_output</name>
         <value>0x20000ae8</value>
         <object_component_ref idref="oc-148"/>
      </symbol>
      <symbol id="sm-4e1">
         <name>__aeabi_dsub</name>
         <value>0xe27</value>
         <object_component_ref idref="oc-43f"/>
      </symbol>
      <symbol id="sm-4e2">
         <name>__aeabi_dadd</name>
         <value>0xe31</value>
         <object_component_ref idref="oc-43f"/>
      </symbol>
      <symbol id="sm-4f4">
         <name>__aeabi_cdrcmple</name>
         <value>0x2849</value>
         <object_component_ref idref="oc-444"/>
      </symbol>
      <symbol id="sm-4ff">
         <name>__aeabi_dmul</name>
         <value>0x1e31</value>
         <object_component_ref idref="oc-39e"/>
      </symbol>
      <symbol id="sm-50b">
         <name>__aeabi_d2f</name>
         <value>0x2b2d</value>
         <object_component_ref idref="oc-3a3"/>
      </symbol>
      <symbol id="sm-516">
         <name>__aeabi_f2d</name>
         <value>0x34f1</value>
         <object_component_ref idref="oc-399"/>
      </symbol>
      <symbol id="sm-520">
         <name>__aeabi_f2ulz</name>
         <value>0x30e9</value>
         <object_component_ref idref="oc-38b"/>
      </symbol>
      <symbol id="sm-53b">
         <name>memcpy</name>
         <value>0x2571</value>
         <object_component_ref idref="oc-6f"/>
      </symbol>
      <symbol id="sm-53c">
         <name>__aeabi_memcpy</name>
         <value>0x2571</value>
         <object_component_ref idref="oc-6f"/>
      </symbol>
      <symbol id="sm-53d">
         <name>__aeabi_memcpy8</name>
         <value>0x2571</value>
         <object_component_ref idref="oc-6f"/>
      </symbol>
      <symbol id="sm-53e">
         <name>__aeabi_memcpy4</name>
         <value>0x2571</value>
         <object_component_ref idref="oc-6f"/>
      </symbol>
      <symbol id="sm-54d">
         <name>__aeabi_memset</name>
         <value>0x29cb</value>
         <object_component_ref idref="oc-7b"/>
      </symbol>
      <symbol id="sm-54e">
         <name>memset</name>
         <value>0x29d1</value>
         <object_component_ref idref="oc-7b"/>
      </symbol>
      <symbol id="sm-54f">
         <name>__aeabi_memset8</name>
         <value>0x29cb</value>
         <object_component_ref idref="oc-7b"/>
      </symbol>
      <symbol id="sm-550">
         <name>__aeabi_memset4</name>
         <value>0x29cb</value>
         <object_component_ref idref="oc-7b"/>
      </symbol>
      <symbol id="sm-551">
         <name>__aeabi_memclr8</name>
         <value>0x29c9</value>
         <object_component_ref idref="oc-7b"/>
      </symbol>
      <symbol id="sm-552">
         <name>__aeabi_memclr4</name>
         <value>0x29c9</value>
         <object_component_ref idref="oc-7b"/>
      </symbol>
      <symbol id="sm-553">
         <name>__aeabi_memclr</name>
         <value>0x29c9</value>
         <object_component_ref idref="oc-7b"/>
      </symbol>
      <symbol id="sm-55d">
         <name>__mpu_init</name>
         <value>0x2b9b</value>
         <object_component_ref idref="oc-87"/>
      </symbol>
      <symbol id="sm-567">
         <name>_system_pre_init</name>
         <value>0x3953</value>
         <object_component_ref idref="oc-8d"/>
      </symbol>
      <symbol id="sm-591">
         <name>atanf</name>
         <value>0x1735</value>
         <object_component_ref idref="oc-453"/>
      </symbol>
      <symbol id="sm-5a5">
         <name>cosf</name>
         <value>0x20e1</value>
         <object_component_ref idref="oc-3b8"/>
      </symbol>
      <symbol id="sm-5b7">
         <name>sinf</name>
         <value>0x2395</value>
         <object_component_ref idref="oc-3be"/>
      </symbol>
      <symbol id="sm-5bf">
         <name>main_func_sp</name>
         <value>0x20000afc</value>
         <object_component_ref idref="oc-a5"/>
      </symbol>
      <symbol id="sm-5ce">
         <name>__aeabi_uidivmod</name>
         <value>0x33ff</value>
         <object_component_ref idref="oc-419"/>
      </symbol>
      <symbol id="sm-5cf">
         <name>__aeabi_uidiv</name>
         <value>0x33ff</value>
         <object_component_ref idref="oc-419"/>
      </symbol>
      <symbol id="sm-5e8">
         <name>_nop</name>
         <value>0x3827</value>
         <object_component_ref idref="oc-295"/>
      </symbol>
      <symbol id="sm-5e9">
         <name>_lock</name>
         <value>0x20000aec</value>
         <object_component_ref idref="oc-14b"/>
      </symbol>
      <symbol id="sm-5ea">
         <name>_unlock</name>
         <value>0x20000af0</value>
         <object_component_ref idref="oc-14b"/>
      </symbol>
      <symbol id="sm-5eb">
         <name>_register_lock</name>
         <value>0x381f</value>
         <object_component_ref idref="oc-295"/>
      </symbol>
      <symbol id="sm-5ec">
         <name>_register_unlock</name>
         <value>0x3819</value>
         <object_component_ref idref="oc-295"/>
      </symbol>
      <symbol id="sm-600">
         <name>_args_main</name>
         <value>0x37d9</value>
         <object_component_ref idref="oc-99"/>
      </symbol>
      <symbol id="sm-62a">
         <name>__TI_auto_init</name>
         <value>0x2abd</value>
         <object_component_ref idref="oc-93"/>
      </symbol>
      <symbol id="sm-644">
         <name>copy_in</name>
         <value>0x3185</value>
         <object_component_ref idref="oc-132"/>
      </symbol>
      <symbol id="sm-64e">
         <name>__aeabi_idiv0</name>
         <value>0x2a43</value>
         <object_component_ref idref="oc-47e"/>
      </symbol>
      <symbol id="sm-658">
         <name>_system_post_cinit</name>
         <value>0x2f9b</value>
         <object_component_ref idref="oc-138"/>
      </symbol>
      <symbol id="sm-6aa">
         <name>GPIOPinConfigure</name>
         <value>0x321d</value>
         <object_component_ref idref="oc-318"/>
      </symbol>
      <symbol id="sm-6ab">
         <name>GPIOPinTypeI2CSCL</name>
         <value>0x382d</value>
         <object_component_ref idref="oc-21f"/>
      </symbol>
      <symbol id="sm-6ac">
         <name>GPIOIntEnable</name>
         <value>0x38d1</value>
         <object_component_ref idref="oc-225"/>
      </symbol>
      <symbol id="sm-6ad">
         <name>GPIOIntClear</name>
         <value>0x392b</value>
         <object_component_ref idref="oc-b3"/>
      </symbol>
      <symbol id="sm-6ae">
         <name>GPIOPinTypeUART</name>
         <value>0x383f</value>
         <object_component_ref idref="oc-31e"/>
      </symbol>
      <symbol id="sm-6af">
         <name>GPIOIntStatus</name>
         <value>0x389b</value>
         <object_component_ref idref="oc-ad"/>
      </symbol>
      <symbol id="sm-6b0">
         <name>GPIODirModeSet</name>
         <value>0x3651</value>
         <object_component_ref idref="oc-360"/>
      </symbol>
      <symbol id="sm-6b1">
         <name>GPIOPadConfigSet</name>
         <value>0x19d1</value>
         <object_component_ref idref="oc-366"/>
      </symbol>
      <symbol id="sm-70f">
         <name>IntIsEnabled</name>
         <value>0x2e79</value>
         <object_component_ref idref="oc-2a3"/>
      </symbol>
      <symbol id="sm-710">
         <name>IntEnable</name>
         <value>0x2cdd</value>
         <object_component_ref idref="oc-2b5"/>
      </symbol>
      <symbol id="sm-711">
         <name>IntTrigger</name>
         <value>0x38dd</value>
         <object_component_ref idref="oc-2af"/>
      </symbol>
      <symbol id="sm-712">
         <name>IntDisable</name>
         <value>0x2c75</value>
         <object_component_ref idref="oc-2a9"/>
      </symbol>
      <symbol id="sm-713">
         <name>IntMasterEnable</name>
         <value>0x3851</value>
         <object_component_ref idref="oc-32a"/>
      </symbol>
      <symbol id="sm-728">
         <name>PWMGenPeriodSet</name>
         <value>0x3861</value>
         <object_component_ref idref="oc-30b"/>
      </symbol>
      <symbol id="sm-729">
         <name>PWMGenConfigure</name>
         <value>0x36f1</value>
         <object_component_ref idref="oc-305"/>
      </symbol>
      <symbol id="sm-763">
         <name>SysCtlPeripheralEnable</name>
         <value>0x3591</value>
         <object_component_ref idref="oc-312"/>
      </symbol>
      <symbol id="sm-764">
         <name>SysCtlClockGet</name>
         <value>0x1c1d</value>
         <object_component_ref idref="oc-2ff"/>
      </symbol>
      <symbol id="sm-7a5">
         <name>UARTConfigSetExpClk</name>
         <value>0x32ad</value>
         <object_component_ref idref="oc-324"/>
      </symbol>
      <symbol id="sm-7a6">
         <name>UARTDisable</name>
         <value>0x3755</value>
         <object_component_ref idref="oc-3ef"/>
      </symbol>
      <symbol id="sm-7a7">
         <name>UARTIntEnable</name>
         <value>0x3923</value>
         <object_component_ref idref="oc-336"/>
      </symbol>
      <symbol id="sm-7a8">
         <name>UARTClockSourceSet</name>
         <value>0x3937</value>
         <object_component_ref idref="oc-33d"/>
      </symbol>
      <symbol id="sm-7a9">
         <name>UARTEnable</name>
         <value>0x3805</value>
         <object_component_ref idref="oc-3f5"/>
      </symbol>
      <symbol id="sm-7aa">
         <name>UARTIntClear</name>
         <value>0x394f</value>
         <object_component_ref idref="oc-f5"/>
      </symbol>
      <symbol id="sm-7ab">
         <name>UARTFIFOLevelSet</name>
         <value>0x393d</value>
         <object_component_ref idref="oc-330"/>
      </symbol>
      <symbol id="sm-7b5">
         <name>CPUcpsie</name>
         <value>0x38c5</value>
         <object_component_ref idref="oc-3fc"/>
      </symbol>
      <symbol id="sm-88a">
         <name>I2CMWrite8</name>
         <value>0x2f9d</value>
         <object_component_ref idref="oc-383"/>
      </symbol>
      <symbol id="sm-88b">
         <name>I2CMCommand</name>
         <value>0x27c1</value>
         <object_component_ref idref="oc-156"/>
      </symbol>
      <symbol id="sm-88c">
         <name>I2CMInit</name>
         <value>0x3529</value>
         <object_component_ref idref="oc-22b"/>
      </symbol>
      <symbol id="sm-88d">
         <name>I2CMTransferResume</name>
         <value>0x35c5</value>
         <object_component_ref idref="oc-486"/>
      </symbol>
      <symbol id="sm-88e">
         <name>I2CMIntHandler</name>
         <value>0x1f2d</value>
         <object_component_ref idref="oc-102"/>
      </symbol>
      <symbol id="sm-8d7">
         <name>I2CMasterDataPut</name>
         <value>0x394b</value>
         <object_component_ref idref="oc-2e7"/>
      </symbol>
      <symbol id="sm-8d8">
         <name>I2CMasterInitExpClk</name>
         <value>0x3139</value>
         <object_component_ref idref="oc-36e"/>
      </symbol>
      <symbol id="sm-8d9">
         <name>I2CMasterSlaveAddrSet</name>
         <value>0x391b</value>
         <object_component_ref idref="oc-2df"/>
      </symbol>
      <symbol id="sm-8da">
         <name>I2CMasterDataGet</name>
         <value>0x3947</value>
         <object_component_ref idref="oc-2d5"/>
      </symbol>
      <symbol id="sm-8db">
         <name>I2CMasterIntEnableEx</name>
         <value>0x3913</value>
         <object_component_ref idref="oc-374"/>
      </symbol>
      <symbol id="sm-8dc">
         <name>I2CMasterControl</name>
         <value>0x3943</value>
         <object_component_ref idref="oc-198"/>
      </symbol>
      <symbol id="sm-8dd">
         <name>I2CMasterEnable</name>
         <value>0x3901</value>
         <object_component_ref idref="oc-427"/>
      </symbol>
      <symbol id="sm-8de">
         <name>I2CMasterIntClear</name>
         <value>0x390b</value>
         <object_component_ref idref="oc-192"/>
      </symbol>
      <symbol id="sm-8df">
         <name>__TI_static_base__</name>
         <value>0x0</value>
      </symbol>
      <symbol id="sm-8e2">
         <name>SHT$$INIT_ARRAY$$Limit</name>
         <value>0x0</value>
      </symbol>
      <symbol id="sm-8e3">
         <name>SHT$$INIT_ARRAY$$Base</name>
         <value>0x0</value>
      </symbol>
   </symbol_table>
   <title>Link successful</title>
</link_info>
