******************************************************************************
                  TI ARM Linker Unix v5.1.14                   
******************************************************************************
>> Linked Mon Oct 23 19:08:07 2017

OUTPUT FILE NAME:   <pwm_test.out>
ENTRY POINT SYMBOL: "_c_int00"  address: 00000c8d


MEMORY CONFIGURATION

         name            origin    length      used     unused   attr    fill
----------------------  --------  ---------  --------  --------  ----  --------
  FLASH                 00000000   00040000  00001100  0003ef00  R  X
  SRAM                  20000000   00008000  0000008d  00007f73  RW X


SEGMENT ALLOCATION MAP

run origin  load origin   length   init length attrs members
----------  ----------- ---------- ----------- ----- -------
00000000    00000000    00001100   00001100    r-x
  00000000    00000000    0000026c   0000026c    r-- .intvecs
  0000026c    0000026c    00000cf0   00000cf0    r-x .text
  00000f5c    00000f5c    0000016c   0000016c    r-- .const
  000010c8    000010c8    00000038   00000038    r-- .cinit
20000000    20000000    00000090   00000000    rw-
  20000000    20000000    00000064   00000000    rw- .stack
  20000064    20000064    00000015   00000000    rw- .data
  2000007c    2000007c    00000014   00000000    rw- .bss


SECTION ALLOCATION MAP

 output                                  attributes/
section   page    origin      length       input sections
--------  ----  ----------  ----------   ----------------
.init_array 
*          0    00000000    00000000     UNINITIALIZED

.intvecs   0    00000000    0000026c     
                  00000000    0000026c     tm4c123gh6pm_startup_ccs.obj (.intvecs)

.text      0    0000026c    00000cf0     
                  0000026c    0000030c     escpwm.obj (.text)
                  00000578    000001f0     main.obj (.text)
                  00000768    00000132     driverlib.lib : gpio.obj (.text:GPIOPadConfigSet)
                  0000089a    00000002     --HOLE-- [fill = 0]
                  0000089c    00000110                   : sysctl.obj (.text:SysCtlClockGet)
                  000009ac    000000a0     hc12.obj (.text)
                  00000a4c    0000009c     rtsv7M4_T_le_v4SPD16_eabi.lib : memcpy_t2.obj (.text)
                  00000ae8    00000094                                   : auto_init.obj (.text)
                  00000b7c    00000068     driverlib.lib : interrupt.obj (.text:IntEnable)
                  00000be4    0000005e     rtsv7M4_T_le_v4SPD16_eabi.lib : copy_decompress_rle.obj (.text)
                  00000c42    00000002     --HOLE-- [fill = 0]
                  00000c44    00000048     driverlib.lib : gpio.obj (.text:GPIOPinConfigure)
                  00000c8c    00000048     rtsv7M4_T_le_v4SPD16_eabi.lib : boot.obj (.text)
                  00000cd4    00000046     driverlib.lib : uart.obj (.text:UARTConfigSetExpClk)
                  00000d1a    00000002     --HOLE-- [fill = 0]
                  00000d1c    00000044     rtsv7M4_T_le_v4SPD16_eabi.lib : cpy_tbl.obj (.text)
                  00000d60    00000044                                   : exit.obj (.text)
                  00000da4    00000038     buffer.obj (.text)
                  00000ddc    00000034     driverlib.lib : sysctl.obj (.text:SysCtlPeripheralEnable)
                  00000e10    0000002a                   : gpio.obj (.text:GPIODirModeSet)
                  00000e3a    00000022                   : pwm.obj (.text:PWMGenConfigure)
                  00000e5c    00000020                   : uart.obj (.text:UARTDisable)
                  00000e7c    00000018                   : gpio.obj (.text:GPIOPinTypeGPIOOutput)
                  00000e94    00000018     rtsv7M4_T_le_v4SPD16_eabi.lib : args_main.obj (.text)
                  00000eac    00000014     driverlib.lib : uart.obj (.text:UARTEnable)
                  00000ec0    00000014     rtsv7M4_T_le_v4SPD16_eabi.lib : _lock.obj (.text)
                  00000ed4    00000012     driverlib.lib : gpio.obj (.text:GPIOPinTypeUART)
                  00000ee6    00000012     rtsv7M4_T_le_v4SPD16_eabi.lib : copy_zero_init.obj (.text:decompress:ZI)
                  00000ef8    00000010     driverlib.lib : interrupt.obj (.text:IntMasterEnable)
                  00000f08    00000010                   : pwm.obj (.text:PWMGenPeriodSet)
                  00000f18    0000000e     rtsv7M4_T_le_v4SPD16_eabi.lib : copy_decompress_none.obj (.text:decompress:none)
                  00000f26    0000000c     driverlib.lib : cpu.obj (.text:CPUcpsie)
                  00000f32    0000000c     tm4c123gh6pm_startup_ccs.obj (.text)
                  00000f3e    00000008     driverlib.lib : uart.obj (.text:UARTIntEnable)
                  00000f46    00000006                   : sysctl.obj (.text:SysCtlDelay)
                  00000f4c    00000006                   : uart.obj (.text:UARTFIFOLevelSet)
                  00000f52    00000006     rtsv7M4_T_le_v4SPD16_eabi.lib : copy_decompress_rle.obj (.text:decompress:rle24)
                  00000f58    00000004     driverlib.lib : uart.obj (.text:UARTIntClear)

.const     0    00000f5c    0000016c     
                  00000f5c    00000090     driverlib.lib : gpio.obj (.const:g_pui32GPIOBaseAddrs)
                  00000fec    00000070                   : interrupt.obj (.const)
                  0000105c    0000006c                   : sysctl.obj (.const:g_pui32Xtals)

.cinit     0    000010c8    00000038     
                  000010c8    0000000f     (.cinit..data.load) [load image, compression = rle]
                  000010d7    00000001     --HOLE-- [fill = 0]
                  000010d8    0000000c     (__TI_handler_table)
                  000010e4    00000004     --HOLE-- [fill = 0]
                  000010e8    00000008     (.cinit..bss.load) [load image, compression = zero_init]
                  000010f0    00000010     (__TI_cinit_table)

.stack     0    20000000    00000064     UNINITIALIZED
                  20000000    00000064     --HOLE--

.data      0    20000064    00000015     UNINITIALIZED
                  20000064    00000008     rtsv7M4_T_le_v4SPD16_eabi.lib : _lock.obj (.data)
                  2000006c    00000008                                   : exit.obj (.data)
                  20000074    00000004                                   : stkdepth_vars.obj (.data)
                  20000078    00000001     buffer.obj (.data)

.bss       0    2000007c    00000014     UNINITIALIZED
                  2000007c    00000010     (.common:buff)
                  2000008c    00000004     (.common:ui32Load)


LINKER GENERATED COPY TABLES

__TI_cinit_table @ 000010f0 records: 2, size/record: 8, table size: 16
	.data: load addr=000010c8, load size=0000000f bytes, run addr=20000064, run size=00000015 bytes, compression=rle
	.bss: load addr=000010e8, load size=00000008 bytes, run addr=2000007c, run size=00000014 bytes, compression=zero_init


LINKER GENERATED HANDLER TABLE

__TI_handler_table @ 000010d8 records: 3, size/record: 4, table size: 12
	index: 0, handler: __TI_decompress_rle24
	index: 1, handler: __TI_decompress_none
	index: 2, handler: __TI_zero_init


GLOBAL SYMBOLS: SORTED ALPHABETICALLY BY Name 

address    name
--------   ----
00000d61   C$$EXIT
00000f27   CPUcpsie
00000e11   GPIODirModeSet
00000769   GPIOPadConfigSet
00000c45   GPIOPinConfigure
00000e7d   GPIOPinTypeGPIOOutput
00000ed5   GPIOPinTypeUART
000009e3   InitHC12UART
0000026d   InitPWM
00000b7d   IntEnable
00000ef9   IntMasterEnable
00000e3b   PWMGenConfigure
00000f09   PWMGenPeriodSet
00000f33   ResetISR
UNDEFED    SHT$$INIT_ARRAY$$Base
UNDEFED    SHT$$INIT_ARRAY$$Limit
00000461   SetMotorPulseWidth
0000089d   SysCtlClockGet
00000f47   SysCtlDelay
00000ddd   SysCtlPeripheralEnable
0000072d   Timer0IntHandler
000009ad   UART2IntHandler
00000cd5   UARTConfigSetExpClk
00000e5d   UARTDisable
00000ead   UARTEnable
00000f4d   UARTFIFOLevelSet
00000f59   UARTIntClear
00000f3f   UARTIntEnable
00000da5   WriteByteToBuffer
20000064   __STACK_END
00000064   __STACK_SIZE
20000200   __STACK_TOP
000010f0   __TI_CINIT_Base
00001100   __TI_CINIT_Limit
000010d8   __TI_Handler_Table_Base
000010e4   __TI_Handler_Table_Limit
00000001   __TI_args_main
00000ae9   __TI_auto_init
2000006c   __TI_cleanup_ptr
00000f19   __TI_decompress_none
00000f53   __TI_decompress_rle24
20000070   __TI_dtors_ptr
000010c8   __TI_static_base__
00000ee7   __TI_zero_init
00000a4d   __aeabi_memcpy
00000a4d   __aeabi_memcpy4
00000a4d   __aeabi_memcpy8
ffffffff   __binit__
ffffffff   __c_args__
20000000   __stack
00000e95   _args_main
00000c8d   _c_int00
20000064   _lock
00000ecf   _nop
00000ec7   _register_lock
00000ec1   _register_unlock
20000068   _unlock
00000d65   abort
ffffffff   binit
2000007c   buff
00000d1d   copy_in
00000d6d   exit
00000000   g_pfnVectors
20000078   index
00000579   main
20000074   main_func_sp
00000a4d   memcpy
2000008c   ui32Load


GLOBAL SYMBOLS: SORTED BY Symbol Address 

address    name
--------   ----
00000000   g_pfnVectors
00000001   __TI_args_main
00000064   __STACK_SIZE
0000026d   InitPWM
00000461   SetMotorPulseWidth
00000579   main
0000072d   Timer0IntHandler
00000769   GPIOPadConfigSet
0000089d   SysCtlClockGet
000009ad   UART2IntHandler
000009e3   InitHC12UART
00000a4d   __aeabi_memcpy
00000a4d   __aeabi_memcpy4
00000a4d   __aeabi_memcpy8
00000a4d   memcpy
00000ae9   __TI_auto_init
00000b7d   IntEnable
00000c45   GPIOPinConfigure
00000c8d   _c_int00
00000cd5   UARTConfigSetExpClk
00000d1d   copy_in
00000d61   C$$EXIT
00000d65   abort
00000d6d   exit
00000da5   WriteByteToBuffer
00000ddd   SysCtlPeripheralEnable
00000e11   GPIODirModeSet
00000e3b   PWMGenConfigure
00000e5d   UARTDisable
00000e7d   GPIOPinTypeGPIOOutput
00000e95   _args_main
00000ead   UARTEnable
00000ec1   _register_unlock
00000ec7   _register_lock
00000ecf   _nop
00000ed5   GPIOPinTypeUART
00000ee7   __TI_zero_init
00000ef9   IntMasterEnable
00000f09   PWMGenPeriodSet
00000f19   __TI_decompress_none
00000f27   CPUcpsie
00000f33   ResetISR
00000f3f   UARTIntEnable
00000f47   SysCtlDelay
00000f4d   UARTFIFOLevelSet
00000f53   __TI_decompress_rle24
00000f59   UARTIntClear
000010c8   __TI_static_base__
000010d8   __TI_Handler_Table_Base
000010e4   __TI_Handler_Table_Limit
000010f0   __TI_CINIT_Base
00001100   __TI_CINIT_Limit
20000000   __stack
20000064   __STACK_END
20000064   _lock
20000068   _unlock
2000006c   __TI_cleanup_ptr
20000070   __TI_dtors_ptr
20000074   main_func_sp
20000078   index
2000007c   buff
2000008c   ui32Load
20000200   __STACK_TOP
ffffffff   __binit__
ffffffff   __c_args__
ffffffff   binit
UNDEFED    SHT$$INIT_ARRAY$$Base
UNDEFED    SHT$$INIT_ARRAY$$Limit

[68 symbols]
