******************************************************************************
                  TI ARM Linker Unix v5.1.14                   
******************************************************************************
>> Linked Sun Nov  5 18:29:44 2017

OUTPUT FILE NAME:   <tm4c123g-flight-controller.out>
ENTRY POINT SYMBOL: "_c_int00"  address: 000042d1


MEMORY CONFIGURATION

         name            origin    length      used     unused   attr    fill
----------------------  --------  ---------  --------  --------  ----  --------
  FLASH                 00000000   00040000  00004aba  0003b546  R  X
  SRAM                  20000000   00008000  000008ed  00007713  RW X


SEGMENT ALLOCATION MAP

run origin  load origin   length   init length attrs members
----------  ----------- ---------- ----------- ----- -------
00000000    00000000    00004ac0   00004ac0    r-x
  00000000    00000000    0000026c   0000026c    r-- .intvecs
  0000026c    0000026c    0000462c   0000462c    r-x .text
  00004898    00004898    00000192   00000192    r-- .const
  00004a30    00004a30    00000090   00000090    r-- .cinit
20000000    20000000    000008f0   00000000    rw-
  20000000    20000000    000006b5   00000000    rw- .bss
  200006b8    200006b8    000001d4   00000000    rw- .data
  2000088c    2000088c    00000064   00000000    rw- .stack


SECTION ALLOCATION MAP

 output                                  attributes/
section   page    origin      length       input sections
--------  ----  ----------  ----------   ----------------
.init_array 
*          0    00000000    00000000     UNINITIALIZED

.intvecs   0    00000000    0000026c     
                  00000000    0000026c     tm4c123gh6pm_startup_ccs.obj (.intvecs)

.text      0    0000026c    0000462c     
                  0000026c    000009dc     main.obj (.text)
                  00000c48    0000095c     mpu9150mod.obj (.text)
                  000015a4    00000900     uartstdio.obj (.text)
                  00001ea4    00000778     comp_dcm.obj (.text)
                  0000261c    00000434     rgb.obj (.text)
                  00002a50    000001b6     rtsv7M4_T_le_v4SPD16_eabi.lib : fd_add_t2.obj (.text)
                  00002c06    00000002                                   : i_div0.obj (.text)
                  00002c08    00000170                                   : xfsin.obj (.text)
                  00002d78    00000148                                   : sqrt.obj (.text)
                  00002ec0    00000136                                   : fd_div_t2.obj (.text)
                  00002ff6    00000132     driverlib.lib : gpio.obj (.text:GPIOPadConfigSet)
                  00003128    00000124     rtsv7M4_T_le_v4SPD16_eabi.lib : fmodf.obj (.text)
                  0000324c    00000110     driverlib.lib : sysctl.obj (.text:SysCtlClockGet)
                  0000335c    00000110     rtsv7M4_T_le_v4SPD16_eabi.lib : xdscale.obj (.text)
                  0000346c    000000fc                                   : fd_mul_t2.obj (.text)
                  00003568    000000f2     sensorlib.lib : i2cm_drv.obj (.text:I2CMIntHandler)
                  0000365a    00000002     --HOLE-- [fill = 0]
                  0000365c    000000d8     rtsv7M4_T_le_v4SPD16_eabi.lib : atan2f.obj (.text)
                  00003734    000000c4                                   : xdnorm.obj (.text)
                  000037f8    000000c0                                   : xfdscale.obj (.text)
                  000038b8    000000b0                                   : asinf.obj (.text)
                  00003968    000000a8                                   : xfatan.obj (.text)
                  00003a10    0000009c                                   : memcpy_t2.obj (.text)
                  00003aac    00000098     sensorlib.lib : i2cm_drv.obj (.text:I2CMStateIdle)
                  00003b44    00000094     rtsv7M4_T_le_v4SPD16_eabi.lib : auto_init.obj (.text)
                  00003bd8    00000088     sensorlib.lib : i2cm_drv.obj (.text:I2CMCommand)
                  00003c60    00000086     rtsv7M4_T_le_v4SPD16_eabi.lib : fd_cmp_t2.obj (.text:__aeabi_cdcmple)
                  00003ce6    0000007a                                   : xfdnorm.obj (.text)
                  00003d60    00000078     sensorlib.lib : i2cm_drv.obj (.text:I2CMReadModifyWrite8)
                  00003dd8    0000006e     rtsv7M4_T_le_v4SPD16_eabi.lib : fd_tos_t2.obj (.text)
                  00003e46    00000002     --HOLE-- [fill = 0]
                  00003e48    00000068     driverlib.lib : interrupt.obj (.text:IntDisable)
                  00003eb0    00000068                   : interrupt.obj (.text:IntEnable)
                  00003f18    00000064                   : interrupt.obj (.text:IntIsEnabled)
                  00003f7c    00000064     rtsv7M4_T_le_v4SPD16_eabi.lib : xdunscal.obj (.text)
                  00003fe0    00000060     sensorlib.lib : i2cm_drv.obj (.text:I2CMReadModifyWrite8Callback)
                  00004040    0000005e                   : i2cm_drv.obj (.text:I2CMStateWritePause)
                  0000409e    0000005e     rtsv7M4_T_le_v4SPD16_eabi.lib : copy_decompress_rle.obj (.text)
                  000040fc    00000054     sensorlib.lib : i2cm_drv.obj (.text:I2CMWrite8)
                  00004150    00000050                   : i2cm_drv.obj (.text:I2CMStateWriteFinal)
                  000041a0    00000050     rtsv7M4_T_le_v4SPD16_eabi.lib : fs_toull_t2.obj (.text)
                  000041f0    0000004c     driverlib.lib : i2c.obj (.text:I2CMasterInitExpClk)
                  0000423c    0000004a     sensorlib.lib : i2cm_drv.obj (.text:I2CMStateReadNext)
                  00004286    00000048                   : i2cm_drv.obj (.text:I2CMStateWriteNext)
                  000042ce    00000002     --HOLE-- [fill = 0]
                  000042d0    00000048     rtsv7M4_T_le_v4SPD16_eabi.lib : boot.obj (.text)
                  00004318    00000044     sensorlib.lib : i2cm_drv.obj (.text:I2CMStateCallback)
                  0000435c    00000044     rtsv7M4_T_le_v4SPD16_eabi.lib : cpy_tbl.obj (.text)
                  000043a0    00000044                                   : exit.obj (.text)
                  000043e4    00000042     sensorlib.lib : i2cm_drv.obj (.text:I2CMStateReadFinal)
                  00004426    00000040                   : i2cm_drv.obj (.text:I2CMWrite8Callback)
                  00004466    00000002     --HOLE-- [fill = 0]
                  00004468    00000040     rtsv7M4_T_le_v4SPD16_eabi.lib : signal.obj (.text)
                  000044a8    00000040                                   : u_divt2.obj (.text)
                  000044e8    0000003e     sensorlib.lib : i2cm_drv.obj (.text:I2CMStateReadPause)
                  00004526    00000038     rtsv7M4_T_le_v4SPD16_eabi.lib : fs_tod_t2.obj (.text)
                  0000455e    00000036     mpu9150mod.obj (.text:I2CMRead)
                  00004594    00000036     mpu9150mod.obj (.text:I2CMWrite)
                  000045ca    00000034     sensorlib.lib : i2cm_drv.obj (.text:I2CMInit)
                  000045fe    00000002     --HOLE-- [fill = 0]
                  00004600    00000034     rtsv7M4_T_le_v4SPD16_eabi.lib : feraiseexcept.obj (.text)
                  00004634    00000034                                   : xfdtest.obj (.text)
                  00004668    00000030     sensorlib.lib : i2cm_drv.obj (.text:I2CMTransferResume)
                  00004698    00000030     rtsv7M4_T_le_v4SPD16_eabi.lib : xferaise.obj (.text)
                  000046c8    0000002e                                   : raise.obj (.text)
                  000046f6    0000002a     driverlib.lib : gpio.obj (.text:GPIODirModeSet)
                  00004720    0000002a     sensorlib.lib : i2cm_drv.obj (.text:I2CMStateReadFirst)
                  0000474a    00000002     --HOLE-- [fill = 0]
                  0000474c    00000024     rtsv7M4_T_le_v4SPD16_eabi.lib : sqrtf.obj (.text)
                  00004770    00000020     sensorlib.lib : i2cm_drv.obj (.text:I2CMStateReadOne)
                  00004790    0000001a                   : i2cm_drv.obj (.text:I2CMStateReadWait)
                  000047aa    00000002     --HOLE-- [fill = 0]
                  000047ac    00000018     rtsv7M4_T_le_v4SPD16_eabi.lib : args_main.obj (.text)
                  000047c4    00000014                                   : _lock.obj (.text)
                  000047d8    00000012     driverlib.lib : gpio.obj (.text:GPIOPinTypeI2CSCL)
                  000047ea    00000012     rtsv7M4_T_le_v4SPD16_eabi.lib : copy_zero_init.obj (.text:decompress:ZI)
                  000047fc    0000000e     driverlib.lib : gpio.obj (.text:GPIOIntStatus)
                  0000480a    0000000e     rtsv7M4_T_le_v4SPD16_eabi.lib : copy_decompress_none.obj (.text:decompress:none)
                  00004818    0000000e                                   : xfdclass.obj (.text)
                  00004826    0000000c     driverlib.lib : gpio.obj (.text:GPIOIntEnable)
                  00004832    00000002     --HOLE-- [fill = 0]
                  00004834    0000000c                   : interrupt.obj (.text:IntTrigger)
                  00004840    0000000c     tm4c123gh6pm_startup_ccs.obj (.text)
                  0000484c    0000000a     driverlib.lib : i2c.obj (.text:I2CMasterEnable)
                  00004856    00000008                   : i2c.obj (.text:I2CMasterIntClear)
                  0000485e    00000008                   : i2c.obj (.text:I2CMasterIntEnableEx)
                  00004866    00000008                   : i2c.obj (.text:I2CMasterSlaveAddrSet)
                  0000486e    00000006                   : gpio.obj (.text:GPIOIntClear)
                  00004874    00000006                   : uart.obj (.text:UARTClockSourceSet)
                  0000487a    00000006     rtsv7M4_T_le_v4SPD16_eabi.lib : copy_decompress_rle.obj (.text:decompress:rle24)
                  00004880    00000006                                   : cosf.obj (.text)
                  00004886    00000006                                   : sinf.obj (.text)
                  0000488c    00000004     driverlib.lib : i2c.obj (.text:I2CMasterControl)
                  00004890    00000004                   : i2c.obj (.text:I2CMasterDataGet)
                  00004894    00000004                   : i2c.obj (.text:I2CMasterDataPut)

.const     0    00004898    00000192     
                  00004898    00000070     driverlib.lib : interrupt.obj (.const)
                  00004908    0000006c                   : sysctl.obj (.const:g_pui32Xtals)
                  00004974    00000034     rtsv7M4_T_le_v4SPD16_eabi.lib : xfatan.obj (.const)
                  000049a8    00000028                                   : xfsin.obj (.const)
                  000049d0    00000028     uartstdio.obj (.const)
                  000049f8    00000020     mpu9150mod.obj (.const)
                  00004a18    00000012     uartstdio.obj (.const:.string)

.cinit     0    00004a30    00000090     
                  00004a30    0000006a     (.cinit..data.load) [load image, compression = rle]
                  00004a9a    00000002     --HOLE-- [fill = 0]
                  00004a9c    0000000c     (__TI_handler_table)
                  00004aa8    00000008     (.cinit..bss.load) [load image, compression = zero_init]
                  00004ab0    00000010     (__TI_cinit_table)

.bss       0    20000000    000006b5     UNINITIALIZED
                  20000000    00000400     uartstdio.obj (.bss:g_pcUARTTxBuffer)
                  20000400    00000124     main.obj (.bss:g_sI2CInst)
                  20000524    00000080     uartstdio.obj (.bss:g_pcUARTRxBuffer)
                  200005a4    00000074     main.obj (.bss:g_sCompDCMInst)
                  20000618    0000006c     main.obj (.bss:g_sMPU9150Inst)
                  20000684    0000000c     (.common:g_pui32Colors)
                  20000690    0000000c     (.common:g_ui32Colors)
                  2000069c    00000004     (.common:counter)
                  200006a0    00000004     (.common:g_ui32PortNum)
                  200006a4    00000004     (.common:g_ui32PrintSkipCounter)
                  200006a8    00000004     (.common:g_vui8ErrorFlag)
                  200006ac    00000004     (.common:g_vui8I2CDoneFlag)
                  200006b0    00000004     (.common:ulFlags$1)
                  200006b4    00000001     (.common:g_bDisableEcho)

.data      0    200006b8    000001d4     UNINITIALIZED
                  200006b8    000000b0     rtsv7M4_T_le_v4SPD16_eabi.lib : signal.obj (.data:sigtable)
                  20000768    00000080                                   : xvalues.obj (.data)
                  200007e8    00000068                                   : xfvalues.obj (.data)
                  20000850    00000015     uartstdio.obj (.data)
                  20000865    00000003     --HOLE--
                  20000868    00000008     rtsv7M4_T_le_v4SPD16_eabi.lib : _lock.obj (.data)
                  20000870    00000008                                   : exit.obj (.data)
                  20000878    00000008                                   : feraiseexcept.obj (.data)
                  20000880    00000004     rgb.obj (.data)
                  20000884    00000004     rtsv7M4_T_le_v4SPD16_eabi.lib : errno.obj (.data)
                  20000888    00000004                                   : stkdepth_vars.obj (.data)

.stack     0    2000088c    00000064     UNINITIALIZED
                  2000088c    00000064     --HOLE--


LINKER GENERATED COPY TABLES

__TI_cinit_table @ 00004ab0 records: 2, size/record: 8, table size: 16
	.data: load addr=00004a30, load size=0000006a bytes, run addr=200006b8, run size=000001d4 bytes, compression=rle
	.bss: load addr=00004aa8, load size=00000008 bytes, run addr=20000000, run size=000006b5 bytes, compression=zero_init


LINKER GENERATED HANDLER TABLE

__TI_handler_table @ 00004a9c records: 3, size/record: 4, table size: 12
	index: 0, handler: __TI_decompress_rle24
	index: 1, handler: __TI_decompress_none
	index: 2, handler: __TI_zero_init


GLOBAL SYMBOLS: SORTED ALPHABETICALLY BY Name 

address    name
--------   ----
000043a1   C$$EXIT
00001f19   CompDCMAccelUpdate
00002271   CompDCMComputeEulers
000022d5   CompDCMComputeQuaternion
00001f41   CompDCMGyroUpdate
00001ea5   CompDCMInit
00001f69   CompDCMMagnetoUpdate
0000221d   CompDCMMatrixGet
00001f91   CompDCMStart
00002149   CompDCMUpdate
00000305   ConfigureUART
000046f7   GPIODirModeSet
0000486f   GPIOIntClear
00004827   GPIOIntEnable
000047fd   GPIOIntStatus
00002ff7   GPIOPadConfigSet
000047d9   GPIOPinTypeI2CSCL
00003bd9   I2CMCommand
000045cb   I2CMInit
00003569   I2CMIntHandler
0000455f   I2CMRead
00003d61   I2CMReadModifyWrite8
00004669   I2CMTransferResume
00004595   I2CMWrite
000040fd   I2CMWrite8
0000488d   I2CMasterControl
00004891   I2CMasterDataGet
00004895   I2CMasterDataPut
0000484d   I2CMasterEnable
000041f1   I2CMasterInitExpClk
00004857   I2CMasterIntClear
0000485f   I2CMasterIntEnableEx
00004867   I2CMasterSlaveAddrSet
00003e49   IntDisable
00003eb1   IntEnable
00000289   IntGPIOb
00003f19   IntIsEnabled
00004835   IntTrigger
0000026d   MPU9150AppCallback
000002b9   MPU9150AppErrorHandler
000002db   MPU9150AppI2CWait
00001291   MPU9150DataAccelGetFloat
00001239   MPU9150DataAccelGetRaw
0000138b   MPU9150DataGyroGetFloat
00001333   MPU9150DataGyroGetRaw
000014e5   MPU9150DataMagnetoGetFloat
0000148d   MPU9150DataMagnetoGetRaw
000011c5   MPU9150DataRead
000002af   MPU9150I2CIntHandler
00000f75   MPU9150Init
00001007   MPU9150MagnetoInstGet
00001015   MPU9150Read
0000115f   MPU9150ReadModifyWrite
00001085   MPU9150Write
0000261d   RGBBlinkIntHandler
00002929   RGBBlinkRateSet
000029bd   RGBColorGet
00002865   RGBColorSet
000027ef   RGBDisable
00002737   RGBEnable
0000264b   RGBInit
00002915   RGBIntensitySet
0000284d   RGBSet
00004841   ResetISR
UNDEFED    SHT$$INIT_ARRAY$$Base
UNDEFED    SHT$$INIT_ARRAY$$Limit
0000324d   SysCtlClockGet
00004875   UARTClockSourceSet
00001ced   UARTEchoSet
00001c87   UARTFlushRx
00001caf   UARTFlushTx
00001c2d   UARTPeek
00001c0b   UARTRxBytesAvail
000016ab   UARTStdioConfig
00001d19   UARTStdioIntHandler
00001c19   UARTTxBytesFree
00001885   UARTgetc
00001809   UARTgets
00001be7   UARTprintf
000018ed   UARTvprintf
00001763   UARTwrite
20000768   _Denorm
00003735   _Dnorm
0000335d   _Dscale
00003f7d   _Dunscale
20000778   _Eps
20000884   _Errno
00003969   _FAtan
00004819   _FDclass
200007e8   _FDenorm
00003ce7   _FDnorm
000037f9   _FDscale
00004635   _FDtest
200007f8   _FEps
20000808   _FInf
20000818   _FNan
20000838   _FRteps
00002c09   _FSin
20000828   _FSnan
20000848   _FXbig
2000084c   _FZero
20000878   _Fenv
00004699   _Feraise
20000788   _Hugeval
20000798   _Inf
200007a8   _Nan
200007c8   _Rteps
200007b8   _Snan
2000087c   _Tls_setup__Fenv
200007d8   _Xbig
200007e0   _Zero
200008f0   __STACK_END
00000064   __STACK_SIZE
20000a8c   __STACK_TOP
00004ab0   __TI_CINIT_Base
00004ac0   __TI_CINIT_Limit
00004a9c   __TI_Handler_Table_Base
00004aa8   __TI_Handler_Table_Limit
00000001   __TI_args_main
00003b45   __TI_auto_init
20000870   __TI_cleanup_ptr
0000480b   __TI_decompress_none
0000487b   __TI_decompress_rle24
20000874   __TI_dtors_ptr
00000000   __TI_static_base__
000047eb   __TI_zero_init
00003c61   __aeabi_cdcmpeq
00003c61   __aeabi_cdcmple
00003dd9   __aeabi_d2f
00002a5b   __aeabi_dadd
00002ec1   __aeabi_ddiv
0000346d   __aeabi_dmul
00002a51   __aeabi_dsub
00004527   __aeabi_f2d
000041a1   __aeabi_f2ulz
00002c07   __aeabi_idiv0
00003a11   __aeabi_memcpy
00003a11   __aeabi_memcpy4
00003a11   __aeabi_memcpy8
000044a9   __aeabi_uidiv
000044a9   __aeabi_uidivmod
ffffffff   __binit__
ffffffff   __c_args__
2000088c   __stack
000047ad   _args_main
000042d1   _c_int00
20000868   _lock
000047d3   _nop
000047cb   _register_lock
000047c5   _register_unlock
2000086c   _unlock
000043a5   abort
000038b9   asinf
0000365d   atan2f
ffffffff   binit
0000435d   copy_in
00004881   cosf
2000069c   counter
000043ad   exit
00004601   feraiseexcept
00003129   fmodf
00000000   g_pfnVectors
20000684   g_pui32Colors
200005a4   g_sCompDCMInst
20000400   g_sI2CInst
20000618   g_sMPU9150Inst
200006a4   g_ui32PrintSkipCounter
200006a8   g_vui8ErrorFlag
200006ac   g_vui8I2CDoneFlag
000003d5   main
20000888   main_func_sp
00003a11   memcpy
000046c9   raise
00004469   signal
00004887   sinf
00002d79   sqrt
0000474d   sqrtf


GLOBAL SYMBOLS: SORTED BY Symbol Address 

address    name
--------   ----
00000000   __TI_static_base__
00000000   g_pfnVectors
00000001   __TI_args_main
00000064   __STACK_SIZE
0000026d   MPU9150AppCallback
00000289   IntGPIOb
000002af   MPU9150I2CIntHandler
000002b9   MPU9150AppErrorHandler
000002db   MPU9150AppI2CWait
00000305   ConfigureUART
000003d5   main
00000f75   MPU9150Init
00001007   MPU9150MagnetoInstGet
00001015   MPU9150Read
00001085   MPU9150Write
0000115f   MPU9150ReadModifyWrite
000011c5   MPU9150DataRead
00001239   MPU9150DataAccelGetRaw
00001291   MPU9150DataAccelGetFloat
00001333   MPU9150DataGyroGetRaw
0000138b   MPU9150DataGyroGetFloat
0000148d   MPU9150DataMagnetoGetRaw
000014e5   MPU9150DataMagnetoGetFloat
000016ab   UARTStdioConfig
00001763   UARTwrite
00001809   UARTgets
00001885   UARTgetc
000018ed   UARTvprintf
00001be7   UARTprintf
00001c0b   UARTRxBytesAvail
00001c19   UARTTxBytesFree
00001c2d   UARTPeek
00001c87   UARTFlushRx
00001caf   UARTFlushTx
00001ced   UARTEchoSet
00001d19   UARTStdioIntHandler
00001ea5   CompDCMInit
00001f19   CompDCMAccelUpdate
00001f41   CompDCMGyroUpdate
00001f69   CompDCMMagnetoUpdate
00001f91   CompDCMStart
00002149   CompDCMUpdate
0000221d   CompDCMMatrixGet
00002271   CompDCMComputeEulers
000022d5   CompDCMComputeQuaternion
0000261d   RGBBlinkIntHandler
0000264b   RGBInit
00002737   RGBEnable
000027ef   RGBDisable
0000284d   RGBSet
00002865   RGBColorSet
00002915   RGBIntensitySet
00002929   RGBBlinkRateSet
000029bd   RGBColorGet
00002a51   __aeabi_dsub
00002a5b   __aeabi_dadd
00002c07   __aeabi_idiv0
00002c09   _FSin
00002d79   sqrt
00002ec1   __aeabi_ddiv
00002ff7   GPIOPadConfigSet
00003129   fmodf
0000324d   SysCtlClockGet
0000335d   _Dscale
0000346d   __aeabi_dmul
00003569   I2CMIntHandler
0000365d   atan2f
00003735   _Dnorm
000037f9   _FDscale
000038b9   asinf
00003969   _FAtan
00003a11   __aeabi_memcpy
00003a11   __aeabi_memcpy4
00003a11   __aeabi_memcpy8
00003a11   memcpy
00003b45   __TI_auto_init
00003bd9   I2CMCommand
00003c61   __aeabi_cdcmpeq
00003c61   __aeabi_cdcmple
00003ce7   _FDnorm
00003d61   I2CMReadModifyWrite8
00003dd9   __aeabi_d2f
00003e49   IntDisable
00003eb1   IntEnable
00003f19   IntIsEnabled
00003f7d   _Dunscale
000040fd   I2CMWrite8
000041a1   __aeabi_f2ulz
000041f1   I2CMasterInitExpClk
000042d1   _c_int00
0000435d   copy_in
000043a1   C$$EXIT
000043a5   abort
000043ad   exit
00004469   signal
000044a9   __aeabi_uidiv
000044a9   __aeabi_uidivmod
00004527   __aeabi_f2d
0000455f   I2CMRead
00004595   I2CMWrite
000045cb   I2CMInit
00004601   feraiseexcept
00004635   _FDtest
00004669   I2CMTransferResume
00004699   _Feraise
000046c9   raise
000046f7   GPIODirModeSet
0000474d   sqrtf
000047ad   _args_main
000047c5   _register_unlock
000047cb   _register_lock
000047d3   _nop
000047d9   GPIOPinTypeI2CSCL
000047eb   __TI_zero_init
000047fd   GPIOIntStatus
0000480b   __TI_decompress_none
00004819   _FDclass
00004827   GPIOIntEnable
00004835   IntTrigger
00004841   ResetISR
0000484d   I2CMasterEnable
00004857   I2CMasterIntClear
0000485f   I2CMasterIntEnableEx
00004867   I2CMasterSlaveAddrSet
0000486f   GPIOIntClear
00004875   UARTClockSourceSet
0000487b   __TI_decompress_rle24
00004881   cosf
00004887   sinf
0000488d   I2CMasterControl
00004891   I2CMasterDataGet
00004895   I2CMasterDataPut
00004a9c   __TI_Handler_Table_Base
00004aa8   __TI_Handler_Table_Limit
00004ab0   __TI_CINIT_Base
00004ac0   __TI_CINIT_Limit
20000400   g_sI2CInst
200005a4   g_sCompDCMInst
20000618   g_sMPU9150Inst
20000684   g_pui32Colors
2000069c   counter
200006a4   g_ui32PrintSkipCounter
200006a8   g_vui8ErrorFlag
200006ac   g_vui8I2CDoneFlag
20000768   _Denorm
20000778   _Eps
20000788   _Hugeval
20000798   _Inf
200007a8   _Nan
200007b8   _Snan
200007c8   _Rteps
200007d8   _Xbig
200007e0   _Zero
200007e8   _FDenorm
200007f8   _FEps
20000808   _FInf
20000818   _FNan
20000828   _FSnan
20000838   _FRteps
20000848   _FXbig
2000084c   _FZero
20000868   _lock
2000086c   _unlock
20000870   __TI_cleanup_ptr
20000874   __TI_dtors_ptr
20000878   _Fenv
2000087c   _Tls_setup__Fenv
20000884   _Errno
20000888   main_func_sp
2000088c   __stack
200008f0   __STACK_END
20000a8c   __STACK_TOP
ffffffff   __binit__
ffffffff   __c_args__
ffffffff   binit
UNDEFED    SHT$$INIT_ARRAY$$Base
UNDEFED    SHT$$INIT_ARRAY$$Limit

[177 symbols]
