<?xml version="1.0"?>
<link_info>
   <banner>TI ARM Linker Unix v5.1.14</banner>
   <copyright>Copyright (c) 1996-2015 Texas Instruments Incorporated</copyright>
   <link_time>0x59ff3c78</link_time>
   <link_errors>0x0</link_errors>
   <output_file>tm4c123g-flight-controller.out</output_file>
   <entry_point>
      <name>_c_int00</name>
      <address>0x42d1</address>
   </entry_point>
   <input_file_list>
      <input_file id="fl-2">
         <path>./</path>
         <kind>object</kind>
         <file>buffer.obj</file>
         <name>buffer.obj</name>
      </input_file>
      <input_file id="fl-3">
         <path>./</path>
         <kind>object</kind>
         <file>comp_dcm.obj</file>
         <name>comp_dcm.obj</name>
      </input_file>
      <input_file id="fl-4">
         <path>./</path>
         <kind>object</kind>
         <file>escpwm.obj</file>
         <name>escpwm.obj</name>
      </input_file>
      <input_file id="fl-5">
         <path>./</path>
         <kind>object</kind>
         <file>hc12.obj</file>
         <name>hc12.obj</name>
      </input_file>
      <input_file id="fl-6">
         <path>./</path>
         <kind>object</kind>
         <file>main.obj</file>
         <name>main.obj</name>
      </input_file>
      <input_file id="fl-7">
         <path>./</path>
         <kind>object</kind>
         <file>mpu9150mod.obj</file>
         <name>mpu9150mod.obj</name>
      </input_file>
      <input_file id="fl-8">
         <path>./</path>
         <kind>object</kind>
         <file>rgb.obj</file>
         <name>rgb.obj</name>
      </input_file>
      <input_file id="fl-9">
         <path>./</path>
         <kind>object</kind>
         <file>tm4c123gh6pm_startup_ccs.obj</file>
         <name>tm4c123gh6pm_startup_ccs.obj</name>
      </input_file>
      <input_file id="fl-a">
         <path>./</path>
         <kind>object</kind>
         <file>uartstdio.obj</file>
         <name>uartstdio.obj</name>
      </input_file>
      <input_file id="fl-11">
         <path>/Users/maorshutman/ti/TivaWare_C_Series-2.1.3.156/driverlib/ccs/Debug/</path>
         <kind>archive</kind>
         <file>driverlib.lib</file>
         <name>gpio.obj</name>
      </input_file>
      <input_file id="fl-12">
         <path>/Users/maorshutman/ti/TivaWare_C_Series-2.1.3.156/driverlib/ccs/Debug/</path>
         <kind>archive</kind>
         <file>driverlib.lib</file>
         <name>interrupt.obj</name>
      </input_file>
      <input_file id="fl-13">
         <path>/Users/maorshutman/ti/TivaWare_C_Series-2.1.3.156/driverlib/ccs/Debug/</path>
         <kind>archive</kind>
         <file>driverlib.lib</file>
         <name>pwm.obj</name>
      </input_file>
      <input_file id="fl-14">
         <path>/Users/maorshutman/ti/TivaWare_C_Series-2.1.3.156/driverlib/ccs/Debug/</path>
         <kind>archive</kind>
         <file>driverlib.lib</file>
         <name>sysctl.obj</name>
      </input_file>
      <input_file id="fl-15">
         <path>/Users/maorshutman/ti/TivaWare_C_Series-2.1.3.156/driverlib/ccs/Debug/</path>
         <kind>archive</kind>
         <file>driverlib.lib</file>
         <name>uart.obj</name>
      </input_file>
      <input_file id="fl-16">
         <path>/Users/maorshutman/ti/TivaWare_C_Series-2.1.3.156/driverlib/ccs/Debug/</path>
         <kind>archive</kind>
         <file>driverlib.lib</file>
         <name>cpu.obj</name>
      </input_file>
      <input_file id="fl-140">
         <path>/Applications/ti/ccsv7/tools/compiler/arm_5.1.14/lib/</path>
         <kind>archive</kind>
         <file>rtsv7M4_T_le_v4SPD16_eabi.lib</file>
         <name>asinf.obj</name>
      </input_file>
      <input_file id="fl-141">
         <path>/Applications/ti/ccsv7/tools/compiler/arm_5.1.14/lib/</path>
         <kind>archive</kind>
         <file>rtsv7M4_T_le_v4SPD16_eabi.lib</file>
         <name>atan2f.obj</name>
      </input_file>
      <input_file id="fl-142">
         <path>/Applications/ti/ccsv7/tools/compiler/arm_5.1.14/lib/</path>
         <kind>archive</kind>
         <file>rtsv7M4_T_le_v4SPD16_eabi.lib</file>
         <name>boot.obj</name>
      </input_file>
      <input_file id="fl-143">
         <path>/Applications/ti/ccsv7/tools/compiler/arm_5.1.14/lib/</path>
         <kind>archive</kind>
         <file>rtsv7M4_T_le_v4SPD16_eabi.lib</file>
         <name>copy_decompress_none.obj</name>
      </input_file>
      <input_file id="fl-144">
         <path>/Applications/ti/ccsv7/tools/compiler/arm_5.1.14/lib/</path>
         <kind>archive</kind>
         <file>rtsv7M4_T_le_v4SPD16_eabi.lib</file>
         <name>copy_decompress_rle.obj</name>
      </input_file>
      <input_file id="fl-145">
         <path>/Applications/ti/ccsv7/tools/compiler/arm_5.1.14/lib/</path>
         <kind>archive</kind>
         <file>rtsv7M4_T_le_v4SPD16_eabi.lib</file>
         <name>copy_zero_init.obj</name>
      </input_file>
      <input_file id="fl-146">
         <path>/Applications/ti/ccsv7/tools/compiler/arm_5.1.14/lib/</path>
         <kind>archive</kind>
         <file>rtsv7M4_T_le_v4SPD16_eabi.lib</file>
         <name>cosf.obj</name>
      </input_file>
      <input_file id="fl-147">
         <path>/Applications/ti/ccsv7/tools/compiler/arm_5.1.14/lib/</path>
         <kind>archive</kind>
         <file>rtsv7M4_T_le_v4SPD16_eabi.lib</file>
         <name>exit.obj</name>
      </input_file>
      <input_file id="fl-148">
         <path>/Applications/ti/ccsv7/tools/compiler/arm_5.1.14/lib/</path>
         <kind>archive</kind>
         <file>rtsv7M4_T_le_v4SPD16_eabi.lib</file>
         <name>fd_mul_t2.obj</name>
      </input_file>
      <input_file id="fl-149">
         <path>/Applications/ti/ccsv7/tools/compiler/arm_5.1.14/lib/</path>
         <kind>archive</kind>
         <file>rtsv7M4_T_le_v4SPD16_eabi.lib</file>
         <name>fd_tos_t2.obj</name>
      </input_file>
      <input_file id="fl-14a">
         <path>/Applications/ti/ccsv7/tools/compiler/arm_5.1.14/lib/</path>
         <kind>archive</kind>
         <file>rtsv7M4_T_le_v4SPD16_eabi.lib</file>
         <name>fs_tod_t2.obj</name>
      </input_file>
      <input_file id="fl-14b">
         <path>/Applications/ti/ccsv7/tools/compiler/arm_5.1.14/lib/</path>
         <kind>archive</kind>
         <file>rtsv7M4_T_le_v4SPD16_eabi.lib</file>
         <name>fs_toull_t2.obj</name>
      </input_file>
      <input_file id="fl-14c">
         <path>/Applications/ti/ccsv7/tools/compiler/arm_5.1.14/lib/</path>
         <kind>archive</kind>
         <file>rtsv7M4_T_le_v4SPD16_eabi.lib</file>
         <name>memcpy_t2.obj</name>
      </input_file>
      <input_file id="fl-14d">
         <path>/Applications/ti/ccsv7/tools/compiler/arm_5.1.14/lib/</path>
         <kind>archive</kind>
         <file>rtsv7M4_T_le_v4SPD16_eabi.lib</file>
         <name>sinf.obj</name>
      </input_file>
      <input_file id="fl-14e">
         <path>/Applications/ti/ccsv7/tools/compiler/arm_5.1.14/lib/</path>
         <kind>archive</kind>
         <file>rtsv7M4_T_le_v4SPD16_eabi.lib</file>
         <name>sqrt.obj</name>
      </input_file>
      <input_file id="fl-14f">
         <path>/Applications/ti/ccsv7/tools/compiler/arm_5.1.14/lib/</path>
         <kind>archive</kind>
         <file>rtsv7M4_T_le_v4SPD16_eabi.lib</file>
         <name>sqrtf.obj</name>
      </input_file>
      <input_file id="fl-150">
         <path>/Applications/ti/ccsv7/tools/compiler/arm_5.1.14/lib/</path>
         <kind>archive</kind>
         <file>rtsv7M4_T_le_v4SPD16_eabi.lib</file>
         <name>stkdepth_vars.obj</name>
      </input_file>
      <input_file id="fl-151">
         <path>/Applications/ti/ccsv7/tools/compiler/arm_5.1.14/lib/</path>
         <kind>archive</kind>
         <file>rtsv7M4_T_le_v4SPD16_eabi.lib</file>
         <name>u_divt2.obj</name>
      </input_file>
      <input_file id="fl-152">
         <path>/Applications/ti/ccsv7/tools/compiler/arm_5.1.14/lib/</path>
         <kind>archive</kind>
         <file>rtsv7M4_T_le_v4SPD16_eabi.lib</file>
         <name>xdscale.obj</name>
      </input_file>
      <input_file id="fl-153">
         <path>/Applications/ti/ccsv7/tools/compiler/arm_5.1.14/lib/</path>
         <kind>archive</kind>
         <file>rtsv7M4_T_le_v4SPD16_eabi.lib</file>
         <name>xdunscal.obj</name>
      </input_file>
      <input_file id="fl-154">
         <path>/Applications/ti/ccsv7/tools/compiler/arm_5.1.14/lib/</path>
         <kind>archive</kind>
         <file>rtsv7M4_T_le_v4SPD16_eabi.lib</file>
         <name>xfatan.obj</name>
      </input_file>
      <input_file id="fl-155">
         <path>/Applications/ti/ccsv7/tools/compiler/arm_5.1.14/lib/</path>
         <kind>archive</kind>
         <file>rtsv7M4_T_le_v4SPD16_eabi.lib</file>
         <name>xfdclass.obj</name>
      </input_file>
      <input_file id="fl-156">
         <path>/Applications/ti/ccsv7/tools/compiler/arm_5.1.14/lib/</path>
         <kind>archive</kind>
         <file>rtsv7M4_T_le_v4SPD16_eabi.lib</file>
         <name>xfdtest.obj</name>
      </input_file>
      <input_file id="fl-157">
         <path>/Applications/ti/ccsv7/tools/compiler/arm_5.1.14/lib/</path>
         <kind>archive</kind>
         <file>rtsv7M4_T_le_v4SPD16_eabi.lib</file>
         <name>xferaise.obj</name>
      </input_file>
      <input_file id="fl-158">
         <path>/Applications/ti/ccsv7/tools/compiler/arm_5.1.14/lib/</path>
         <kind>archive</kind>
         <file>rtsv7M4_T_le_v4SPD16_eabi.lib</file>
         <name>xfsin.obj</name>
      </input_file>
      <input_file id="fl-159">
         <path>/Applications/ti/ccsv7/tools/compiler/arm_5.1.14/lib/</path>
         <kind>archive</kind>
         <file>rtsv7M4_T_le_v4SPD16_eabi.lib</file>
         <name>xfvalues.obj</name>
      </input_file>
      <input_file id="fl-15a">
         <path>/Applications/ti/ccsv7/tools/compiler/arm_5.1.14/lib/</path>
         <kind>archive</kind>
         <file>rtsv7M4_T_le_v4SPD16_eabi.lib</file>
         <name>xvalues.obj</name>
      </input_file>
      <input_file id="fl-15b">
         <path>/Applications/ti/ccsv7/tools/compiler/arm_5.1.14/lib/</path>
         <kind>archive</kind>
         <file>rtsv7M4_T_le_v4SPD16_eabi.lib</file>
         <name>_lock.obj</name>
      </input_file>
      <input_file id="fl-15c">
         <path>/Applications/ti/ccsv7/tools/compiler/arm_5.1.14/lib/</path>
         <kind>archive</kind>
         <file>rtsv7M4_T_le_v4SPD16_eabi.lib</file>
         <name>args_main.obj</name>
      </input_file>
      <input_file id="fl-15d">
         <path>/Applications/ti/ccsv7/tools/compiler/arm_5.1.14/lib/</path>
         <kind>archive</kind>
         <file>rtsv7M4_T_le_v4SPD16_eabi.lib</file>
         <name>auto_init.obj</name>
      </input_file>
      <input_file id="fl-15e">
         <path>/Applications/ti/ccsv7/tools/compiler/arm_5.1.14/lib/</path>
         <kind>archive</kind>
         <file>rtsv7M4_T_le_v4SPD16_eabi.lib</file>
         <name>cpy_tbl.obj</name>
      </input_file>
      <input_file id="fl-15f">
         <path>/Applications/ti/ccsv7/tools/compiler/arm_5.1.14/lib/</path>
         <kind>archive</kind>
         <file>rtsv7M4_T_le_v4SPD16_eabi.lib</file>
         <name>errno.obj</name>
      </input_file>
      <input_file id="fl-160">
         <path>/Applications/ti/ccsv7/tools/compiler/arm_5.1.14/lib/</path>
         <kind>archive</kind>
         <file>rtsv7M4_T_le_v4SPD16_eabi.lib</file>
         <name>fd_add_t2.obj</name>
      </input_file>
      <input_file id="fl-161">
         <path>/Applications/ti/ccsv7/tools/compiler/arm_5.1.14/lib/</path>
         <kind>archive</kind>
         <file>rtsv7M4_T_le_v4SPD16_eabi.lib</file>
         <name>fd_cmp_t2.obj</name>
      </input_file>
      <input_file id="fl-162">
         <path>/Applications/ti/ccsv7/tools/compiler/arm_5.1.14/lib/</path>
         <kind>archive</kind>
         <file>rtsv7M4_T_le_v4SPD16_eabi.lib</file>
         <name>fd_div_t2.obj</name>
      </input_file>
      <input_file id="fl-163">
         <path>/Applications/ti/ccsv7/tools/compiler/arm_5.1.14/lib/</path>
         <kind>archive</kind>
         <file>rtsv7M4_T_le_v4SPD16_eabi.lib</file>
         <name>feraiseexcept.obj</name>
      </input_file>
      <input_file id="fl-164">
         <path>/Applications/ti/ccsv7/tools/compiler/arm_5.1.14/lib/</path>
         <kind>archive</kind>
         <file>rtsv7M4_T_le_v4SPD16_eabi.lib</file>
         <name>fmodf.obj</name>
      </input_file>
      <input_file id="fl-165">
         <path>/Applications/ti/ccsv7/tools/compiler/arm_5.1.14/lib/</path>
         <kind>archive</kind>
         <file>rtsv7M4_T_le_v4SPD16_eabi.lib</file>
         <name>i_div0.obj</name>
      </input_file>
      <input_file id="fl-166">
         <path>/Applications/ti/ccsv7/tools/compiler/arm_5.1.14/lib/</path>
         <kind>archive</kind>
         <file>rtsv7M4_T_le_v4SPD16_eabi.lib</file>
         <name>raise.obj</name>
      </input_file>
      <input_file id="fl-167">
         <path>/Applications/ti/ccsv7/tools/compiler/arm_5.1.14/lib/</path>
         <kind>archive</kind>
         <file>rtsv7M4_T_le_v4SPD16_eabi.lib</file>
         <name>signal.obj</name>
      </input_file>
      <input_file id="fl-168">
         <path>/Applications/ti/ccsv7/tools/compiler/arm_5.1.14/lib/</path>
         <kind>archive</kind>
         <file>rtsv7M4_T_le_v4SPD16_eabi.lib</file>
         <name>xdnorm.obj</name>
      </input_file>
      <input_file id="fl-169">
         <path>/Applications/ti/ccsv7/tools/compiler/arm_5.1.14/lib/</path>
         <kind>archive</kind>
         <file>rtsv7M4_T_le_v4SPD16_eabi.lib</file>
         <name>xfdnorm.obj</name>
      </input_file>
      <input_file id="fl-16a">
         <path>/Applications/ti/ccsv7/tools/compiler/arm_5.1.14/lib/</path>
         <kind>archive</kind>
         <file>rtsv7M4_T_le_v4SPD16_eabi.lib</file>
         <name>xfdscale.obj</name>
      </input_file>
      <input_file id="fl-16b">
         <path>/Users/maorshutman/ti/TivaWare_C_Series-2.1.3.156/sensorlib/ccs/Debug/</path>
         <kind>archive</kind>
         <file>sensorlib.lib</file>
         <name>i2cm_drv.obj</name>
      </input_file>
      <input_file id="fl-16c">
         <path>/Users/maorshutman/ti/TivaWare_C_Series-2.1.3.156/driverlib/ccs/Debug/</path>
         <kind>archive</kind>
         <file>driverlib.lib</file>
         <name>i2c.obj</name>
      </input_file>
   </input_file_list>
   <object_component_list>
      <object_component id="oc-e">
         <name>.intvecs</name>
         <load_address>0x0</load_address>
         <run_address>0x0</run_address>
         <size>0x26c</size>
         <input_file_ref idref="fl-9"/>
      </object_component>
      <object_component id="oc-2f">
         <name>.text</name>
         <load_address>0x26c</load_address>
         <run_address>0x26c</run_address>
         <size>0x9dc</size>
         <input_file_ref idref="fl-6"/>
      </object_component>
      <object_component id="oc-86">
         <name>.text</name>
         <load_address>0xc48</load_address>
         <run_address>0xc48</run_address>
         <size>0x95c</size>
         <input_file_ref idref="fl-7"/>
      </object_component>
      <object_component id="oc-35">
         <name>.text</name>
         <load_address>0x15a4</load_address>
         <run_address>0x15a4</run_address>
         <size>0x900</size>
         <input_file_ref idref="fl-a"/>
      </object_component>
      <object_component id="oc-b4">
         <name>.text</name>
         <load_address>0x1ea4</load_address>
         <run_address>0x1ea4</run_address>
         <size>0x778</size>
         <input_file_ref idref="fl-3"/>
      </object_component>
      <object_component id="oc-3b">
         <name>.text</name>
         <load_address>0x261c</load_address>
         <run_address>0x261c</run_address>
         <size>0x434</size>
         <input_file_ref idref="fl-8"/>
      </object_component>
      <object_component id="oc-2a0">
         <name>.text</name>
         <load_address>0x2a50</load_address>
         <run_address>0x2a50</run_address>
         <size>0x1b6</size>
         <input_file_ref idref="fl-160"/>
      </object_component>
      <object_component id="oc-21e">
         <name>.text</name>
         <load_address>0x2c06</load_address>
         <run_address>0x2c06</run_address>
         <size>0x2</size>
         <input_file_ref idref="fl-165"/>
      </object_component>
      <object_component id="oc-2c8">
         <name>.text</name>
         <load_address>0x2c08</load_address>
         <run_address>0x2c08</run_address>
         <size>0x170</size>
         <input_file_ref idref="fl-158"/>
      </object_component>
      <object_component id="oc-1e5">
         <name>.text</name>
         <load_address>0x2d78</load_address>
         <run_address>0x2d78</run_address>
         <size>0x148</size>
         <input_file_ref idref="fl-14e"/>
      </object_component>
      <object_component id="oc-2a5">
         <name>.text</name>
         <load_address>0x2ec0</load_address>
         <run_address>0x2ec0</run_address>
         <size>0x136</size>
         <input_file_ref idref="fl-162"/>
      </object_component>
      <object_component id="oc-1c6">
         <name>.text:GPIOPadConfigSet</name>
         <load_address>0x2ff6</load_address>
         <run_address>0x2ff6</run_address>
         <size>0x132</size>
         <input_file_ref idref="fl-11"/>
      </object_component>
      <object_component id="oc-339">
         <name>.text</name>
         <load_address>0x3128</load_address>
         <run_address>0x3128</run_address>
         <size>0x124</size>
         <input_file_ref idref="fl-164"/>
      </object_component>
      <object_component id="oc-ee">
         <name>.text:SysCtlClockGet</name>
         <load_address>0x324c</load_address>
         <run_address>0x324c</run_address>
         <size>0x110</size>
         <input_file_ref idref="fl-14"/>
      </object_component>
      <object_component id="oc-2aa">
         <name>.text</name>
         <load_address>0x335c</load_address>
         <run_address>0x335c</run_address>
         <size>0x110</size>
         <input_file_ref idref="fl-152"/>
      </object_component>
      <object_component id="oc-151">
         <name>.text</name>
         <load_address>0x346c</load_address>
         <run_address>0x346c</run_address>
         <size>0xfc</size>
         <input_file_ref idref="fl-148"/>
      </object_component>
      <object_component id="oc-8c">
         <name>.text:I2CMIntHandler</name>
         <load_address>0x3568</load_address>
         <run_address>0x3568</run_address>
         <size>0xf2</size>
         <input_file_ref idref="fl-16b"/>
      </object_component>
      <object_component id="oc-1eb">
         <name>.text</name>
         <load_address>0x365c</load_address>
         <run_address>0x365c</run_address>
         <size>0xd8</size>
         <input_file_ref idref="fl-141"/>
      </object_component>
      <object_component id="oc-30f">
         <name>.text</name>
         <load_address>0x3734</load_address>
         <run_address>0x3734</run_address>
         <size>0xc4</size>
         <input_file_ref idref="fl-168"/>
      </object_component>
      <object_component id="oc-373">
         <name>.text</name>
         <load_address>0x37f8</load_address>
         <run_address>0x37f8</run_address>
         <size>0xc0</size>
         <input_file_ref idref="fl-16a"/>
      </object_component>
      <object_component id="oc-203">
         <name>.text</name>
         <load_address>0x38b8</load_address>
         <run_address>0x38b8</run_address>
         <size>0xb0</size>
         <input_file_ref idref="fl-140"/>
      </object_component>
      <object_component id="oc-2c0">
         <name>.text</name>
         <load_address>0x3968</load_address>
         <run_address>0x3968</run_address>
         <size>0xa8</size>
         <input_file_ref idref="fl-154"/>
      </object_component>
      <object_component id="oc-59">
         <name>.text</name>
         <load_address>0x3a10</load_address>
         <run_address>0x3a10</run_address>
         <size>0x9c</size>
         <input_file_ref idref="fl-14c"/>
      </object_component>
      <object_component id="oc-1a5">
         <name>.text:I2CMStateIdle</name>
         <load_address>0x3aac</load_address>
         <run_address>0x3aac</run_address>
         <size>0x98</size>
         <input_file_ref idref="fl-16b"/>
      </object_component>
      <object_component id="oc-44">
         <name>.text</name>
         <load_address>0x3b44</load_address>
         <run_address>0x3b44</run_address>
         <size>0x94</size>
         <input_file_ref idref="fl-15d"/>
      </object_component>
      <object_component id="oc-247">
         <name>.text:I2CMCommand</name>
         <load_address>0x3bd8</load_address>
         <run_address>0x3bd8</run_address>
         <size>0x88</size>
         <input_file_ref idref="fl-16b"/>
      </object_component>
      <object_component id="oc-334">
         <name>.text:__aeabi_cdcmple</name>
         <load_address>0x3c60</load_address>
         <run_address>0x3c60</run_address>
         <size>0x86</size>
         <input_file_ref idref="fl-161"/>
      </object_component>
      <object_component id="oc-36d">
         <name>.text</name>
         <load_address>0x3ce6</load_address>
         <run_address>0x3ce6</run_address>
         <size>0x7a</size>
         <input_file_ref idref="fl-169"/>
      </object_component>
      <object_component id="oc-143">
         <name>.text:I2CMReadModifyWrite8</name>
         <load_address>0x3d60</load_address>
         <run_address>0x3d60</run_address>
         <size>0x78</size>
         <input_file_ref idref="fl-16b"/>
      </object_component>
      <object_component id="oc-156">
         <name>.text</name>
         <load_address>0x3dd8</load_address>
         <run_address>0x3dd8</run_address>
         <size>0x6e</size>
         <input_file_ref idref="fl-149"/>
      </object_component>
      <object_component id="oc-2f0">
         <name>.text:IntDisable</name>
         <load_address>0x3e48</load_address>
         <run_address>0x3e48</run_address>
         <size>0x68</size>
         <input_file_ref idref="fl-12"/>
      </object_component>
      <object_component id="oc-1d4">
         <name>.text:IntEnable</name>
         <load_address>0x3eb0</load_address>
         <run_address>0x3eb0</run_address>
         <size>0x68</size>
         <input_file_ref idref="fl-12"/>
      </object_component>
      <object_component id="oc-2ea">
         <name>.text:IntIsEnabled</name>
         <load_address>0x3f18</load_address>
         <run_address>0x3f18</run_address>
         <size>0x64</size>
         <input_file_ref idref="fl-12"/>
      </object_component>
      <object_component id="oc-29a">
         <name>.text</name>
         <load_address>0x3f7c</load_address>
         <run_address>0x3f7c</run_address>
         <size>0x64</size>
         <input_file_ref idref="fl-153"/>
      </object_component>
      <object_component id="oc-254">
         <name>.text:I2CMReadModifyWrite8Callback</name>
         <load_address>0x3fe0</load_address>
         <run_address>0x3fe0</run_address>
         <size>0x60</size>
         <input_file_ref idref="fl-16b"/>
      </object_component>
      <object_component id="oc-193">
         <name>.text:I2CMStateWritePause</name>
         <load_address>0x4040</load_address>
         <run_address>0x4040</run_address>
         <size>0x5e</size>
         <input_file_ref idref="fl-16b"/>
      </object_component>
      <object_component id="oc-6c">
         <name>.text</name>
         <load_address>0x409e</load_address>
         <run_address>0x409e</run_address>
         <size>0x5e</size>
         <input_file_ref idref="fl-144"/>
      </object_component>
      <object_component id="oc-13d">
         <name>.text:I2CMWrite8</name>
         <load_address>0x40fc</load_address>
         <run_address>0x40fc</run_address>
         <size>0x54</size>
         <input_file_ref idref="fl-16b"/>
      </object_component>
      <object_component id="oc-199">
         <name>.text:I2CMStateWriteFinal</name>
         <load_address>0x4150</load_address>
         <run_address>0x4150</run_address>
         <size>0x50</size>
         <input_file_ref idref="fl-16b"/>
      </object_component>
      <object_component id="oc-f4">
         <name>.text</name>
         <load_address>0x41a0</load_address>
         <run_address>0x41a0</run_address>
         <size>0x50</size>
         <input_file_ref idref="fl-14b"/>
      </object_component>
      <object_component id="oc-1ce">
         <name>.text:I2CMasterInitExpClk</name>
         <load_address>0x41f0</load_address>
         <run_address>0x41f0</run_address>
         <size>0x4c</size>
         <input_file_ref idref="fl-16c"/>
      </object_component>
      <object_component id="oc-181">
         <name>.text:I2CMStateReadNext</name>
         <load_address>0x423c</load_address>
         <run_address>0x423c</run_address>
         <size>0x4a</size>
         <input_file_ref idref="fl-16b"/>
      </object_component>
      <object_component id="oc-19f">
         <name>.text:I2CMStateWriteNext</name>
         <load_address>0x4286</load_address>
         <run_address>0x4286</run_address>
         <size>0x48</size>
         <input_file_ref idref="fl-16b"/>
      </object_component>
      <object_component id="oc-11">
         <name>.text</name>
         <load_address>0x42d0</load_address>
         <run_address>0x42d0</run_address>
         <size>0x48</size>
         <input_file_ref idref="fl-142"/>
      </object_component>
      <object_component id="oc-169">
         <name>.text:I2CMStateCallback</name>
         <load_address>0x4318</load_address>
         <run_address>0x4318</run_address>
         <size>0x44</size>
         <input_file_ref idref="fl-16b"/>
      </object_component>
      <object_component id="oc-103">
         <name>.text</name>
         <load_address>0x435c</load_address>
         <run_address>0x435c</run_address>
         <size>0x44</size>
         <input_file_ref idref="fl-15e"/>
      </object_component>
      <object_component id="oc-4f">
         <name>.text</name>
         <load_address>0x43a0</load_address>
         <run_address>0x43a0</run_address>
         <size>0x44</size>
         <input_file_ref idref="fl-147"/>
      </object_component>
      <object_component id="oc-17b">
         <name>.text:I2CMStateReadFinal</name>
         <load_address>0x43e4</load_address>
         <run_address>0x43e4</run_address>
         <size>0x42</size>
         <input_file_ref idref="fl-16b"/>
      </object_component>
      <object_component id="oc-24d">
         <name>.text:I2CMWrite8Callback</name>
         <load_address>0x4426</load_address>
         <run_address>0x4426</run_address>
         <size>0x40</size>
         <input_file_ref idref="fl-16b"/>
      </object_component>
      <object_component id="oc-381">
         <name>.text</name>
         <load_address>0x4468</load_address>
         <run_address>0x4468</run_address>
         <size>0x40</size>
         <input_file_ref idref="fl-167"/>
      </object_component>
      <object_component id="oc-dd">
         <name>.text</name>
         <load_address>0x44a8</load_address>
         <run_address>0x44a8</run_address>
         <size>0x40</size>
         <input_file_ref idref="fl-151"/>
      </object_component>
      <object_component id="oc-175">
         <name>.text:I2CMStateReadPause</name>
         <load_address>0x44e8</load_address>
         <run_address>0x44e8</run_address>
         <size>0x3e</size>
         <input_file_ref idref="fl-16b"/>
      </object_component>
      <object_component id="oc-14c">
         <name>.text</name>
         <load_address>0x4526</load_address>
         <run_address>0x4526</run_address>
         <size>0x38</size>
         <input_file_ref idref="fl-14a"/>
      </object_component>
      <object_component id="oc-12f">
         <name>.text:I2CMRead</name>
         <load_address>0x455e</load_address>
         <run_address>0x455e</run_address>
         <size>0x36</size>
         <input_file_ref idref="fl-7"/>
      </object_component>
      <object_component id="oc-136">
         <name>.text:I2CMWrite</name>
         <load_address>0x4594</load_address>
         <run_address>0x4594</run_address>
         <size>0x36</size>
         <input_file_ref idref="fl-7"/>
      </object_component>
      <object_component id="oc-a8">
         <name>.text:I2CMInit</name>
         <load_address>0x45ca</load_address>
         <run_address>0x45ca</run_address>
         <size>0x34</size>
         <input_file_ref idref="fl-16b"/>
      </object_component>
      <object_component id="oc-31b">
         <name>.text</name>
         <load_address>0x4600</load_address>
         <run_address>0x4600</run_address>
         <size>0x34</size>
         <input_file_ref idref="fl-163"/>
      </object_component>
      <object_component id="oc-2ba">
         <name>.text</name>
         <load_address>0x4634</load_address>
         <run_address>0x4634</run_address>
         <size>0x34</size>
         <input_file_ref idref="fl-156"/>
      </object_component>
      <object_component id="oc-2fd">
         <name>.text:I2CMTransferResume</name>
         <load_address>0x4668</load_address>
         <run_address>0x4668</run_address>
         <size>0x30</size>
         <input_file_ref idref="fl-16b"/>
      </object_component>
      <object_component id="oc-2b0">
         <name>.text</name>
         <load_address>0x4698</load_address>
         <run_address>0x4698</run_address>
         <size>0x30</size>
         <input_file_ref idref="fl-157"/>
      </object_component>
      <object_component id="oc-35a">
         <name>.text</name>
         <load_address>0x46c8</load_address>
         <run_address>0x46c8</run_address>
         <size>0x2e</size>
         <input_file_ref idref="fl-166"/>
      </object_component>
      <object_component id="oc-1c0">
         <name>.text:GPIODirModeSet</name>
         <load_address>0x46f6</load_address>
         <run_address>0x46f6</run_address>
         <size>0x2a</size>
         <input_file_ref idref="fl-11"/>
      </object_component>
      <object_component id="oc-187">
         <name>.text:I2CMStateReadFirst</name>
         <load_address>0x4720</load_address>
         <run_address>0x4720</run_address>
         <size>0x2a</size>
         <input_file_ref idref="fl-16b"/>
      </object_component>
      <object_component id="oc-209">
         <name>.text</name>
         <load_address>0x474c</load_address>
         <run_address>0x474c</run_address>
         <size>0x24</size>
         <input_file_ref idref="fl-14f"/>
      </object_component>
      <object_component id="oc-18d">
         <name>.text:I2CMStateReadOne</name>
         <load_address>0x4770</load_address>
         <run_address>0x4770</run_address>
         <size>0x20</size>
         <input_file_ref idref="fl-16b"/>
      </object_component>
      <object_component id="oc-16f">
         <name>.text:I2CMStateReadWait</name>
         <load_address>0x4790</load_address>
         <run_address>0x4790</run_address>
         <size>0x1a</size>
         <input_file_ref idref="fl-16b"/>
      </object_component>
      <object_component id="oc-49">
         <name>.text</name>
         <load_address>0x47ac</load_address>
         <run_address>0x47ac</run_address>
         <size>0x18</size>
         <input_file_ref idref="fl-15c"/>
      </object_component>
      <object_component id="oc-237">
         <name>.text</name>
         <load_address>0x47c4</load_address>
         <run_address>0x47c4</run_address>
         <size>0x14</size>
         <input_file_ref idref="fl-15b"/>
      </object_component>
      <object_component id="oc-9c">
         <name>.text:GPIOPinTypeI2CSCL</name>
         <load_address>0x47d8</load_address>
         <run_address>0x47d8</run_address>
         <size>0x12</size>
         <input_file_ref idref="fl-11"/>
      </object_component>
      <object_component id="oc-1c">
         <name>.text:decompress:ZI</name>
         <load_address>0x47ea</load_address>
         <run_address>0x47ea</run_address>
         <size>0x12</size>
         <input_file_ref idref="fl-145"/>
      </object_component>
      <object_component id="oc-7a">
         <name>.text:GPIOIntStatus</name>
         <load_address>0x47fc</load_address>
         <run_address>0x47fc</run_address>
         <size>0xe</size>
         <input_file_ref idref="fl-11"/>
      </object_component>
      <object_component id="oc-16">
         <name>.text:decompress:none</name>
         <load_address>0x480a</load_address>
         <run_address>0x480a</run_address>
         <size>0xe</size>
         <input_file_ref idref="fl-143"/>
      </object_component>
      <object_component id="oc-1fd">
         <name>.text</name>
         <load_address>0x4818</load_address>
         <run_address>0x4818</run_address>
         <size>0xe</size>
         <input_file_ref idref="fl-155"/>
      </object_component>
      <object_component id="oc-a2">
         <name>.text:GPIOIntEnable</name>
         <load_address>0x4826</load_address>
         <run_address>0x4826</run_address>
         <size>0xc</size>
         <input_file_ref idref="fl-11"/>
      </object_component>
      <object_component id="oc-2f6">
         <name>.text:IntTrigger</name>
         <load_address>0x4834</load_address>
         <run_address>0x4834</run_address>
         <size>0xc</size>
         <input_file_ref idref="fl-12"/>
      </object_component>
      <object_component id="oc-29">
         <name>.text</name>
         <load_address>0x4840</load_address>
         <run_address>0x4840</run_address>
         <size>0xc</size>
         <input_file_ref idref="fl-9"/>
      </object_component>
      <object_component id="oc-28d">
         <name>.text:I2CMasterEnable</name>
         <load_address>0x484c</load_address>
         <run_address>0x484c</run_address>
         <size>0xa</size>
         <input_file_ref idref="fl-16c"/>
      </object_component>
      <object_component id="oc-15d">
         <name>.text:I2CMasterIntClear</name>
         <load_address>0x4856</load_address>
         <run_address>0x4856</run_address>
         <size>0x8</size>
         <input_file_ref idref="fl-16c"/>
      </object_component>
      <object_component id="oc-1da">
         <name>.text:I2CMasterIntEnableEx</name>
         <load_address>0x485e</load_address>
         <run_address>0x485e</run_address>
         <size>0x8</size>
         <input_file_ref idref="fl-16c"/>
      </object_component>
      <object_component id="oc-275">
         <name>.text:I2CMasterSlaveAddrSet</name>
         <load_address>0x4866</load_address>
         <run_address>0x4866</run_address>
         <size>0x8</size>
         <input_file_ref idref="fl-16c"/>
      </object_component>
      <object_component id="oc-80">
         <name>.text:GPIOIntClear</name>
         <load_address>0x486e</load_address>
         <run_address>0x486e</run_address>
         <size>0x6</size>
         <input_file_ref idref="fl-11"/>
      </object_component>
      <object_component id="oc-92">
         <name>.text:UARTClockSourceSet</name>
         <load_address>0x4874</load_address>
         <run_address>0x4874</run_address>
         <size>0x6</size>
         <input_file_ref idref="fl-15"/>
      </object_component>
      <object_component id="oc-22">
         <name>.text:decompress:rle24</name>
         <load_address>0x487a</load_address>
         <run_address>0x487a</run_address>
         <size>0x6</size>
         <input_file_ref idref="fl-144"/>
      </object_component>
      <object_component id="oc-1f1">
         <name>.text</name>
         <load_address>0x4880</load_address>
         <run_address>0x4880</run_address>
         <size>0x6</size>
         <input_file_ref idref="fl-146"/>
      </object_component>
      <object_component id="oc-1f7">
         <name>.text</name>
         <load_address>0x4886</load_address>
         <run_address>0x4886</run_address>
         <size>0x6</size>
         <input_file_ref idref="fl-14d"/>
      </object_component>
      <object_component id="oc-163">
         <name>.text:I2CMasterControl</name>
         <load_address>0x488c</load_address>
         <run_address>0x488c</run_address>
         <size>0x4</size>
         <input_file_ref idref="fl-16c"/>
      </object_component>
      <object_component id="oc-26b">
         <name>.text:I2CMasterDataGet</name>
         <load_address>0x4890</load_address>
         <run_address>0x4890</run_address>
         <size>0x4</size>
         <input_file_ref idref="fl-16c"/>
      </object_component>
      <object_component id="oc-27d">
         <name>.text:I2CMasterDataPut</name>
         <load_address>0x4894</load_address>
         <run_address>0x4894</run_address>
         <size>0x4</size>
         <input_file_ref idref="fl-16c"/>
      </object_component>
      <object_component id="oc-294">
         <name>.const</name>
         <load_address>0x4898</load_address>
         <run_address>0x4898</run_address>
         <size>0x70</size>
         <input_file_ref idref="fl-12"/>
      </object_component>
      <object_component id="oc-225">
         <name>.const:g_pui32Xtals</name>
         <load_address>0x4908</load_address>
         <run_address>0x4908</run_address>
         <size>0x6c</size>
         <input_file_ref idref="fl-14"/>
      </object_component>
      <object_component id="oc-32e">
         <name>.const</name>
         <load_address>0x4974</load_address>
         <run_address>0x4974</run_address>
         <size>0x34</size>
         <input_file_ref idref="fl-154"/>
      </object_component>
      <object_component id="oc-33f">
         <name>.const</name>
         <load_address>0x49a8</load_address>
         <run_address>0x49a8</run_address>
         <size>0x28</size>
         <input_file_ref idref="fl-158"/>
      </object_component>
      <object_component id="oc-d1">
         <name>.const</name>
         <load_address>0x49d0</load_address>
         <run_address>0x49d0</run_address>
         <size>0x28</size>
         <input_file_ref idref="fl-a"/>
      </object_component>
      <object_component id="oc-149">
         <name>.const</name>
         <load_address>0x49f8</load_address>
         <run_address>0x49f8</run_address>
         <size>0x20</size>
         <input_file_ref idref="fl-7"/>
      </object_component>
      <object_component id="oc-215">
         <name>.const:.string</name>
         <load_address>0x4a18</load_address>
         <run_address>0x4a18</run_address>
         <size>0x12</size>
         <input_file_ref idref="fl-a"/>
      </object_component>
      <object_component id="oc-3d0">
         <name>.cinit..data.load</name>
         <load_address>0x4a30</load_address>
         <run_address>0x4a30</run_address>
         <size>0x6a</size>
      </object_component>
      <object_component id="oc-3ce">
         <name>__TI_handler_table</name>
         <load_address>0x4a9c</load_address>
         <run_address>0x4a9c</run_address>
         <size>0xc</size>
      </object_component>
      <object_component id="oc-3d1">
         <name>.cinit..bss.load</name>
         <load_address>0x4aa8</load_address>
         <run_address>0x4aa8</run_address>
         <size>0x8</size>
      </object_component>
      <object_component id="oc-3cf">
         <name>__TI_cinit_table</name>
         <load_address>0x4ab0</load_address>
         <run_address>0x4ab0</run_address>
         <size>0x10</size>
      </object_component>
      <object_component id="oc-55">
         <name>.data</name>
         <load_address>0x20000888</load_address>
         <run_address>0x20000888</run_address>
         <size>0x4</size>
         <input_file_ref idref="fl-150"/>
      </object_component>
      <object_component id="oc-ce">
         <name>.data</name>
         <load_address>0x20000850</load_address>
         <run_address>0x20000850</run_address>
         <size>0x15</size>
         <input_file_ref idref="fl-a"/>
      </object_component>
      <object_component id="oc-fd">
         <name>.data</name>
         <load_address>0x20000880</load_address>
         <run_address>0x20000880</run_address>
         <size>0x4</size>
         <input_file_ref idref="fl-8"/>
      </object_component>
      <object_component id="oc-10c">
         <name>.data</name>
         <load_address>0x20000868</load_address>
         <run_address>0x20000868</run_address>
         <size>0x8</size>
         <input_file_ref idref="fl-15b"/>
      </object_component>
      <object_component id="oc-10f">
         <name>.data</name>
         <load_address>0x20000870</load_address>
         <run_address>0x20000870</run_address>
         <size>0x8</size>
         <input_file_ref idref="fl-147"/>
      </object_component>
      <object_component id="oc-2b6">
         <name>.data</name>
         <load_address>0x20000768</load_address>
         <run_address>0x20000768</run_address>
         <size>0x80</size>
         <input_file_ref idref="fl-15a"/>
      </object_component>
      <object_component id="oc-2d1">
         <name>.data</name>
         <load_address>0x200007e8</load_address>
         <run_address>0x200007e8</run_address>
         <size>0x68</size>
         <input_file_ref idref="fl-159"/>
      </object_component>
      <object_component id="oc-321">
         <name>.data</name>
         <load_address>0x20000884</load_address>
         <run_address>0x20000884</run_address>
         <size>0x4</size>
         <input_file_ref idref="fl-15f"/>
      </object_component>
      <object_component id="oc-360">
         <name>.data</name>
         <load_address>0x20000878</load_address>
         <run_address>0x20000878</run_address>
         <size>0x8</size>
         <input_file_ref idref="fl-163"/>
      </object_component>
      <object_component id="oc-39c">
         <name>.data:sigtable</name>
         <load_address>0x200006b8</load_address>
         <run_address>0x200006b8</run_address>
         <size>0xb0</size>
         <input_file_ref idref="fl-167"/>
      </object_component>
      <object_component id="oc-ae">
         <name>.bss:g_sMPU9150Inst</name>
         <uninitialized>true</uninitialized>
         <run_address>0x20000618</run_address>
         <size>0x6c</size>
         <input_file_ref idref="fl-6"/>
      </object_component>
      <object_component id="oc-b1">
         <name>.bss:g_sI2CInst</name>
         <uninitialized>true</uninitialized>
         <run_address>0x20000400</run_address>
         <size>0x124</size>
         <input_file_ref idref="fl-6"/>
      </object_component>
      <object_component id="oc-bf">
         <name>.bss:g_sCompDCMInst</name>
         <uninitialized>true</uninitialized>
         <run_address>0x200005a4</run_address>
         <size>0x74</size>
         <input_file_ref idref="fl-6"/>
      </object_component>
      <object_component id="oc-d7">
         <name>.bss:g_pcUARTTxBuffer</name>
         <uninitialized>true</uninitialized>
         <run_address>0x20000000</run_address>
         <size>0x400</size>
         <input_file_ref idref="fl-a"/>
      </object_component>
      <object_component id="oc-da">
         <name>.bss:g_pcUARTRxBuffer</name>
         <uninitialized>true</uninitialized>
         <run_address>0x20000524</run_address>
         <size>0x80</size>
         <input_file_ref idref="fl-a"/>
      </object_component>
      <object_component id="oc-bd">
         <name>.common:counter</name>
         <uninitialized>true</uninitialized>
         <run_address>0x2000069c</run_address>
         <size>0x4</size>
      </object_component>
      <object_component id="oc-bc">
         <name>.common:g_pui32Colors</name>
         <uninitialized>true</uninitialized>
         <run_address>0x20000684</run_address>
         <size>0xc</size>
      </object_component>
      <object_component id="oc-be">
         <name>.common:g_vui8I2CDoneFlag</name>
         <uninitialized>true</uninitialized>
         <run_address>0x200006ac</run_address>
         <size>0x4</size>
      </object_component>
      <object_component id="oc-9b">
         <name>.common:g_vui8ErrorFlag</name>
         <uninitialized>true</uninitialized>
         <run_address>0x200006a8</run_address>
         <size>0x4</size>
      </object_component>
      <object_component id="oc-c2">
         <name>.common:g_ui32PrintSkipCounter</name>
         <uninitialized>true</uninitialized>
         <run_address>0x200006a4</run_address>
         <size>0x4</size>
      </object_component>
      <object_component id="oc-fa">
         <name>.common:g_ui32Colors</name>
         <uninitialized>true</uninitialized>
         <run_address>0x20000690</run_address>
         <size>0xc</size>
      </object_component>
      <object_component id="oc-f9">
         <name>.common:ulFlags$1</name>
         <uninitialized>true</uninitialized>
         <run_address>0x200006b0</run_address>
         <size>0x4</size>
      </object_component>
      <object_component id="oc-e2">
         <name>.common:g_bDisableEcho</name>
         <uninitialized>true</uninitialized>
         <run_address>0x200006b4</run_address>
         <size>0x1</size>
      </object_component>
      <object_component id="oc-d4">
         <name>.common:g_ui32PortNum</name>
         <uninitialized>true</uninitialized>
         <run_address>0x200006a0</run_address>
         <size>0x4</size>
      </object_component>
      <object_component id="oc-28">
         <name>.stack</name>
         <uninitialized>true</uninitialized>
         <run_address>0x2000088c</run_address>
         <size>0x0</size>
         <input_file_ref idref="fl-142"/>
      </object_component>
      <object_component id="oc-3d2">
         <name>.stack</name>
         <uninitialized>true</uninitialized>
         <run_address>0x2000088c</run_address>
         <size>0x0</size>
      </object_component>
      <object_component id="oc-f">
         <name>.debug_info</name>
         <load_address>0x0</load_address>
         <run_address>0x0</run_address>
         <size>0xfd</size>
         <input_file_ref idref="fl-9"/>
      </object_component>
      <object_component id="oc-12">
         <name>.debug_info</name>
         <load_address>0xfd</load_address>
         <run_address>0xfd</run_address>
         <size>0x170</size>
         <input_file_ref idref="fl-142"/>
      </object_component>
      <object_component id="oc-17">
         <name>.debug_info</name>
         <load_address>0x26d</load_address>
         <run_address>0x26d</run_address>
         <size>0x1fe</size>
         <input_file_ref idref="fl-143"/>
      </object_component>
      <object_component id="oc-1d">
         <name>.debug_info</name>
         <load_address>0x46b</load_address>
         <run_address>0x46b</run_address>
         <size>0x1e9</size>
         <input_file_ref idref="fl-145"/>
      </object_component>
      <object_component id="oc-23">
         <name>.debug_info</name>
         <load_address>0x654</load_address>
         <run_address>0x654</run_address>
         <size>0x1e5</size>
         <input_file_ref idref="fl-144"/>
      </object_component>
      <object_component id="oc-2a">
         <name>.debug_info</name>
         <load_address>0x839</load_address>
         <run_address>0x839</run_address>
         <size>0x279</size>
         <input_file_ref idref="fl-9"/>
      </object_component>
      <object_component id="oc-30">
         <name>.debug_info</name>
         <load_address>0xab2</load_address>
         <run_address>0xab2</run_address>
         <size>0xb48</size>
         <input_file_ref idref="fl-6"/>
      </object_component>
      <object_component id="oc-36">
         <name>.debug_info</name>
         <load_address>0x15fa</load_address>
         <run_address>0x15fa</run_address>
         <size>0x10f3</size>
         <input_file_ref idref="fl-a"/>
      </object_component>
      <object_component id="oc-3c">
         <name>.debug_info</name>
         <load_address>0x26ed</load_address>
         <run_address>0x26ed</run_address>
         <size>0x736</size>
         <input_file_ref idref="fl-8"/>
      </object_component>
      <object_component id="oc-43">
         <name>.debug_info</name>
         <load_address>0x2e23</load_address>
         <run_address>0x2e23</run_address>
         <size>0x1b4</size>
         <input_file_ref idref="fl-9"/>
      </object_component>
      <object_component id="oc-47">
         <name>.debug_info</name>
         <load_address>0x2fd7</load_address>
         <run_address>0x2fd7</run_address>
         <size>0x1b8</size>
         <input_file_ref idref="fl-15d"/>
      </object_component>
      <object_component id="oc-4d">
         <name>.debug_info</name>
         <load_address>0x318f</load_address>
         <run_address>0x318f</run_address>
         <size>0x19b</size>
         <input_file_ref idref="fl-15c"/>
      </object_component>
      <object_component id="oc-50">
         <name>.debug_info</name>
         <load_address>0x332a</load_address>
         <run_address>0x332a</run_address>
         <size>0x22c</size>
         <input_file_ref idref="fl-147"/>
      </object_component>
      <object_component id="oc-56">
         <name>.debug_info</name>
         <load_address>0x3556</load_address>
         <run_address>0x3556</run_address>
         <size>0x13d</size>
         <input_file_ref idref="fl-150"/>
      </object_component>
      <object_component id="oc-5a">
         <name>.debug_info</name>
         <load_address>0x3693</load_address>
         <run_address>0x3693</run_address>
         <size>0x149</size>
         <input_file_ref idref="fl-14c"/>
      </object_component>
      <object_component id="oc-5f">
         <name>.debug_info</name>
         <load_address>0x37dc</load_address>
         <run_address>0x37dc</run_address>
         <size>0x46</size>
         <input_file_ref idref="fl-143"/>
      </object_component>
      <object_component id="oc-64">
         <name>.debug_info</name>
         <load_address>0x3822</load_address>
         <run_address>0x3822</run_address>
         <size>0x16c</size>
         <input_file_ref idref="fl-143"/>
      </object_component>
      <object_component id="oc-66">
         <name>.debug_info</name>
         <load_address>0x398e</load_address>
         <run_address>0x398e</run_address>
         <size>0x46</size>
         <input_file_ref idref="fl-145"/>
      </object_component>
      <object_component id="oc-6b">
         <name>.debug_info</name>
         <load_address>0x39d4</load_address>
         <run_address>0x39d4</run_address>
         <size>0x12c</size>
         <input_file_ref idref="fl-145"/>
      </object_component>
      <object_component id="oc-6d">
         <name>.debug_info</name>
         <load_address>0x3b00</load_address>
         <run_address>0x3b00</run_address>
         <size>0x26e</size>
         <input_file_ref idref="fl-144"/>
      </object_component>
      <object_component id="oc-73">
         <name>.debug_info</name>
         <load_address>0x3d6e</load_address>
         <run_address>0x3d6e</run_address>
         <size>0x136</size>
         <input_file_ref idref="fl-144"/>
      </object_component>
      <object_component id="oc-74">
         <name>.debug_info</name>
         <load_address>0x3ea4</load_address>
         <run_address>0x3ea4</run_address>
         <size>0x39</size>
         <input_file_ref idref="fl-144"/>
      </object_component>
      <object_component id="oc-7b">
         <name>.debug_info</name>
         <load_address>0x3edd</load_address>
         <run_address>0x3edd</run_address>
         <size>0x27f</size>
         <input_file_ref idref="fl-11"/>
      </object_component>
      <object_component id="oc-81">
         <name>.debug_info</name>
         <load_address>0x415c</load_address>
         <run_address>0x415c</run_address>
         <size>0x28d</size>
         <input_file_ref idref="fl-11"/>
      </object_component>
      <object_component id="oc-87">
         <name>.debug_info</name>
         <load_address>0x43e9</load_address>
         <run_address>0x43e9</run_address>
         <size>0x12d9</size>
         <input_file_ref idref="fl-7"/>
      </object_component>
      <object_component id="oc-8d">
         <name>.debug_info</name>
         <load_address>0x56c2</load_address>
         <run_address>0x56c2</run_address>
         <size>0x3f3</size>
         <input_file_ref idref="fl-16b"/>
      </object_component>
      <object_component id="oc-93">
         <name>.debug_info</name>
         <load_address>0x5ab5</load_address>
         <run_address>0x5ab5</run_address>
         <size>0x291</size>
         <input_file_ref idref="fl-15"/>
      </object_component>
      <object_component id="oc-99">
         <name>.debug_info</name>
         <load_address>0x5d46</load_address>
         <run_address>0x5d46</run_address>
         <size>0x8e3</size>
         <input_file_ref idref="fl-6"/>
      </object_component>
      <object_component id="oc-9d">
         <name>.debug_info</name>
         <load_address>0x6629</load_address>
         <run_address>0x6629</run_address>
         <size>0x27f</size>
         <input_file_ref idref="fl-11"/>
      </object_component>
      <object_component id="oc-a3">
         <name>.debug_info</name>
         <load_address>0x68a8</load_address>
         <run_address>0x68a8</run_address>
         <size>0x28f</size>
         <input_file_ref idref="fl-11"/>
      </object_component>
      <object_component id="oc-a9">
         <name>.debug_info</name>
         <load_address>0x6b37</load_address>
         <run_address>0x6b37</run_address>
         <size>0x350</size>
         <input_file_ref idref="fl-16b"/>
      </object_component>
      <object_component id="oc-af">
         <name>.debug_info</name>
         <load_address>0x6e87</load_address>
         <run_address>0x6e87</run_address>
         <size>0xed</size>
         <input_file_ref idref="fl-6"/>
      </object_component>
      <object_component id="oc-b2">
         <name>.debug_info</name>
         <load_address>0x6f74</load_address>
         <run_address>0x6f74</run_address>
         <size>0xe5</size>
         <input_file_ref idref="fl-6"/>
      </object_component>
      <object_component id="oc-b5">
         <name>.debug_info</name>
         <load_address>0x7059</load_address>
         <run_address>0x7059</run_address>
         <size>0xb93</size>
         <input_file_ref idref="fl-3"/>
      </object_component>
      <object_component id="oc-c0">
         <name>.debug_info</name>
         <load_address>0x7bec</load_address>
         <run_address>0x7bec</run_address>
         <size>0xed</size>
         <input_file_ref idref="fl-6"/>
      </object_component>
      <object_component id="oc-c4">
         <name>.debug_info</name>
         <load_address>0x7cd9</load_address>
         <run_address>0x7cd9</run_address>
         <size>0x18b</size>
         <input_file_ref idref="fl-2"/>
      </object_component>
      <object_component id="oc-c9">
         <name>.debug_info</name>
         <load_address>0x7e64</load_address>
         <run_address>0x7e64</run_address>
         <size>0x84</size>
         <input_file_ref idref="fl-2"/>
      </object_component>
      <object_component id="oc-cf">
         <name>.debug_info</name>
         <load_address>0x7ee8</load_address>
         <run_address>0x7ee8</run_address>
         <size>0x1d5</size>
         <input_file_ref idref="fl-a"/>
      </object_component>
      <object_component id="oc-d2">
         <name>.debug_info</name>
         <load_address>0x80bd</load_address>
         <run_address>0x80bd</run_address>
         <size>0x169</size>
         <input_file_ref idref="fl-a"/>
      </object_component>
      <object_component id="oc-d5">
         <name>.debug_info</name>
         <load_address>0x8226</load_address>
         <run_address>0x8226</run_address>
         <size>0x181</size>
         <input_file_ref idref="fl-a"/>
      </object_component>
      <object_component id="oc-d8">
         <name>.debug_info</name>
         <load_address>0x83a7</load_address>
         <run_address>0x83a7</run_address>
         <size>0xf5</size>
         <input_file_ref idref="fl-a"/>
      </object_component>
      <object_component id="oc-db">
         <name>.debug_info</name>
         <load_address>0x849c</load_address>
         <run_address>0x849c</run_address>
         <size>0xf5</size>
         <input_file_ref idref="fl-a"/>
      </object_component>
      <object_component id="oc-de">
         <name>.debug_info</name>
         <load_address>0x8591</load_address>
         <run_address>0x8591</run_address>
         <size>0x172</size>
         <input_file_ref idref="fl-151"/>
      </object_component>
      <object_component id="oc-e4">
         <name>.debug_info</name>
         <load_address>0x8703</load_address>
         <run_address>0x8703</run_address>
         <size>0x2c</size>
         <input_file_ref idref="fl-3"/>
      </object_component>
      <object_component id="oc-e9">
         <name>.debug_info</name>
         <load_address>0x872f</load_address>
         <run_address>0x872f</run_address>
         <size>0x4e</size>
         <input_file_ref idref="fl-3"/>
      </object_component>
      <object_component id="oc-ef">
         <name>.debug_info</name>
         <load_address>0x877d</load_address>
         <run_address>0x877d</run_address>
         <size>0x2b5</size>
         <input_file_ref idref="fl-14"/>
      </object_component>
      <object_component id="oc-f5">
         <name>.debug_info</name>
         <load_address>0x8a32</load_address>
         <run_address>0x8a32</run_address>
         <size>0x16b</size>
         <input_file_ref idref="fl-14b"/>
      </object_component>
      <object_component id="oc-fb">
         <name>.debug_info</name>
         <load_address>0x8b9d</load_address>
         <run_address>0x8b9d</run_address>
         <size>0x135</size>
         <input_file_ref idref="fl-8"/>
      </object_component>
      <object_component id="oc-fe">
         <name>.debug_info</name>
         <load_address>0x8cd2</load_address>
         <run_address>0x8cd2</run_address>
         <size>0xe7</size>
         <input_file_ref idref="fl-8"/>
      </object_component>
      <object_component id="oc-107">
         <name>.debug_info</name>
         <load_address>0x8db9</load_address>
         <run_address>0x8db9</run_address>
         <size>0x1ca</size>
         <input_file_ref idref="fl-15e"/>
      </object_component>
      <object_component id="oc-10b">
         <name>.debug_info</name>
         <load_address>0x8f83</load_address>
         <run_address>0x8f83</run_address>
         <size>0x19a</size>
         <input_file_ref idref="fl-15c"/>
      </object_component>
      <object_component id="oc-10d">
         <name>.debug_info</name>
         <load_address>0x911d</load_address>
         <run_address>0x911d</run_address>
         <size>0x147</size>
         <input_file_ref idref="fl-15b"/>
      </object_component>
      <object_component id="oc-110">
         <name>.debug_info</name>
         <load_address>0x9264</load_address>
         <run_address>0x9264</run_address>
         <size>0x16a</size>
         <input_file_ref idref="fl-147"/>
      </object_component>
      <object_component id="oc-116">
         <name>.debug_info</name>
         <load_address>0x93ce</load_address>
         <run_address>0x93ce</run_address>
         <size>0x2c</size>
         <input_file_ref idref="fl-143"/>
      </object_component>
      <object_component id="oc-11d">
         <name>.debug_info</name>
         <load_address>0x93fa</load_address>
         <run_address>0x93fa</run_address>
         <size>0x2c</size>
         <input_file_ref idref="fl-145"/>
      </object_component>
      <object_component id="oc-128">
         <name>.debug_info</name>
         <load_address>0x9426</load_address>
         <run_address>0x9426</run_address>
         <size>0x8b</size>
         <input_file_ref idref="fl-11"/>
      </object_component>
      <object_component id="oc-12d">
         <name>.debug_info</name>
         <load_address>0x94b1</load_address>
         <run_address>0x94b1</run_address>
         <size>0x230</size>
         <input_file_ref idref="fl-11"/>
      </object_component>
      <object_component id="oc-130">
         <name>.debug_info</name>
         <load_address>0x96e1</load_address>
         <run_address>0x96e1</run_address>
         <size>0x31c</size>
         <input_file_ref idref="fl-7"/>
      </object_component>
      <object_component id="oc-137">
         <name>.debug_info</name>
         <load_address>0x99fd</load_address>
         <run_address>0x99fd</run_address>
         <size>0x2b0</size>
         <input_file_ref idref="fl-7"/>
      </object_component>
      <object_component id="oc-13e">
         <name>.debug_info</name>
         <load_address>0x9cad</load_address>
         <run_address>0x9cad</run_address>
         <size>0x39f</size>
         <input_file_ref idref="fl-16b"/>
      </object_component>
      <object_component id="oc-144">
         <name>.debug_info</name>
         <load_address>0xa04c</load_address>
         <run_address>0xa04c</run_address>
         <size>0x3a4</size>
         <input_file_ref idref="fl-16b"/>
      </object_component>
      <object_component id="oc-14a">
         <name>.debug_info</name>
         <load_address>0xa3f0</load_address>
         <run_address>0xa3f0</run_address>
         <size>0x13c</size>
         <input_file_ref idref="fl-7"/>
      </object_component>
      <object_component id="oc-14d">
         <name>.debug_info</name>
         <load_address>0xa52c</load_address>
         <run_address>0xa52c</run_address>
         <size>0x15c</size>
         <input_file_ref idref="fl-14a"/>
      </object_component>
      <object_component id="oc-152">
         <name>.debug_info</name>
         <load_address>0xa688</load_address>
         <run_address>0xa688</run_address>
         <size>0x16a</size>
         <input_file_ref idref="fl-148"/>
      </object_component>
      <object_component id="oc-157">
         <name>.debug_info</name>
         <load_address>0xa7f2</load_address>
         <run_address>0xa7f2</run_address>
         <size>0x16e</size>
         <input_file_ref idref="fl-149"/>
      </object_component>
      <object_component id="oc-15c">
         <name>.debug_info</name>
         <load_address>0xa960</load_address>
         <run_address>0xa960</run_address>
         <size>0x296</size>
         <input_file_ref idref="fl-7"/>
      </object_component>
      <object_component id="oc-15e">
         <name>.debug_info</name>
         <load_address>0xabf6</load_address>
         <run_address>0xabf6</run_address>
         <size>0x252</size>
         <input_file_ref idref="fl-16c"/>
      </object_component>
      <object_component id="oc-164">
         <name>.debug_info</name>
         <load_address>0xae48</load_address>
         <run_address>0xae48</run_address>
         <size>0x27e</size>
         <input_file_ref idref="fl-16c"/>
      </object_component>
      <object_component id="oc-16a">
         <name>.debug_info</name>
         <load_address>0xb0c6</load_address>
         <run_address>0xb0c6</run_address>
         <size>0x32c</size>
         <input_file_ref idref="fl-16b"/>
      </object_component>
      <object_component id="oc-170">
         <name>.debug_info</name>
         <load_address>0xb3f2</load_address>
         <run_address>0xb3f2</run_address>
         <size>0x2a1</size>
         <input_file_ref idref="fl-16b"/>
      </object_component>
      <object_component id="oc-176">
         <name>.debug_info</name>
         <load_address>0xb693</load_address>
         <run_address>0xb693</run_address>
         <size>0x2ba</size>
         <input_file_ref idref="fl-16b"/>
      </object_component>
      <object_component id="oc-17c">
         <name>.debug_info</name>
         <load_address>0xb94d</load_address>
         <run_address>0xb94d</run_address>
         <size>0x2c7</size>
         <input_file_ref idref="fl-16b"/>
      </object_component>
      <object_component id="oc-182">
         <name>.debug_info</name>
         <load_address>0xbc14</load_address>
         <run_address>0xbc14</run_address>
         <size>0x2c5</size>
         <input_file_ref idref="fl-16b"/>
      </object_component>
      <object_component id="oc-188">
         <name>.debug_info</name>
         <load_address>0xbed9</load_address>
         <run_address>0xbed9</run_address>
         <size>0x2bf</size>
         <input_file_ref idref="fl-16b"/>
      </object_component>
      <object_component id="oc-18e">
         <name>.debug_info</name>
         <load_address>0xc198</load_address>
         <run_address>0xc198</run_address>
         <size>0x2bb</size>
         <input_file_ref idref="fl-16b"/>
      </object_component>
      <object_component id="oc-194">
         <name>.debug_info</name>
         <load_address>0xc453</load_address>
         <run_address>0xc453</run_address>
         <size>0x2ea</size>
         <input_file_ref idref="fl-16b"/>
      </object_component>
      <object_component id="oc-19a">
         <name>.debug_info</name>
         <load_address>0xc73d</load_address>
         <run_address>0xc73d</run_address>
         <size>0x2e0</size>
         <input_file_ref idref="fl-16b"/>
      </object_component>
      <object_component id="oc-1a0">
         <name>.debug_info</name>
         <load_address>0xca1d</load_address>
         <run_address>0xca1d</run_address>
         <size>0x2c7</size>
         <input_file_ref idref="fl-16b"/>
      </object_component>
      <object_component id="oc-1a6">
         <name>.debug_info</name>
         <load_address>0xcce4</load_address>
         <run_address>0xcce4</run_address>
         <size>0x32d</size>
         <input_file_ref idref="fl-16b"/>
      </object_component>
      <object_component id="oc-1ac">
         <name>.debug_info</name>
         <load_address>0xd011</load_address>
         <run_address>0xd011</run_address>
         <size>0x44b</size>
         <input_file_ref idref="fl-16b"/>
      </object_component>
      <object_component id="oc-1ae">
         <name>.debug_info</name>
         <load_address>0xd45c</load_address>
         <run_address>0xd45c</run_address>
         <size>0x227</size>
         <input_file_ref idref="fl-15"/>
      </object_component>
      <object_component id="oc-1b1">
         <name>.debug_info</name>
         <load_address>0xd683</load_address>
         <run_address>0xd683</run_address>
         <size>0x4e6</size>
         <input_file_ref idref="fl-6"/>
      </object_component>
      <object_component id="oc-1b6">
         <name>.debug_info</name>
         <load_address>0xdb69</load_address>
         <run_address>0xdb69</run_address>
         <size>0x16c</size>
         <input_file_ref idref="fl-6"/>
      </object_component>
      <object_component id="oc-1bb">
         <name>.debug_info</name>
         <load_address>0xdcd5</load_address>
         <run_address>0xdcd5</run_address>
         <size>0xfe</size>
         <input_file_ref idref="fl-3"/>
      </object_component>
      <object_component id="oc-1c1">
         <name>.debug_info</name>
         <load_address>0xddd3</load_address>
         <run_address>0xddd3</run_address>
         <size>0x2b3</size>
         <input_file_ref idref="fl-11"/>
      </object_component>
      <object_component id="oc-1c7">
         <name>.debug_info</name>
         <load_address>0xe086</load_address>
         <run_address>0xe086</run_address>
         <size>0x316</size>
         <input_file_ref idref="fl-11"/>
      </object_component>
      <object_component id="oc-1cf">
         <name>.debug_info</name>
         <load_address>0xe39c</load_address>
         <run_address>0xe39c</run_address>
         <size>0x2d5</size>
         <input_file_ref idref="fl-16c"/>
      </object_component>
      <object_component id="oc-1d5">
         <name>.debug_info</name>
         <load_address>0xe671</load_address>
         <run_address>0xe671</run_address>
         <size>0x268</size>
         <input_file_ref idref="fl-12"/>
      </object_component>
      <object_component id="oc-1db">
         <name>.debug_info</name>
         <load_address>0xe8d9</load_address>
         <run_address>0xe8d9</run_address>
         <size>0x29a</size>
         <input_file_ref idref="fl-16c"/>
      </object_component>
      <object_component id="oc-1e6">
         <name>.debug_info</name>
         <load_address>0xeb73</load_address>
         <run_address>0xeb73</run_address>
         <size>0x2b6</size>
         <input_file_ref idref="fl-14e"/>
      </object_component>
      <object_component id="oc-1ec">
         <name>.debug_info</name>
         <load_address>0xee29</load_address>
         <run_address>0xee29</run_address>
         <size>0x1fa</size>
         <input_file_ref idref="fl-141"/>
      </object_component>
      <object_component id="oc-1f2">
         <name>.debug_info</name>
         <load_address>0xf023</load_address>
         <run_address>0xf023</run_address>
         <size>0x16d</size>
         <input_file_ref idref="fl-146"/>
      </object_component>
      <object_component id="oc-1f8">
         <name>.debug_info</name>
         <load_address>0xf190</load_address>
         <run_address>0xf190</run_address>
         <size>0x16d</size>
         <input_file_ref idref="fl-14d"/>
      </object_component>
      <object_component id="oc-201">
         <name>.debug_info</name>
         <load_address>0xf2fd</load_address>
         <run_address>0xf2fd</run_address>
         <size>0x194</size>
         <input_file_ref idref="fl-155"/>
      </object_component>
      <object_component id="oc-204">
         <name>.debug_info</name>
         <load_address>0xf491</load_address>
         <run_address>0xf491</run_address>
         <size>0x1e9</size>
         <input_file_ref idref="fl-140"/>
      </object_component>
      <object_component id="oc-20a">
         <name>.debug_info</name>
         <load_address>0xf67a</load_address>
         <run_address>0xf67a</run_address>
         <size>0x18c</size>
         <input_file_ref idref="fl-14f"/>
      </object_component>
      <object_component id="oc-210">
         <name>.debug_info</name>
         <load_address>0xf806</load_address>
         <run_address>0xf806</run_address>
         <size>0x203</size>
         <input_file_ref idref="fl-3"/>
      </object_component>
      <object_component id="oc-221">
         <name>.debug_info</name>
         <load_address>0xfa09</load_address>
         <run_address>0xfa09</run_address>
         <size>0x17b</size>
         <input_file_ref idref="fl-165"/>
      </object_component>
      <object_component id="oc-226">
         <name>.debug_info</name>
         <load_address>0xfb84</load_address>
         <run_address>0xfb84</run_address>
         <size>0x14d</size>
         <input_file_ref idref="fl-14"/>
      </object_component>
      <object_component id="oc-22f">
         <name>.debug_info</name>
         <load_address>0xfcd1</load_address>
         <run_address>0xfcd1</run_address>
         <size>0x1c7</size>
         <input_file_ref idref="fl-15e"/>
      </object_component>
      <object_component id="oc-232">
         <name>.debug_info</name>
         <load_address>0xfe98</load_address>
         <run_address>0xfe98</run_address>
         <size>0x5e</size>
         <input_file_ref idref="fl-15c"/>
      </object_component>
      <object_component id="oc-23b">
         <name>.debug_info</name>
         <load_address>0xfef6</load_address>
         <run_address>0xfef6</run_address>
         <size>0x253</size>
         <input_file_ref idref="fl-15b"/>
      </object_component>
      <object_component id="oc-23f">
         <name>.debug_info</name>
         <load_address>0x10149</load_address>
         <run_address>0x10149</run_address>
         <size>0x158</size>
         <input_file_ref idref="fl-15b"/>
      </object_component>
      <object_component id="oc-243">
         <name>.debug_info</name>
         <load_address>0x102a1</load_address>
         <run_address>0x102a1</run_address>
         <size>0x1c0</size>
         <input_file_ref idref="fl-147"/>
      </object_component>
      <object_component id="oc-248">
         <name>.debug_info</name>
         <load_address>0x10461</load_address>
         <run_address>0x10461</run_address>
         <size>0x484</size>
         <input_file_ref idref="fl-16b"/>
      </object_component>
      <object_component id="oc-24e">
         <name>.debug_info</name>
         <load_address>0x108e5</load_address>
         <run_address>0x108e5</run_address>
         <size>0x2eb</size>
         <input_file_ref idref="fl-16b"/>
      </object_component>
      <object_component id="oc-255">
         <name>.debug_info</name>
         <load_address>0x10bd0</load_address>
         <run_address>0x10bd0</run_address>
         <size>0x2f2</size>
         <input_file_ref idref="fl-16b"/>
      </object_component>
      <object_component id="oc-262">
         <name>.debug_info</name>
         <load_address>0x10ec2</load_address>
         <run_address>0x10ec2</run_address>
         <size>0x108</size>
         <input_file_ref idref="fl-6"/>
      </object_component>
      <object_component id="oc-268">
         <name>.debug_info</name>
         <load_address>0x10fca</load_address>
         <run_address>0x10fca</run_address>
         <size>0x231</size>
         <input_file_ref idref="fl-16c"/>
      </object_component>
      <object_component id="oc-26c">
         <name>.debug_info</name>
         <load_address>0x111fb</load_address>
         <run_address>0x111fb</run_address>
         <size>0x254</size>
         <input_file_ref idref="fl-16c"/>
      </object_component>
      <object_component id="oc-276">
         <name>.debug_info</name>
         <load_address>0x1144f</load_address>
         <run_address>0x1144f</run_address>
         <size>0x2ce</size>
         <input_file_ref idref="fl-16c"/>
      </object_component>
      <object_component id="oc-27e">
         <name>.debug_info</name>
         <load_address>0x1171d</load_address>
         <run_address>0x1171d</run_address>
         <size>0x27e</size>
         <input_file_ref idref="fl-16c"/>
      </object_component>
      <object_component id="oc-28e">
         <name>.debug_info</name>
         <load_address>0x1199b</load_address>
         <run_address>0x1199b</run_address>
         <size>0x24e</size>
         <input_file_ref idref="fl-16c"/>
      </object_component>
      <object_component id="oc-295">
         <name>.debug_info</name>
         <load_address>0x11be9</load_address>
         <run_address>0x11be9</run_address>
         <size>0x210</size>
         <input_file_ref idref="fl-12"/>
      </object_component>
      <object_component id="oc-298">
         <name>.debug_info</name>
         <load_address>0x11df9</load_address>
         <run_address>0x11df9</run_address>
         <size>0x20e</size>
         <input_file_ref idref="fl-12"/>
      </object_component>
      <object_component id="oc-29b">
         <name>.debug_info</name>
         <load_address>0x12007</load_address>
         <run_address>0x12007</run_address>
         <size>0x1c6</size>
         <input_file_ref idref="fl-153"/>
      </object_component>
      <object_component id="oc-2a3">
         <name>.debug_info</name>
         <load_address>0x121cd</load_address>
         <run_address>0x121cd</run_address>
         <size>0x17c</size>
         <input_file_ref idref="fl-160"/>
      </object_component>
      <object_component id="oc-2a8">
         <name>.debug_info</name>
         <load_address>0x12349</load_address>
         <run_address>0x12349</run_address>
         <size>0x16a</size>
         <input_file_ref idref="fl-162"/>
      </object_component>
      <object_component id="oc-2ab">
         <name>.debug_info</name>
         <load_address>0x124b3</load_address>
         <run_address>0x124b3</run_address>
         <size>0x1f1</size>
         <input_file_ref idref="fl-152"/>
      </object_component>
      <object_component id="oc-2b4">
         <name>.debug_info</name>
         <load_address>0x126a4</load_address>
         <run_address>0x126a4</run_address>
         <size>0x1a6</size>
         <input_file_ref idref="fl-157"/>
      </object_component>
      <object_component id="oc-2b7">
         <name>.debug_info</name>
         <load_address>0x1284a</load_address>
         <run_address>0x1284a</run_address>
         <size>0x208</size>
         <input_file_ref idref="fl-15a"/>
      </object_component>
      <object_component id="oc-2be">
         <name>.debug_info</name>
         <load_address>0x12a52</load_address>
         <run_address>0x12a52</run_address>
         <size>0x193</size>
         <input_file_ref idref="fl-156"/>
      </object_component>
      <object_component id="oc-2c1">
         <name>.debug_info</name>
         <load_address>0x12be5</load_address>
         <run_address>0x12be5</run_address>
         <size>0x19a</size>
         <input_file_ref idref="fl-154"/>
      </object_component>
      <object_component id="oc-2c7">
         <name>.debug_info</name>
         <load_address>0x12d7f</load_address>
         <run_address>0x12d7f</run_address>
         <size>0x164</size>
         <input_file_ref idref="fl-141"/>
      </object_component>
      <object_component id="oc-2cc">
         <name>.debug_info</name>
         <load_address>0x12ee3</load_address>
         <run_address>0x12ee3</run_address>
         <size>0x241</size>
         <input_file_ref idref="fl-158"/>
      </object_component>
      <object_component id="oc-2d2">
         <name>.debug_info</name>
         <load_address>0x13124</load_address>
         <run_address>0x13124</run_address>
         <size>0x1f8</size>
         <input_file_ref idref="fl-159"/>
      </object_component>
      <object_component id="oc-2d5">
         <name>.debug_info</name>
         <load_address>0x1331c</load_address>
         <run_address>0x1331c</run_address>
         <size>0x1ca</size>
         <input_file_ref idref="fl-140"/>
      </object_component>
      <object_component id="oc-2d7">
         <name>.debug_info</name>
         <load_address>0x134e6</load_address>
         <run_address>0x134e6</run_address>
         <size>0x179</size>
         <input_file_ref idref="fl-14f"/>
      </object_component>
      <object_component id="oc-2dd">
         <name>.debug_info</name>
         <load_address>0x1365f</load_address>
         <run_address>0x1365f</run_address>
         <size>0x298</size>
         <input_file_ref idref="fl-14"/>
      </object_component>
      <object_component id="oc-2e0">
         <name>.debug_info</name>
         <load_address>0x138f7</load_address>
         <run_address>0x138f7</run_address>
         <size>0xcd</size>
         <input_file_ref idref="fl-15e"/>
      </object_component>
      <object_component id="oc-2eb">
         <name>.debug_info</name>
         <load_address>0x139c4</load_address>
         <run_address>0x139c4</run_address>
         <size>0x2a1</size>
         <input_file_ref idref="fl-12"/>
      </object_component>
      <object_component id="oc-2f1">
         <name>.debug_info</name>
         <load_address>0x13c65</load_address>
         <run_address>0x13c65</run_address>
         <size>0x26a</size>
         <input_file_ref idref="fl-12"/>
      </object_component>
      <object_component id="oc-2f7">
         <name>.debug_info</name>
         <load_address>0x13ecf</load_address>
         <run_address>0x13ecf</run_address>
         <size>0x26a</size>
         <input_file_ref idref="fl-12"/>
      </object_component>
      <object_component id="oc-2fe">
         <name>.debug_info</name>
         <load_address>0x14139</load_address>
         <run_address>0x14139</run_address>
         <size>0x2a2</size>
         <input_file_ref idref="fl-16b"/>
      </object_component>
[...]
         <name>RGBDisable</name>
         <value>0x27ef</value>
         <object_component_ref idref="oc-3b"/>
      </symbol>
      <symbol id="sm-1de">
         <name>RGBBlinkRateSet</name>
         <value>0x2929</value>
         <object_component_ref idref="oc-3b"/>
      </symbol>
      <symbol id="sm-1df">
         <name>RGBIntensitySet</name>
         <value>0x2915</value>
         <object_component_ref idref="oc-3b"/>
      </symbol>
      <symbol id="sm-1e0">
         <name>RGBBlinkIntHandler</name>
         <value>0x261d</value>
         <object_component_ref idref="oc-3b"/>
      </symbol>
      <symbol id="sm-1e1">
         <name>RGBEnable</name>
         <value>0x2737</value>
         <object_component_ref idref="oc-3b"/>
      </symbol>
      <symbol id="sm-1e2">
         <name>RGBColorGet</name>
         <value>0x29bd</value>
         <object_component_ref idref="oc-3b"/>
      </symbol>
      <symbol id="sm-1e3">
         <name>RGBInit</name>
         <value>0x264b</value>
         <object_component_ref idref="oc-3b"/>
      </symbol>
      <symbol id="sm-1e4">
         <name>RGBColorSet</name>
         <value>0x2865</value>
         <object_component_ref idref="oc-3b"/>
      </symbol>
      <symbol id="sm-1e5">
         <name>RGBSet</name>
         <value>0x284d</value>
         <object_component_ref idref="oc-3b"/>
      </symbol>
      <symbol id="sm-201">
         <name>ResetISR</name>
         <value>0x4841</value>
         <object_component_ref idref="oc-29"/>
      </symbol>
      <symbol id="sm-202">
         <name>g_pfnVectors</name>
         <value>0x0</value>
         <object_component_ref idref="oc-e"/>
      </symbol>
      <symbol id="sm-2c2">
         <name>UARTTxBytesFree</name>
         <value>0x1c19</value>
         <object_component_ref idref="oc-35"/>
      </symbol>
      <symbol id="sm-2c3">
         <name>UARTFlushRx</name>
         <value>0x1c87</value>
         <object_component_ref idref="oc-35"/>
      </symbol>
      <symbol id="sm-2c4">
         <name>UARTgetc</name>
         <value>0x1885</value>
         <object_component_ref idref="oc-35"/>
      </symbol>
      <symbol id="sm-2c5">
         <name>UARTgets</name>
         <value>0x1809</value>
         <object_component_ref idref="oc-35"/>
      </symbol>
      <symbol id="sm-2c6">
         <name>UARTFlushTx</name>
         <value>0x1caf</value>
         <object_component_ref idref="oc-35"/>
      </symbol>
      <symbol id="sm-2c7">
         <name>UARTStdioConfig</name>
         <value>0x16ab</value>
         <object_component_ref idref="oc-35"/>
      </symbol>
      <symbol id="sm-2c8">
         <name>UARTStdioIntHandler</name>
         <value>0x1d19</value>
         <object_component_ref idref="oc-35"/>
      </symbol>
      <symbol id="sm-2c9">
         <name>UARTRxBytesAvail</name>
         <value>0x1c0b</value>
         <object_component_ref idref="oc-35"/>
      </symbol>
      <symbol id="sm-2ca">
         <name>UARTwrite</name>
         <value>0x1763</value>
         <object_component_ref idref="oc-35"/>
      </symbol>
      <symbol id="sm-2cb">
         <name>UARTPeek</name>
         <value>0x1c2d</value>
         <object_component_ref idref="oc-35"/>
      </symbol>
      <symbol id="sm-2cc">
         <name>UARTEchoSet</name>
         <value>0x1ced</value>
         <object_component_ref idref="oc-35"/>
      </symbol>
      <symbol id="sm-2cd">
         <name>UARTprintf</name>
         <value>0x1be7</value>
         <object_component_ref idref="oc-35"/>
      </symbol>
      <symbol id="sm-2ce">
         <name>UARTvprintf</name>
         <value>0x18ed</value>
         <object_component_ref idref="oc-35"/>
      </symbol>
      <symbol id="sm-30a">
         <name>GPIOPinTypeI2CSCL</name>
         <value>0x47d9</value>
         <object_component_ref idref="oc-9c"/>
      </symbol>
      <symbol id="sm-30b">
         <name>GPIOIntEnable</name>
         <value>0x4827</value>
         <object_component_ref idref="oc-a2"/>
      </symbol>
      <symbol id="sm-30c">
         <name>GPIOIntClear</name>
         <value>0x486f</value>
         <object_component_ref idref="oc-80"/>
      </symbol>
      <symbol id="sm-30d">
         <name>GPIOIntStatus</name>
         <value>0x47fd</value>
         <object_component_ref idref="oc-7a"/>
      </symbol>
      <symbol id="sm-30e">
         <name>GPIODirModeSet</name>
         <value>0x46f7</value>
         <object_component_ref idref="oc-1c0"/>
      </symbol>
      <symbol id="sm-30f">
         <name>GPIOPadConfigSet</name>
         <value>0x2ff7</value>
         <object_component_ref idref="oc-1c6"/>
      </symbol>
      <symbol id="sm-364">
         <name>IntIsEnabled</name>
         <value>0x3f19</value>
         <object_component_ref idref="oc-2ea"/>
      </symbol>
      <symbol id="sm-365">
         <name>IntEnable</name>
         <value>0x3eb1</value>
         <object_component_ref idref="oc-1d4"/>
      </symbol>
      <symbol id="sm-366">
         <name>IntTrigger</name>
         <value>0x4835</value>
         <object_component_ref idref="oc-2f6"/>
      </symbol>
      <symbol id="sm-367">
         <name>IntDisable</name>
         <value>0x3e49</value>
         <object_component_ref idref="oc-2f0"/>
      </symbol>
      <symbol id="sm-398">
         <name>SysCtlClockGet</name>
         <value>0x324d</value>
         <object_component_ref idref="oc-ee"/>
      </symbol>
      <symbol id="sm-3a5">
         <name>UARTClockSourceSet</name>
         <value>0x4875</value>
         <object_component_ref idref="oc-92"/>
      </symbol>
      <symbol id="sm-3bc">
         <name>asinf</name>
         <value>0x38b9</value>
         <object_component_ref idref="oc-203"/>
      </symbol>
      <symbol id="sm-3d3">
         <name>atan2f</name>
         <value>0x365d</value>
         <object_component_ref idref="oc-1eb"/>
      </symbol>
      <symbol id="sm-3e3">
         <name>_c_int00</name>
         <value>0x42d1</value>
         <object_component_ref idref="oc-11"/>
      </symbol>
      <symbol id="sm-3e4">
         <name>__stack</name>
         <value>0x2000088c</value>
         <object_component_ref idref="oc-28"/>
      </symbol>
      <symbol id="sm-3fb">
         <name>__TI_decompress_none</name>
         <value>0x480b</value>
         <object_component_ref idref="oc-16"/>
      </symbol>
      <symbol id="sm-41f">
         <name>__TI_decompress_rle24</name>
         <value>0x487b</value>
         <object_component_ref idref="oc-22"/>
      </symbol>
      <symbol id="sm-438">
         <name>__TI_zero_init</name>
         <value>0x47eb</value>
         <object_component_ref idref="oc-1c"/>
      </symbol>
      <symbol id="sm-442">
         <name>cosf</name>
         <value>0x4881</value>
         <object_component_ref idref="oc-1f1"/>
      </symbol>
      <symbol id="sm-461">
         <name>C$$EXIT</name>
         <value>0x43a1</value>
         <object_component_ref idref="oc-4f"/>
      </symbol>
      <symbol id="sm-462">
         <name>abort</name>
         <value>0x43a5</value>
         <object_component_ref idref="oc-4f"/>
      </symbol>
      <symbol id="sm-463">
         <name>exit</name>
         <value>0x43ad</value>
         <object_component_ref idref="oc-4f"/>
      </symbol>
      <symbol id="sm-464">
         <name>__TI_dtors_ptr</name>
         <value>0x20000874</value>
         <object_component_ref idref="oc-10f"/>
      </symbol>
      <symbol id="sm-465">
         <name>__TI_cleanup_ptr</name>
         <value>0x20000870</value>
         <object_component_ref idref="oc-10f"/>
      </symbol>
      <symbol id="sm-470">
         <name>__aeabi_dmul</name>
         <value>0x346d</value>
         <object_component_ref idref="oc-151"/>
      </symbol>
      <symbol id="sm-47c">
         <name>__aeabi_d2f</name>
         <value>0x3dd9</value>
         <object_component_ref idref="oc-156"/>
      </symbol>
      <symbol id="sm-487">
         <name>__aeabi_f2d</name>
         <value>0x4527</value>
         <object_component_ref idref="oc-14c"/>
      </symbol>
      <symbol id="sm-491">
         <name>__aeabi_f2ulz</name>
         <value>0x41a1</value>
         <object_component_ref idref="oc-f4"/>
      </symbol>
      <symbol id="sm-4ac">
         <name>memcpy</name>
         <value>0x3a11</value>
         <object_component_ref idref="oc-59"/>
      </symbol>
      <symbol id="sm-4ad">
         <name>__aeabi_memcpy</name>
         <value>0x3a11</value>
         <object_component_ref idref="oc-59"/>
      </symbol>
      <symbol id="sm-4ae">
         <name>__aeabi_memcpy8</name>
         <value>0x3a11</value>
         <object_component_ref idref="oc-59"/>
      </symbol>
      <symbol id="sm-4af">
         <name>__aeabi_memcpy4</name>
         <value>0x3a11</value>
         <object_component_ref idref="oc-59"/>
      </symbol>
      <symbol id="sm-4b9">
         <name>sinf</name>
         <value>0x4887</value>
         <object_component_ref idref="oc-1f7"/>
      </symbol>
      <symbol id="sm-4d0">
         <name>sqrt</name>
         <value>0x2d79</value>
         <object_component_ref idref="oc-1e5"/>
      </symbol>
      <symbol id="sm-4e0">
         <name>sqrtf</name>
         <value>0x474d</value>
         <object_component_ref idref="oc-209"/>
      </symbol>
      <symbol id="sm-4e8">
         <name>main_func_sp</name>
         <value>0x20000888</value>
         <object_component_ref idref="oc-55"/>
      </symbol>
      <symbol id="sm-4f7">
         <name>__aeabi_uidivmod</name>
         <value>0x44a9</value>
         <object_component_ref idref="oc-dd"/>
      </symbol>
      <symbol id="sm-4f8">
         <name>__aeabi_uidiv</name>
         <value>0x44a9</value>
         <object_component_ref idref="oc-dd"/>
      </symbol>
      <symbol id="sm-513">
         <name>_Dscale</name>
         <value>0x335d</value>
         <object_component_ref idref="oc-2aa"/>
      </symbol>
      <symbol id="sm-527">
         <name>_Dunscale</name>
         <value>0x3f7d</value>
         <object_component_ref idref="oc-29a"/>
      </symbol>
      <symbol id="sm-549">
         <name>_FAtan</name>
         <value>0x3969</value>
         <object_component_ref idref="oc-2c0"/>
      </symbol>
      <symbol id="sm-553">
         <name>_FDclass</name>
         <value>0x4819</value>
         <object_component_ref idref="oc-1fd"/>
      </symbol>
      <symbol id="sm-565">
         <name>_FDtest</name>
         <value>0x4635</value>
         <object_component_ref idref="oc-2ba"/>
      </symbol>
      <symbol id="sm-574">
         <name>_Feraise</name>
         <value>0x4699</value>
         <object_component_ref idref="oc-2b0"/>
      </symbol>
      <symbol id="sm-5a8">
         <name>_FSin</name>
         <value>0x2c09</value>
         <object_component_ref idref="oc-2c8"/>
      </symbol>
      <symbol id="sm-5b7">
         <name>_FZero</name>
         <value>0x2000084c</value>
         <object_component_ref idref="oc-2d1"/>
      </symbol>
      <symbol id="sm-5b8">
         <name>_FRteps</name>
         <value>0x20000838</value>
         <object_component_ref idref="oc-2d1"/>
      </symbol>
      <symbol id="sm-5b9">
         <name>_FSnan</name>
         <value>0x20000828</value>
         <object_component_ref idref="oc-2d1"/>
      </symbol>
      <symbol id="sm-5ba">
         <name>_FNan</name>
         <value>0x20000818</value>
         <object_component_ref idref="oc-2d1"/>
      </symbol>
      <symbol id="sm-5bb">
         <name>_FInf</name>
         <value>0x20000808</value>
         <object_component_ref idref="oc-2d1"/>
      </symbol>
      <symbol id="sm-5bc">
         <name>_FEps</name>
         <value>0x200007f8</value>
         <object_component_ref idref="oc-2d1"/>
      </symbol>
      <symbol id="sm-5bd">
         <name>_FXbig</name>
         <value>0x20000848</value>
         <object_component_ref idref="oc-2d1"/>
      </symbol>
      <symbol id="sm-5be">
         <name>_FDenorm</name>
         <value>0x200007e8</value>
         <object_component_ref idref="oc-2d1"/>
      </symbol>
      <symbol id="sm-5ce">
         <name>_Rteps</name>
         <value>0x200007c8</value>
         <object_component_ref idref="oc-2b6"/>
      </symbol>
      <symbol id="sm-5cf">
         <name>_Zero</name>
         <value>0x200007e0</value>
         <object_component_ref idref="oc-2b6"/>
      </symbol>
      <symbol id="sm-5d0">
         <name>_Hugeval</name>
         <value>0x20000788</value>
         <object_component_ref idref="oc-2b6"/>
      </symbol>
      <symbol id="sm-5d1">
         <name>_Snan</name>
         <value>0x200007b8</value>
         <object_component_ref idref="oc-2b6"/>
      </symbol>
      <symbol id="sm-5d2">
         <name>_Nan</name>
         <value>0x200007a8</value>
         <object_component_ref idref="oc-2b6"/>
      </symbol>
      <symbol id="sm-5d3">
         <name>_Inf</name>
         <value>0x20000798</value>
         <object_component_ref idref="oc-2b6"/>
      </symbol>
      <symbol id="sm-5d4">
         <name>_Xbig</name>
         <value>0x200007d8</value>
         <object_component_ref idref="oc-2b6"/>
      </symbol>
      <symbol id="sm-5d5">
         <name>_Eps</name>
         <value>0x20000778</value>
         <object_component_ref idref="oc-2b6"/>
      </symbol>
      <symbol id="sm-5d6">
         <name>_Denorm</name>
         <value>0x20000768</value>
         <object_component_ref idref="oc-2b6"/>
      </symbol>
      <symbol id="sm-5ef">
         <name>_nop</name>
         <value>0x47d3</value>
         <object_component_ref idref="oc-237"/>
      </symbol>
      <symbol id="sm-5f0">
         <name>_lock</name>
         <value>0x20000868</value>
         <object_component_ref idref="oc-10c"/>
      </symbol>
      <symbol id="sm-5f1">
         <name>_unlock</name>
         <value>0x2000086c</value>
         <object_component_ref idref="oc-10c"/>
      </symbol>
      <symbol id="sm-5f2">
         <name>_register_lock</name>
         <value>0x47cb</value>
         <object_component_ref idref="oc-237"/>
      </symbol>
      <symbol id="sm-5f3">
         <name>_register_unlock</name>
         <value>0x47c5</value>
         <object_component_ref idref="oc-237"/>
      </symbol>
      <symbol id="sm-607">
         <name>_args_main</name>
         <value>0x47ad</value>
         <object_component_ref idref="oc-49"/>
      </symbol>
      <symbol id="sm-624">
         <name>__TI_auto_init</name>
         <value>0x3b45</value>
         <object_component_ref idref="oc-44"/>
      </symbol>
      <symbol id="sm-63d">
         <name>copy_in</name>
         <value>0x435d</value>
         <object_component_ref idref="oc-103"/>
      </symbol>
      <symbol id="sm-645">
         <name>_Errno</name>
         <value>0x20000884</value>
         <object_component_ref idref="oc-321"/>
      </symbol>
      <symbol id="sm-65c">
         <name>__aeabi_dsub</name>
         <value>0x2a51</value>
         <object_component_ref idref="oc-2a0"/>
      </symbol>
      <symbol id="sm-65d">
         <name>__aeabi_dadd</name>
         <value>0x2a5b</value>
         <object_component_ref idref="oc-2a0"/>
      </symbol>
      <symbol id="sm-66f">
         <name>__aeabi_cdcmpeq</name>
         <value>0x3c61</value>
         <object_component_ref idref="oc-334"/>
      </symbol>
      <symbol id="sm-670">
         <name>__aeabi_cdcmple</name>
         <value>0x3c61</value>
         <object_component_ref idref="oc-334"/>
      </symbol>
      <symbol id="sm-684">
         <name>__aeabi_ddiv</name>
         <value>0x2ec1</value>
         <object_component_ref idref="oc-2a5"/>
      </symbol>
      <symbol id="sm-6a2">
         <name>feraiseexcept</name>
         <value>0x4601</value>
         <object_component_ref idref="oc-31b"/>
      </symbol>
      <symbol id="sm-6a3">
         <name>_Tls_setup__Fenv</name>
         <value>0x2000087c</value>
         <object_component_ref idref="oc-360"/>
      </symbol>
      <symbol id="sm-6a4">
         <name>_Fenv</name>
         <value>0x20000878</value>
         <object_component_ref idref="oc-360"/>
      </symbol>
      <symbol id="sm-6c4">
         <name>fmodf</name>
         <value>0x3129</value>
         <object_component_ref idref="oc-339"/>
      </symbol>
      <symbol id="sm-6ce">
         <name>__aeabi_idiv0</name>
         <value>0x2c07</value>
         <object_component_ref idref="oc-21e"/>
      </symbol>
      <symbol id="sm-6e2">
         <name>raise</name>
         <value>0x46c9</value>
         <object_component_ref idref="oc-35a"/>
      </symbol>
      <symbol id="sm-6fc">
         <name>signal</name>
         <value>0x4469</value>
         <object_component_ref idref="oc-381"/>
      </symbol>
      <symbol id="sm-711">
         <name>_Dnorm</name>
         <value>0x3735</value>
         <object_component_ref idref="oc-30f"/>
      </symbol>
      <symbol id="sm-725">
         <name>_FDnorm</name>
         <value>0x3ce7</value>
         <object_component_ref idref="oc-36d"/>
      </symbol>
      <symbol id="sm-73f">
         <name>_FDscale</name>
         <value>0x37f9</value>
         <object_component_ref idref="oc-373"/>
      </symbol>
      <symbol id="sm-832">
         <name>I2CMWrite8</name>
         <value>0x40fd</value>
         <object_component_ref idref="oc-13d"/>
      </symbol>
      <symbol id="sm-833">
         <name>I2CMCommand</name>
         <value>0x3bd9</value>
         <object_component_ref idref="oc-247"/>
      </symbol>
      <symbol id="sm-834">
         <name>I2CMInit</name>
         <value>0x45cb</value>
         <object_component_ref idref="oc-a8"/>
      </symbol>
      <symbol id="sm-835">
         <name>I2CMReadModifyWrite8</name>
         <value>0x3d61</value>
         <object_component_ref idref="oc-143"/>
      </symbol>
      <symbol id="sm-836">
         <name>I2CMTransferResume</name>
         <value>0x4669</value>
         <object_component_ref idref="oc-2fd"/>
      </symbol>
      <symbol id="sm-837">
         <name>I2CMIntHandler</name>
         <value>0x3569</value>
         <object_component_ref idref="oc-8c"/>
      </symbol>
      <symbol id="sm-880">
         <name>I2CMasterDataPut</name>
         <value>0x4895</value>
         <object_component_ref idref="oc-27d"/>
      </symbol>
      <symbol id="sm-881">
         <name>I2CMasterInitExpClk</name>
         <value>0x41f1</value>
         <object_component_ref idref="oc-1ce"/>
      </symbol>
      <symbol id="sm-882">
         <name>I2CMasterSlaveAddrSet</name>
         <value>0x4867</value>
         <object_component_ref idref="oc-275"/>
      </symbol>
      <symbol id="sm-883">
         <name>I2CMasterDataGet</name>
         <value>0x4891</value>
         <object_component_ref idref="oc-26b"/>
      </symbol>
      <symbol id="sm-884">
         <name>I2CMasterIntEnableEx</name>
         <value>0x485f</value>
         <object_component_ref idref="oc-1da"/>
      </symbol>
      <symbol id="sm-885">
         <name>I2CMasterControl</name>
         <value>0x488d</value>
         <object_component_ref idref="oc-163"/>
      </symbol>
      <symbol id="sm-886">
         <name>I2CMasterEnable</name>
         <value>0x484d</value>
         <object_component_ref idref="oc-28d"/>
      </symbol>
      <symbol id="sm-887">
         <name>I2CMasterIntClear</name>
         <value>0x4857</value>
         <object_component_ref idref="oc-15d"/>
      </symbol>
      <symbol id="sm-888">
         <name>__TI_static_base__</name>
         <value>0x0</value>
      </symbol>
      <symbol id="sm-889">
         <name>__TI_args_main</name>
         <value>0x1</value>
      </symbol>
      <symbol id="sm-88a">
         <name>SHT$$INIT_ARRAY$$Limit</name>
         <value>0x0</value>
      </symbol>
      <symbol id="sm-88b">
         <name>SHT$$INIT_ARRAY$$Base</name>
         <value>0x0</value>
      </symbol>
   </symbol_table>
   <title>Link successful</title>
</link_info>
